14.5161 	EXP 	DMN_BallTask: status = NOT_STARTED
14.5219 	WARNING 	Requested an unavailable screen number - using first available.
14.5241 	WARNING 	User requested fullscreen with size [1080 1080], but screen is actually [1920, 1200]. Using actual size
15.5591 	EXP 	Created window1 = Window(allowGUI=False, allowStencil=False, autoLog=True, backendConf=UNKNOWN, backgroundFit=<method-wrapper '__getattribute__' of attributeSetter object at 0x0000010BF19788B0>, backgroundImage=<method-wrapper '__getattribute__' of attributeSetter object at 0x0000010BF1978850>, bitsMode=UNKNOWN, blendMode='avg', bpc=(8, 8, 8), color=array([-1, -1, -1]), colorSpace='rgb', depthBits=8, fullscr=True, gamma=None, gammaErrorPolicy='raise', infoMsg=UNKNOWN, lms=UNKNOWN, monitor=<psychopy.monitors.calibTools.Monitor object at 0x0000010BF6F320A0>, multiSample=False, name='window1', numSamples=2, pos=(0, 0), screen=1, size=array([1920, 1200]), stencilBits=0, stereo=False, title='PsychoPy', units='norm', useFBO=True, useRetina=False, viewOri=0.0, viewPos=None, viewScale=None, waitBlanking=True, winType='pyglet')
15.5592 	EXP 	window1: backgroundImage = None
15.5592 	EXP 	window1: backgroundFit = 'cover'
15.5627 	EXP 	window1: Attempting to measure frame rate of screen (1) ...
15.5628 	EXP 	window1: recordFrameIntervals = False
15.7276 	EXP 	window1: recordFrameIntervals = True
15.9924 	EXP 	Screen (1) actual frame rate measured at 60.63Hz
15.9924 	EXP 	window1: recordFrameIntervals = False
16.0811 	EXP 	Created text = TextStim(__class__=<class 'psychopy.visual.text.TextStim'>, alignHoriz=method-wrapper(...), alignText='center', alignVert=method-wrapper(...), anchorHoriz='center', anchorVert='center', antialias=True, autoDraw=False, autoLog=True, bold=False, color=array([1., 1., 1.]), colorSpace='rgb', contrast=1.0, depth=0.0, draggable=False, flipHoriz=False, flipVert=False, font='Arial', fontFiles=[], height=0.06, italic=False, languageStyle='LTR', name='text', opacity=1, ori=0, pos=array([0. , 0.2]), rgb=UNKNOWN, text=str(...), units='norm', win=Window(...), wrapWidth=1.2)
16.0828 	EXP 	Created text = TextStim(__class__=<class 'psychopy.visual.text.TextStim'>, alignHoriz=method-wrapper(...), alignText='center', alignVert=method-wrapper(...), anchorHoriz='center', anchorVert='center', antialias=True, autoDraw=False, autoLog=True, bold=False, color=array([1., 1., 1.]), colorSpace='rgb', contrast=1.0, depth=0.0, draggable=False, flipHoriz=False, flipVert=False, font='Arial', fontFiles=[], height=0.06, italic=False, languageStyle='LTR', name='text', opacity=1, ori=0, pos=array([0., 0.]), rgb=UNKNOWN, text='', units='norm', win=Window(...), wrapWidth=1.2)
16.0930 	EXP 	Created waiting_for_trigger_text = TextStim(__class__=<class 'psychopy.visual.text.TextStim'>, alignHoriz=method-wrapper(...), alignText='center', alignVert=method-wrapper(...), anchorHoriz='center', anchorVert='center', antialias=True, autoDraw=False, autoLog=True, bold=False, color=array([1., 1., 1.]), colorSpace='rgb', contrast=1.0, depth=0.0, draggable=False, flipHoriz=False, flipVert=False, font='Arial', fontFiles=[], height=0.1, italic=False, languageStyle='LTR', name='waiting_for_trigger_text', opacity=1, ori=0, pos=array([0., 0.]), rgb=UNKNOWN, text='waiting for scanner', units='norm', win=Window(...), wrapWidth=2)
16.1002 	EXP 	Created text_2 = TextStim(__class__=<class 'psychopy.visual.text.TextStim'>, alignHoriz=method-wrapper(...), alignText='center', alignVert=method-wrapper(...), anchorHoriz='center', anchorVert='center', antialias=True, autoDraw=False, autoLog=True, bold=False, color=array([1., 1., 1.]), colorSpace='rgb', contrast=1.0, depth=0.0, draggable=False, flipHoriz=False, flipVert=False, font='Arial', fontFiles=[], height=0.3, italic=False, languageStyle='LTR', name='text_2', opacity=1, ori=0, pos=array([0., 0.]), rgb=UNKNOWN, text='+', units='norm', win=Window(...), wrapWidth=1)
16.1065 	EXP 	Created text_relax = TextStim(__class__=<class 'psychopy.visual.text.TextStim'>, alignHoriz=method-wrapper(...), alignText='center', alignVert=method-wrapper(...), anchorHoriz='center', anchorVert='center', antialias=True, autoDraw=False, autoLog=True, bold=False, color=array([1., 1., 1.]), colorSpace='rgb', contrast=1.0, depth=0.0, draggable=False, flipHoriz=False, flipVert=False, font='Arial', fontFiles=[], height=0.07, italic=False, languageStyle='LTR', name='text_relax', opacity=1, ori=0, pos=array([ 0. , -0.2]), rgb=UNKNOWN, text='Relax', units='norm', win=Window(...), wrapWidth=1)
16.1149 	EXP 	Created text_4 = TextStim(__class__=<class 'psychopy.visual.text.TextStim'>, alignHoriz=method-wrapper(...), alignText='center', alignVert=method-wrapper(...), anchorHoriz='center', anchorVert='center', antialias=True, autoDraw=False, autoLog=True, bold=False, color=array([1., 1., 1.]), colorSpace='rgb', contrast=1.0, depth=-3.0, draggable=False, flipHoriz=False, flipVert=False, font='Arial', fontFiles=[], height=0.1, italic=False, languageStyle='LTR', name='text_4', opacity=1, ori=0, pos=array([0., 0.]), rgb=UNKNOWN, text='default text', units='norm', win=Window(...), wrapWidth=1)
16.1487 	EXP 	Created unnamed Circle = Circle(__class__=<class 'psychopy.visual.circle.Circle'>, anchor=('center', 'center'), autoDraw=False, autoLog=True, closeShape=True, color=method-wrapper(...), colorSpace='rgb', contrast=None, depth=0, draggable=False, fillColor=array([0, 0, 0]), fillColorSpace='rgb', fillRGB=array([0, 0, 0]), interpolate=True, lineColor=array([ 1.,  1., -1.]), lineColorSpace='rgb', lineRGB=array([ 1,  1, -1]), lineWidth=3, name='unnamed Circle', opacity=1, ori=0.0, pos=array([0.        , 0.33333333]), size=array([1., 1.]), units='norm', vertices=ndarray(...), win=Window(...), windingRule=None)
16.1747 	EXP 	Created unnamed Circle = Circle(__class__=<class 'psychopy.visual.circle.Circle'>, anchor=('center', 'center'), autoDraw=False, autoLog=True, closeShape=True, color=method-wrapper(...), colorSpace='rgb', contrast=None, depth=0, draggable=False, fillColor=array([0, 0, 0]), fillColorSpace='rgb', fillRGB=array([0, 0, 0]), interpolate=True, lineColor=array([0.35686275, 0.69411765, 0.80392157]), lineColorSpace='rgb', lineRGB=array([0.35686275, 0.69411765, 0.80392157]), lineWidth=3, name='unnamed Circle', opacity=1, ori=0.0, pos=array([ 0.        , -0.33333333]), size=array([1., 1.]), units='norm', vertices=ndarray(...), win=Window(...), windingRule=None)
16.2025 	EXP 	Created unnamed Circle = Circle(__class__=<class 'psychopy.visual.circle.Circle'>, anchor=('center', 'center'), autoDraw=False, autoLog=True, closeShape=True, color=method-wrapper(...), colorSpace='rgb', contrast=None, depth=0, draggable=False, fillColor=array([1, 1, 1]), fillColorSpace='rgb', fillRGB=array([1, 1, 1]), interpolate=True, lineColor=array([1., 1., 1.]), lineColorSpace='rgb', lineRGB=array([1, 1, 1]), lineWidth=1.5, name='unnamed Circle', opacity=1, ori=0.0, pos=array([0., 0.]), size=array([1., 1.]), units='norm', vertices=ndarray(...), win=Window(...), windingRule=None)
16.2282 	EXP 	Created unnamed Circle = Circle(__class__=<class 'psychopy.visual.circle.Circle'>, anchor=('center', 'center'), autoDraw=False, autoLog=True, closeShape=True, color=method-wrapper(...), colorSpace='rgb', contrast=None, depth=0, draggable=False, fillColor=array([1, 1, 1]), fillColorSpace='rgb', fillRGB=array([1, 1, 1]), interpolate=True, lineColor=array([1., 1., 1.]), lineColorSpace='rgb', lineRGB=array([1, 1, 1]), lineWidth=3, name='unnamed Circle', opacity=1, ori=0.0, pos=array([0., 0.]), size=array([1., 1.]), units='norm', vertices=ndarray(...), win=Window(...), windingRule=None)
16.2399 	EXP 	Created instruct_text = TextStim(__class__=<class 'psychopy.visual.text.TextStim'>, alignHoriz=method-wrapper(...), alignText='center', alignVert=method-wrapper(...), anchorHoriz='center', anchorVert='center', antialias=True, autoDraw=False, autoLog=True, bold=False, color=array([1., 1., 1.]), colorSpace='rgb', contrast=1.0, depth=0.0, draggable=False, flipHoriz=False, flipVert=False, font='Arial', fontFiles=[], height=0.06, italic=False, languageStyle='LTR', name='instruct_text', opacity=1, ori=0, pos=array([0., 0.]), rgb=UNKNOWN, text='replace me', units='norm', win=Window(...), wrapWidth=1.2)
16.2481 	EXP 	Created thank_you_end_run_text = TextStim(__class__=<class 'psychopy.visual.text.TextStim'>, alignHoriz=method-wrapper(...), alignText='center', alignVert=method-wrapper(...), anchorHoriz='center', anchorVert='center', antialias=True, autoDraw=False, autoLog=True, bold=False, color=array([1., 1., 1.]), colorSpace='rgb', contrast=1.0, depth=0.0, draggable=False, flipHoriz=False, flipVert=False, font='Arial', fontFiles=[], height=0.1, italic=False, languageStyle='LTR', name='thank_you_end_run_text', opacity=1, ori=0, pos=array([0., 0.]), rgb=UNKNOWN, text='thank you!', units='norm', win=Window(...), wrapWidth=1)
16.2747 	EXP 	instruct_text: height = 0.06
16.2747 	EXP 	instruct_text: height = 0.06
16.2747 	EXP 	instruct_text: height = 0.06
16.2747 	EXP 	instruct_text: text = "Great job! Now, you're going practice Mindful Describing for another 2.5min with more brain feedback from the ball. \n\nWhen the ball moves upwards, that corresponds to the describing practice."
17.7022 	DATA 	Keypress: space
17.7138 	EXP 	instruct_text: height = 0.06
17.7138 	EXP 	instruct_text: height = 0.06
17.7138 	EXP 	instruct_text: height = 0.06
17.7138 	EXP 	instruct_text: text = 'When you see the plus sign (+), just relax.\n\nOnce the circles appear, please start the Describing practice. This scan will last 2.5 min.'
18.1271 	DATA 	Keypress: space
18.1338 	EXP 	waiting_for_trigger_text: autoDraw = True
19.0397 	DATA 	Keypress: space
21.4612 	DATA 	Keypress: 5
21.4755 	EXP 	waiting_for_trigger_text: autoDraw = False
21.4755 	EXP 	text_2: autoDraw = True
21.4755 	EXP 	text_relax: autoDraw = True
51.4858 	EXP 	text_2: autoDraw = False
51.4858 	EXP 	text_relax: autoDraw = False
51.4858 	EXP 	text_2: autoDraw = False
51.5810 	EXP 	unnamed Circle: fillColor = <class 'numpy.ndarray'>
51.5810 	EXP 	unnamed Circle: fillColor = <class 'numpy.ndarray'>
52.7501 	EXP 	unnamed Circle: fillColor = <class 'numpy.ndarray'>
52.7501 	EXP 	unnamed Circle: fillColor = <class 'numpy.ndarray'>
53.9518 	EXP 	unnamed Circle: fillColor = <class 'numpy.ndarray'>
53.9518 	EXP 	unnamed Circle: fillColor = <class 'numpy.ndarray'>
55.1537 	EXP 	unnamed Circle: fillColor = <class 'numpy.ndarray'>
55.1537 	EXP 	unnamed Circle: fillColor = <class 'numpy.ndarray'>
56.3557 	EXP 	unnamed Circle: fillColor = <class 'numpy.ndarray'>
56.3557 	EXP 	unnamed Circle: fillColor = <class 'numpy.ndarray'>
57.5572 	EXP 	unnamed Circle: fillColor = <class 'numpy.ndarray'>
57.5572 	EXP 	unnamed Circle: fillColor = <class 'numpy.ndarray'>
58.7589 	EXP 	unnamed Circle: fillColor = <class 'numpy.ndarray'>
58.7589 	EXP 	unnamed Circle: fillColor = <class 'numpy.ndarray'>
59.9607 	EXP 	unnamed Circle: fillColor = <class 'numpy.ndarray'>
59.9607 	EXP 	unnamed Circle: fillColor = <class 'numpy.ndarray'>
61.1626 	EXP 	unnamed Circle: fillColor = <class 'numpy.ndarray'>
61.1626 	EXP 	unnamed Circle: fillColor = <class 'numpy.ndarray'>
62.3642 	EXP 	unnamed Circle: fillColor = <class 'numpy.ndarray'>
62.3642 	EXP 	unnamed Circle: fillColor = <class 'numpy.ndarray'>
63.5712 	EXP 	unnamed Circle: fillColor = <class 'numpy.ndarray'>
63.5712 	EXP 	unnamed Circle: radius = 0.135
63.5712 	EXP 	unnamed Circle: fillColor = 'white'
63.5712 	EXP 	unnamed Circle: fillColor = <class 'numpy.ndarray'>
64.7679 	EXP 	unnamed Circle: fillColor = <class 'numpy.ndarray'>
64.7679 	EXP 	unnamed Circle: fillColor = <class 'numpy.ndarray'>
65.9699 	EXP 	unnamed Circle: fillColor = <class 'numpy.ndarray'>
65.9699 	EXP 	unnamed Circle: fillColor = <class 'numpy.ndarray'>
67.1714 	EXP 	unnamed Circle: fillColor = <class 'numpy.ndarray'>
67.1714 	EXP 	unnamed Circle: fillColor = <class 'numpy.ndarray'>
68.3733 	EXP 	unnamed Circle: fillColor = <class 'numpy.ndarray'>
68.3733 	EXP 	unnamed Circle: fillColor = <class 'numpy.ndarray'>
69.5749 	EXP 	unnamed Circle: fillColor = <class 'numpy.ndarray'>
69.5749 	EXP 	unnamed Circle: fillColor = <class 'numpy.ndarray'>
70.7771 	EXP 	unnamed Circle: fillColor = <class 'numpy.ndarray'>
70.7771 	EXP 	unnamed Circle: fillColor = <class 'numpy.ndarray'>
71.9786 	EXP 	unnamed Circle: fillColor = <class 'numpy.ndarray'>
71.9786 	EXP 	unnamed Circle: fillColor = <class 'numpy.ndarray'>
73.1802 	EXP 	unnamed Circle: fillColor = <class 'numpy.ndarray'>
73.1802 	EXP 	unnamed Circle: fillColor = <class 'numpy.ndarray'>
74.3821 	EXP 	unnamed Circle: fillColor = <class 'numpy.ndarray'>
74.3821 	EXP 	unnamed Circle: fillColor = <class 'numpy.ndarray'>
75.5838 	EXP 	unnamed Circle: fillColor = <class 'numpy.ndarray'>
75.5838 	EXP 	unnamed Circle: fillColor = <class 'numpy.ndarray'>
76.7858 	EXP 	unnamed Circle: fillColor = <class 'numpy.ndarray'>
76.7858 	EXP 	unnamed Circle: fillColor = <class 'numpy.ndarray'>
77.9874 	EXP 	unnamed Circle: fillColor = <class 'numpy.ndarray'>
77.9874 	EXP 	unnamed Circle: fillColor = <class 'numpy.ndarray'>
79.1892 	EXP 	unnamed Circle: fillColor = <class 'numpy.ndarray'>
79.1892 	EXP 	unnamed Circle: fillColor = <class 'numpy.ndarray'>
80.3910 	EXP 	unnamed Circle: fillColor = <class 'numpy.ndarray'>
80.3910 	EXP 	unnamed Circle: fillColor = <class 'numpy.ndarray'>
81.5928 	EXP 	unnamed Circle: fillColor = <class 'numpy.ndarray'>
81.5928 	EXP 	unnamed Circle: fillColor = <class 'numpy.ndarray'>
82.7947 	EXP 	unnamed Circle: fillColor = <class 'numpy.ndarray'>
82.7947 	EXP 	unnamed Circle: fillColor = <class 'numpy.ndarray'>
83.9962 	EXP 	unnamed Circle: fillColor = <class 'numpy.ndarray'>
83.9962 	EXP 	unnamed Circle: fillColor = <class 'numpy.ndarray'>
85.1983 	EXP 	unnamed Circle: fillColor = <class 'numpy.ndarray'>
85.1983 	EXP 	unnamed Circle: fillColor = <class 'numpy.ndarray'>
86.3998 	EXP 	unnamed Circle: fillColor = <class 'numpy.ndarray'>
86.3998 	EXP 	unnamed Circle: fillColor = <class 'numpy.ndarray'>
87.6016 	EXP 	unnamed Circle: fillColor = <class 'numpy.ndarray'>
87.6016 	EXP 	unnamed Circle: fillColor = <class 'numpy.ndarray'>
88.8035 	EXP 	unnamed Circle: fillColor = <class 'numpy.ndarray'>
88.8035 	EXP 	unnamed Circle: fillColor = <class 'numpy.ndarray'>
90.0051 	EXP 	unnamed Circle: fillColor = <class 'numpy.ndarray'>
90.0051 	EXP 	unnamed Circle: fillColor = <class 'numpy.ndarray'>
91.2070 	EXP 	unnamed Circle: fillColor = <class 'numpy.ndarray'>
91.2070 	EXP 	unnamed Circle: fillColor = <class 'numpy.ndarray'>
92.4087 	EXP 	unnamed Circle: fillColor = <class 'numpy.ndarray'>
92.4087 	EXP 	unnamed Circle: fillColor = <class 'numpy.ndarray'>
93.6140 	EXP 	unnamed Circle: fillColor = <class 'numpy.ndarray'>
93.6140 	EXP 	unnamed Circle: radius = 0.12150000000000001
93.6140 	EXP 	unnamed Circle: fillColor = 'white'
93.6140 	EXP 	unnamed Circle: fillColor = <class 'numpy.ndarray'>
94.8124 	EXP 	unnamed Circle: fillColor = <class 'numpy.ndarray'>
94.8124 	EXP 	unnamed Circle: fillColor = <class 'numpy.ndarray'>
96.0141 	EXP 	unnamed Circle: fillColor = <class 'numpy.ndarray'>
96.0141 	EXP 	unnamed Circle: fillColor = <class 'numpy.ndarray'>
97.2160 	EXP 	unnamed Circle: fillColor = <class 'numpy.ndarray'>
97.2160 	EXP 	unnamed Circle: fillColor = <class 'numpy.ndarray'>
98.4194 	EXP 	unnamed Circle: fillColor = <class 'numpy.ndarray'>
98.4194 	EXP 	unnamed Circle: radius = 0.10935000000000002
98.4194 	EXP 	unnamed Circle: fillColor = 'white'
98.4194 	EXP 	unnamed Circle: fillColor = <class 'numpy.ndarray'>
99.6195 	EXP 	unnamed Circle: fillColor = <class 'numpy.ndarray'>
99.6195 	EXP 	unnamed Circle: fillColor = <class 'numpy.ndarray'>
100.8212 	EXP 	unnamed Circle: fillColor = <class 'numpy.ndarray'>
100.8212 	EXP 	unnamed Circle: fillColor = <class 'numpy.ndarray'>
102.0229 	EXP 	unnamed Circle: fillColor = <class 'numpy.ndarray'>
102.0229 	EXP 	unnamed Circle: fillColor = <class 'numpy.ndarray'>
103.2248 	EXP 	unnamed Circle: fillColor = <class 'numpy.ndarray'>
103.2248 	EXP 	unnamed Circle: fillColor = <class 'numpy.ndarray'>
104.4265 	EXP 	unnamed Circle: fillColor = <class 'numpy.ndarray'>
104.4265 	EXP 	unnamed Circle: fillColor = <class 'numpy.ndarray'>
105.6284 	EXP 	unnamed Circle: fillColor = <class 'numpy.ndarray'>
105.6284 	EXP 	unnamed Circle: fillColor = <class 'numpy.ndarray'>
106.8300 	EXP 	unnamed Circle: fillColor = <class 'numpy.ndarray'>
106.8300 	EXP 	unnamed Circle: fillColor = <class 'numpy.ndarray'>
108.0320 	EXP 	unnamed Circle: fillColor = <class 'numpy.ndarray'>
108.0320 	EXP 	unnamed Circle: fillColor = <class 'numpy.ndarray'>
109.2336 	EXP 	unnamed Circle: fillColor = <class 'numpy.ndarray'>
109.2336 	EXP 	unnamed Circle: fillColor = <class 'numpy.ndarray'>
110.4358 	EXP 	unnamed Circle: fillColor = <class 'numpy.ndarray'>
110.4358 	EXP 	unnamed Circle: fillColor = <class 'numpy.ndarray'>
111.6371 	EXP 	unnamed Circle: fillColor = <class 'numpy.ndarray'>
111.6371 	EXP 	unnamed Circle: fillColor = <class 'numpy.ndarray'>
112.8390 	EXP 	unnamed Circle: fillColor = <class 'numpy.ndarray'>
112.8390 	EXP 	unnamed Circle: fillColor = <class 'numpy.ndarray'>
114.0408 	EXP 	unnamed Circle: fillColor = <class 'numpy.ndarray'>
114.0408 	EXP 	unnamed Circle: fillColor = <class 'numpy.ndarray'>
115.2425 	EXP 	unnamed Circle: fillColor = <class 'numpy.ndarray'>
115.2425 	EXP 	unnamed Circle: fillColor = <class 'numpy.ndarray'>
116.4442 	EXP 	unnamed Circle: fillColor = <class 'numpy.ndarray'>
116.4442 	EXP 	unnamed Circle: fillColor = <class 'numpy.ndarray'>
117.6461 	EXP 	unnamed Circle: fillColor = <class 'numpy.ndarray'>
117.6461 	EXP 	unnamed Circle: fillColor = <class 'numpy.ndarray'>
118.8479 	EXP 	unnamed Circle: fillColor = <class 'numpy.ndarray'>
118.8479 	EXP 	unnamed Circle: fillColor = <class 'numpy.ndarray'>
120.0497 	EXP 	unnamed Circle: fillColor = <class 'numpy.ndarray'>
120.0497 	EXP 	unnamed Circle: fillColor = <class 'numpy.ndarray'>
121.2514 	EXP 	unnamed Circle: fillColor = <class 'numpy.ndarray'>
121.2514 	EXP 	unnamed Circle: fillColor = <class 'numpy.ndarray'>
122.4530 	EXP 	unnamed Circle: fillColor = <class 'numpy.ndarray'>
122.4530 	EXP 	unnamed Circle: fillColor = <class 'numpy.ndarray'>
123.6549 	EXP 	unnamed Circle: fillColor = <class 'numpy.ndarray'>
123.6549 	EXP 	unnamed Circle: fillColor = <class 'numpy.ndarray'>
124.8567 	EXP 	unnamed Circle: fillColor = <class 'numpy.ndarray'>
124.8567 	EXP 	unnamed Circle: fillColor = <class 'numpy.ndarray'>
126.0585 	EXP 	unnamed Circle: fillColor = <class 'numpy.ndarray'>
126.0585 	EXP 	unnamed Circle: fillColor = <class 'numpy.ndarray'>
127.2603 	EXP 	unnamed Circle: fillColor = <class 'numpy.ndarray'>
127.2603 	EXP 	unnamed Circle: fillColor = <class 'numpy.ndarray'>
128.4621 	EXP 	unnamed Circle: fillColor = <class 'numpy.ndarray'>
128.4621 	EXP 	unnamed Circle: fillColor = <class 'numpy.ndarray'>
129.6637 	EXP 	unnamed Circle: fillColor = <class 'numpy.ndarray'>
129.6637 	EXP 	unnamed Circle: fillColor = <class 'numpy.ndarray'>
130.8658 	EXP 	unnamed Circle: fillColor = <class 'numpy.ndarray'>
130.8658 	EXP 	unnamed Circle: fillColor = <class 'numpy.ndarray'>
132.0673 	EXP 	unnamed Circle: fillColor = <class 'numpy.ndarray'>
132.0673 	EXP 	unnamed Circle: fillColor = <class 'numpy.ndarray'>
133.2691 	EXP 	unnamed Circle: fillColor = <class 'numpy.ndarray'>
133.2691 	EXP 	unnamed Circle: fillColor = <class 'numpy.ndarray'>
134.4729 	EXP 	unnamed Circle: fillColor = <class 'numpy.ndarray'>
134.4729 	EXP 	unnamed Circle: fillColor = <class 'numpy.ndarray'>
135.6728 	EXP 	unnamed Circle: fillColor = <class 'numpy.ndarray'>
135.6728 	EXP 	unnamed Circle: fillColor = <class 'numpy.ndarray'>
136.8742 	EXP 	unnamed Circle: fillColor = <class 'numpy.ndarray'>
136.8742 	EXP 	unnamed Circle: fillColor = <class 'numpy.ndarray'>
138.0762 	EXP 	unnamed Circle: fillColor = <class 'numpy.ndarray'>
138.0762 	EXP 	unnamed Circle: fillColor = <class 'numpy.ndarray'>
139.2780 	EXP 	unnamed Circle: fillColor = <class 'numpy.ndarray'>
139.2780 	EXP 	unnamed Circle: fillColor = <class 'numpy.ndarray'>
140.4815 	EXP 	unnamed Circle: fillColor = <class 'numpy.ndarray'>
140.4815 	EXP 	unnamed Circle: fillColor = <class 'numpy.ndarray'>
141.6816 	EXP 	unnamed Circle: fillColor = <class 'numpy.ndarray'>
141.6816 	EXP 	unnamed Circle: fillColor = <class 'numpy.ndarray'>
142.8835 	EXP 	unnamed Circle: fillColor = <class 'numpy.ndarray'>
142.8835 	EXP 	unnamed Circle: fillColor = <class 'numpy.ndarray'>
142.8835 	EXP 	unnamed Circle: radius = 0.135
142.8835 	EXP 	unnamed Circle: fillColor = 'white'
144.0907 	EXP 	unnamed Circle: fillColor = <class 'numpy.ndarray'>
144.0907 	EXP 	unnamed Circle: fillColor = <class 'numpy.ndarray'>
145.2886 	EXP 	unnamed Circle: fillColor = <class 'numpy.ndarray'>
145.2886 	EXP 	unnamed Circle: fillColor = <class 'numpy.ndarray'>
146.4887 	EXP 	unnamed Circle: fillColor = <class 'numpy.ndarray'>
146.4887 	EXP 	unnamed Circle: fillColor = <class 'numpy.ndarray'>
147.7071 	EXP 	unnamed Circle: fillColor = <class 'numpy.ndarray'>
147.7071 	EXP 	unnamed Circle: fillColor = <class 'numpy.ndarray'>
148.9090 	EXP 	unnamed Circle: fillColor = <class 'numpy.ndarray'>
148.9090 	EXP 	unnamed Circle: fillColor = <class 'numpy.ndarray'>
150.1109 	EXP 	unnamed Circle: fillColor = <class 'numpy.ndarray'>
150.1109 	EXP 	unnamed Circle: fillColor = <class 'numpy.ndarray'>
151.3126 	EXP 	unnamed Circle: fillColor = <class 'numpy.ndarray'>
151.3126 	EXP 	unnamed Circle: fillColor = <class 'numpy.ndarray'>
152.5142 	EXP 	unnamed Circle: fillColor = <class 'numpy.ndarray'>
152.5142 	EXP 	unnamed Circle: fillColor = <class 'numpy.ndarray'>
153.7178 	EXP 	unnamed Circle: fillColor = <class 'numpy.ndarray'>
153.7178 	EXP 	unnamed Circle: fillColor = <class 'numpy.ndarray'>
154.9178 	EXP 	unnamed Circle: fillColor = <class 'numpy.ndarray'>
154.9178 	EXP 	unnamed Circle: fillColor = <class 'numpy.ndarray'>
156.1208 	EXP 	unnamed Circle: fillColor = <class 'numpy.ndarray'>
156.1208 	EXP 	unnamed Circle: fillColor = <class 'numpy.ndarray'>
157.3215 	EXP 	unnamed Circle: fillColor = <class 'numpy.ndarray'>
157.3215 	EXP 	unnamed Circle: fillColor = <class 'numpy.ndarray'>
158.5232 	EXP 	unnamed Circle: fillColor = <class 'numpy.ndarray'>
158.5232 	EXP 	unnamed Circle: fillColor = <class 'numpy.ndarray'>
159.7251 	EXP 	unnamed Circle: fillColor = <class 'numpy.ndarray'>
159.7251 	EXP 	unnamed Circle: fillColor = <class 'numpy.ndarray'>
160.9268 	EXP 	unnamed Circle: fillColor = <class 'numpy.ndarray'>
160.9268 	EXP 	unnamed Circle: fillColor = <class 'numpy.ndarray'>
162.1285 	EXP 	unnamed Circle: fillColor = <class 'numpy.ndarray'>
162.1285 	EXP 	unnamed Circle: fillColor = <class 'numpy.ndarray'>
163.3303 	EXP 	unnamed Circle: fillColor = <class 'numpy.ndarray'>
163.3303 	EXP 	unnamed Circle: fillColor = <class 'numpy.ndarray'>
164.5320 	EXP 	unnamed Circle: fillColor = <class 'numpy.ndarray'>
164.5320 	EXP 	unnamed Circle: fillColor = <class 'numpy.ndarray'>
165.7406 	EXP 	unnamed Circle: fillColor = <class 'numpy.ndarray'>
165.7406 	EXP 	unnamed Circle: fillColor = <class 'numpy.ndarray'>
165.7406 	EXP 	unnamed Circle: radius = 0.12150000000000001
165.7406 	EXP 	unnamed Circle: fillColor = 'white'
166.9357 	EXP 	unnamed Circle: fillColor = <class 'numpy.ndarray'>
166.9357 	EXP 	unnamed Circle: fillColor = <class 'numpy.ndarray'>
168.1373 	EXP 	unnamed Circle: fillColor = <class 'numpy.ndarray'>
168.1373 	EXP 	unnamed Circle: fillColor = <class 'numpy.ndarray'>
169.3391 	EXP 	unnamed Circle: fillColor = <class 'numpy.ndarray'>
169.3391 	EXP 	unnamed Circle: fillColor = <class 'numpy.ndarray'>
170.5410 	EXP 	unnamed Circle: fillColor = <class 'numpy.ndarray'>
170.5410 	EXP 	unnamed Circle: fillColor = <class 'numpy.ndarray'>
171.7427 	EXP 	unnamed Circle: fillColor = <class 'numpy.ndarray'>
171.7427 	EXP 	unnamed Circle: fillColor = <class 'numpy.ndarray'>
172.9445 	EXP 	unnamed Circle: fillColor = <class 'numpy.ndarray'>
172.9445 	EXP 	unnamed Circle: fillColor = <class 'numpy.ndarray'>
174.1464 	EXP 	unnamed Circle: fillColor = <class 'numpy.ndarray'>
174.1464 	EXP 	unnamed Circle: fillColor = <class 'numpy.ndarray'>
175.3481 	EXP 	unnamed Circle: fillColor = <class 'numpy.ndarray'>
175.3481 	EXP 	unnamed Circle: fillColor = <class 'numpy.ndarray'>
176.5494 	EXP 	unnamed Circle: fillColor = <class 'numpy.ndarray'>
176.5494 	EXP 	unnamed Circle: fillColor = <class 'numpy.ndarray'>
176.5494 	EXP 	unnamed Circle: radius = 0.10935000000000002
176.5494 	EXP 	unnamed Circle: fillColor = 'white'
177.7517 	EXP 	unnamed Circle: fillColor = <class 'numpy.ndarray'>
177.7517 	EXP 	unnamed Circle: fillColor = <class 'numpy.ndarray'>
178.9534 	EXP 	unnamed Circle: fillColor = <class 'numpy.ndarray'>
178.9534 	EXP 	unnamed Circle: fillColor = <class 'numpy.ndarray'>
180.1551 	EXP 	unnamed Circle: fillColor = <class 'numpy.ndarray'>
180.1551 	EXP 	unnamed Circle: fillColor = <class 'numpy.ndarray'>
181.3584 	EXP 	unnamed Circle: fillColor = <class 'numpy.ndarray'>
181.3584 	EXP 	unnamed Circle: fillColor = <class 'numpy.ndarray'>
182.5585 	EXP 	unnamed Circle: fillColor = <class 'numpy.ndarray'>
182.5585 	EXP 	unnamed Circle: fillColor = <class 'numpy.ndarray'>
183.7605 	EXP 	unnamed Circle: fillColor = <class 'numpy.ndarray'>
183.7605 	EXP 	unnamed Circle: fillColor = <class 'numpy.ndarray'>
184.9623 	EXP 	unnamed Circle: fillColor = <class 'numpy.ndarray'>
184.9623 	EXP 	unnamed Circle: fillColor = <class 'numpy.ndarray'>
186.1642 	EXP 	unnamed Circle: fillColor = <class 'numpy.ndarray'>
186.1642 	EXP 	unnamed Circle: fillColor = <class 'numpy.ndarray'>
187.3660 	EXP 	unnamed Circle: fillColor = <class 'numpy.ndarray'>
187.3660 	EXP 	unnamed Circle: fillColor = <class 'numpy.ndarray'>
188.5679 	EXP 	unnamed Circle: fillColor = <class 'numpy.ndarray'>
188.5679 	EXP 	unnamed Circle: fillColor = <class 'numpy.ndarray'>
189.7693 	EXP 	unnamed Circle: fillColor = <class 'numpy.ndarray'>
189.7693 	EXP 	unnamed Circle: fillColor = <class 'numpy.ndarray'>
190.9711 	EXP 	unnamed Circle: fillColor = <class 'numpy.ndarray'>
190.9711 	EXP 	unnamed Circle: fillColor = <class 'numpy.ndarray'>
192.1782 	EXP 	unnamed Circle: fillColor = <class 'numpy.ndarray'>
192.1782 	EXP 	unnamed Circle: radius = 0.09841500000000002
192.1782 	EXP 	unnamed Circle: fillColor = 'white'
192.1782 	EXP 	unnamed Circle: fillColor = <class 'numpy.ndarray'>
193.3915 	EXP 	unnamed Circle: fillColor = <class 'numpy.ndarray'>
193.3915 	EXP 	unnamed Circle: fillColor = <class 'numpy.ndarray'>
194.5933 	EXP 	unnamed Circle: fillColor = <class 'numpy.ndarray'>
194.5933 	EXP 	unnamed Circle: fillColor = <class 'numpy.ndarray'>
195.7950 	EXP 	unnamed Circle: fillColor = <class 'numpy.ndarray'>
195.7950 	EXP 	unnamed Circle: fillColor = <class 'numpy.ndarray'>
196.9967 	EXP 	unnamed Circle: fillColor = <class 'numpy.ndarray'>
196.9967 	EXP 	unnamed Circle: fillColor = <class 'numpy.ndarray'>
198.1986 	EXP 	unnamed Circle: fillColor = <class 'numpy.ndarray'>
198.1986 	EXP 	unnamed Circle: fillColor = <class 'numpy.ndarray'>
199.4003 	EXP 	unnamed Circle: fillColor = <class 'numpy.ndarray'>
199.4003 	EXP 	unnamed Circle: fillColor = <class 'numpy.ndarray'>
200.6022 	EXP 	unnamed Circle: fillColor = <class 'numpy.ndarray'>
200.6022 	EXP 	unnamed Circle: fillColor = <class 'numpy.ndarray'>
201.9188 	EXP 	text_2: autoDraw = True
202.4806 	EXP 	text_2: autoDraw = False
206.9388 	DATA 	Keypress: 2
206.9451 	EXP 	Created text = TextStim(__class__=<class 'psychopy.visual.text.TextStim'>, alignHoriz=method-wrapper(...), alignText='center', alignVert=method-wrapper(...), anchorHoriz='center', anchorVert='center', antialias=True, autoDraw=False, autoLog=True, bold=False, color=array([1., 1., 1.]), colorSpace='rgb', contrast=1.0, depth=0.0, draggable=False, flipHoriz=False, flipVert=False, font='Arial', fontFiles=[], height=0.06, italic=False, languageStyle='LTR', name='text', opacity=1, ori=0, pos=array([0. , 0.2]), rgb=UNKNOWN, text=str(...), units='norm', win=Window(...), wrapWidth=1.2)
207.0065 	EXP 	Created None = Slider(__class__=<class 'psychopy.visual.slider.Slider'>, autoDraw=False, autoLog=True, borderColor=None, color=None, colorSpace='rgb', depth=0, fillColor=None, flip=False, font='Arial', granularity=1, labelColor=None, labelHeight=0.06, labelWrapWidth=None, labels=('Never', 'Always'), lineColor=None, markerColor=None, name=None, opacity=None, ori=0, pos=array([0., 0.]), readOnly=False, self=UNKNOWN, size=array([0.85, 0.1 ]), startValue=None, style='rating', styleTweaks=[], ticks=array([1, 9]), units='norm', win=Window(...))
207.0205 	EXP 	None: autoLog = True
207.0205 	EXP 	None: styleTweaks = []
207.0205 	EXP 	None: styleTweaks = []
207.0205 	EXP 	None: styleTweaks = []
207.0205 	EXP 	None: styleTweaks = []
207.0205 	EXP 	None: contrast = 1.0
207.0205 	EXP 	None: markerPos = None
207.0205 	EXP 	None: autoLog = True
207.0205 	EXP 	None: markerPos = 5
208.0886 	DATA 	Keypress: 2
208.0987 	EXP 	None: markerPos = 6
208.1549 	DATA 	Keypress: 0
208.1633 	EXP 	None: markerPos = 6
208.1727 	EXP 	Created text = TextStim(__class__=<class 'psychopy.visual.text.TextStim'>, alignHoriz=method-wrapper(...), alignText='center', alignVert=method-wrapper(...), anchorHoriz='center', anchorVert='center', antialias=True, autoDraw=False, autoLog=True, bold=False, color=array([1., 1., 1.]), colorSpace='rgb', contrast=1.0, depth=0.0, draggable=False, flipHoriz=False, flipVert=False, font='Arial', fontFiles=[], height=0.06, italic=False, languageStyle='LTR', name='text', opacity=1, ori=0, pos=array([0. , 0.2]), rgb=UNKNOWN, text=str(...), units='norm', win=Window(...), wrapWidth=1.2)
208.2321 	EXP 	Created None = Slider(__class__=<class 'psychopy.visual.slider.Slider'>, autoDraw=False, autoLog=True, borderColor=None, color=None, colorSpace='rgb', depth=0, fillColor=None, flip=False, font='Arial', granularity=1, labelColor=None, labelHeight=0.06, labelWrapWidth=None, labels=('Never', 'All the time'), lineColor=None, markerColor=None, name=None, opacity=None, ori=0, pos=array([0., 0.]), readOnly=False, self=UNKNOWN, size=array([0.85, 0.1 ]), startValue=None, style='rating', styleTweaks=[], ticks=array([1, 9]), units='norm', win=Window(...))
208.2435 	EXP 	None: autoLog = True
208.2435 	EXP 	None: styleTweaks = []
208.2435 	EXP 	None: styleTweaks = []
208.2435 	EXP 	None: styleTweaks = []
208.2435 	EXP 	None: styleTweaks = []
208.2435 	EXP 	None: contrast = 1.0
208.2435 	EXP 	None: markerPos = None
208.2435 	EXP 	None: autoLog = True
208.2435 	EXP 	None: markerPos = 5
208.2984 	DATA 	Keypress: 2
208.3067 	EXP 	None: markerPos = 6
208.3997 	DATA 	Keypress: 0
208.4071 	EXP 	None: markerPos = 6
208.4130 	EXP 	Created text = TextStim(__class__=<class 'psychopy.visual.text.TextStim'>, alignHoriz=method-wrapper(...), alignText='center', alignVert=method-wrapper(...), anchorHoriz='center', anchorVert='center', antialias=True, autoDraw=False, autoLog=True, bold=False, color=array([1., 1., 1.]), colorSpace='rgb', contrast=1.0, depth=0.0, draggable=False, flipHoriz=False, flipVert=False, font='Arial', fontFiles=[], height=0.06, italic=False, languageStyle='LTR', name='text', opacity=1, ori=0, pos=array([0. , 0.2]), rgb=UNKNOWN, text=str(...), units='norm', win=Window(...), wrapWidth=1.2)
208.4747 	EXP 	Created None = Slider(__class__=<class 'psychopy.visual.slider.Slider'>, autoDraw=False, autoLog=True, borderColor=None, color=None, colorSpace='rgb', depth=0, fillColor=None, flip=False, font='Arial', granularity=1, labelColor=None, labelHeight=0.06, labelWrapWidth=None, labels=('Not at all', 'Very Difficult'), lineColor=None, markerColor=None, name=None, opacity=None, ori=0, pos=array([0., 0.]), readOnly=False, self=UNKNOWN, size=array([0.85, 0.1 ]), startValue=None, style='rating', styleTweaks=[], ticks=array([1, 9]), units='norm', win=Window(...))
208.4851 	EXP 	None: autoLog = True
208.4851 	EXP 	None: styleTweaks = []
208.4851 	EXP 	None: styleTweaks = []
208.4851 	EXP 	None: styleTweaks = []
208.4851 	EXP 	None: styleTweaks = []
208.4851 	EXP 	None: contrast = 1.0
208.4851 	EXP 	None: markerPos = None
208.4851 	EXP 	None: autoLog = True
208.4851 	EXP 	None: markerPos = 5
208.4894 	DATA 	Keypress: 2
208.4979 	EXP 	None: markerPos = 6
208.6134 	DATA 	Keypress: 0
208.6214 	EXP 	None: markerPos = 6
208.6268 	EXP 	Created text = TextStim(__class__=<class 'psychopy.visual.text.TextStim'>, alignHoriz=method-wrapper(...), alignText='center', alignVert=method-wrapper(...), anchorHoriz='center', anchorVert='center', antialias=True, autoDraw=False, autoLog=True, bold=False, color=array([1., 1., 1.]), colorSpace='rgb', contrast=1.0, depth=0.0, draggable=False, flipHoriz=False, flipVert=False, font='Arial', fontFiles=[], height=0.06, italic=False, languageStyle='LTR', name='text', opacity=1, ori=0, pos=array([0. , 0.2]), rgb=UNKNOWN, text='How calm do you feel right now?', units='norm', win=Window(...), wrapWidth=1.2)
208.6652 	EXP 	Created None = Slider(__class__=<class 'psychopy.visual.slider.Slider'>, autoDraw=False, autoLog=True, borderColor=None, color=None, colorSpace='rgb', depth=0, fillColor=None, flip=False, font='Arial', granularity=1, labelColor=None, labelHeight=0.06, labelWrapWidth=None, labels=('Not at all', 'Very calm'), lineColor=None, markerColor=None, name=None, opacity=None, ori=0, pos=array([0., 0.]), readOnly=False, self=UNKNOWN, size=array([0.85, 0.1 ]), startValue=None, style='rating', styleTweaks=[], ticks=array([1, 9]), units='norm', win=Window(...))
208.6725 	DATA 	Keypress: 2
208.6754 	EXP 	None: autoLog = True
208.6754 	EXP 	None: styleTweaks = []
208.6754 	EXP 	None: styleTweaks = []
208.6754 	EXP 	None: styleTweaks = []
208.6754 	EXP 	None: styleTweaks = []
208.6754 	EXP 	None: contrast = 1.0
208.6754 	EXP 	None: markerPos = None
208.6754 	EXP 	None: autoLog = True
208.6754 	EXP 	None: markerPos = 5
208.6838 	EXP 	None: markerPos = 6
209.0330 	DATA 	Keypress: 0
209.0407 	EXP 	None: markerPos = 6
209.0479 	EXP 	Created text = TextStim(__class__=<class 'psychopy.visual.text.TextStim'>, alignHoriz=method-wrapper(...), alignText='center', alignVert=method-wrapper(...), anchorHoriz='center', anchorVert='center', antialias=True, autoDraw=False, autoLog=True, bold=False, color=array([1., 1., 1.]), colorSpace='rgb', contrast=1.0, depth=0.0, draggable=False, flipHoriz=False, flipVert=False, font='Arial', fontFiles=[], height=0.06, italic=False, languageStyle='LTR', name='text', opacity=1, ori=0, pos=array([0. , 0.2]), rgb=UNKNOWN, text=str(...), units='norm', win=Window(...), wrapWidth=1.2)
209.0899 	EXP 	Created None = Slider(__class__=<class 'psychopy.visual.slider.Slider'>, autoDraw=False, autoLog=True, borderColor=None, color=None, colorSpace='rgb', depth=0, fillColor=None, flip=False, font='Arial', granularity=1, labelColor=None, labelHeight=0.06, labelWrapWidth=None, labels=('False', 'True'), lineColor=None, markerColor=None, name=None, opacity=None, ori=0, pos=array([0., 0.]), readOnly=False, self=UNKNOWN, size=array([0.85, 0.1 ]), startValue=None, style='rating', styleTweaks=[], ticks=array([1, 9]), units='norm', win=Window(...))
209.1020 	EXP 	None: autoLog = True
209.1020 	EXP 	None: styleTweaks = []
209.1020 	EXP 	None: styleTweaks = []
209.1020 	EXP 	None: styleTweaks = []
209.1020 	EXP 	None: styleTweaks = []
209.1020 	EXP 	None: contrast = 1.0
209.1020 	EXP 	None: markerPos = None
209.1020 	EXP 	None: autoLog = True
209.1020 	EXP 	None: markerPos = 5
209.1745 	DATA 	Keypress: 2
209.1839 	EXP 	None: markerPos = 6
209.3467 	DATA 	Keypress: 0
209.3555 	EXP 	None: markerPos = 6
209.3627 	EXP 	Created text = TextStim(__class__=<class 'psychopy.visual.text.TextStim'>, alignHoriz=method-wrapper(...), alignText='center', alignVert=method-wrapper(...), anchorHoriz='center', anchorVert='center', antialias=True, autoDraw=False, autoLog=True, bold=False, color=array([1., 1., 1.]), colorSpace='rgb', contrast=1.0, depth=0.0, draggable=False, flipHoriz=False, flipVert=False, font='Arial', fontFiles=[], height=0.06, italic=False, languageStyle='LTR', name='text', opacity=1, ori=0, pos=array([0. , 0.2]), rgb=UNKNOWN, text=str(...), units='norm', win=Window(...), wrapWidth=1.2)
209.4018 	EXP 	Created None = Slider(__class__=<class 'psychopy.visual.slider.Slider'>, autoDraw=False, autoLog=True, borderColor=None, color=None, colorSpace='rgb', depth=0, fillColor=None, flip=False, font='Arial', granularity=1, labelColor=None, labelHeight=0.06, labelWrapWidth=None, labels=('False', 'True'), lineColor=None, markerColor=None, name=None, opacity=None, ori=0, pos=array([0., 0.]), readOnly=False, self=UNKNOWN, size=array([0.85, 0.1 ]), startValue=None, style='rating', styleTweaks=[], ticks=array([1, 9]), units='norm', win=Window(...))
209.4122 	EXP 	None: autoLog = True
209.4122 	EXP 	None: styleTweaks = []
209.4122 	EXP 	None: styleTweaks = []
209.4122 	EXP 	None: styleTweaks = []
209.4122 	EXP 	None: styleTweaks = []
209.4122 	EXP 	None: contrast = 1.0
209.4122 	EXP 	None: markerPos = None
209.4122 	EXP 	None: autoLog = True
209.4122 	EXP 	None: markerPos = 5
209.5742 	DATA 	Keypress: 2
209.5836 	EXP 	None: markerPos = 6
209.7217 	DATA 	Keypress: 0
209.7294 	EXP 	None: markerPos = 6
209.7362 	EXP 	Created text = TextStim(__class__=<class 'psychopy.visual.text.TextStim'>, alignHoriz=method-wrapper(...), alignText='center', alignVert=method-wrapper(...), anchorHoriz='center', anchorVert='center', antialias=True, autoDraw=False, autoLog=True, bold=False, color=array([1., 1., 1.]), colorSpace='rgb', contrast=1.0, depth=0.0, draggable=False, flipHoriz=False, flipVert=False, font='Arial', fontFiles=[], height=0.06, italic=False, languageStyle='LTR', name='text', opacity=1, ori=0, pos=array([0. , 0.2]), rgb=UNKNOWN, text=str(...), units='norm', win=Window(...), wrapWidth=1.2)
209.7792 	EXP 	Created None = Slider(__class__=<class 'psychopy.visual.slider.Slider'>, autoDraw=False, autoLog=True, borderColor=None, color=None, colorSpace='rgb', depth=0, fillColor=None, flip=False, font='Arial', granularity=1, labelColor=None, labelHeight=0.06, labelWrapWidth=None, labels=('False', 'True'), lineColor=None, markerColor=None, name=None, opacity=None, ori=0, pos=array([0., 0.]), readOnly=False, self=UNKNOWN, size=array([0.85, 0.1 ]), startValue=None, style='rating', styleTweaks=[], ticks=array([1, 9]), units='norm', win=Window(...))
209.7906 	EXP 	None: autoLog = True
209.7906 	EXP 	None: styleTweaks = []
209.7906 	EXP 	None: styleTweaks = []
209.7906 	EXP 	None: styleTweaks = []
209.7906 	EXP 	None: styleTweaks = []
209.7906 	EXP 	None: contrast = 1.0
209.7906 	EXP 	None: markerPos = None
209.7906 	EXP 	None: autoLog = True
209.7906 	EXP 	None: markerPos = 5
209.9258 	DATA 	Keypress: 2
209.9347 	EXP 	None: markerPos = 6
210.1118 	DATA 	Keypress: 0
210.1203 	EXP 	None: markerPos = 6
210.2175 	DATA 	Keypress: 2
210.3773 	DATA 	Keypress: 0
210.4840 	DATA 	Keypress: 2
211.0108 	DATA 	Keypress: lalt
14.5161 	EXP 	DMN_BallTask: status = NOT_STARTED
14.5219 	WARNING 	Requested an unavailable screen number - using first available.
14.5241 	WARNING 	User requested fullscreen with size [1080 1080], but screen is actually [1920, 1200]. Using actual size
15.5591 	EXP 	Created window1 = Window(allowGUI=False, allowStencil=False, autoLog=True, backendConf=UNKNOWN, backgroundFit=<method-wrapper '__getattribute__' of attributeSetter object at 0x0000010BF19788B0>, backgroundImage=<method-wrapper '__getattribute__' of attributeSetter object at 0x0000010BF1978850>, bitsMode=UNKNOWN, blendMode='avg', bpc=(8, 8, 8), color=array([-1, -1, -1]), colorSpace='rgb', depthBits=8, fullscr=True, gamma=None, gammaErrorPolicy='raise', infoMsg=UNKNOWN, lms=UNKNOWN, monitor=<psychopy.monitors.calibTools.Monitor object at 0x0000010BF6F320A0>, multiSample=False, name='window1', numSamples=2, pos=(0, 0), screen=1, size=array([1920, 1200]), stencilBits=0, stereo=False, title='PsychoPy', units='norm', useFBO=True, useRetina=False, viewOri=0.0, viewPos=None, viewScale=None, waitBlanking=True, winType='pyglet')
15.5592 	EXP 	window1: backgroundImage = None
15.5592 	EXP 	window1: backgroundFit = 'cover'
15.5627 	EXP 	window1: Attempting to measure frame rate of screen (1) ...
15.5628 	EXP 	window1: recordFrameIntervals = False
15.7276 	EXP 	window1: recordFrameIntervals = True
15.9924 	EXP 	Screen (1) actual frame rate measured at 60.63Hz
15.9924 	EXP 	window1: recordFrameIntervals = False
16.0811 	EXP 	Created text = TextStim(__class__=<class 'psychopy.visual.text.TextStim'>, alignHoriz=method-wrapper(...), alignText='center', alignVert=method-wrapper(...), anchorHoriz='center', anchorVert='center', antialias=True, autoDraw=False, autoLog=True, bold=False, color=array([1., 1., 1.]), colorSpace='rgb', contrast=1.0, depth=0.0, draggable=False, flipHoriz=False, flipVert=False, font='Arial', fontFiles=[], height=0.06, italic=False, languageStyle='LTR', name='text', opacity=1, ori=0, pos=array([0. , 0.2]), rgb=UNKNOWN, text=str(...), units='norm', win=Window(...), wrapWidth=1.2)
16.0828 	EXP 	Created text = TextStim(__class__=<class 'psychopy.visual.text.TextStim'>, alignHoriz=method-wrapper(...), alignText='center', alignVert=method-wrapper(...), anchorHoriz='center', anchorVert='center', antialias=True, autoDraw=False, autoLog=True, bold=False, color=array([1., 1., 1.]), colorSpace='rgb', contrast=1.0, depth=0.0, draggable=False, flipHoriz=False, flipVert=False, font='Arial', fontFiles=[], height=0.06, italic=False, languageStyle='LTR', name='text', opacity=1, ori=0, pos=array([0., 0.]), rgb=UNKNOWN, text='', units='norm', win=Window(...), wrapWidth=1.2)
16.0930 	EXP 	Created waiting_for_trigger_text = TextStim(__class__=<class 'psychopy.visual.text.TextStim'>, alignHoriz=method-wrapper(...), alignText='center', alignVert=method-wrapper(...), anchorHoriz='center', anchorVert='center', antialias=True, autoDraw=False, autoLog=True, bold=False, color=array([1., 1., 1.]), colorSpace='rgb', contrast=1.0, depth=0.0, draggable=False, flipHoriz=False, flipVert=False, font='Arial', fontFiles=[], height=0.1, italic=False, languageStyle='LTR', name='waiting_for_trigger_text', opacity=1, ori=0, pos=array([0., 0.]), rgb=UNKNOWN, text='waiting for scanner', units='norm', win=Window(...), wrapWidth=2)
16.1002 	EXP 	Created text_2 = TextStim(__class__=<class 'psychopy.visual.text.TextStim'>, alignHoriz=method-wrapper(...), alignText='center', alignVert=method-wrapper(...), anchorHoriz='center', anchorVert='center', antialias=True, autoDraw=False, autoLog=True, bold=False, color=array([1., 1., 1.]), colorSpace='rgb', contrast=1.0, depth=0.0, draggable=False, flipHoriz=False, flipVert=False, font='Arial', fontFiles=[], height=0.3, italic=False, languageStyle='LTR', name='text_2', opacity=1, ori=0, pos=array([0., 0.]), rgb=UNKNOWN, text='+', units='norm', win=Window(...), wrapWidth=1)
16.1065 	EXP 	Created text_relax = TextStim(__class__=<class 'psychopy.visual.text.TextStim'>, alignHoriz=method-wrapper(...), alignText='center', alignVert=method-wrapper(...), anchorHoriz='center', anchorVert='center', antialias=True, autoDraw=False, autoLog=True, bold=False, color=array([1., 1., 1.]), colorSpace='rgb', contrast=1.0, depth=0.0, draggable=False, flipHoriz=False, flipVert=False, font='Arial', fontFiles=[], height=0.07, italic=False, languageStyle='LTR', name='text_relax', opacity=1, ori=0, pos=array([ 0. , -0.2]), rgb=UNKNOWN, text='Relax', units='norm', win=Window(...), wrapWidth=1)
16.1149 	EXP 	Created text_4 = TextStim(__class__=<class 'psychopy.visual.text.TextStim'>, alignHoriz=method-wrapper(...), alignText='center', alignVert=method-wrapper(...), anchorHoriz='center', anchorVert='center', antialias=True, autoDraw=False, autoLog=True, bold=False, color=array([1., 1., 1.]), colorSpace='rgb', contrast=1.0, depth=-3.0, draggable=False, flipHoriz=False, flipVert=False, font='Arial', fontFiles=[], height=0.1, italic=False, languageStyle='LTR', name='text_4', opacity=1, ori=0, pos=array([0., 0.]), rgb=UNKNOWN, text='default text', units='norm', win=Window(...), wrapWidth=1)
16.1487 	EXP 	Created unnamed Circle = Circle(__class__=<class 'psychopy.visual.circle.Circle'>, anchor=('center', 'center'), autoDraw=False, autoLog=True, closeShape=True, color=method-wrapper(...), colorSpace='rgb', contrast=None, depth=0, draggable=False, fillColor=array([0, 0, 0]), fillColorSpace='rgb', fillRGB=array([0, 0, 0]), interpolate=True, lineColor=array([ 1.,  1., -1.]), lineColorSpace='rgb', lineRGB=array([ 1,  1, -1]), lineWidth=3, name='unnamed Circle', opacity=1, ori=0.0, pos=array([0.        , 0.33333333]), size=array([1., 1.]), units='norm', vertices=ndarray(...), win=Window(...), windingRule=None)
16.1747 	EXP 	Created unnamed Circle = Circle(__class__=<class 'psychopy.visual.circle.Circle'>, anchor=('center', 'center'), autoDraw=False, autoLog=True, closeShape=True, color=method-wrapper(...), colorSpace='rgb', contrast=None, depth=0, draggable=False, fillColor=array([0, 0, 0]), fillColorSpace='rgb', fillRGB=array([0, 0, 0]), interpolate=True, lineColor=array([0.35686275, 0.69411765, 0.80392157]), lineColorSpace='rgb', lineRGB=array([0.35686275, 0.69411765, 0.80392157]), lineWidth=3, name='unnamed Circle', opacity=1, ori=0.0, pos=array([ 0.        , -0.33333333]), size=array([1., 1.]), units='norm', vertices=ndarray(...), win=Window(...), windingRule=None)
16.2025 	EXP 	Created unnamed Circle = Circle(__class__=<class 'psychopy.visual.circle.Circle'>, anchor=('center', 'center'), autoDraw=False, autoLog=True, closeShape=True, color=method-wrapper(...), colorSpace='rgb', contrast=None, depth=0, draggable=False, fillColor=array([1, 1, 1]), fillColorSpace='rgb', fillRGB=array([1, 1, 1]), interpolate=True, lineColor=array([1., 1., 1.]), lineColorSpace='rgb', lineRGB=array([1, 1, 1]), lineWidth=1.5, name='unnamed Circle', opacity=1, ori=0.0, pos=array([0., 0.]), size=array([1., 1.]), units='norm', vertices=ndarray(...), win=Window(...), windingRule=None)
16.2282 	EXP 	Created unnamed Circle = Circle(__class__=<class 'psychopy.visual.circle.Circle'>, anchor=('center', 'center'), autoDraw=False, autoLog=True, closeShape=True, color=method-wrapper(...), colorSpace='rgb', contrast=None, depth=0, draggable=False, fillColor=array([1, 1, 1]), fillColorSpace='rgb', fillRGB=array([1, 1, 1]), interpolate=True, lineColor=array([1., 1., 1.]), lineColorSpace='rgb', lineRGB=array([1, 1, 1]), lineWidth=3, name='unnamed Circle', opacity=1, ori=0.0, pos=array([0., 0.]), size=array([1., 1.]), units='norm', vertices=ndarray(...), win=Window(...), windingRule=None)
16.2399 	EXP 	Created instruct_text = TextStim(__class__=<class 'psychopy.visual.text.TextStim'>, alignHoriz=method-wrapper(...), alignText='center', alignVert=method-wrapper(...), anchorHoriz='center', anchorVert='center', antialias=True, autoDraw=False, autoLog=True, bold=False, color=array([1., 1., 1.]), colorSpace='rgb', contrast=1.0, depth=0.0, draggable=False, flipHoriz=False, flipVert=False, font='Arial', fontFiles=[], height=0.06, italic=False, languageStyle='LTR', name='instruct_text', opacity=1, ori=0, pos=array([0., 0.]), rgb=UNKNOWN, text='replace me', units='norm', win=Window(...), wrapWidth=1.2)
16.2481 	EXP 	Created thank_you_end_run_text = TextStim(__class__=<class 'psychopy.visual.text.TextStim'>, alignHoriz=method-wrapper(...), alignText='center', alignVert=method-wrapper(...), anchorHoriz='center', anchorVert='center', antialias=True, autoDraw=False, autoLog=True, bold=False, color=array([1., 1., 1.]), colorSpace='rgb', contrast=1.0, depth=0.0, draggable=False, flipHoriz=False, flipVert=False, font='Arial', fontFiles=[], height=0.1, italic=False, languageStyle='LTR', name='thank_you_end_run_text', opacity=1, ori=0, pos=array([0., 0.]), rgb=UNKNOWN, text='thank you!', units='norm', win=Window(...), wrapWidth=1)
16.2747 	EXP 	instruct_text: height = 0.06
16.2747 	EXP 	instruct_text: height = 0.06
16.2747 	EXP 	instruct_text: height = 0.06
16.2747 	EXP 	instruct_text: text = "Great job! Now, you're going practice Mindful Describing for another 2.5min with more brain feedback from the ball. \n\nWhen the ball moves upwards, that corresponds to the describing practice."
17.7022 	DATA 	Keypress: space
17.7138 	EXP 	instruct_text: height = 0.06
17.7138 	EXP 	instruct_text: height = 0.06
17.7138 	EXP 	instruct_text: height = 0.06
17.7138 	EXP 	instruct_text: text = 'When you see the plus sign (+), just relax.\n\nOnce the circles appear, please start the Describing practice. This scan will last 2.5 min.'
18.1271 	DATA 	Keypress: space
18.1338 	EXP 	waiting_for_trigger_text: autoDraw = True
19.0397 	DATA 	Keypress: space
21.4612 	DATA 	Keypress: 5
21.4755 	EXP 	waiting_for_trigger_text: autoDraw = False
21.4755 	EXP 	text_2: autoDraw = True
21.4755 	EXP 	text_relax: autoDraw = True
51.4858 	EXP 	text_2: autoDraw = False
51.4858 	EXP 	text_relax: autoDraw = False
51.4858 	EXP 	text_2: autoDraw = False
51.5810 	EXP 	unnamed Circle: fillColor = <class 'numpy.ndarray'>
51.5810 	EXP 	unnamed Circle: fillColor = <class 'numpy.ndarray'>
52.7501 	EXP 	unnamed Circle: fillColor = <class 'numpy.ndarray'>
52.7501 	EXP 	unnamed Circle: fillColor = <class 'numpy.ndarray'>
53.9518 	EXP 	unnamed Circle: fillColor = <class 'numpy.ndarray'>
53.9518 	EXP 	unnamed Circle: fillColor = <class 'numpy.ndarray'>
55.1537 	EXP 	unnamed Circle: fillColor = <class 'numpy.ndarray'>
55.1537 	EXP 	unnamed Circle: fillColor = <class 'numpy.ndarray'>
56.3557 	EXP 	unnamed Circle: fillColor = <class 'numpy.ndarray'>
56.3557 	EXP 	unnamed Circle: fillColor = <class 'numpy.ndarray'>
57.5572 	EXP 	unnamed Circle: fillColor = <class 'numpy.ndarray'>
57.5572 	EXP 	unnamed Circle: fillColor = <class 'numpy.ndarray'>
58.7589 	EXP 	unnamed Circle: fillColor = <class 'numpy.ndarray'>
58.7589 	EXP 	unnamed Circle: fillColor = <class 'numpy.ndarray'>
59.9607 	EXP 	unnamed Circle: fillColor = <class 'numpy.ndarray'>
59.9607 	EXP 	unnamed Circle: fillColor = <class 'numpy.ndarray'>
61.1626 	EXP 	unnamed Circle: fillColor = <class 'numpy.ndarray'>
61.1626 	EXP 	unnamed Circle: fillColor = <class 'numpy.ndarray'>
62.3642 	EXP 	unnamed Circle: fillColor = <class 'numpy.ndarray'>
62.3642 	EXP 	unnamed Circle: fillColor = <class 'numpy.ndarray'>
63.5712 	EXP 	unnamed Circle: fillColor = <class 'numpy.ndarray'>
63.5712 	EXP 	unnamed Circle: radius = 0.135
63.5712 	EXP 	unnamed Circle: fillColor = 'white'
63.5712 	EXP 	unnamed Circle: fillColor = <class 'numpy.ndarray'>
64.7679 	EXP 	unnamed Circle: fillColor = <class 'numpy.ndarray'>
64.7679 	EXP 	unnamed Circle: fillColor = <class 'numpy.ndarray'>
65.9699 	EXP 	unnamed Circle: fillColor = <class 'numpy.ndarray'>
65.9699 	EXP 	unnamed Circle: fillColor = <class 'numpy.ndarray'>
67.1714 	EXP 	unnamed Circle: fillColor = <class 'numpy.ndarray'>
67.1714 	EXP 	unnamed Circle: fillColor = <class 'numpy.ndarray'>
68.3733 	EXP 	unnamed Circle: fillColor = <class 'numpy.ndarray'>
68.3733 	EXP 	unnamed Circle: fillColor = <class 'numpy.ndarray'>
69.5749 	EXP 	unnamed Circle: fillColor = <class 'numpy.ndarray'>
69.5749 	EXP 	unnamed Circle: fillColor = <class 'numpy.ndarray'>
70.7771 	EXP 	unnamed Circle: fillColor = <class 'numpy.ndarray'>
70.7771 	EXP 	unnamed Circle: fillColor = <class 'numpy.ndarray'>
71.9786 	EXP 	unnamed Circle: fillColor = <class 'numpy.ndarray'>
71.9786 	EXP 	unnamed Circle: fillColor = <class 'numpy.ndarray'>
73.1802 	EXP 	unnamed Circle: fillColor = <class 'numpy.ndarray'>
73.1802 	EXP 	unnamed Circle: fillColor = <class 'numpy.ndarray'>
74.3821 	EXP 	unnamed Circle: fillColor = <class 'numpy.ndarray'>
74.3821 	EXP 	unnamed Circle: fillColor = <class 'numpy.ndarray'>
75.5838 	EXP 	unnamed Circle: fillColor = <class 'numpy.ndarray'>
75.5838 	EXP 	unnamed Circle: fillColor = <class 'numpy.ndarray'>
76.7858 	EXP 	unnamed Circle: fillColor = <class 'numpy.ndarray'>
76.7858 	EXP 	unnamed Circle: fillColor = <class 'numpy.ndarray'>
77.9874 	EXP 	unnamed Circle: fillColor = <class 'numpy.ndarray'>
77.9874 	EXP 	unnamed Circle: fillColor = <class 'numpy.ndarray'>
79.1892 	EXP 	unnamed Circle: fillColor = <class 'numpy.ndarray'>
79.1892 	EXP 	unnamed Circle: fillColor = <class 'numpy.ndarray'>
80.3910 	EXP 	unnamed Circle: fillColor = <class 'numpy.ndarray'>
80.3910 	EXP 	unnamed Circle: fillColor = <class 'numpy.ndarray'>
81.5928 	EXP 	unnamed Circle: fillColor = <class 'numpy.ndarray'>
81.5928 	EXP 	unnamed Circle: fillColor = <class 'numpy.ndarray'>
82.7947 	EXP 	unnamed Circle: fillColor = <class 'numpy.ndarray'>
82.7947 	EXP 	unnamed Circle: fillColor = <class 'numpy.ndarray'>
83.9962 	EXP 	unnamed Circle: fillColor = <class 'numpy.ndarray'>
83.9962 	EXP 	unnamed Circle: fillColor = <class 'numpy.ndarray'>
85.1983 	EXP 	unnamed Circle: fillColor = <class 'numpy.ndarray'>
85.1983 	EXP 	unnamed Circle: fillColor = <class 'numpy.ndarray'>
86.3998 	EXP 	unnamed Circle: fillColor = <class 'numpy.ndarray'>
86.3998 	EXP 	unnamed Circle: fillColor = <class 'numpy.ndarray'>
87.6016 	EXP 	unnamed Circle: fillColor = <class 'numpy.ndarray'>
87.6016 	EXP 	unnamed Circle: fillColor = <class 'numpy.ndarray'>
88.8035 	EXP 	unnamed Circle: fillColor = <class 'numpy.ndarray'>
88.8035 	EXP 	unnamed Circle: fillColor = <class 'numpy.ndarray'>
90.0051 	EXP 	unnamed Circle: fillColor = <class 'numpy.ndarray'>
90.0051 	EXP 	unnamed Circle: fillColor = <class 'numpy.ndarray'>
91.2070 	EXP 	unnamed Circle: fillColor = <class 'numpy.ndarray'>
91.2070 	EXP 	unnamed Circle: fillColor = <class 'numpy.ndarray'>
92.4087 	EXP 	unnamed Circle: fillColor = <class 'numpy.ndarray'>
92.4087 	EXP 	unnamed Circle: fillColor = <class 'numpy.ndarray'>
93.6140 	EXP 	unnamed Circle: fillColor = <class 'numpy.ndarray'>
93.6140 	EXP 	unnamed Circle: radius = 0.12150000000000001
93.6140 	EXP 	unnamed Circle: fillColor = 'white'
93.6140 	EXP 	unnamed Circle: fillColor = <class 'numpy.ndarray'>
94.8124 	EXP 	unnamed Circle: fillColor = <class 'numpy.ndarray'>
94.8124 	EXP 	unnamed Circle: fillColor = <class 'numpy.ndarray'>
96.0141 	EXP 	unnamed Circle: fillColor = <class 'numpy.ndarray'>
96.0141 	EXP 	unnamed Circle: fillColor = <class 'numpy.ndarray'>
97.2160 	EXP 	unnamed Circle: fillColor = <class 'numpy.ndarray'>
97.2160 	EXP 	unnamed Circle: fillColor = <class 'numpy.ndarray'>
98.4194 	EXP 	unnamed Circle: fillColor = <class 'numpy.ndarray'>
98.4194 	EXP 	unnamed Circle: radius = 0.10935000000000002
98.4194 	EXP 	unnamed Circle: fillColor = 'white'
98.4194 	EXP 	unnamed Circle: fillColor = <class 'numpy.ndarray'>
99.6195 	EXP 	unnamed Circle: fillColor = <class 'numpy.ndarray'>
99.6195 	EXP 	unnamed Circle: fillColor = <class 'numpy.ndarray'>
100.8212 	EXP 	unnamed Circle: fillColor = <class 'numpy.ndarray'>
100.8212 	EXP 	unnamed Circle: fillColor = <class 'numpy.ndarray'>
102.0229 	EXP 	unnamed Circle: fillColor = <class 'numpy.ndarray'>
102.0229 	EXP 	unnamed Circle: fillColor = <class 'numpy.ndarray'>
103.2248 	EXP 	unnamed Circle: fillColor = <class 'numpy.ndarray'>
103.2248 	EXP 	unnamed Circle: fillColor = <class 'numpy.ndarray'>
104.4265 	EXP 	unnamed Circle: fillColor = <class 'numpy.ndarray'>
104.4265 	EXP 	unnamed Circle: fillColor = <class 'numpy.ndarray'>
105.6284 	EXP 	unnamed Circle: fillColor = <class 'numpy.ndarray'>
105.6284 	EXP 	unnamed Circle: fillColor = <class 'numpy.ndarray'>
106.8300 	EXP 	unnamed Circle: fillColor = <class 'numpy.ndarray'>
106.8300 	EXP 	unnamed Circle: fillColor = <class 'numpy.ndarray'>
108.0320 	EXP 	unnamed Circle: fillColor = <class 'numpy.ndarray'>
108.0320 	EXP 	unnamed Circle: fillColor = <class 'numpy.ndarray'>
109.2336 	EXP 	unnamed Circle: fillColor = <class 'numpy.ndarray'>
109.2336 	EXP 	unnamed Circle: fillColor = <class 'numpy.ndarray'>
110.4358 	EXP 	unnamed Circle: fillColor = <class 'numpy.ndarray'>
110.4358 	EXP 	unnamed Circle: fillColor = <class 'numpy.ndarray'>
111.6371 	EXP 	unnamed Circle: fillColor = <class 'numpy.ndarray'>
111.6371 	EXP 	unnamed Circle: fillColor = <class 'numpy.ndarray'>
112.8390 	EXP 	unnamed Circle: fillColor = <class 'numpy.ndarray'>
112.8390 	EXP 	unnamed Circle: fillColor = <class 'numpy.ndarray'>
114.0408 	EXP 	unnamed Circle: fillColor = <class 'numpy.ndarray'>
114.0408 	EXP 	unnamed Circle: fillColor = <class 'numpy.ndarray'>
115.2425 	EXP 	unnamed Circle: fillColor = <class 'numpy.ndarray'>
115.2425 	EXP 	unnamed Circle: fillColor = <class 'numpy.ndarray'>
116.4442 	EXP 	unnamed Circle: fillColor = <class 'numpy.ndarray'>
116.4442 	EXP 	unnamed Circle: fillColor = <class 'numpy.ndarray'>
117.6461 	EXP 	unnamed Circle: fillColor = <class 'numpy.ndarray'>
117.6461 	EXP 	unnamed Circle: fillColor = <class 'numpy.ndarray'>
118.8479 	EXP 	unnamed Circle: fillColor = <class 'numpy.ndarray'>
118.8479 	EXP 	unnamed Circle: fillColor = <class 'numpy.ndarray'>
120.0497 	EXP 	unnamed Circle: fillColor = <class 'numpy.ndarray'>
120.0497 	EXP 	unnamed Circle: fillColor = <class 'numpy.ndarray'>
121.2514 	EXP 	unnamed Circle: fillColor = <class 'numpy.ndarray'>
121.2514 	EXP 	unnamed Circle: fillColor = <class 'numpy.ndarray'>
122.4530 	EXP 	unnamed Circle: fillColor = <class 'numpy.ndarray'>
122.4530 	EXP 	unnamed Circle: fillColor = <class 'numpy.ndarray'>
123.6549 	EXP 	unnamed Circle: fillColor = <class 'numpy.ndarray'>
123.6549 	EXP 	unnamed Circle: fillColor = <class 'numpy.ndarray'>
124.8567 	EXP 	unnamed Circle: fillColor = <class 'numpy.ndarray'>
124.8567 	EXP 	unnamed Circle: fillColor = <class 'numpy.ndarray'>
126.0585 	EXP 	unnamed Circle: fillColor = <class 'numpy.ndarray'>
126.0585 	EXP 	unnamed Circle: fillColor = <class 'numpy.ndarray'>
127.2603 	EXP 	unnamed Circle: fillColor = <class 'numpy.ndarray'>
127.2603 	EXP 	unnamed Circle: fillColor = <class 'numpy.ndarray'>
128.4621 	EXP 	unnamed Circle: fillColor = <class 'numpy.ndarray'>
128.4621 	EXP 	unnamed Circle: fillColor = <class 'numpy.ndarray'>
129.6637 	EXP 	unnamed Circle: fillColor = <class 'numpy.ndarray'>
129.6637 	EXP 	unnamed Circle: fillColor = <class 'numpy.ndarray'>
130.8658 	EXP 	unnamed Circle: fillColor = <class 'numpy.ndarray'>
130.8658 	EXP 	unnamed Circle: fillColor = <class 'numpy.ndarray'>
132.0673 	EXP 	unnamed Circle: fillColor = <class 'numpy.ndarray'>
132.0673 	EXP 	unnamed Circle: fillColor = <class 'numpy.ndarray'>
133.2691 	EXP 	unnamed Circle: fillColor = <class 'numpy.ndarray'>
133.2691 	EXP 	unnamed Circle: fillColor = <class 'numpy.ndarray'>
134.4729 	EXP 	unnamed Circle: fillColor = <class 'numpy.ndarray'>
134.4729 	EXP 	unnamed Circle: fillColor = <class 'numpy.ndarray'>
135.6728 	EXP 	unnamed Circle: fillColor = <class 'numpy.ndarray'>
135.6728 	EXP 	unnamed Circle: fillColor = <class 'numpy.ndarray'>
136.8742 	EXP 	unnamed Circle: fillColor = <class 'numpy.ndarray'>
136.8742 	EXP 	unnamed Circle: fillColor = <class 'numpy.ndarray'>
138.0762 	EXP 	unnamed Circle: fillColor = <class 'numpy.ndarray'>
138.0762 	EXP 	unnamed Circle: fillColor = <class 'numpy.ndarray'>
139.2780 	EXP 	unnamed Circle: fillColor = <class 'numpy.ndarray'>
139.2780 	EXP 	unnamed Circle: fillColor = <class 'numpy.ndarray'>
140.4815 	EXP 	unnamed Circle: fillColor = <class 'numpy.ndarray'>
140.4815 	EXP 	unnamed Circle: fillColor = <class 'numpy.ndarray'>
141.6816 	EXP 	unnamed Circle: fillColor = <class 'numpy.ndarray'>
141.6816 	EXP 	unnamed Circle: fillColor = <class 'numpy.ndarray'>
142.8835 	EXP 	unnamed Circle: fillColor = <class 'numpy.ndarray'>
142.8835 	EXP 	unnamed Circle: fillColor = <class 'numpy.ndarray'>
142.8835 	EXP 	unnamed Circle: radius = 0.135
142.8835 	EXP 	unnamed Circle: fillColor = 'white'
144.0907 	EXP 	unnamed Circle: fillColor = <class 'numpy.ndarray'>
144.0907 	EXP 	unnamed Circle: fillColor = <class 'numpy.ndarray'>
145.2886 	EXP 	unnamed Circle: fillColor = <class 'numpy.ndarray'>
145.2886 	EXP 	unnamed Circle: fillColor = <class 'numpy.ndarray'>
146.4887 	EXP 	unnamed Circle: fillColor = <class 'numpy.ndarray'>
146.4887 	EXP 	unnamed Circle: fillColor = <class 'numpy.ndarray'>
147.7071 	EXP 	unnamed Circle: fillColor = <class 'numpy.ndarray'>
147.7071 	EXP 	unnamed Circle: fillColor = <class 'numpy.ndarray'>
148.9090 	EXP 	unnamed Circle: fillColor = <class 'numpy.ndarray'>
148.9090 	EXP 	unnamed Circle: fillColor = <class 'numpy.ndarray'>
150.1109 	EXP 	unnamed Circle: fillColor = <class 'numpy.ndarray'>
150.1109 	EXP 	unnamed Circle: fillColor = <class 'numpy.ndarray'>
151.3126 	EXP 	unnamed Circle: fillColor = <class 'numpy.ndarray'>
151.3126 	EXP 	unnamed Circle: fillColor = <class 'numpy.ndarray'>
152.5142 	EXP 	unnamed Circle: fillColor = <class 'numpy.ndarray'>
152.5142 	EXP 	unnamed Circle: fillColor = <class 'numpy.ndarray'>
153.7178 	EXP 	unnamed Circle: fillColor = <class 'numpy.ndarray'>
153.7178 	EXP 	unnamed Circle: fillColor = <class 'numpy.ndarray'>
154.9178 	EXP 	unnamed Circle: fillColor = <class 'numpy.ndarray'>
154.9178 	EXP 	unnamed Circle: fillColor = <class 'numpy.ndarray'>
156.1208 	EXP 	unnamed Circle: fillColor = <class 'numpy.ndarray'>
156.1208 	EXP 	unnamed Circle: fillColor = <class 'numpy.ndarray'>
157.3215 	EXP 	unnamed Circle: fillColor = <class 'numpy.ndarray'>
157.3215 	EXP 	unnamed Circle: fillColor = <class 'numpy.ndarray'>
158.5232 	EXP 	unnamed Circle: fillColor = <class 'numpy.ndarray'>
158.5232 	EXP 	unnamed Circle: fillColor = <class 'numpy.ndarray'>
159.7251 	EXP 	unnamed Circle: fillColor = <class 'numpy.ndarray'>
159.7251 	EXP 	unnamed Circle: fillColor = <class 'numpy.ndarray'>
160.9268 	EXP 	unnamed Circle: fillColor = <class 'numpy.ndarray'>
160.9268 	EXP 	unnamed Circle: fillColor = <class 'numpy.ndarray'>
162.1285 	EXP 	unnamed Circle: fillColor = <class 'numpy.ndarray'>
162.1285 	EXP 	unnamed Circle: fillColor = <class 'numpy.ndarray'>
163.3303 	EXP 	unnamed Circle: fillColor = <class 'numpy.ndarray'>
163.3303 	EXP 	unnamed Circle: fillColor = <class 'numpy.ndarray'>
164.5320 	EXP 	unnamed Circle: fillColor = <class 'numpy.ndarray'>
164.5320 	EXP 	unnamed Circle: fillColor = <class 'numpy.ndarray'>
165.7406 	EXP 	unnamed Circle: fillColor = <class 'numpy.ndarray'>
165.7406 	EXP 	unnamed Circle: fillColor = <class 'numpy.ndarray'>
165.7406 	EXP 	unnamed Circle: radius = 0.12150000000000001
165.7406 	EXP 	unnamed Circle: fillColor = 'white'
166.9357 	EXP 	unnamed Circle: fillColor = <class 'numpy.ndarray'>
166.9357 	EXP 	unnamed Circle: fillColor = <class 'numpy.ndarray'>
168.1373 	EXP 	unnamed Circle: fillColor = <class 'numpy.ndarray'>
168.1373 	EXP 	unnamed Circle: fillColor = <class 'numpy.ndarray'>
169.3391 	EXP 	unnamed Circle: fillColor = <class 'numpy.ndarray'>
169.3391 	EXP 	unnamed Circle: fillColor = <class 'numpy.ndarray'>
170.5410 	EXP 	unnamed Circle: fillColor = <class 'numpy.ndarray'>
170.5410 	EXP 	unnamed Circle: fillColor = <class 'numpy.ndarray'>
171.7427 	EXP 	unnamed Circle: fillColor = <class 'numpy.ndarray'>
171.7427 	EXP 	unnamed Circle: fillColor = <class 'numpy.ndarray'>
172.9445 	EXP 	unnamed Circle: fillColor = <class 'numpy.ndarray'>
172.9445 	EXP 	unnamed Circle: fillColor = <class 'numpy.ndarray'>
174.1464 	EXP 	unnamed Circle: fillColor = <class 'numpy.ndarray'>
174.1464 	EXP 	unnamed Circle: fillColor = <class 'numpy.ndarray'>
175.3481 	EXP 	unnamed Circle: fillColor = <class 'numpy.ndarray'>
175.3481 	EXP 	unnamed Circle: fillColor = <class 'numpy.ndarray'>
176.5494 	EXP 	unnamed Circle: fillColor = <class 'numpy.ndarray'>
176.5494 	EXP 	unnamed Circle: fillColor = <class 'numpy.ndarray'>
176.5494 	EXP 	unnamed Circle: radius = 0.10935000000000002
176.5494 	EXP 	unnamed Circle: fillColor = 'white'
177.7517 	EXP 	unnamed Circle: fillColor = <class 'numpy.ndarray'>
177.7517 	EXP 	unnamed Circle: fillColor = <class 'numpy.ndarray'>
178.9534 	EXP 	unnamed Circle: fillColor = <class 'numpy.ndarray'>
178.9534 	EXP 	unnamed Circle: fillColor = <class 'numpy.ndarray'>
180.1551 	EXP 	unnamed Circle: fillColor = <class 'numpy.ndarray'>
180.1551 	EXP 	unnamed Circle: fillColor = <class 'numpy.ndarray'>
181.3584 	EXP 	unnamed Circle: fillColor = <class 'numpy.ndarray'>
181.3584 	EXP 	unnamed Circle: fillColor = <class 'numpy.ndarray'>
182.5585 	EXP 	unnamed Circle: fillColor = <class 'numpy.ndarray'>
182.5585 	EXP 	unnamed Circle: fillColor = <class 'numpy.ndarray'>
183.7605 	EXP 	unnamed Circle: fillColor = <class 'numpy.ndarray'>
183.7605 	EXP 	unnamed Circle: fillColor = <class 'numpy.ndarray'>
184.9623 	EXP 	unnamed Circle: fillColor = <class 'numpy.ndarray'>
184.9623 	EXP 	unnamed Circle: fillColor = <class 'numpy.ndarray'>
186.1642 	EXP 	unnamed Circle: fillColor = <class 'numpy.ndarray'>
186.1642 	EXP 	unnamed Circle: fillColor = <class 'numpy.ndarray'>
187.3660 	EXP 	unnamed Circle: fillColor = <class 'numpy.ndarray'>
187.3660 	EXP 	unnamed Circle: fillColor = <class 'numpy.ndarray'>
188.5679 	EXP 	unnamed Circle: fillColor = <class 'numpy.ndarray'>
188.5679 	EXP 	unnamed Circle: fillColor = <class 'numpy.ndarray'>
189.7693 	EXP 	unnamed Circle: fillColor = <class 'numpy.ndarray'>
189.7693 	EXP 	unnamed Circle: fillColor = <class 'numpy.ndarray'>
190.9711 	EXP 	unnamed Circle: fillColor = <class 'numpy.ndarray'>
190.9711 	EXP 	unnamed Circle: fillColor = <class 'numpy.ndarray'>
192.1782 	EXP 	unnamed Circle: fillColor = <class 'numpy.ndarray'>
192.1782 	EXP 	unnamed Circle: radius = 0.09841500000000002
192.1782 	EXP 	unnamed Circle: fillColor = 'white'
192.1782 	EXP 	unnamed Circle: fillColor = <class 'numpy.ndarray'>
193.3915 	EXP 	unnamed Circle: fillColor = <class 'numpy.ndarray'>
193.3915 	EXP 	unnamed Circle: fillColor = <class 'numpy.ndarray'>
194.5933 	EXP 	unnamed Circle: fillColor = <class 'numpy.ndarray'>
194.5933 	EXP 	unnamed Circle: fillColor = <class 'numpy.ndarray'>
195.7950 	EXP 	unnamed Circle: fillColor = <class 'numpy.ndarray'>
195.7950 	EXP 	unnamed Circle: fillColor = <class 'numpy.ndarray'>
196.9967 	EXP 	unnamed Circle: fillColor = <class 'numpy.ndarray'>
196.9967 	EXP 	unnamed Circle: fillColor = <class 'numpy.ndarray'>
198.1986 	EXP 	unnamed Circle: fillColor = <class 'numpy.ndarray'>
198.1986 	EXP 	unnamed Circle: fillColor = <class 'numpy.ndarray'>
199.4003 	EXP 	unnamed Circle: fillColor = <class 'numpy.ndarray'>
199.4003 	EXP 	unnamed Circle: fillColor = <class 'numpy.ndarray'>
200.6022 	EXP 	unnamed Circle: fillColor = <class 'numpy.ndarray'>
200.6022 	EXP 	unnamed Circle: fillColor = <class 'numpy.ndarray'>
201.9188 	EXP 	text_2: autoDraw = True
202.4806 	EXP 	text_2: autoDraw = False
206.9388 	DATA 	Keypress: 2
206.9451 	EXP 	Created text = TextStim(__class__=<class 'psychopy.visual.text.TextStim'>, alignHoriz=method-wrapper(...), alignText='center', alignVert=method-wrapper(...), anchorHoriz='center', anchorVert='center', antialias=True, autoDraw=False, autoLog=True, bold=False, color=array([1., 1., 1.]), colorSpace='rgb', contrast=1.0, depth=0.0, draggable=False, flipHoriz=False, flipVert=False, font='Arial', fontFiles=[], height=0.06, italic=False, languageStyle='LTR', name='text', opacity=1, ori=0, pos=array([0. , 0.2]), rgb=UNKNOWN, text=str(...), units='norm', win=Window(...), wrapWidth=1.2)
207.0065 	EXP 	Created None = Slider(__class__=<class 'psychopy.visual.slider.Slider'>, autoDraw=False, autoLog=True, borderColor=None, color=None, colorSpace='rgb', depth=0, fillColor=None, flip=False, font='Arial', granularity=1, labelColor=None, labelHeight=0.06, labelWrapWidth=None, labels=('Never', 'Always'), lineColor=None, markerColor=None, name=None, opacity=None, ori=0, pos=array([0., 0.]), readOnly=False, self=UNKNOWN, size=array([0.85, 0.1 ]), startValue=None, style='rating', styleTweaks=[], ticks=array([1, 9]), units='norm', win=Window(...))
207.0205 	EXP 	None: autoLog = True
207.0205 	EXP 	None: styleTweaks = []
207.0205 	EXP 	None: styleTweaks = []
207.0205 	EXP 	None: styleTweaks = []
207.0205 	EXP 	None: styleTweaks = []
207.0205 	EXP 	None: contrast = 1.0
207.0205 	EXP 	None: markerPos = None
207.0205 	EXP 	None: autoLog = True
207.0205 	EXP 	None: markerPos = 5
208.0886 	DATA 	Keypress: 2
208.0987 	EXP 	None: markerPos = 6
208.1549 	DATA 	Keypress: 0
208.1633 	EXP 	None: markerPos = 6
208.1727 	EXP 	Created text = TextStim(__class__=<class 'psychopy.visual.text.TextStim'>, alignHoriz=method-wrapper(...), alignText='center', alignVert=method-wrapper(...), anchorHoriz='center', anchorVert='center', antialias=True, autoDraw=False, autoLog=True, bold=False, color=array([1., 1., 1.]), colorSpace='rgb', contrast=1.0, depth=0.0, draggable=False, flipHoriz=False, flipVert=False, font='Arial', fontFiles=[], height=0.06, italic=False, languageStyle='LTR', name='text', opacity=1, ori=0, pos=array([0. , 0.2]), rgb=UNKNOWN, text=str(...), units='norm', win=Window(...), wrapWidth=1.2)
208.2321 	EXP 	Created None = Slider(__class__=<class 'psychopy.visual.slider.Slider'>, autoDraw=False, autoLog=True, borderColor=None, color=None, colorSpace='rgb', depth=0, fillColor=None, flip=False, font='Arial', granularity=1, labelColor=None, labelHeight=0.06, labelWrapWidth=None, labels=('Never', 'All the time'), lineColor=None, markerColor=None, name=None, opacity=None, ori=0, pos=array([0., 0.]), readOnly=False, self=UNKNOWN, size=array([0.85, 0.1 ]), startValue=None, style='rating', styleTweaks=[], ticks=array([1, 9]), units='norm', win=Window(...))
208.2435 	EXP 	None: autoLog = True
208.2435 	EXP 	None: styleTweaks = []
208.2435 	EXP 	None: styleTweaks = []
208.2435 	EXP 	None: styleTweaks = []
208.2435 	EXP 	None: styleTweaks = []
208.2435 	EXP 	None: contrast = 1.0
208.2435 	EXP 	None: markerPos = None
208.2435 	EXP 	None: autoLog = True
208.2435 	EXP 	None: markerPos = 5
208.2984 	DATA 	Keypress: 2
208.3067 	EXP 	None: markerPos = 6
208.3997 	DATA 	Keypress: 0
208.4071 	EXP 	None: markerPos = 6
208.4130 	EXP 	Created text = TextStim(__class__=<class 'psychopy.visual.text.TextStim'>, alignHoriz=method-wrapper(...), alignText='center', alignVert=method-wrapper(...), anchorHoriz='center', anchorVert='center', antialias=True, autoDraw=False, autoLog=True, bold=False, color=array([1., 1., 1.]), colorSpace='rgb', contrast=1.0, depth=0.0, draggable=False, flipHoriz=False, flipVert=False, font='Arial', fontFiles=[], height=0.06, italic=False, languageStyle='LTR', name='text', opacity=1, ori=0, pos=array([0. , 0.2]), rgb=UNKNOWN, text=str(...), units='norm', win=Window(...), wrapWidth=1.2)
208.4747 	EXP 	Created None = Slider(__class__=<class 'psychopy.visual.slider.Slider'>, autoDraw=False, autoLog=True, borderColor=None, color=None, colorSpace='rgb', depth=0, fillColor=None, flip=False, font='Arial', granularity=1, labelColor=None, labelHeight=0.06, labelWrapWidth=None, labels=('Not at all', 'Very Difficult'), lineColor=None, markerColor=None, name=None, opacity=None, ori=0, pos=array([0., 0.]), readOnly=False, self=UNKNOWN, size=array([0.85, 0.1 ]), startValue=None, style='rating', styleTweaks=[], ticks=array([1, 9]), units='norm', win=Window(...))
208.4851 	EXP 	None: autoLog = True
208.4851 	EXP 	None: styleTweaks = []
208.4851 	EXP 	None: styleTweaks = []
208.4851 	EXP 	None: styleTweaks = []
208.4851 	EXP 	None: styleTweaks = []
208.4851 	EXP 	None: contrast = 1.0
208.4851 	EXP 	None: markerPos = None
208.4851 	EXP 	None: autoLog = True
208.4851 	EXP 	None: markerPos = 5
208.4894 	DATA 	Keypress: 2
208.4979 	EXP 	None: markerPos = 6
208.6134 	DATA 	Keypress: 0
208.6214 	EXP 	None: markerPos = 6
208.6268 	EXP 	Created text = TextStim(__class__=<class 'psychopy.visual.text.TextStim'>, alignHoriz=method-wrapper(...), alignText='center', alignVert=method-wrapper(...), anchorHoriz='center', anchorVert='center', antialias=True, autoDraw=False, autoLog=True, bold=False, color=array([1., 1., 1.]), colorSpace='rgb', contrast=1.0, depth=0.0, draggable=False, flipHoriz=False, flipVert=False, font='Arial', fontFiles=[], height=0.06, italic=False, languageStyle='LTR', name='text', opacity=1, ori=0, pos=array([0. , 0.2]), rgb=UNKNOWN, text='How calm do you feel right now?', units='norm', win=Window(...), wrapWidth=1.2)
208.6652 	EXP 	Created None = Slider(__class__=<class 'psychopy.visual.slider.Slider'>, autoDraw=False, autoLog=True, borderColor=None, color=None, colorSpace='rgb', depth=0, fillColor=None, flip=False, font='Arial', granularity=1, labelColor=None, labelHeight=0.06, labelWrapWidth=None, labels=('Not at all', 'Very calm'), lineColor=None, markerColor=None, name=None, opacity=None, ori=0, pos=array([0., 0.]), readOnly=False, self=UNKNOWN, size=array([0.85, 0.1 ]), startValue=None, style='rating', styleTweaks=[], ticks=array([1, 9]), units='norm', win=Window(...))
208.6725 	DATA 	Keypress: 2
208.6754 	EXP 	None: autoLog = True
208.6754 	EXP 	None: styleTweaks = []
208.6754 	EXP 	None: styleTweaks = []
208.6754 	EXP 	None: styleTweaks = []
208.6754 	EXP 	None: styleTweaks = []
208.6754 	EXP 	None: contrast = 1.0
208.6754 	EXP 	None: markerPos = None
208.6754 	EXP 	None: autoLog = True
208.6754 	EXP 	None: markerPos = 5
208.6838 	EXP 	None: markerPos = 6
209.0330 	DATA 	Keypress: 0
209.0407 	EXP 	None: markerPos = 6
209.0479 	EXP 	Created text = TextStim(__class__=<class 'psychopy.visual.text.TextStim'>, alignHoriz=method-wrapper(...), alignText='center', alignVert=method-wrapper(...), anchorHoriz='center', anchorVert='center', antialias=True, autoDraw=False, autoLog=True, bold=False, color=array([1., 1., 1.]), colorSpace='rgb', contrast=1.0, depth=0.0, draggable=False, flipHoriz=False, flipVert=False, font='Arial', fontFiles=[], height=0.06, italic=False, languageStyle='LTR', name='text', opacity=1, ori=0, pos=array([0. , 0.2]), rgb=UNKNOWN, text=str(...), units='norm', win=Window(...), wrapWidth=1.2)
209.0899 	EXP 	Created None = Slider(__class__=<class 'psychopy.visual.slider.Slider'>, autoDraw=False, autoLog=True, borderColor=None, color=None, colorSpace='rgb', depth=0, fillColor=None, flip=False, font='Arial', granularity=1, labelColor=None, labelHeight=0.06, labelWrapWidth=None, labels=('False', 'True'), lineColor=None, markerColor=None, name=None, opacity=None, ori=0, pos=array([0., 0.]), readOnly=False, self=UNKNOWN, size=array([0.85, 0.1 ]), startValue=None, style='rating', styleTweaks=[], ticks=array([1, 9]), units='norm', win=Window(...))
209.1020 	EXP 	None: autoLog = True
209.1020 	EXP 	None: styleTweaks = []
209.1020 	EXP 	None: styleTweaks = []
209.1020 	EXP 	None: styleTweaks = []
209.1020 	EXP 	None: styleTweaks = []
209.1020 	EXP 	None: contrast = 1.0
209.1020 	EXP 	None: markerPos = None
209.1020 	EXP 	None: autoLog = True
209.1020 	EXP 	None: markerPos = 5
209.1745 	DATA 	Keypress: 2
209.1839 	EXP 	None: markerPos = 6
209.3467 	DATA 	Keypress: 0
209.3555 	EXP 	None: markerPos = 6
209.3627 	EXP 	Created text = TextStim(__class__=<class 'psychopy.visual.text.TextStim'>, alignHoriz=method-wrapper(...), alignText='center', alignVert=method-wrapper(...), anchorHoriz='center', anchorVert='center', antialias=True, autoDraw=False, autoLog=True, bold=False, color=array([1., 1., 1.]), colorSpace='rgb', contrast=1.0, depth=0.0, draggable=False, flipHoriz=False, flipVert=False, font='Arial', fontFiles=[], height=0.06, italic=False, languageStyle='LTR', name='text', opacity=1, ori=0, pos=array([0. , 0.2]), rgb=UNKNOWN, text=str(...), units='norm', win=Window(...), wrapWidth=1.2)
209.4018 	EXP 	Created None = Slider(__class__=<class 'psychopy.visual.slider.Slider'>, autoDraw=False, autoLog=True, borderColor=None, color=None, colorSpace='rgb', depth=0, fillColor=None, flip=False, font='Arial', granularity=1, labelColor=None, labelHeight=0.06, labelWrapWidth=None, labels=('False', 'True'), lineColor=None, markerColor=None, name=None, opacity=None, ori=0, pos=array([0., 0.]), readOnly=False, self=UNKNOWN, size=array([0.85, 0.1 ]), startValue=None, style='rating', styleTweaks=[], ticks=array([1, 9]), units='norm', win=Window(...))
209.4122 	EXP 	None: autoLog = True
209.4122 	EXP 	None: styleTweaks = []
209.4122 	EXP 	None: styleTweaks = []
209.4122 	EXP 	None: styleTweaks = []
209.4122 	EXP 	None: styleTweaks = []
209.4122 	EXP 	None: contrast = 1.0
209.4122 	EXP 	None: markerPos = None
209.4122 	EXP 	None: autoLog = True
209.4122 	EXP 	None: markerPos = 5
209.5742 	DATA 	Keypress: 2
209.5836 	EXP 	None: markerPos = 6
209.7217 	DATA 	Keypress: 0
209.7294 	EXP 	None: markerPos = 6
209.7362 	EXP 	Created text = TextStim(__class__=<class 'psychopy.visual.text.TextStim'>, alignHoriz=method-wrapper(...), alignText='center', alignVert=method-wrapper(...), anchorHoriz='center', anchorVert='center', antialias=True, autoDraw=False, autoLog=True, bold=False, color=array([1., 1., 1.]), colorSpace='rgb', contrast=1.0, depth=0.0, draggable=False, flipHoriz=False, flipVert=False, font='Arial', fontFiles=[], height=0.06, italic=False, languageStyle='LTR', name='text', opacity=1, ori=0, pos=array([0. , 0.2]), rgb=UNKNOWN, text=str(...), units='norm', win=Window(...), wrapWidth=1.2)
209.7792 	EXP 	Created None = Slider(__class__=<class 'psychopy.visual.slider.Slider'>, autoDraw=False, autoLog=True, borderColor=None, color=None, colorSpace='rgb', depth=0, fillColor=None, flip=False, font='Arial', granularity=1, labelColor=None, labelHeight=0.06, labelWrapWidth=None, labels=('False', 'True'), lineColor=None, markerColor=None, name=None, opacity=None, ori=0, pos=array([0., 0.]), readOnly=False, self=UNKNOWN, size=array([0.85, 0.1 ]), startValue=None, style='rating', styleTweaks=[], ticks=array([1, 9]), units='norm', win=Window(...))
209.7906 	EXP 	None: autoLog = True
209.7906 	EXP 	None: styleTweaks = []
209.7906 	EXP 	None: styleTweaks = []
209.7906 	EXP 	None: styleTweaks = []
209.7906 	EXP 	None: styleTweaks = []
209.7906 	EXP 	None: contrast = 1.0
209.7906 	EXP 	None: markerPos = None
209.7906 	EXP 	None: autoLog = True
209.7906 	EXP 	None: markerPos = 5
209.9258 	DATA 	Keypress: 2
209.9347 	EXP 	None: markerPos = 6
210.1118 	DATA 	Keypress: 0
210.1203 	EXP 	None: markerPos = 6
210.2175 	DATA 	Keypress: 2
210.3773 	DATA 	Keypress: 0
210.4840 	DATA 	Keypress: 2
211.0108 	DATA 	Keypress: lalt
