11.5988 	EXP 	DMN_BallTask: status = NOT_STARTED
11.6031 	WARNING 	Requested an unavailable screen number - using first available.
11.6061 	WARNING 	User requested fullscreen with size [1080 1080], but screen is actually [1920, 1200]. Using actual size
12.3160 	EXP 	Created window1 = Window(allowGUI=False, allowStencil=False, autoLog=True, backendConf=UNKNOWN, backgroundFit=<method-wrapper '__getattribute__' of attributeSetter object at 0x00000228C9E378B0>, backgroundImage=<method-wrapper '__getattribute__' of attributeSetter object at 0x00000228C9E37850>, bitsMode=UNKNOWN, blendMode='avg', bpc=(8, 8, 8), color=array([-1, -1, -1]), colorSpace='rgb', depthBits=8, fullscr=True, gamma=None, gammaErrorPolicy='raise', infoMsg=UNKNOWN, lms=UNKNOWN, monitor=<psychopy.monitors.calibTools.Monitor object at 0x00000228CF3EF0A0>, multiSample=False, name='window1', numSamples=2, pos=(0, 0), screen=1, size=array([1920, 1200]), stencilBits=0, stereo=False, title='PsychoPy', units='norm', useFBO=True, useRetina=False, viewOri=0.0, viewPos=None, viewScale=None, waitBlanking=True, winType='pyglet')
12.3160 	EXP 	window1: backgroundImage = None
12.3161 	EXP 	window1: backgroundFit = 'cover'
12.3184 	EXP 	window1: Attempting to measure frame rate of screen (1) ...
12.3184 	EXP 	window1: recordFrameIntervals = False
12.4819 	EXP 	window1: recordFrameIntervals = True
12.6668 	EXP 	Screen (1) actual frame rate measured at 59.65Hz
12.6668 	EXP 	window1: recordFrameIntervals = False
12.7201 	EXP 	Created text = TextStim(__class__=<class 'psychopy.visual.text.TextStim'>, alignHoriz=method-wrapper(...), alignText='center', alignVert=method-wrapper(...), anchorHoriz='center', anchorVert='center', antialias=True, autoDraw=False, autoLog=True, bold=False, color=array([1., 1., 1.]), colorSpace='rgb', contrast=1.0, depth=0.0, draggable=False, flipHoriz=False, flipVert=False, font='Arial', fontFiles=[], height=0.06, italic=False, languageStyle='LTR', name='text', opacity=1, ori=0, pos=array([0. , 0.2]), rgb=UNKNOWN, text=str(...), units='norm', win=Window(...), wrapWidth=1.2)
12.7211 	EXP 	Created text = TextStim(__class__=<class 'psychopy.visual.text.TextStim'>, alignHoriz=method-wrapper(...), alignText='center', alignVert=method-wrapper(...), anchorHoriz='center', anchorVert='center', antialias=True, autoDraw=False, autoLog=True, bold=False, color=array([1., 1., 1.]), colorSpace='rgb', contrast=1.0, depth=0.0, draggable=False, flipHoriz=False, flipVert=False, font='Arial', fontFiles=[], height=0.06, italic=False, languageStyle='LTR', name='text', opacity=1, ori=0, pos=array([0., 0.]), rgb=UNKNOWN, text='', units='norm', win=Window(...), wrapWidth=1.2)
12.7272 	EXP 	Created waiting_for_trigger_text = TextStim(__class__=<class 'psychopy.visual.text.TextStim'>, alignHoriz=method-wrapper(...), alignText='center', alignVert=method-wrapper(...), anchorHoriz='center', anchorVert='center', antialias=True, autoDraw=False, autoLog=True, bold=False, color=array([1., 1., 1.]), colorSpace='rgb', contrast=1.0, depth=0.0, draggable=False, flipHoriz=False, flipVert=False, font='Arial', fontFiles=[], height=0.1, italic=False, languageStyle='LTR', name='waiting_for_trigger_text', opacity=1, ori=0, pos=array([0., 0.]), rgb=UNKNOWN, text='waiting for scanner', units='norm', win=Window(...), wrapWidth=2)
12.7317 	EXP 	Created text_2 = TextStim(__class__=<class 'psychopy.visual.text.TextStim'>, alignHoriz=method-wrapper(...), alignText='center', alignVert=method-wrapper(...), anchorHoriz='center', anchorVert='center', antialias=True, autoDraw=False, autoLog=True, bold=False, color=array([1., 1., 1.]), colorSpace='rgb', contrast=1.0, depth=0.0, draggable=False, flipHoriz=False, flipVert=False, font='Arial', fontFiles=[], height=0.3, italic=False, languageStyle='LTR', name='text_2', opacity=1, ori=0, pos=array([0., 0.]), rgb=UNKNOWN, text='+', units='norm', win=Window(...), wrapWidth=1)
12.7359 	EXP 	Created text_relax = TextStim(__class__=<class 'psychopy.visual.text.TextStim'>, alignHoriz=method-wrapper(...), alignText='center', alignVert=method-wrapper(...), anchorHoriz='center', anchorVert='center', antialias=True, autoDraw=False, autoLog=True, bold=False, color=array([1., 1., 1.]), colorSpace='rgb', contrast=1.0, depth=0.0, draggable=False, flipHoriz=False, flipVert=False, font='Arial', fontFiles=[], height=0.07, italic=False, languageStyle='LTR', name='text_relax', opacity=1, ori=0, pos=array([ 0. , -0.2]), rgb=UNKNOWN, text='Relax', units='norm', win=Window(...), wrapWidth=1)
12.7408 	EXP 	Created text_4 = TextStim(__class__=<class 'psychopy.visual.text.TextStim'>, alignHoriz=method-wrapper(...), alignText='center', alignVert=method-wrapper(...), anchorHoriz='center', anchorVert='center', antialias=True, autoDraw=False, autoLog=True, bold=False, color=array([1., 1., 1.]), colorSpace='rgb', contrast=1.0, depth=-3.0, draggable=False, flipHoriz=False, flipVert=False, font='Arial', fontFiles=[], height=0.1, italic=False, languageStyle='LTR', name='text_4', opacity=1, ori=0, pos=array([0., 0.]), rgb=UNKNOWN, text='default text', units='norm', win=Window(...), wrapWidth=1)
12.7620 	EXP 	Created unnamed Circle = Circle(__class__=<class 'psychopy.visual.circle.Circle'>, anchor=('center', 'center'), autoDraw=False, autoLog=True, closeShape=True, color=method-wrapper(...), colorSpace='rgb', contrast=None, depth=0, draggable=False, fillColor=array([0, 0, 0]), fillColorSpace='rgb', fillRGB=array([0, 0, 0]), interpolate=True, lineColor=array([ 1.,  1., -1.]), lineColorSpace='rgb', lineRGB=array([ 1,  1, -1]), lineWidth=3, name='unnamed Circle', opacity=1, ori=0.0, pos=array([0.        , 0.33333333]), size=array([1., 1.]), units='norm', vertices=ndarray(...), win=Window(...), windingRule=None)
12.7799 	EXP 	Created unnamed Circle = Circle(__class__=<class 'psychopy.visual.circle.Circle'>, anchor=('center', 'center'), autoDraw=False, autoLog=True, closeShape=True, color=method-wrapper(...), colorSpace='rgb', contrast=None, depth=0, draggable=False, fillColor=array([0, 0, 0]), fillColorSpace='rgb', fillRGB=array([0, 0, 0]), interpolate=True, lineColor=array([0.35686275, 0.69411765, 0.80392157]), lineColorSpace='rgb', lineRGB=array([0.35686275, 0.69411765, 0.80392157]), lineWidth=3, name='unnamed Circle', opacity=1, ori=0.0, pos=array([ 0.        , -0.33333333]), size=array([1., 1.]), units='norm', vertices=ndarray(...), win=Window(...), windingRule=None)
12.7954 	EXP 	Created unnamed Circle = Circle(__class__=<class 'psychopy.visual.circle.Circle'>, anchor=('center', 'center'), autoDraw=False, autoLog=True, closeShape=True, color=method-wrapper(...), colorSpace='rgb', contrast=None, depth=0, draggable=False, fillColor=array([1, 1, 1]), fillColorSpace='rgb', fillRGB=array([1, 1, 1]), interpolate=True, lineColor=array([1., 1., 1.]), lineColorSpace='rgb', lineRGB=array([1, 1, 1]), lineWidth=1.5, name='unnamed Circle', opacity=1, ori=0.0, pos=array([0., 0.]), size=array([1., 1.]), units='norm', vertices=ndarray(...), win=Window(...), windingRule=None)
12.8085 	EXP 	Created unnamed Circle = Circle(__class__=<class 'psychopy.visual.circle.Circle'>, anchor=('center', 'center'), autoDraw=False, autoLog=True, closeShape=True, color=method-wrapper(...), colorSpace='rgb', contrast=None, depth=0, draggable=False, fillColor=array([1, 1, 1]), fillColorSpace='rgb', fillRGB=array([1, 1, 1]), interpolate=True, lineColor=array([1., 1., 1.]), lineColorSpace='rgb', lineRGB=array([1, 1, 1]), lineWidth=3, name='unnamed Circle', opacity=1, ori=0.0, pos=array([0., 0.]), size=array([1., 1.]), units='norm', vertices=ndarray(...), win=Window(...), windingRule=None)
12.8137 	EXP 	Created instruct_text = TextStim(__class__=<class 'psychopy.visual.text.TextStim'>, alignHoriz=method-wrapper(...), alignText='center', alignVert=method-wrapper(...), anchorHoriz='center', anchorVert='center', antialias=True, autoDraw=False, autoLog=True, bold=False, color=array([1., 1., 1.]), colorSpace='rgb', contrast=1.0, depth=0.0, draggable=False, flipHoriz=False, flipVert=False, font='Arial', fontFiles=[], height=0.06, italic=False, languageStyle='LTR', name='instruct_text', opacity=1, ori=0, pos=array([0., 0.]), rgb=UNKNOWN, text='replace me', units='norm', win=Window(...), wrapWidth=1.2)
12.8172 	EXP 	Created thank_you_end_run_text = TextStim(__class__=<class 'psychopy.visual.text.TextStim'>, alignHoriz=method-wrapper(...), alignText='center', alignVert=method-wrapper(...), anchorHoriz='center', anchorVert='center', antialias=True, autoDraw=False, autoLog=True, bold=False, color=array([1., 1., 1.]), colorSpace='rgb', contrast=1.0, depth=0.0, draggable=False, flipHoriz=False, flipVert=False, font='Arial', fontFiles=[], height=0.1, italic=False, languageStyle='LTR', name='thank_you_end_run_text', opacity=1, ori=0, pos=array([0., 0.]), rgb=UNKNOWN, text='thank you!', units='norm', win=Window(...), wrapWidth=1)
12.8293 	EXP 	instruct_text: height = 0.06
12.8293 	EXP 	instruct_text: height = 0.06
12.8293 	EXP 	instruct_text: height = 0.06
12.8293 	EXP 	instruct_text: text = "Great job! Now, you're going practice Mindful Describing for another 2.5min with more brain feedback from the ball. \n\nWhen the ball moves upwards, that corresponds to the describing practice."
13.0917 	DATA 	Keypress: space
13.0995 	EXP 	instruct_text: height = 0.06
13.0995 	EXP 	instruct_text: height = 0.06
13.0995 	EXP 	instruct_text: height = 0.06
13.0995 	EXP 	instruct_text: text = 'When you see the plus sign (+), just relax.\n\nOnce the circles appear, please start the Describing practice. This scan will last 2.5 min.'
13.2469 	DATA 	Keypress: space
13.2522 	EXP 	waiting_for_trigger_text: autoDraw = True
13.4021 	DATA 	Keypress: space
14.0705 	DATA 	Keypress: 5
14.0855 	EXP 	waiting_for_trigger_text: autoDraw = False
14.0855 	EXP 	text_2: autoDraw = True
14.0855 	EXP 	text_relax: autoDraw = True
44.0963 	EXP 	text_2: autoDraw = False
44.0963 	EXP 	text_relax: autoDraw = False
44.0963 	EXP 	text_2: autoDraw = False
44.5147 	EXP 	unnamed Circle: fillColor = <class 'numpy.ndarray'>
44.5147 	EXP 	unnamed Circle: fillColor = <class 'numpy.ndarray'>
45.7171 	EXP 	unnamed Circle: fillColor = <class 'numpy.ndarray'>
45.7171 	EXP 	unnamed Circle: fillColor = <class 'numpy.ndarray'>
46.9181 	EXP 	unnamed Circle: fillColor = <class 'numpy.ndarray'>
46.9181 	EXP 	unnamed Circle: fillColor = <class 'numpy.ndarray'>
48.1198 	EXP 	unnamed Circle: fillColor = <class 'numpy.ndarray'>
48.1198 	EXP 	unnamed Circle: fillColor = <class 'numpy.ndarray'>
49.3219 	EXP 	unnamed Circle: fillColor = <class 'numpy.ndarray'>
49.3219 	EXP 	unnamed Circle: fillColor = <class 'numpy.ndarray'>
50.5399 	EXP 	unnamed Circle: fillColor = <class 'numpy.ndarray'>
50.5399 	EXP 	unnamed Circle: fillColor = <class 'numpy.ndarray'>
51.7418 	EXP 	unnamed Circle: fillColor = <class 'numpy.ndarray'>
51.7418 	EXP 	unnamed Circle: fillColor = <class 'numpy.ndarray'>
52.9435 	EXP 	unnamed Circle: fillColor = <class 'numpy.ndarray'>
52.9435 	EXP 	unnamed Circle: fillColor = <class 'numpy.ndarray'>
54.1453 	EXP 	unnamed Circle: fillColor = <class 'numpy.ndarray'>
54.1453 	EXP 	unnamed Circle: fillColor = <class 'numpy.ndarray'>
55.3472 	EXP 	unnamed Circle: fillColor = <class 'numpy.ndarray'>
55.3472 	EXP 	unnamed Circle: fillColor = <class 'numpy.ndarray'>
56.5488 	EXP 	unnamed Circle: fillColor = <class 'numpy.ndarray'>
56.5488 	EXP 	unnamed Circle: fillColor = <class 'numpy.ndarray'>
57.7505 	EXP 	unnamed Circle: fillColor = <class 'numpy.ndarray'>
57.7505 	EXP 	unnamed Circle: fillColor = <class 'numpy.ndarray'>
58.9526 	EXP 	unnamed Circle: fillColor = <class 'numpy.ndarray'>
58.9526 	EXP 	unnamed Circle: fillColor = <class 'numpy.ndarray'>
60.1542 	EXP 	unnamed Circle: fillColor = <class 'numpy.ndarray'>
60.1542 	EXP 	unnamed Circle: fillColor = <class 'numpy.ndarray'>
61.3561 	EXP 	unnamed Circle: fillColor = <class 'numpy.ndarray'>
61.3561 	EXP 	unnamed Circle: fillColor = <class 'numpy.ndarray'>
62.5577 	EXP 	unnamed Circle: fillColor = <class 'numpy.ndarray'>
62.5577 	EXP 	unnamed Circle: fillColor = <class 'numpy.ndarray'>
63.7595 	EXP 	unnamed Circle: fillColor = <class 'numpy.ndarray'>
63.7595 	EXP 	unnamed Circle: fillColor = <class 'numpy.ndarray'>
64.9612 	EXP 	unnamed Circle: fillColor = <class 'numpy.ndarray'>
64.9612 	EXP 	unnamed Circle: fillColor = <class 'numpy.ndarray'>
66.1630 	EXP 	unnamed Circle: fillColor = <class 'numpy.ndarray'>
66.1630 	EXP 	unnamed Circle: fillColor = <class 'numpy.ndarray'>
67.3636 	EXP 	unnamed Circle: fillColor = <class 'numpy.ndarray'>
67.3636 	EXP 	unnamed Circle: radius = 0.135
67.3636 	EXP 	unnamed Circle: fillColor = 'white'
67.3636 	EXP 	unnamed Circle: fillColor = <class 'numpy.ndarray'>
68.5657 	EXP 	unnamed Circle: fillColor = <class 'numpy.ndarray'>
68.5657 	EXP 	unnamed Circle: fillColor = <class 'numpy.ndarray'>
69.7685 	EXP 	unnamed Circle: fillColor = <class 'numpy.ndarray'>
69.7685 	EXP 	unnamed Circle: fillColor = <class 'numpy.ndarray'>
70.9701 	EXP 	unnamed Circle: fillColor = <class 'numpy.ndarray'>
70.9701 	EXP 	unnamed Circle: fillColor = <class 'numpy.ndarray'>
72.1721 	EXP 	unnamed Circle: fillColor = <class 'numpy.ndarray'>
72.1721 	EXP 	unnamed Circle: fillColor = <class 'numpy.ndarray'>
73.3737 	EXP 	unnamed Circle: fillColor = <class 'numpy.ndarray'>
73.3737 	EXP 	unnamed Circle: fillColor = <class 'numpy.ndarray'>
74.5755 	EXP 	unnamed Circle: fillColor = <class 'numpy.ndarray'>
74.5755 	EXP 	unnamed Circle: fillColor = <class 'numpy.ndarray'>
75.7774 	EXP 	unnamed Circle: fillColor = <class 'numpy.ndarray'>
75.7774 	EXP 	unnamed Circle: fillColor = <class 'numpy.ndarray'>
76.9790 	EXP 	unnamed Circle: fillColor = <class 'numpy.ndarray'>
76.9790 	EXP 	unnamed Circle: fillColor = <class 'numpy.ndarray'>
78.1809 	EXP 	unnamed Circle: fillColor = <class 'numpy.ndarray'>
78.1809 	EXP 	unnamed Circle: fillColor = <class 'numpy.ndarray'>
79.3826 	EXP 	unnamed Circle: fillColor = <class 'numpy.ndarray'>
79.3826 	EXP 	unnamed Circle: fillColor = <class 'numpy.ndarray'>
80.5843 	EXP 	unnamed Circle: fillColor = <class 'numpy.ndarray'>
80.5843 	EXP 	unnamed Circle: fillColor = <class 'numpy.ndarray'>
81.7862 	EXP 	unnamed Circle: fillColor = <class 'numpy.ndarray'>
81.7862 	EXP 	unnamed Circle: fillColor = <class 'numpy.ndarray'>
82.9868 	EXP 	unnamed Circle: fillColor = <class 'numpy.ndarray'>
82.9868 	EXP 	unnamed Circle: fillColor = <class 'numpy.ndarray'>
82.9868 	EXP 	unnamed Circle: radius = 0.135
82.9868 	EXP 	unnamed Circle: fillColor = 'white'
84.1900 	EXP 	unnamed Circle: fillColor = <class 'numpy.ndarray'>
84.1900 	EXP 	unnamed Circle: fillColor = <class 'numpy.ndarray'>
85.3915 	EXP 	unnamed Circle: fillColor = <class 'numpy.ndarray'>
85.3915 	EXP 	unnamed Circle: fillColor = <class 'numpy.ndarray'>
86.5932 	EXP 	unnamed Circle: fillColor = <class 'numpy.ndarray'>
86.5932 	EXP 	unnamed Circle: fillColor = <class 'numpy.ndarray'>
87.7950 	EXP 	unnamed Circle: fillColor = <class 'numpy.ndarray'>
87.7950 	EXP 	unnamed Circle: fillColor = <class 'numpy.ndarray'>
88.9969 	EXP 	unnamed Circle: fillColor = <class 'numpy.ndarray'>
88.9969 	EXP 	unnamed Circle: fillColor = <class 'numpy.ndarray'>
90.1988 	EXP 	unnamed Circle: fillColor = <class 'numpy.ndarray'>
90.1988 	EXP 	unnamed Circle: fillColor = <class 'numpy.ndarray'>
91.4006 	EXP 	unnamed Circle: fillColor = <class 'numpy.ndarray'>
91.4006 	EXP 	unnamed Circle: fillColor = <class 'numpy.ndarray'>
92.6022 	EXP 	unnamed Circle: fillColor = <class 'numpy.ndarray'>
92.6022 	EXP 	unnamed Circle: fillColor = <class 'numpy.ndarray'>
93.8040 	EXP 	unnamed Circle: fillColor = <class 'numpy.ndarray'>
93.8040 	EXP 	unnamed Circle: fillColor = <class 'numpy.ndarray'>
95.0057 	EXP 	unnamed Circle: fillColor = <class 'numpy.ndarray'>
95.0057 	EXP 	unnamed Circle: fillColor = <class 'numpy.ndarray'>
96.2077 	EXP 	unnamed Circle: fillColor = <class 'numpy.ndarray'>
96.2077 	EXP 	unnamed Circle: fillColor = <class 'numpy.ndarray'>
97.4092 	EXP 	unnamed Circle: fillColor = <class 'numpy.ndarray'>
97.4092 	EXP 	unnamed Circle: fillColor = <class 'numpy.ndarray'>
98.6112 	EXP 	unnamed Circle: fillColor = <class 'numpy.ndarray'>
98.6112 	EXP 	unnamed Circle: fillColor = <class 'numpy.ndarray'>
99.8128 	EXP 	unnamed Circle: fillColor = <class 'numpy.ndarray'>
99.8128 	EXP 	unnamed Circle: fillColor = <class 'numpy.ndarray'>
101.0147 	EXP 	unnamed Circle: fillColor = <class 'numpy.ndarray'>
101.0147 	EXP 	unnamed Circle: fillColor = <class 'numpy.ndarray'>
102.2163 	EXP 	unnamed Circle: fillColor = <class 'numpy.ndarray'>
102.2163 	EXP 	unnamed Circle: fillColor = <class 'numpy.ndarray'>
103.4181 	EXP 	unnamed Circle: fillColor = <class 'numpy.ndarray'>
103.4181 	EXP 	unnamed Circle: fillColor = <class 'numpy.ndarray'>
104.6199 	EXP 	unnamed Circle: fillColor = <class 'numpy.ndarray'>
104.6199 	EXP 	unnamed Circle: fillColor = <class 'numpy.ndarray'>
105.8217 	EXP 	unnamed Circle: fillColor = <class 'numpy.ndarray'>
105.8217 	EXP 	unnamed Circle: fillColor = <class 'numpy.ndarray'>
107.0236 	EXP 	unnamed Circle: fillColor = <class 'numpy.ndarray'>
107.0236 	EXP 	unnamed Circle: fillColor = <class 'numpy.ndarray'>
108.2252 	EXP 	unnamed Circle: fillColor = <class 'numpy.ndarray'>
108.2252 	EXP 	unnamed Circle: fillColor = <class 'numpy.ndarray'>
109.4273 	EXP 	unnamed Circle: fillColor = <class 'numpy.ndarray'>
109.4273 	EXP 	unnamed Circle: fillColor = <class 'numpy.ndarray'>
110.6287 	EXP 	unnamed Circle: fillColor = <class 'numpy.ndarray'>
110.6287 	EXP 	unnamed Circle: fillColor = <class 'numpy.ndarray'>
111.8306 	EXP 	unnamed Circle: fillColor = <class 'numpy.ndarray'>
111.8306 	EXP 	unnamed Circle: fillColor = <class 'numpy.ndarray'>
113.0325 	EXP 	unnamed Circle: fillColor = <class 'numpy.ndarray'>
113.0325 	EXP 	unnamed Circle: fillColor = <class 'numpy.ndarray'>
114.2343 	EXP 	unnamed Circle: fillColor = <class 'numpy.ndarray'>
114.2343 	EXP 	unnamed Circle: fillColor = <class 'numpy.ndarray'>
115.4517 	EXP 	unnamed Circle: fillColor = <class 'numpy.ndarray'>
115.4517 	EXP 	unnamed Circle: fillColor = <class 'numpy.ndarray'>
115.4517 	EXP 	unnamed Circle: radius = 0.12150000000000001
115.4517 	EXP 	unnamed Circle: fillColor = 'white'
116.6544 	EXP 	unnamed Circle: fillColor = <class 'numpy.ndarray'>
116.6544 	EXP 	unnamed Circle: fillColor = <class 'numpy.ndarray'>
117.8561 	EXP 	unnamed Circle: fillColor = <class 'numpy.ndarray'>
117.8561 	EXP 	unnamed Circle: fillColor = <class 'numpy.ndarray'>
119.0579 	EXP 	unnamed Circle: fillColor = <class 'numpy.ndarray'>
119.0579 	EXP 	unnamed Circle: fillColor = <class 'numpy.ndarray'>
120.2599 	EXP 	unnamed Circle: fillColor = <class 'numpy.ndarray'>
120.2599 	EXP 	unnamed Circle: fillColor = <class 'numpy.ndarray'>
121.4616 	EXP 	unnamed Circle: fillColor = <class 'numpy.ndarray'>
121.4616 	EXP 	unnamed Circle: fillColor = <class 'numpy.ndarray'>
122.6632 	EXP 	unnamed Circle: fillColor = <class 'numpy.ndarray'>
122.6632 	EXP 	unnamed Circle: fillColor = <class 'numpy.ndarray'>
123.8652 	EXP 	unnamed Circle: fillColor = <class 'numpy.ndarray'>
123.8652 	EXP 	unnamed Circle: fillColor = <class 'numpy.ndarray'>
125.0668 	EXP 	unnamed Circle: fillColor = <class 'numpy.ndarray'>
125.0668 	EXP 	unnamed Circle: fillColor = <class 'numpy.ndarray'>
126.2686 	EXP 	unnamed Circle: fillColor = <class 'numpy.ndarray'>
126.2686 	EXP 	unnamed Circle: fillColor = <class 'numpy.ndarray'>
127.4705 	EXP 	unnamed Circle: fillColor = <class 'numpy.ndarray'>
127.4705 	EXP 	unnamed Circle: fillColor = <class 'numpy.ndarray'>
128.6721 	EXP 	unnamed Circle: fillColor = <class 'numpy.ndarray'>
128.6721 	EXP 	unnamed Circle: fillColor = <class 'numpy.ndarray'>
129.8724 	EXP 	unnamed Circle: fillColor = <class 'numpy.ndarray'>
129.8724 	EXP 	unnamed Circle: radius = 0.12150000000000001
129.8724 	EXP 	unnamed Circle: fillColor = 'white'
129.8724 	EXP 	unnamed Circle: fillColor = <class 'numpy.ndarray'>
131.0757 	EXP 	unnamed Circle: fillColor = <class 'numpy.ndarray'>
131.0757 	EXP 	unnamed Circle: fillColor = <class 'numpy.ndarray'>
132.2774 	EXP 	unnamed Circle: fillColor = <class 'numpy.ndarray'>
132.2774 	EXP 	unnamed Circle: fillColor = <class 'numpy.ndarray'>
133.4795 	EXP 	unnamed Circle: fillColor = <class 'numpy.ndarray'>
133.4795 	EXP 	unnamed Circle: fillColor = <class 'numpy.ndarray'>
134.6810 	EXP 	unnamed Circle: fillColor = <class 'numpy.ndarray'>
134.6810 	EXP 	unnamed Circle: fillColor = <class 'numpy.ndarray'>
135.8830 	EXP 	unnamed Circle: fillColor = <class 'numpy.ndarray'>
135.8830 	EXP 	unnamed Circle: fillColor = <class 'numpy.ndarray'>
137.0846 	EXP 	unnamed Circle: fillColor = <class 'numpy.ndarray'>
137.0846 	EXP 	unnamed Circle: fillColor = <class 'numpy.ndarray'>
138.2852 	EXP 	unnamed Circle: fillColor = <class 'numpy.ndarray'>
138.2852 	EXP 	unnamed Circle: radius = 0.10935000000000002
138.2852 	EXP 	unnamed Circle: fillColor = 'white'
138.2852 	EXP 	unnamed Circle: fillColor = <class 'numpy.ndarray'>
139.4882 	EXP 	unnamed Circle: fillColor = <class 'numpy.ndarray'>
139.4882 	EXP 	unnamed Circle: fillColor = <class 'numpy.ndarray'>
140.6900 	EXP 	unnamed Circle: fillColor = <class 'numpy.ndarray'>
140.6900 	EXP 	unnamed Circle: fillColor = <class 'numpy.ndarray'>
141.8918 	EXP 	unnamed Circle: fillColor = <class 'numpy.ndarray'>
141.8918 	EXP 	unnamed Circle: fillColor = <class 'numpy.ndarray'>
143.0934 	EXP 	unnamed Circle: fillColor = <class 'numpy.ndarray'>
143.0934 	EXP 	unnamed Circle: fillColor = <class 'numpy.ndarray'>
144.2956 	EXP 	unnamed Circle: fillColor = <class 'numpy.ndarray'>
144.2956 	EXP 	unnamed Circle: fillColor = <class 'numpy.ndarray'>
145.4979 	EXP 	unnamed Circle: fillColor = <class 'numpy.ndarray'>
145.4979 	EXP 	unnamed Circle: fillColor = <class 'numpy.ndarray'>
146.6988 	EXP 	unnamed Circle: fillColor = <class 'numpy.ndarray'>
146.6988 	EXP 	unnamed Circle: fillColor = <class 'numpy.ndarray'>
147.9006 	EXP 	unnamed Circle: fillColor = <class 'numpy.ndarray'>
147.9006 	EXP 	unnamed Circle: fillColor = <class 'numpy.ndarray'>
149.1024 	EXP 	unnamed Circle: fillColor = <class 'numpy.ndarray'>
149.1024 	EXP 	unnamed Circle: fillColor = <class 'numpy.ndarray'>
150.3044 	EXP 	unnamed Circle: fillColor = <class 'numpy.ndarray'>
150.3044 	EXP 	unnamed Circle: fillColor = <class 'numpy.ndarray'>
151.5060 	EXP 	unnamed Circle: fillColor = <class 'numpy.ndarray'>
151.5060 	EXP 	unnamed Circle: fillColor = <class 'numpy.ndarray'>
152.7078 	EXP 	unnamed Circle: fillColor = <class 'numpy.ndarray'>
152.7078 	EXP 	unnamed Circle: fillColor = <class 'numpy.ndarray'>
153.9095 	EXP 	unnamed Circle: fillColor = <class 'numpy.ndarray'>
153.9095 	EXP 	unnamed Circle: fillColor = <class 'numpy.ndarray'>
155.1113 	EXP 	unnamed Circle: fillColor = <class 'numpy.ndarray'>
155.1113 	EXP 	unnamed Circle: fillColor = <class 'numpy.ndarray'>
156.3132 	EXP 	unnamed Circle: fillColor = <class 'numpy.ndarray'>
156.3132 	EXP 	unnamed Circle: fillColor = <class 'numpy.ndarray'>
157.5147 	EXP 	unnamed Circle: fillColor = <class 'numpy.ndarray'>
157.5147 	EXP 	unnamed Circle: fillColor = <class 'numpy.ndarray'>
158.7167 	EXP 	unnamed Circle: fillColor = <class 'numpy.ndarray'>
158.7167 	EXP 	unnamed Circle: fillColor = <class 'numpy.ndarray'>
159.9184 	EXP 	unnamed Circle: fillColor = <class 'numpy.ndarray'>
159.9184 	EXP 	unnamed Circle: fillColor = <class 'numpy.ndarray'>
161.1202 	EXP 	unnamed Circle: fillColor = <class 'numpy.ndarray'>
161.1202 	EXP 	unnamed Circle: fillColor = <class 'numpy.ndarray'>
162.3219 	EXP 	unnamed Circle: fillColor = <class 'numpy.ndarray'>
162.3219 	EXP 	unnamed Circle: fillColor = <class 'numpy.ndarray'>
163.5237 	EXP 	unnamed Circle: fillColor = <class 'numpy.ndarray'>
163.5237 	EXP 	unnamed Circle: fillColor = <class 'numpy.ndarray'>
164.7256 	EXP 	unnamed Circle: fillColor = <class 'numpy.ndarray'>
164.7256 	EXP 	unnamed Circle: fillColor = <class 'numpy.ndarray'>
165.9279 	EXP 	unnamed Circle: fillColor = <class 'numpy.ndarray'>
165.9279 	EXP 	unnamed Circle: radius = 0.09841500000000002
165.9279 	EXP 	unnamed Circle: fillColor = 'white'
165.9279 	EXP 	unnamed Circle: fillColor = <class 'numpy.ndarray'>
167.1292 	EXP 	unnamed Circle: fillColor = <class 'numpy.ndarray'>
167.1292 	EXP 	unnamed Circle: fillColor = <class 'numpy.ndarray'>
168.3308 	EXP 	unnamed Circle: fillColor = <class 'numpy.ndarray'>
168.3308 	EXP 	unnamed Circle: fillColor = <class 'numpy.ndarray'>
169.5327 	EXP 	unnamed Circle: fillColor = <class 'numpy.ndarray'>
169.5327 	EXP 	unnamed Circle: fillColor = <class 'numpy.ndarray'>
170.7344 	EXP 	unnamed Circle: fillColor = <class 'numpy.ndarray'>
170.7344 	EXP 	unnamed Circle: fillColor = <class 'numpy.ndarray'>
171.9361 	EXP 	unnamed Circle: fillColor = <class 'numpy.ndarray'>
171.9361 	EXP 	unnamed Circle: fillColor = <class 'numpy.ndarray'>
173.1381 	EXP 	unnamed Circle: fillColor = <class 'numpy.ndarray'>
173.1381 	EXP 	unnamed Circle: fillColor = <class 'numpy.ndarray'>
174.3397 	EXP 	unnamed Circle: fillColor = <class 'numpy.ndarray'>
174.3397 	EXP 	unnamed Circle: fillColor = <class 'numpy.ndarray'>
175.5406 	EXP 	unnamed Circle: fillColor = <class 'numpy.ndarray'>
175.5406 	EXP 	unnamed Circle: fillColor = <class 'numpy.ndarray'>
175.5406 	EXP 	unnamed Circle: radius = 0.10935000000000002
175.5406 	EXP 	unnamed Circle: fillColor = 'white'
176.7434 	EXP 	unnamed Circle: fillColor = <class 'numpy.ndarray'>
176.7434 	EXP 	unnamed Circle: fillColor = <class 'numpy.ndarray'>
177.9452 	EXP 	unnamed Circle: fillColor = <class 'numpy.ndarray'>
177.9452 	EXP 	unnamed Circle: fillColor = <class 'numpy.ndarray'>
179.1469 	EXP 	unnamed Circle: fillColor = <class 'numpy.ndarray'>
179.1469 	EXP 	unnamed Circle: fillColor = <class 'numpy.ndarray'>
180.3486 	EXP 	unnamed Circle: fillColor = <class 'numpy.ndarray'>
180.3486 	EXP 	unnamed Circle: fillColor = <class 'numpy.ndarray'>
181.5505 	EXP 	unnamed Circle: fillColor = <class 'numpy.ndarray'>
181.5505 	EXP 	unnamed Circle: fillColor = <class 'numpy.ndarray'>
182.7521 	EXP 	unnamed Circle: fillColor = <class 'numpy.ndarray'>
182.7521 	EXP 	unnamed Circle: fillColor = <class 'numpy.ndarray'>
183.9541 	EXP 	unnamed Circle: fillColor = <class 'numpy.ndarray'>
183.9541 	EXP 	unnamed Circle: fillColor = <class 'numpy.ndarray'>
185.1557 	EXP 	unnamed Circle: fillColor = <class 'numpy.ndarray'>
185.1557 	EXP 	unnamed Circle: fillColor = <class 'numpy.ndarray'>
186.3577 	EXP 	unnamed Circle: fillColor = <class 'numpy.ndarray'>
186.3577 	EXP 	unnamed Circle: fillColor = <class 'numpy.ndarray'>
187.5592 	EXP 	unnamed Circle: fillColor = <class 'numpy.ndarray'>
187.5592 	EXP 	unnamed Circle: fillColor = <class 'numpy.ndarray'>
188.7610 	EXP 	unnamed Circle: fillColor = <class 'numpy.ndarray'>
188.7610 	EXP 	unnamed Circle: fillColor = <class 'numpy.ndarray'>
189.9630 	EXP 	unnamed Circle: fillColor = <class 'numpy.ndarray'>
189.9630 	EXP 	unnamed Circle: fillColor = <class 'numpy.ndarray'>
191.1646 	EXP 	unnamed Circle: fillColor = <class 'numpy.ndarray'>
191.1646 	EXP 	unnamed Circle: fillColor = <class 'numpy.ndarray'>
192.3664 	EXP 	unnamed Circle: fillColor = <class 'numpy.ndarray'>
192.3664 	EXP 	unnamed Circle: fillColor = <class 'numpy.ndarray'>
193.5681 	EXP 	unnamed Circle: fillColor = <class 'numpy.ndarray'>
193.5681 	EXP 	unnamed Circle: fillColor = <class 'numpy.ndarray'>
194.4353 	EXP 	text_2: autoDraw = True
195.0949 	EXP 	text_2: autoDraw = False
196.7514 	DATA 	Keypress: 1
196.7560 	EXP 	Created text = TextStim(__class__=<class 'psychopy.visual.text.TextStim'>, alignHoriz=method-wrapper(...), alignText='center', alignVert=method-wrapper(...), anchorHoriz='center', anchorVert='center', antialias=True, autoDraw=False, autoLog=True, bold=False, color=array([1., 1., 1.]), colorSpace='rgb', contrast=1.0, depth=0.0, draggable=False, flipHoriz=False, flipVert=False, font='Arial', fontFiles=[], height=0.06, italic=False, languageStyle='LTR', name='text', opacity=1, ori=0, pos=array([0. , 0.2]), rgb=UNKNOWN, text=str(...), units='norm', win=Window(...), wrapWidth=1.2)
196.8035 	EXP 	Created None = Slider(__class__=<class 'psychopy.visual.slider.Slider'>, autoDraw=False, autoLog=True, borderColor=None, color=None, colorSpace='rgb', depth=0, fillColor=None, flip=False, font='Arial', granularity=1, labelColor=None, labelHeight=0.06, labelWrapWidth=None, labels=('Never', 'Always'), lineColor=None, markerColor=None, name=None, opacity=None, ori=0, pos=array([0., 0.]), readOnly=False, self=UNKNOWN, size=array([0.85, 0.1 ]), startValue=None, style='rating', styleTweaks=[], ticks=array([1, 9]), units='norm', win=Window(...))
196.8125 	EXP 	None: autoLog = True
196.8125 	EXP 	None: styleTweaks = []
196.8125 	EXP 	None: styleTweaks = []
196.8125 	EXP 	None: styleTweaks = []
196.8125 	EXP 	None: styleTweaks = []
196.8125 	EXP 	None: contrast = 1.0
196.8125 	EXP 	None: markerPos = None
196.8125 	EXP 	None: autoLog = True
196.8125 	EXP 	None: markerPos = 5
199.0068 	DATA 	Keypress: 2
199.0134 	EXP 	None: markerPos = 6
200.0031 	DATA 	Keypress: 0
200.0090 	EXP 	None: markerPos = 6
200.0142 	EXP 	Created text = TextStim(__class__=<class 'psychopy.visual.text.TextStim'>, alignHoriz=method-wrapper(...), alignText='center', alignVert=method-wrapper(...), anchorHoriz='center', anchorVert='center', antialias=True, autoDraw=False, autoLog=True, bold=False, color=array([1., 1., 1.]), colorSpace='rgb', contrast=1.0, depth=0.0, draggable=False, flipHoriz=False, flipVert=False, font='Arial', fontFiles=[], height=0.06, italic=False, languageStyle='LTR', name='text', opacity=1, ori=0, pos=array([0. , 0.2]), rgb=UNKNOWN, text=str(...), units='norm', win=Window(...), wrapWidth=1.2)
200.0458 	EXP 	Created None = Slider(__class__=<class 'psychopy.visual.slider.Slider'>, autoDraw=False, autoLog=True, borderColor=None, color=None, colorSpace='rgb', depth=0, fillColor=None, flip=False, font='Arial', granularity=1, labelColor=None, labelHeight=0.06, labelWrapWidth=None, labels=('Never', 'All the time'), lineColor=None, markerColor=None, name=None, opacity=None, ori=0, pos=array([0., 0.]), readOnly=False, self=UNKNOWN, size=array([0.85, 0.1 ]), startValue=None, style='rating', styleTweaks=[], ticks=array([1, 9]), units='norm', win=Window(...))
200.0547 	EXP 	None: autoLog = True
200.0547 	EXP 	None: styleTweaks = []
200.0547 	EXP 	None: styleTweaks = []
200.0547 	EXP 	None: styleTweaks = []
200.0547 	EXP 	None: styleTweaks = []
200.0547 	EXP 	None: contrast = 1.0
200.0547 	EXP 	None: markerPos = None
200.0547 	EXP 	None: autoLog = True
200.0547 	EXP 	None: markerPos = 5
201.0212 	DATA 	Keypress: 2
201.0286 	EXP 	None: markerPos = 6
201.6599 	DATA 	Keypress: 0
201.6652 	EXP 	None: markerPos = 6
201.6695 	EXP 	Created text = TextStim(__class__=<class 'psychopy.visual.text.TextStim'>, alignHoriz=method-wrapper(...), alignText='center', alignVert=method-wrapper(...), anchorHoriz='center', anchorVert='center', antialias=True, autoDraw=False, autoLog=True, bold=False, color=array([1., 1., 1.]), colorSpace='rgb', contrast=1.0, depth=0.0, draggable=False, flipHoriz=False, flipVert=False, font='Arial', fontFiles=[], height=0.06, italic=False, languageStyle='LTR', name='text', opacity=1, ori=0, pos=array([0. , 0.2]), rgb=UNKNOWN, text=str(...), units='norm', win=Window(...), wrapWidth=1.2)
201.7065 	EXP 	Created None = Slider(__class__=<class 'psychopy.visual.slider.Slider'>, autoDraw=False, autoLog=True, borderColor=None, color=None, colorSpace='rgb', depth=0, fillColor=None, flip=False, font='Arial', granularity=1, labelColor=None, labelHeight=0.06, labelWrapWidth=None, labels=('Not at all', 'Very Difficult'), lineColor=None, markerColor=None, name=None, opacity=None, ori=0, pos=array([0., 0.]), readOnly=False, self=UNKNOWN, size=array([0.85, 0.1 ]), startValue=None, style='rating', styleTweaks=[], ticks=array([1, 9]), units='norm', win=Window(...))
201.7156 	EXP 	None: autoLog = True
201.7156 	EXP 	None: styleTweaks = []
201.7156 	EXP 	None: styleTweaks = []
201.7156 	EXP 	None: styleTweaks = []
201.7156 	EXP 	None: styleTweaks = []
201.7156 	EXP 	None: contrast = 1.0
201.7156 	EXP 	None: markerPos = None
201.7156 	EXP 	None: autoLog = True
201.7156 	EXP 	None: markerPos = 5
202.6252 	DATA 	Keypress: 2
202.6329 	EXP 	None: markerPos = 6
203.3091 	DATA 	Keypress: 0
203.3152 	EXP 	None: markerPos = 6
203.3209 	EXP 	Created text = TextStim(__class__=<class 'psychopy.visual.text.TextStim'>, alignHoriz=method-wrapper(...), alignText='center', alignVert=method-wrapper(...), anchorHoriz='center', anchorVert='center', antialias=True, autoDraw=False, autoLog=True, bold=False, color=array([1., 1., 1.]), colorSpace='rgb', contrast=1.0, depth=0.0, draggable=False, flipHoriz=False, flipVert=False, font='Arial', fontFiles=[], height=0.06, italic=False, languageStyle='LTR', name='text', opacity=1, ori=0, pos=array([0. , 0.2]), rgb=UNKNOWN, text='How calm do you feel right now?', units='norm', win=Window(...), wrapWidth=1.2)
203.3496 	EXP 	Created None = Slider(__class__=<class 'psychopy.visual.slider.Slider'>, autoDraw=False, autoLog=True, borderColor=None, color=None, colorSpace='rgb', depth=0, fillColor=None, flip=False, font='Arial', granularity=1, labelColor=None, labelHeight=0.06, labelWrapWidth=None, labels=('Not at all', 'Very calm'), lineColor=None, markerColor=None, name=None, opacity=None, ori=0, pos=array([0., 0.]), readOnly=False, self=UNKNOWN, size=array([0.85, 0.1 ]), startValue=None, style='rating', styleTweaks=[], ticks=array([1, 9]), units='norm', win=Window(...))
203.3580 	EXP 	None: autoLog = True
203.3580 	EXP 	None: styleTweaks = []
203.3580 	EXP 	None: styleTweaks = []
203.3580 	EXP 	None: styleTweaks = []
203.3580 	EXP 	None: styleTweaks = []
203.3580 	EXP 	None: contrast = 1.0
203.3580 	EXP 	None: markerPos = None
203.3580 	EXP 	None: autoLog = True
203.3580 	EXP 	None: markerPos = 5
204.1525 	DATA 	Keypress: 2
204.1595 	EXP 	None: markerPos = 6
204.7609 	DATA 	Keypress: 0
204.7672 	EXP 	None: markerPos = 6
11.5988 	EXP 	DMN_BallTask: status = NOT_STARTED
11.6031 	WARNING 	Requested an unavailable screen number - using first available.
11.6061 	WARNING 	User requested fullscreen with size [1080 1080], but screen is actually [1920, 1200]. Using actual size
12.3160 	EXP 	Created window1 = Window(allowGUI=False, allowStencil=False, autoLog=True, backendConf=UNKNOWN, backgroundFit=<method-wrapper '__getattribute__' of attributeSetter object at 0x00000228C9E378B0>, backgroundImage=<method-wrapper '__getattribute__' of attributeSetter object at 0x00000228C9E37850>, bitsMode=UNKNOWN, blendMode='avg', bpc=(8, 8, 8), color=array([-1, -1, -1]), colorSpace='rgb', depthBits=8, fullscr=True, gamma=None, gammaErrorPolicy='raise', infoMsg=UNKNOWN, lms=UNKNOWN, monitor=<psychopy.monitors.calibTools.Monitor object at 0x00000228CF3EF0A0>, multiSample=False, name='window1', numSamples=2, pos=(0, 0), screen=1, size=array([1920, 1200]), stencilBits=0, stereo=False, title='PsychoPy', units='norm', useFBO=True, useRetina=False, viewOri=0.0, viewPos=None, viewScale=None, waitBlanking=True, winType='pyglet')
12.3160 	EXP 	window1: backgroundImage = None
12.3161 	EXP 	window1: backgroundFit = 'cover'
12.3184 	EXP 	window1: Attempting to measure frame rate of screen (1) ...
12.3184 	EXP 	window1: recordFrameIntervals = False
12.4819 	EXP 	window1: recordFrameIntervals = True
12.6668 	EXP 	Screen (1) actual frame rate measured at 59.65Hz
12.6668 	EXP 	window1: recordFrameIntervals = False
12.7201 	EXP 	Created text = TextStim(__class__=<class 'psychopy.visual.text.TextStim'>, alignHoriz=method-wrapper(...), alignText='center', alignVert=method-wrapper(...), anchorHoriz='center', anchorVert='center', antialias=True, autoDraw=False, autoLog=True, bold=False, color=array([1., 1., 1.]), colorSpace='rgb', contrast=1.0, depth=0.0, draggable=False, flipHoriz=False, flipVert=False, font='Arial', fontFiles=[], height=0.06, italic=False, languageStyle='LTR', name='text', opacity=1, ori=0, pos=array([0. , 0.2]), rgb=UNKNOWN, text=str(...), units='norm', win=Window(...), wrapWidth=1.2)
12.7211 	EXP 	Created text = TextStim(__class__=<class 'psychopy.visual.text.TextStim'>, alignHoriz=method-wrapper(...), alignText='center', alignVert=method-wrapper(...), anchorHoriz='center', anchorVert='center', antialias=True, autoDraw=False, autoLog=True, bold=False, color=array([1., 1., 1.]), colorSpace='rgb', contrast=1.0, depth=0.0, draggable=False, flipHoriz=False, flipVert=False, font='Arial', fontFiles=[], height=0.06, italic=False, languageStyle='LTR', name='text', opacity=1, ori=0, pos=array([0., 0.]), rgb=UNKNOWN, text='', units='norm', win=Window(...), wrapWidth=1.2)
12.7272 	EXP 	Created waiting_for_trigger_text = TextStim(__class__=<class 'psychopy.visual.text.TextStim'>, alignHoriz=method-wrapper(...), alignText='center', alignVert=method-wrapper(...), anchorHoriz='center', anchorVert='center', antialias=True, autoDraw=False, autoLog=True, bold=False, color=array([1., 1., 1.]), colorSpace='rgb', contrast=1.0, depth=0.0, draggable=False, flipHoriz=False, flipVert=False, font='Arial', fontFiles=[], height=0.1, italic=False, languageStyle='LTR', name='waiting_for_trigger_text', opacity=1, ori=0, pos=array([0., 0.]), rgb=UNKNOWN, text='waiting for scanner', units='norm', win=Window(...), wrapWidth=2)
12.7317 	EXP 	Created text_2 = TextStim(__class__=<class 'psychopy.visual.text.TextStim'>, alignHoriz=method-wrapper(...), alignText='center', alignVert=method-wrapper(...), anchorHoriz='center', anchorVert='center', antialias=True, autoDraw=False, autoLog=True, bold=False, color=array([1., 1., 1.]), colorSpace='rgb', contrast=1.0, depth=0.0, draggable=False, flipHoriz=False, flipVert=False, font='Arial', fontFiles=[], height=0.3, italic=False, languageStyle='LTR', name='text_2', opacity=1, ori=0, pos=array([0., 0.]), rgb=UNKNOWN, text='+', units='norm', win=Window(...), wrapWidth=1)
12.7359 	EXP 	Created text_relax = TextStim(__class__=<class 'psychopy.visual.text.TextStim'>, alignHoriz=method-wrapper(...), alignText='center', alignVert=method-wrapper(...), anchorHoriz='center', anchorVert='center', antialias=True, autoDraw=False, autoLog=True, bold=False, color=array([1., 1., 1.]), colorSpace='rgb', contrast=1.0, depth=0.0, draggable=False, flipHoriz=False, flipVert=False, font='Arial', fontFiles=[], height=0.07, italic=False, languageStyle='LTR', name='text_relax', opacity=1, ori=0, pos=array([ 0. , -0.2]), rgb=UNKNOWN, text='Relax', units='norm', win=Window(...), wrapWidth=1)
12.7408 	EXP 	Created text_4 = TextStim(__class__=<class 'psychopy.visual.text.TextStim'>, alignHoriz=method-wrapper(...), alignText='center', alignVert=method-wrapper(...), anchorHoriz='center', anchorVert='center', antialias=True, autoDraw=False, autoLog=True, bold=False, color=array([1., 1., 1.]), colorSpace='rgb', contrast=1.0, depth=-3.0, draggable=False, flipHoriz=False, flipVert=False, font='Arial', fontFiles=[], height=0.1, italic=False, languageStyle='LTR', name='text_4', opacity=1, ori=0, pos=array([0., 0.]), rgb=UNKNOWN, text='default text', units='norm', win=Window(...), wrapWidth=1)
12.7620 	EXP 	Created unnamed Circle = Circle(__class__=<class 'psychopy.visual.circle.Circle'>, anchor=('center', 'center'), autoDraw=False, autoLog=True, closeShape=True, color=method-wrapper(...), colorSpace='rgb', contrast=None, depth=0, draggable=False, fillColor=array([0, 0, 0]), fillColorSpace='rgb', fillRGB=array([0, 0, 0]), interpolate=True, lineColor=array([ 1.,  1., -1.]), lineColorSpace='rgb', lineRGB=array([ 1,  1, -1]), lineWidth=3, name='unnamed Circle', opacity=1, ori=0.0, pos=array([0.        , 0.33333333]), size=array([1., 1.]), units='norm', vertices=ndarray(...), win=Window(...), windingRule=None)
12.7799 	EXP 	Created unnamed Circle = Circle(__class__=<class 'psychopy.visual.circle.Circle'>, anchor=('center', 'center'), autoDraw=False, autoLog=True, closeShape=True, color=method-wrapper(...), colorSpace='rgb', contrast=None, depth=0, draggable=False, fillColor=array([0, 0, 0]), fillColorSpace='rgb', fillRGB=array([0, 0, 0]), interpolate=True, lineColor=array([0.35686275, 0.69411765, 0.80392157]), lineColorSpace='rgb', lineRGB=array([0.35686275, 0.69411765, 0.80392157]), lineWidth=3, name='unnamed Circle', opacity=1, ori=0.0, pos=array([ 0.        , -0.33333333]), size=array([1., 1.]), units='norm', vertices=ndarray(...), win=Window(...), windingRule=None)
12.7954 	EXP 	Created unnamed Circle = Circle(__class__=<class 'psychopy.visual.circle.Circle'>, anchor=('center', 'center'), autoDraw=False, autoLog=True, closeShape=True, color=method-wrapper(...), colorSpace='rgb', contrast=None, depth=0, draggable=False, fillColor=array([1, 1, 1]), fillColorSpace='rgb', fillRGB=array([1, 1, 1]), interpolate=True, lineColor=array([1., 1., 1.]), lineColorSpace='rgb', lineRGB=array([1, 1, 1]), lineWidth=1.5, name='unnamed Circle', opacity=1, ori=0.0, pos=array([0., 0.]), size=array([1., 1.]), units='norm', vertices=ndarray(...), win=Window(...), windingRule=None)
12.8085 	EXP 	Created unnamed Circle = Circle(__class__=<class 'psychopy.visual.circle.Circle'>, anchor=('center', 'center'), autoDraw=False, autoLog=True, closeShape=True, color=method-wrapper(...), colorSpace='rgb', contrast=None, depth=0, draggable=False, fillColor=array([1, 1, 1]), fillColorSpace='rgb', fillRGB=array([1, 1, 1]), interpolate=True, lineColor=array([1., 1., 1.]), lineColorSpace='rgb', lineRGB=array([1, 1, 1]), lineWidth=3, name='unnamed Circle', opacity=1, ori=0.0, pos=array([0., 0.]), size=array([1., 1.]), units='norm', vertices=ndarray(...), win=Window(...), windingRule=None)
12.8137 	EXP 	Created instruct_text = TextStim(__class__=<class 'psychopy.visual.text.TextStim'>, alignHoriz=method-wrapper(...), alignText='center', alignVert=method-wrapper(...), anchorHoriz='center', anchorVert='center', antialias=True, autoDraw=False, autoLog=True, bold=False, color=array([1., 1., 1.]), colorSpace='rgb', contrast=1.0, depth=0.0, draggable=False, flipHoriz=False, flipVert=False, font='Arial', fontFiles=[], height=0.06, italic=False, languageStyle='LTR', name='instruct_text', opacity=1, ori=0, pos=array([0., 0.]), rgb=UNKNOWN, text='replace me', units='norm', win=Window(...), wrapWidth=1.2)
12.8172 	EXP 	Created thank_you_end_run_text = TextStim(__class__=<class 'psychopy.visual.text.TextStim'>, alignHoriz=method-wrapper(...), alignText='center', alignVert=method-wrapper(...), anchorHoriz='center', anchorVert='center', antialias=True, autoDraw=False, autoLog=True, bold=False, color=array([1., 1., 1.]), colorSpace='rgb', contrast=1.0, depth=0.0, draggable=False, flipHoriz=False, flipVert=False, font='Arial', fontFiles=[], height=0.1, italic=False, languageStyle='LTR', name='thank_you_end_run_text', opacity=1, ori=0, pos=array([0., 0.]), rgb=UNKNOWN, text='thank you!', units='norm', win=Window(...), wrapWidth=1)
12.8293 	EXP 	instruct_text: height = 0.06
12.8293 	EXP 	instruct_text: height = 0.06
12.8293 	EXP 	instruct_text: height = 0.06
12.8293 	EXP 	instruct_text: text = "Great job! Now, you're going practice Mindful Describing for another 2.5min with more brain feedback from the ball. \n\nWhen the ball moves upwards, that corresponds to the describing practice."
13.0917 	DATA 	Keypress: space
13.0995 	EXP 	instruct_text: height = 0.06
13.0995 	EXP 	instruct_text: height = 0.06
13.0995 	EXP 	instruct_text: height = 0.06
13.0995 	EXP 	instruct_text: text = 'When you see the plus sign (+), just relax.\n\nOnce the circles appear, please start the Describing practice. This scan will last 2.5 min.'
13.2469 	DATA 	Keypress: space
13.2522 	EXP 	waiting_for_trigger_text: autoDraw = True
13.4021 	DATA 	Keypress: space
14.0705 	DATA 	Keypress: 5
14.0855 	EXP 	waiting_for_trigger_text: autoDraw = False
14.0855 	EXP 	text_2: autoDraw = True
14.0855 	EXP 	text_relax: autoDraw = True
44.0963 	EXP 	text_2: autoDraw = False
44.0963 	EXP 	text_relax: autoDraw = False
44.0963 	EXP 	text_2: autoDraw = False
44.5147 	EXP 	unnamed Circle: fillColor = <class 'numpy.ndarray'>
44.5147 	EXP 	unnamed Circle: fillColor = <class 'numpy.ndarray'>
45.7171 	EXP 	unnamed Circle: fillColor = <class 'numpy.ndarray'>
45.7171 	EXP 	unnamed Circle: fillColor = <class 'numpy.ndarray'>
46.9181 	EXP 	unnamed Circle: fillColor = <class 'numpy.ndarray'>
46.9181 	EXP 	unnamed Circle: fillColor = <class 'numpy.ndarray'>
48.1198 	EXP 	unnamed Circle: fillColor = <class 'numpy.ndarray'>
48.1198 	EXP 	unnamed Circle: fillColor = <class 'numpy.ndarray'>
49.3219 	EXP 	unnamed Circle: fillColor = <class 'numpy.ndarray'>
49.3219 	EXP 	unnamed Circle: fillColor = <class 'numpy.ndarray'>
50.5399 	EXP 	unnamed Circle: fillColor = <class 'numpy.ndarray'>
50.5399 	EXP 	unnamed Circle: fillColor = <class 'numpy.ndarray'>
51.7418 	EXP 	unnamed Circle: fillColor = <class 'numpy.ndarray'>
51.7418 	EXP 	unnamed Circle: fillColor = <class 'numpy.ndarray'>
52.9435 	EXP 	unnamed Circle: fillColor = <class 'numpy.ndarray'>
52.9435 	EXP 	unnamed Circle: fillColor = <class 'numpy.ndarray'>
54.1453 	EXP 	unnamed Circle: fillColor = <class 'numpy.ndarray'>
54.1453 	EXP 	unnamed Circle: fillColor = <class 'numpy.ndarray'>
55.3472 	EXP 	unnamed Circle: fillColor = <class 'numpy.ndarray'>
55.3472 	EXP 	unnamed Circle: fillColor = <class 'numpy.ndarray'>
56.5488 	EXP 	unnamed Circle: fillColor = <class 'numpy.ndarray'>
56.5488 	EXP 	unnamed Circle: fillColor = <class 'numpy.ndarray'>
57.7505 	EXP 	unnamed Circle: fillColor = <class 'numpy.ndarray'>
57.7505 	EXP 	unnamed Circle: fillColor = <class 'numpy.ndarray'>
58.9526 	EXP 	unnamed Circle: fillColor = <class 'numpy.ndarray'>
58.9526 	EXP 	unnamed Circle: fillColor = <class 'numpy.ndarray'>
60.1542 	EXP 	unnamed Circle: fillColor = <class 'numpy.ndarray'>
60.1542 	EXP 	unnamed Circle: fillColor = <class 'numpy.ndarray'>
61.3561 	EXP 	unnamed Circle: fillColor = <class 'numpy.ndarray'>
61.3561 	EXP 	unnamed Circle: fillColor = <class 'numpy.ndarray'>
62.5577 	EXP 	unnamed Circle: fillColor = <class 'numpy.ndarray'>
62.5577 	EXP 	unnamed Circle: fillColor = <class 'numpy.ndarray'>
63.7595 	EXP 	unnamed Circle: fillColor = <class 'numpy.ndarray'>
63.7595 	EXP 	unnamed Circle: fillColor = <class 'numpy.ndarray'>
64.9612 	EXP 	unnamed Circle: fillColor = <class 'numpy.ndarray'>
64.9612 	EXP 	unnamed Circle: fillColor = <class 'numpy.ndarray'>
66.1630 	EXP 	unnamed Circle: fillColor = <class 'numpy.ndarray'>
66.1630 	EXP 	unnamed Circle: fillColor = <class 'numpy.ndarray'>
67.3636 	EXP 	unnamed Circle: fillColor = <class 'numpy.ndarray'>
67.3636 	EXP 	unnamed Circle: radius = 0.135
67.3636 	EXP 	unnamed Circle: fillColor = 'white'
67.3636 	EXP 	unnamed Circle: fillColor = <class 'numpy.ndarray'>
68.5657 	EXP 	unnamed Circle: fillColor = <class 'numpy.ndarray'>
68.5657 	EXP 	unnamed Circle: fillColor = <class 'numpy.ndarray'>
69.7685 	EXP 	unnamed Circle: fillColor = <class 'numpy.ndarray'>
69.7685 	EXP 	unnamed Circle: fillColor = <class 'numpy.ndarray'>
70.9701 	EXP 	unnamed Circle: fillColor = <class 'numpy.ndarray'>
70.9701 	EXP 	unnamed Circle: fillColor = <class 'numpy.ndarray'>
72.1721 	EXP 	unnamed Circle: fillColor = <class 'numpy.ndarray'>
72.1721 	EXP 	unnamed Circle: fillColor = <class 'numpy.ndarray'>
73.3737 	EXP 	unnamed Circle: fillColor = <class 'numpy.ndarray'>
73.3737 	EXP 	unnamed Circle: fillColor = <class 'numpy.ndarray'>
74.5755 	EXP 	unnamed Circle: fillColor = <class 'numpy.ndarray'>
74.5755 	EXP 	unnamed Circle: fillColor = <class 'numpy.ndarray'>
75.7774 	EXP 	unnamed Circle: fillColor = <class 'numpy.ndarray'>
75.7774 	EXP 	unnamed Circle: fillColor = <class 'numpy.ndarray'>
76.9790 	EXP 	unnamed Circle: fillColor = <class 'numpy.ndarray'>
76.9790 	EXP 	unnamed Circle: fillColor = <class 'numpy.ndarray'>
78.1809 	EXP 	unnamed Circle: fillColor = <class 'numpy.ndarray'>
78.1809 	EXP 	unnamed Circle: fillColor = <class 'numpy.ndarray'>
79.3826 	EXP 	unnamed Circle: fillColor = <class 'numpy.ndarray'>
79.3826 	EXP 	unnamed Circle: fillColor = <class 'numpy.ndarray'>
80.5843 	EXP 	unnamed Circle: fillColor = <class 'numpy.ndarray'>
80.5843 	EXP 	unnamed Circle: fillColor = <class 'numpy.ndarray'>
81.7862 	EXP 	unnamed Circle: fillColor = <class 'numpy.ndarray'>
81.7862 	EXP 	unnamed Circle: fillColor = <class 'numpy.ndarray'>
82.9868 	EXP 	unnamed Circle: fillColor = <class 'numpy.ndarray'>
82.9868 	EXP 	unnamed Circle: fillColor = <class 'numpy.ndarray'>
82.9868 	EXP 	unnamed Circle: radius = 0.135
82.9868 	EXP 	unnamed Circle: fillColor = 'white'
84.1900 	EXP 	unnamed Circle: fillColor = <class 'numpy.ndarray'>
84.1900 	EXP 	unnamed Circle: fillColor = <class 'numpy.ndarray'>
85.3915 	EXP 	unnamed Circle: fillColor = <class 'numpy.ndarray'>
85.3915 	EXP 	unnamed Circle: fillColor = <class 'numpy.ndarray'>
86.5932 	EXP 	unnamed Circle: fillColor = <class 'numpy.ndarray'>
86.5932 	EXP 	unnamed Circle: fillColor = <class 'numpy.ndarray'>
87.7950 	EXP 	unnamed Circle: fillColor = <class 'numpy.ndarray'>
87.7950 	EXP 	unnamed Circle: fillColor = <class 'numpy.ndarray'>
88.9969 	EXP 	unnamed Circle: fillColor = <class 'numpy.ndarray'>
88.9969 	EXP 	unnamed Circle: fillColor = <class 'numpy.ndarray'>
90.1988 	EXP 	unnamed Circle: fillColor = <class 'numpy.ndarray'>
90.1988 	EXP 	unnamed Circle: fillColor = <class 'numpy.ndarray'>
91.4006 	EXP 	unnamed Circle: fillColor = <class 'numpy.ndarray'>
91.4006 	EXP 	unnamed Circle: fillColor = <class 'numpy.ndarray'>
92.6022 	EXP 	unnamed Circle: fillColor = <class 'numpy.ndarray'>
92.6022 	EXP 	unnamed Circle: fillColor = <class 'numpy.ndarray'>
93.8040 	EXP 	unnamed Circle: fillColor = <class 'numpy.ndarray'>
93.8040 	EXP 	unnamed Circle: fillColor = <class 'numpy.ndarray'>
95.0057 	EXP 	unnamed Circle: fillColor = <class 'numpy.ndarray'>
95.0057 	EXP 	unnamed Circle: fillColor = <class 'numpy.ndarray'>
96.2077 	EXP 	unnamed Circle: fillColor = <class 'numpy.ndarray'>
96.2077 	EXP 	unnamed Circle: fillColor = <class 'numpy.ndarray'>
97.4092 	EXP 	unnamed Circle: fillColor = <class 'numpy.ndarray'>
97.4092 	EXP 	unnamed Circle: fillColor = <class 'numpy.ndarray'>
98.6112 	EXP 	unnamed Circle: fillColor = <class 'numpy.ndarray'>
98.6112 	EXP 	unnamed Circle: fillColor = <class 'numpy.ndarray'>
99.8128 	EXP 	unnamed Circle: fillColor = <class 'numpy.ndarray'>
99.8128 	EXP 	unnamed Circle: fillColor = <class 'numpy.ndarray'>
101.0147 	EXP 	unnamed Circle: fillColor = <class 'numpy.ndarray'>
101.0147 	EXP 	unnamed Circle: fillColor = <class 'numpy.ndarray'>
102.2163 	EXP 	unnamed Circle: fillColor = <class 'numpy.ndarray'>
102.2163 	EXP 	unnamed Circle: fillColor = <class 'numpy.ndarray'>
103.4181 	EXP 	unnamed Circle: fillColor = <class 'numpy.ndarray'>
103.4181 	EXP 	unnamed Circle: fillColor = <class 'numpy.ndarray'>
104.6199 	EXP 	unnamed Circle: fillColor = <class 'numpy.ndarray'>
104.6199 	EXP 	unnamed Circle: fillColor = <class 'numpy.ndarray'>
105.8217 	EXP 	unnamed Circle: fillColor = <class 'numpy.ndarray'>
105.8217 	EXP 	unnamed Circle: fillColor = <class 'numpy.ndarray'>
107.0236 	EXP 	unnamed Circle: fillColor = <class 'numpy.ndarray'>
107.0236 	EXP 	unnamed Circle: fillColor = <class 'numpy.ndarray'>
108.2252 	EXP 	unnamed Circle: fillColor = <class 'numpy.ndarray'>
108.2252 	EXP 	unnamed Circle: fillColor = <class 'numpy.ndarray'>
109.4273 	EXP 	unnamed Circle: fillColor = <class 'numpy.ndarray'>
109.4273 	EXP 	unnamed Circle: fillColor = <class 'numpy.ndarray'>
110.6287 	EXP 	unnamed Circle: fillColor = <class 'numpy.ndarray'>
110.6287 	EXP 	unnamed Circle: fillColor = <class 'numpy.ndarray'>
111.8306 	EXP 	unnamed Circle: fillColor = <class 'numpy.ndarray'>
111.8306 	EXP 	unnamed Circle: fillColor = <class 'numpy.ndarray'>
113.0325 	EXP 	unnamed Circle: fillColor = <class 'numpy.ndarray'>
113.0325 	EXP 	unnamed Circle: fillColor = <class 'numpy.ndarray'>
114.2343 	EXP 	unnamed Circle: fillColor = <class 'numpy.ndarray'>
114.2343 	EXP 	unnamed Circle: fillColor = <class 'numpy.ndarray'>
115.4517 	EXP 	unnamed Circle: fillColor = <class 'numpy.ndarray'>
115.4517 	EXP 	unnamed Circle: fillColor = <class 'numpy.ndarray'>
115.4517 	EXP 	unnamed Circle: radius = 0.12150000000000001
115.4517 	EXP 	unnamed Circle: fillColor = 'white'
116.6544 	EXP 	unnamed Circle: fillColor = <class 'numpy.ndarray'>
116.6544 	EXP 	unnamed Circle: fillColor = <class 'numpy.ndarray'>
117.8561 	EXP 	unnamed Circle: fillColor = <class 'numpy.ndarray'>
117.8561 	EXP 	unnamed Circle: fillColor = <class 'numpy.ndarray'>
119.0579 	EXP 	unnamed Circle: fillColor = <class 'numpy.ndarray'>
119.0579 	EXP 	unnamed Circle: fillColor = <class 'numpy.ndarray'>
120.2599 	EXP 	unnamed Circle: fillColor = <class 'numpy.ndarray'>
120.2599 	EXP 	unnamed Circle: fillColor = <class 'numpy.ndarray'>
121.4616 	EXP 	unnamed Circle: fillColor = <class 'numpy.ndarray'>
121.4616 	EXP 	unnamed Circle: fillColor = <class 'numpy.ndarray'>
122.6632 	EXP 	unnamed Circle: fillColor = <class 'numpy.ndarray'>
122.6632 	EXP 	unnamed Circle: fillColor = <class 'numpy.ndarray'>
123.8652 	EXP 	unnamed Circle: fillColor = <class 'numpy.ndarray'>
123.8652 	EXP 	unnamed Circle: fillColor = <class 'numpy.ndarray'>
125.0668 	EXP 	unnamed Circle: fillColor = <class 'numpy.ndarray'>
125.0668 	EXP 	unnamed Circle: fillColor = <class 'numpy.ndarray'>
126.2686 	EXP 	unnamed Circle: fillColor = <class 'numpy.ndarray'>
126.2686 	EXP 	unnamed Circle: fillColor = <class 'numpy.ndarray'>
127.4705 	EXP 	unnamed Circle: fillColor = <class 'numpy.ndarray'>
127.4705 	EXP 	unnamed Circle: fillColor = <class 'numpy.ndarray'>
128.6721 	EXP 	unnamed Circle: fillColor = <class 'numpy.ndarray'>
128.6721 	EXP 	unnamed Circle: fillColor = <class 'numpy.ndarray'>
129.8724 	EXP 	unnamed Circle: fillColor = <class 'numpy.ndarray'>
129.8724 	EXP 	unnamed Circle: radius = 0.12150000000000001
129.8724 	EXP 	unnamed Circle: fillColor = 'white'
129.8724 	EXP 	unnamed Circle: fillColor = <class 'numpy.ndarray'>
131.0757 	EXP 	unnamed Circle: fillColor = <class 'numpy.ndarray'>
131.0757 	EXP 	unnamed Circle: fillColor = <class 'numpy.ndarray'>
132.2774 	EXP 	unnamed Circle: fillColor = <class 'numpy.ndarray'>
132.2774 	EXP 	unnamed Circle: fillColor = <class 'numpy.ndarray'>
133.4795 	EXP 	unnamed Circle: fillColor = <class 'numpy.ndarray'>
133.4795 	EXP 	unnamed Circle: fillColor = <class 'numpy.ndarray'>
134.6810 	EXP 	unnamed Circle: fillColor = <class 'numpy.ndarray'>
134.6810 	EXP 	unnamed Circle: fillColor = <class 'numpy.ndarray'>
135.8830 	EXP 	unnamed Circle: fillColor = <class 'numpy.ndarray'>
135.8830 	EXP 	unnamed Circle: fillColor = <class 'numpy.ndarray'>
137.0846 	EXP 	unnamed Circle: fillColor = <class 'numpy.ndarray'>
137.0846 	EXP 	unnamed Circle: fillColor = <class 'numpy.ndarray'>
138.2852 	EXP 	unnamed Circle: fillColor = <class 'numpy.ndarray'>
138.2852 	EXP 	unnamed Circle: radius = 0.10935000000000002
138.2852 	EXP 	unnamed Circle: fillColor = 'white'
138.2852 	EXP 	unnamed Circle: fillColor = <class 'numpy.ndarray'>
139.4882 	EXP 	unnamed Circle: fillColor = <class 'numpy.ndarray'>
139.4882 	EXP 	unnamed Circle: fillColor = <class 'numpy.ndarray'>
140.6900 	EXP 	unnamed Circle: fillColor = <class 'numpy.ndarray'>
140.6900 	EXP 	unnamed Circle: fillColor = <class 'numpy.ndarray'>
141.8918 	EXP 	unnamed Circle: fillColor = <class 'numpy.ndarray'>
141.8918 	EXP 	unnamed Circle: fillColor = <class 'numpy.ndarray'>
143.0934 	EXP 	unnamed Circle: fillColor = <class 'numpy.ndarray'>
143.0934 	EXP 	unnamed Circle: fillColor = <class 'numpy.ndarray'>
144.2956 	EXP 	unnamed Circle: fillColor = <class 'numpy.ndarray'>
144.2956 	EXP 	unnamed Circle: fillColor = <class 'numpy.ndarray'>
145.4979 	EXP 	unnamed Circle: fillColor = <class 'numpy.ndarray'>
145.4979 	EXP 	unnamed Circle: fillColor = <class 'numpy.ndarray'>
146.6988 	EXP 	unnamed Circle: fillColor = <class 'numpy.ndarray'>
146.6988 	EXP 	unnamed Circle: fillColor = <class 'numpy.ndarray'>
147.9006 	EXP 	unnamed Circle: fillColor = <class 'numpy.ndarray'>
147.9006 	EXP 	unnamed Circle: fillColor = <class 'numpy.ndarray'>
149.1024 	EXP 	unnamed Circle: fillColor = <class 'numpy.ndarray'>
149.1024 	EXP 	unnamed Circle: fillColor = <class 'numpy.ndarray'>
150.3044 	EXP 	unnamed Circle: fillColor = <class 'numpy.ndarray'>
150.3044 	EXP 	unnamed Circle: fillColor = <class 'numpy.ndarray'>
151.5060 	EXP 	unnamed Circle: fillColor = <class 'numpy.ndarray'>
151.5060 	EXP 	unnamed Circle: fillColor = <class 'numpy.ndarray'>
152.7078 	EXP 	unnamed Circle: fillColor = <class 'numpy.ndarray'>
152.7078 	EXP 	unnamed Circle: fillColor = <class 'numpy.ndarray'>
153.9095 	EXP 	unnamed Circle: fillColor = <class 'numpy.ndarray'>
153.9095 	EXP 	unnamed Circle: fillColor = <class 'numpy.ndarray'>
155.1113 	EXP 	unnamed Circle: fillColor = <class 'numpy.ndarray'>
155.1113 	EXP 	unnamed Circle: fillColor = <class 'numpy.ndarray'>
156.3132 	EXP 	unnamed Circle: fillColor = <class 'numpy.ndarray'>
156.3132 	EXP 	unnamed Circle: fillColor = <class 'numpy.ndarray'>
157.5147 	EXP 	unnamed Circle: fillColor = <class 'numpy.ndarray'>
157.5147 	EXP 	unnamed Circle: fillColor = <class 'numpy.ndarray'>
158.7167 	EXP 	unnamed Circle: fillColor = <class 'numpy.ndarray'>
158.7167 	EXP 	unnamed Circle: fillColor = <class 'numpy.ndarray'>
159.9184 	EXP 	unnamed Circle: fillColor = <class 'numpy.ndarray'>
159.9184 	EXP 	unnamed Circle: fillColor = <class 'numpy.ndarray'>
161.1202 	EXP 	unnamed Circle: fillColor = <class 'numpy.ndarray'>
161.1202 	EXP 	unnamed Circle: fillColor = <class 'numpy.ndarray'>
162.3219 	EXP 	unnamed Circle: fillColor = <class 'numpy.ndarray'>
162.3219 	EXP 	unnamed Circle: fillColor = <class 'numpy.ndarray'>
163.5237 	EXP 	unnamed Circle: fillColor = <class 'numpy.ndarray'>
163.5237 	EXP 	unnamed Circle: fillColor = <class 'numpy.ndarray'>
164.7256 	EXP 	unnamed Circle: fillColor = <class 'numpy.ndarray'>
164.7256 	EXP 	unnamed Circle: fillColor = <class 'numpy.ndarray'>
165.9279 	EXP 	unnamed Circle: fillColor = <class 'numpy.ndarray'>
165.9279 	EXP 	unnamed Circle: radius = 0.09841500000000002
165.9279 	EXP 	unnamed Circle: fillColor = 'white'
165.9279 	EXP 	unnamed Circle: fillColor = <class 'numpy.ndarray'>
167.1292 	EXP 	unnamed Circle: fillColor = <class 'numpy.ndarray'>
167.1292 	EXP 	unnamed Circle: fillColor = <class 'numpy.ndarray'>
168.3308 	EXP 	unnamed Circle: fillColor = <class 'numpy.ndarray'>
168.3308 	EXP 	unnamed Circle: fillColor = <class 'numpy.ndarray'>
169.5327 	EXP 	unnamed Circle: fillColor = <class 'numpy.ndarray'>
169.5327 	EXP 	unnamed Circle: fillColor = <class 'numpy.ndarray'>
170.7344 	EXP 	unnamed Circle: fillColor = <class 'numpy.ndarray'>
170.7344 	EXP 	unnamed Circle: fillColor = <class 'numpy.ndarray'>
171.9361 	EXP 	unnamed Circle: fillColor = <class 'numpy.ndarray'>
171.9361 	EXP 	unnamed Circle: fillColor = <class 'numpy.ndarray'>
173.1381 	EXP 	unnamed Circle: fillColor = <class 'numpy.ndarray'>
173.1381 	EXP 	unnamed Circle: fillColor = <class 'numpy.ndarray'>
174.3397 	EXP 	unnamed Circle: fillColor = <class 'numpy.ndarray'>
174.3397 	EXP 	unnamed Circle: fillColor = <class 'numpy.ndarray'>
175.5406 	EXP 	unnamed Circle: fillColor = <class 'numpy.ndarray'>
175.5406 	EXP 	unnamed Circle: fillColor = <class 'numpy.ndarray'>
175.5406 	EXP 	unnamed Circle: radius = 0.10935000000000002
175.5406 	EXP 	unnamed Circle: fillColor = 'white'
176.7434 	EXP 	unnamed Circle: fillColor = <class 'numpy.ndarray'>
176.7434 	EXP 	unnamed Circle: fillColor = <class 'numpy.ndarray'>
177.9452 	EXP 	unnamed Circle: fillColor = <class 'numpy.ndarray'>
177.9452 	EXP 	unnamed Circle: fillColor = <class 'numpy.ndarray'>
179.1469 	EXP 	unnamed Circle: fillColor = <class 'numpy.ndarray'>
179.1469 	EXP 	unnamed Circle: fillColor = <class 'numpy.ndarray'>
180.3486 	EXP 	unnamed Circle: fillColor = <class 'numpy.ndarray'>
180.3486 	EXP 	unnamed Circle: fillColor = <class 'numpy.ndarray'>
181.5505 	EXP 	unnamed Circle: fillColor = <class 'numpy.ndarray'>
181.5505 	EXP 	unnamed Circle: fillColor = <class 'numpy.ndarray'>
182.7521 	EXP 	unnamed Circle: fillColor = <class 'numpy.ndarray'>
182.7521 	EXP 	unnamed Circle: fillColor = <class 'numpy.ndarray'>
183.9541 	EXP 	unnamed Circle: fillColor = <class 'numpy.ndarray'>
183.9541 	EXP 	unnamed Circle: fillColor = <class 'numpy.ndarray'>
185.1557 	EXP 	unnamed Circle: fillColor = <class 'numpy.ndarray'>
185.1557 	EXP 	unnamed Circle: fillColor = <class 'numpy.ndarray'>
186.3577 	EXP 	unnamed Circle: fillColor = <class 'numpy.ndarray'>
186.3577 	EXP 	unnamed Circle: fillColor = <class 'numpy.ndarray'>
187.5592 	EXP 	unnamed Circle: fillColor = <class 'numpy.ndarray'>
187.5592 	EXP 	unnamed Circle: fillColor = <class 'numpy.ndarray'>
188.7610 	EXP 	unnamed Circle: fillColor = <class 'numpy.ndarray'>
188.7610 	EXP 	unnamed Circle: fillColor = <class 'numpy.ndarray'>
189.9630 	EXP 	unnamed Circle: fillColor = <class 'numpy.ndarray'>
189.9630 	EXP 	unnamed Circle: fillColor = <class 'numpy.ndarray'>
191.1646 	EXP 	unnamed Circle: fillColor = <class 'numpy.ndarray'>
191.1646 	EXP 	unnamed Circle: fillColor = <class 'numpy.ndarray'>
192.3664 	EXP 	unnamed Circle: fillColor = <class 'numpy.ndarray'>
192.3664 	EXP 	unnamed Circle: fillColor = <class 'numpy.ndarray'>
193.5681 	EXP 	unnamed Circle: fillColor = <class 'numpy.ndarray'>
193.5681 	EXP 	unnamed Circle: fillColor = <class 'numpy.ndarray'>
194.4353 	EXP 	text_2: autoDraw = True
195.0949 	EXP 	text_2: autoDraw = False
196.7514 	DATA 	Keypress: 1
196.7560 	EXP 	Created text = TextStim(__class__=<class 'psychopy.visual.text.TextStim'>, alignHoriz=method-wrapper(...), alignText='center', alignVert=method-wrapper(...), anchorHoriz='center', anchorVert='center', antialias=True, autoDraw=False, autoLog=True, bold=False, color=array([1., 1., 1.]), colorSpace='rgb', contrast=1.0, depth=0.0, draggable=False, flipHoriz=False, flipVert=False, font='Arial', fontFiles=[], height=0.06, italic=False, languageStyle='LTR', name='text', opacity=1, ori=0, pos=array([0. , 0.2]), rgb=UNKNOWN, text=str(...), units='norm', win=Window(...), wrapWidth=1.2)
196.8035 	EXP 	Created None = Slider(__class__=<class 'psychopy.visual.slider.Slider'>, autoDraw=False, autoLog=True, borderColor=None, color=None, colorSpace='rgb', depth=0, fillColor=None, flip=False, font='Arial', granularity=1, labelColor=None, labelHeight=0.06, labelWrapWidth=None, labels=('Never', 'Always'), lineColor=None, markerColor=None, name=None, opacity=None, ori=0, pos=array([0., 0.]), readOnly=False, self=UNKNOWN, size=array([0.85, 0.1 ]), startValue=None, style='rating', styleTweaks=[], ticks=array([1, 9]), units='norm', win=Window(...))
196.8125 	EXP 	None: autoLog = True
196.8125 	EXP 	None: styleTweaks = []
196.8125 	EXP 	None: styleTweaks = []
196.8125 	EXP 	None: styleTweaks = []
196.8125 	EXP 	None: styleTweaks = []
196.8125 	EXP 	None: contrast = 1.0
196.8125 	EXP 	None: markerPos = None
196.8125 	EXP 	None: autoLog = True
196.8125 	EXP 	None: markerPos = 5
199.0068 	DATA 	Keypress: 2
199.0134 	EXP 	None: markerPos = 6
200.0031 	DATA 	Keypress: 0
200.0090 	EXP 	None: markerPos = 6
200.0142 	EXP 	Created text = TextStim(__class__=<class 'psychopy.visual.text.TextStim'>, alignHoriz=method-wrapper(...), alignText='center', alignVert=method-wrapper(...), anchorHoriz='center', anchorVert='center', antialias=True, autoDraw=False, autoLog=True, bold=False, color=array([1., 1., 1.]), colorSpace='rgb', contrast=1.0, depth=0.0, draggable=False, flipHoriz=False, flipVert=False, font='Arial', fontFiles=[], height=0.06, italic=False, languageStyle='LTR', name='text', opacity=1, ori=0, pos=array([0. , 0.2]), rgb=UNKNOWN, text=str(...), units='norm', win=Window(...), wrapWidth=1.2)
200.0458 	EXP 	Created None = Slider(__class__=<class 'psychopy.visual.slider.Slider'>, autoDraw=False, autoLog=True, borderColor=None, color=None, colorSpace='rgb', depth=0, fillColor=None, flip=False, font='Arial', granularity=1, labelColor=None, labelHeight=0.06, labelWrapWidth=None, labels=('Never', 'All the time'), lineColor=None, markerColor=None, name=None, opacity=None, ori=0, pos=array([0., 0.]), readOnly=False, self=UNKNOWN, size=array([0.85, 0.1 ]), startValue=None, style='rating', styleTweaks=[], ticks=array([1, 9]), units='norm', win=Window(...))
200.0547 	EXP 	None: autoLog = True
200.0547 	EXP 	None: styleTweaks = []
200.0547 	EXP 	None: styleTweaks = []
200.0547 	EXP 	None: styleTweaks = []
200.0547 	EXP 	None: styleTweaks = []
200.0547 	EXP 	None: contrast = 1.0
200.0547 	EXP 	None: markerPos = None
200.0547 	EXP 	None: autoLog = True
200.0547 	EXP 	None: markerPos = 5
201.0212 	DATA 	Keypress: 2
201.0286 	EXP 	None: markerPos = 6
201.6599 	DATA 	Keypress: 0
201.6652 	EXP 	None: markerPos = 6
201.6695 	EXP 	Created text = TextStim(__class__=<class 'psychopy.visual.text.TextStim'>, alignHoriz=method-wrapper(...), alignText='center', alignVert=method-wrapper(...), anchorHoriz='center', anchorVert='center', antialias=True, autoDraw=False, autoLog=True, bold=False, color=array([1., 1., 1.]), colorSpace='rgb', contrast=1.0, depth=0.0, draggable=False, flipHoriz=False, flipVert=False, font='Arial', fontFiles=[], height=0.06, italic=False, languageStyle='LTR', name='text', opacity=1, ori=0, pos=array([0. , 0.2]), rgb=UNKNOWN, text=str(...), units='norm', win=Window(...), wrapWidth=1.2)
201.7065 	EXP 	Created None = Slider(__class__=<class 'psychopy.visual.slider.Slider'>, autoDraw=False, autoLog=True, borderColor=None, color=None, colorSpace='rgb', depth=0, fillColor=None, flip=False, font='Arial', granularity=1, labelColor=None, labelHeight=0.06, labelWrapWidth=None, labels=('Not at all', 'Very Difficult'), lineColor=None, markerColor=None, name=None, opacity=None, ori=0, pos=array([0., 0.]), readOnly=False, self=UNKNOWN, size=array([0.85, 0.1 ]), startValue=None, style='rating', styleTweaks=[], ticks=array([1, 9]), units='norm', win=Window(...))
201.7156 	EXP 	None: autoLog = True
201.7156 	EXP 	None: styleTweaks = []
201.7156 	EXP 	None: styleTweaks = []
201.7156 	EXP 	None: styleTweaks = []
201.7156 	EXP 	None: styleTweaks = []
201.7156 	EXP 	None: contrast = 1.0
201.7156 	EXP 	None: markerPos = None
201.7156 	EXP 	None: autoLog = True
201.7156 	EXP 	None: markerPos = 5
202.6252 	DATA 	Keypress: 2
202.6329 	EXP 	None: markerPos = 6
203.3091 	DATA 	Keypress: 0
203.3152 	EXP 	None: markerPos = 6
203.3209 	EXP 	Created text = TextStim(__class__=<class 'psychopy.visual.text.TextStim'>, alignHoriz=method-wrapper(...), alignText='center', alignVert=method-wrapper(...), anchorHoriz='center', anchorVert='center', antialias=True, autoDraw=False, autoLog=True, bold=False, color=array([1., 1., 1.]), colorSpace='rgb', contrast=1.0, depth=0.0, draggable=False, flipHoriz=False, flipVert=False, font='Arial', fontFiles=[], height=0.06, italic=False, languageStyle='LTR', name='text', opacity=1, ori=0, pos=array([0. , 0.2]), rgb=UNKNOWN, text='How calm do you feel right now?', units='norm', win=Window(...), wrapWidth=1.2)
203.3496 	EXP 	Created None = Slider(__class__=<class 'psychopy.visual.slider.Slider'>, autoDraw=False, autoLog=True, borderColor=None, color=None, colorSpace='rgb', depth=0, fillColor=None, flip=False, font='Arial', granularity=1, labelColor=None, labelHeight=0.06, labelWrapWidth=None, labels=('Not at all', 'Very calm'), lineColor=None, markerColor=None, name=None, opacity=None, ori=0, pos=array([0., 0.]), readOnly=False, self=UNKNOWN, size=array([0.85, 0.1 ]), startValue=None, style='rating', styleTweaks=[], ticks=array([1, 9]), units='norm', win=Window(...))
203.3580 	EXP 	None: autoLog = True
203.3580 	EXP 	None: styleTweaks = []
203.3580 	EXP 	None: styleTweaks = []
203.3580 	EXP 	None: styleTweaks = []
203.3580 	EXP 	None: styleTweaks = []
203.3580 	EXP 	None: contrast = 1.0
203.3580 	EXP 	None: markerPos = None
203.3580 	EXP 	None: autoLog = True
203.3580 	EXP 	None: markerPos = 5
204.1525 	DATA 	Keypress: 2
204.1595 	EXP 	None: markerPos = 6
204.7609 	DATA 	Keypress: 0
204.7672 	EXP 	None: markerPos = 6
