17.1159 	EXP 	DMN_BallTask: status = NOT_STARTED
17.1199 	WARNING 	Requested an unavailable screen number - using first available.
17.1233 	WARNING 	User requested fullscreen with size [1080 1080], but screen is actually [1920, 1200]. Using actual size
17.8406 	EXP 	Created window1 = Window(allowGUI=False, allowStencil=False, autoLog=True, backendConf=UNKNOWN, backgroundFit=<method-wrapper '__getattribute__' of attributeSetter object at 0x000001F76DE488B0>, backgroundImage=<method-wrapper '__getattribute__' of attributeSetter object at 0x000001F76DE48850>, bitsMode=UNKNOWN, blendMode='avg', bpc=(8, 8, 8), color=array([-1, -1, -1]), colorSpace='rgb', depthBits=8, fullscr=True, gamma=None, gammaErrorPolicy='raise', infoMsg=UNKNOWN, lms=UNKNOWN, monitor=<psychopy.monitors.calibTools.Monitor object at 0x000001F773421A90>, multiSample=False, name='window1', numSamples=2, pos=(0, 0), screen=1, size=array([1920, 1200]), stencilBits=0, stereo=False, title='PsychoPy', units='norm', useFBO=True, useRetina=False, viewOri=0.0, viewPos=None, viewScale=None, waitBlanking=True, winType='pyglet')
17.8406 	EXP 	window1: backgroundImage = None
17.8407 	EXP 	window1: backgroundFit = 'cover'
17.8421 	EXP 	window1: Attempting to measure frame rate of screen (1) ...
17.8421 	EXP 	window1: recordFrameIntervals = False
18.0043 	EXP 	window1: recordFrameIntervals = True
18.3387 	EXP 	Screen (1) actual frame rate measured at 59.75Hz
18.3388 	EXP 	window1: recordFrameIntervals = False
18.3912 	EXP 	Created text = TextStim(__class__=<class 'psychopy.visual.text.TextStim'>, alignHoriz=method-wrapper(...), alignText='center', alignVert=method-wrapper(...), anchorHoriz='center', anchorVert='center', antialias=True, autoDraw=False, autoLog=True, bold=False, color=array([1., 1., 1.]), colorSpace='rgb', contrast=1.0, depth=0.0, draggable=False, flipHoriz=False, flipVert=False, font='Arial', fontFiles=[], height=0.06, italic=False, languageStyle='LTR', name='text', opacity=1, ori=0, pos=array([0. , 0.2]), rgb=UNKNOWN, text=str(...), units='norm', win=Window(...), wrapWidth=1.2)
18.3921 	EXP 	Created text = TextStim(__class__=<class 'psychopy.visual.text.TextStim'>, alignHoriz=method-wrapper(...), alignText='center', alignVert=method-wrapper(...), anchorHoriz='center', anchorVert='center', antialias=True, autoDraw=False, autoLog=True, bold=False, color=array([1., 1., 1.]), colorSpace='rgb', contrast=1.0, depth=0.0, draggable=False, flipHoriz=False, flipVert=False, font='Arial', fontFiles=[], height=0.06, italic=False, languageStyle='LTR', name='text', opacity=1, ori=0, pos=array([0., 0.]), rgb=UNKNOWN, text='', units='norm', win=Window(...), wrapWidth=1.2)
18.3977 	EXP 	Created waiting_for_trigger_text = TextStim(__class__=<class 'psychopy.visual.text.TextStim'>, alignHoriz=method-wrapper(...), alignText='center', alignVert=method-wrapper(...), anchorHoriz='center', anchorVert='center', antialias=True, autoDraw=False, autoLog=True, bold=False, color=array([1., 1., 1.]), colorSpace='rgb', contrast=1.0, depth=0.0, draggable=False, flipHoriz=False, flipVert=False, font='Arial', fontFiles=[], height=0.1, italic=False, languageStyle='LTR', name='waiting_for_trigger_text', opacity=1, ori=0, pos=array([0., 0.]), rgb=UNKNOWN, text='waiting for scanner', units='norm', win=Window(...), wrapWidth=2)
18.4025 	EXP 	Created text_2 = TextStim(__class__=<class 'psychopy.visual.text.TextStim'>, alignHoriz=method-wrapper(...), alignText='center', alignVert=method-wrapper(...), anchorHoriz='center', anchorVert='center', antialias=True, autoDraw=False, autoLog=True, bold=False, color=array([1., 1., 1.]), colorSpace='rgb', contrast=1.0, depth=0.0, draggable=False, flipHoriz=False, flipVert=False, font='Arial', fontFiles=[], height=0.3, italic=False, languageStyle='LTR', name='text_2', opacity=1, ori=0, pos=array([0., 0.]), rgb=UNKNOWN, text='+', units='norm', win=Window(...), wrapWidth=1)
18.4069 	EXP 	Created text_relax = TextStim(__class__=<class 'psychopy.visual.text.TextStim'>, alignHoriz=method-wrapper(...), alignText='center', alignVert=method-wrapper(...), anchorHoriz='center', anchorVert='center', antialias=True, autoDraw=False, autoLog=True, bold=False, color=array([1., 1., 1.]), colorSpace='rgb', contrast=1.0, depth=0.0, draggable=False, flipHoriz=False, flipVert=False, font='Arial', fontFiles=[], height=0.07, italic=False, languageStyle='LTR', name='text_relax', opacity=1, ori=0, pos=array([ 0. , -0.2]), rgb=UNKNOWN, text='Relax', units='norm', win=Window(...), wrapWidth=1)
18.4118 	EXP 	Created text_4 = TextStim(__class__=<class 'psychopy.visual.text.TextStim'>, alignHoriz=method-wrapper(...), alignText='center', alignVert=method-wrapper(...), anchorHoriz='center', anchorVert='center', antialias=True, autoDraw=False, autoLog=True, bold=False, color=array([1., 1., 1.]), colorSpace='rgb', contrast=1.0, depth=-3.0, draggable=False, flipHoriz=False, flipVert=False, font='Arial', fontFiles=[], height=0.1, italic=False, languageStyle='LTR', name='text_4', opacity=1, ori=0, pos=array([0., 0.]), rgb=UNKNOWN, text='default text', units='norm', win=Window(...), wrapWidth=1)
18.4333 	EXP 	Created unnamed Circle = Circle(__class__=<class 'psychopy.visual.circle.Circle'>, anchor=('center', 'center'), autoDraw=False, autoLog=True, closeShape=True, color=method-wrapper(...), colorSpace='rgb', contrast=None, depth=0, draggable=False, fillColor=array([0, 0, 0]), fillColorSpace='rgb', fillRGB=array([0, 0, 0]), interpolate=True, lineColor=array([ 1.,  1., -1.]), lineColorSpace='rgb', lineRGB=array([ 1,  1, -1]), lineWidth=3, name='unnamed Circle', opacity=1, ori=0.0, pos=array([0.        , 0.33333333]), size=array([1., 1.]), units='norm', vertices=ndarray(...), win=Window(...), windingRule=None)
18.4504 	EXP 	Created unnamed Circle = Circle(__class__=<class 'psychopy.visual.circle.Circle'>, anchor=('center', 'center'), autoDraw=False, autoLog=True, closeShape=True, color=method-wrapper(...), colorSpace='rgb', contrast=None, depth=0, draggable=False, fillColor=array([0, 0, 0]), fillColorSpace='rgb', fillRGB=array([0, 0, 0]), interpolate=True, lineColor=array([0.35686275, 0.69411765, 0.80392157]), lineColorSpace='rgb', lineRGB=array([0.35686275, 0.69411765, 0.80392157]), lineWidth=3, name='unnamed Circle', opacity=1, ori=0.0, pos=array([ 0.        , -0.33333333]), size=array([1., 1.]), units='norm', vertices=ndarray(...), win=Window(...), windingRule=None)
18.4666 	EXP 	Created unnamed Circle = Circle(__class__=<class 'psychopy.visual.circle.Circle'>, anchor=('center', 'center'), autoDraw=False, autoLog=True, closeShape=True, color=method-wrapper(...), colorSpace='rgb', contrast=None, depth=0, draggable=False, fillColor=array([1, 1, 1]), fillColorSpace='rgb', fillRGB=array([1, 1, 1]), interpolate=True, lineColor=array([1., 1., 1.]), lineColorSpace='rgb', lineRGB=array([1, 1, 1]), lineWidth=1.5, name='unnamed Circle', opacity=1, ori=0.0, pos=array([0., 0.]), size=array([1., 1.]), units='norm', vertices=ndarray(...), win=Window(...), windingRule=None)
18.4805 	EXP 	Created unnamed Circle = Circle(__class__=<class 'psychopy.visual.circle.Circle'>, anchor=('center', 'center'), autoDraw=False, autoLog=True, closeShape=True, color=method-wrapper(...), colorSpace='rgb', contrast=None, depth=0, draggable=False, fillColor=array([1, 1, 1]), fillColorSpace='rgb', fillRGB=array([1, 1, 1]), interpolate=True, lineColor=array([1., 1., 1.]), lineColorSpace='rgb', lineRGB=array([1, 1, 1]), lineWidth=3, name='unnamed Circle', opacity=1, ori=0.0, pos=array([0., 0.]), size=array([1., 1.]), units='norm', vertices=ndarray(...), win=Window(...), windingRule=None)
18.4854 	EXP 	Created instruct_text = TextStim(__class__=<class 'psychopy.visual.text.TextStim'>, alignHoriz=method-wrapper(...), alignText='center', alignVert=method-wrapper(...), anchorHoriz='center', anchorVert='center', antialias=True, autoDraw=False, autoLog=True, bold=False, color=array([1., 1., 1.]), colorSpace='rgb', contrast=1.0, depth=0.0, draggable=False, flipHoriz=False, flipVert=False, font='Arial', fontFiles=[], height=0.06, italic=False, languageStyle='LTR', name='instruct_text', opacity=1, ori=0, pos=array([0., 0.]), rgb=UNKNOWN, text='replace me', units='norm', win=Window(...), wrapWidth=1.2)
18.4889 	EXP 	Created thank_you_end_run_text = TextStim(__class__=<class 'psychopy.visual.text.TextStim'>, alignHoriz=method-wrapper(...), alignText='center', alignVert=method-wrapper(...), anchorHoriz='center', anchorVert='center', antialias=True, autoDraw=False, autoLog=True, bold=False, color=array([1., 1., 1.]), colorSpace='rgb', contrast=1.0, depth=0.0, draggable=False, flipHoriz=False, flipVert=False, font='Arial', fontFiles=[], height=0.1, italic=False, languageStyle='LTR', name='thank_you_end_run_text', opacity=1, ori=0, pos=array([0., 0.]), rgb=UNKNOWN, text='thank you!', units='norm', win=Window(...), wrapWidth=1)
18.5048 	EXP 	instruct_text: height = 0.06
18.5048 	EXP 	instruct_text: height = 0.06
18.5048 	EXP 	instruct_text: height = 0.06
18.5048 	EXP 	instruct_text: text = "Next, you will get to continue the Mindful Describing practice you just learned.    \n\nBefore, you mentioned using your 111 as an anchor for your Describing Practice. Try to continue using this as your anchor, but it is also okay to switch anytime.\n\nYou will see 2 circles with a white ball in the middle, but they won't move for now."
19.0678 	DATA 	Keypress: space
19.0780 	EXP 	instruct_text: height = 0.06
19.0780 	EXP 	instruct_text: height = 0.06
19.0780 	EXP 	instruct_text: height = 0.06
19.0780 	EXP 	instruct_text: text = "You will see the plus sign (+) for 30 seconds at the start. Whenever you see the plus +,  please don't practice Describing just relax.\n\nOnce the circles appear, please start the Describing practice. This practice will last 2.5 min."
19.2089 	DATA 	Keypress: space
19.2144 	EXP 	waiting_for_trigger_text: autoDraw = True
19.3657 	DATA 	Keypress: space
21.2851 	DATA 	Keypress: 5
21.3009 	EXP 	waiting_for_trigger_text: autoDraw = False
21.3009 	EXP 	text_2: autoDraw = True
21.3009 	EXP 	text_relax: autoDraw = True
51.3117 	EXP 	text_2: autoDraw = False
51.3117 	EXP 	text_relax: autoDraw = False
51.3117 	EXP 	text_2: autoDraw = False
201.2900 	EXP 	unnamed Circle: fillColor = <class 'numpy.ndarray'>
201.2900 	EXP 	unnamed Circle: fillColor = <class 'numpy.ndarray'>
201.2900 	EXP 	unnamed Circle: fillColor = <class 'numpy.ndarray'>
201.2900 	EXP 	unnamed Circle: fillColor = <class 'numpy.ndarray'>
201.2900 	EXP 	unnamed Circle: radius = 0.135
201.2900 	EXP 	unnamed Circle: fillColor = 'white'
201.2900 	EXP 	unnamed Circle: fillColor = <class 'numpy.ndarray'>
201.2900 	EXP 	unnamed Circle: fillColor = <class 'numpy.ndarray'>
201.2900 	EXP 	unnamed Circle: fillColor = <class 'numpy.ndarray'>
201.2900 	EXP 	unnamed Circle: radius = 0.135
201.2900 	EXP 	unnamed Circle: fillColor = 'white'
201.2900 	EXP 	unnamed Circle: fillColor = <class 'numpy.ndarray'>
201.2900 	EXP 	unnamed Circle: fillColor = <class 'numpy.ndarray'>
201.2900 	EXP 	unnamed Circle: fillColor = <class 'numpy.ndarray'>
201.2900 	EXP 	unnamed Circle: radius = 0.12150000000000001
201.2900 	EXP 	unnamed Circle: fillColor = 'white'
201.2900 	EXP 	unnamed Circle: fillColor = <class 'numpy.ndarray'>
201.2900 	EXP 	unnamed Circle: fillColor = <class 'numpy.ndarray'>
201.2900 	EXP 	unnamed Circle: radius = 0.10935000000000002
201.2900 	EXP 	unnamed Circle: fillColor = 'white'
201.2900 	EXP 	unnamed Circle: fillColor = <class 'numpy.ndarray'>
201.2900 	EXP 	unnamed Circle: fillColor = <class 'numpy.ndarray'>
201.2900 	EXP 	unnamed Circle: radius = 0.09841500000000002
201.2900 	EXP 	unnamed Circle: fillColor = 'white'
201.2900 	EXP 	unnamed Circle: fillColor = <class 'numpy.ndarray'>
201.2900 	EXP 	unnamed Circle: fillColor = <class 'numpy.ndarray'>
201.2900 	EXP 	unnamed Circle: radius = 0.08857350000000001
201.2900 	EXP 	unnamed Circle: fillColor = 'white'
201.2900 	EXP 	unnamed Circle: fillColor = <class 'numpy.ndarray'>
201.2900 	EXP 	unnamed Circle: fillColor = <class 'numpy.ndarray'>
201.2900 	EXP 	unnamed Circle: fillColor = <class 'numpy.ndarray'>
201.2900 	EXP 	unnamed Circle: fillColor = <class 'numpy.ndarray'>
201.2900 	EXP 	unnamed Circle: radius = 0.07971615000000001
201.2900 	EXP 	unnamed Circle: fillColor = 'white'
201.2900 	EXP 	unnamed Circle: fillColor = <class 'numpy.ndarray'>
201.2900 	EXP 	unnamed Circle: fillColor = <class 'numpy.ndarray'>
201.2900 	EXP 	unnamed Circle: fillColor = <class 'numpy.ndarray'>
201.2900 	EXP 	unnamed Circle: fillColor = <class 'numpy.ndarray'>
201.2900 	EXP 	unnamed Circle: radius = 0.07174453500000001
201.2900 	EXP 	unnamed Circle: fillColor = 'white'
201.2900 	EXP 	unnamed Circle: fillColor = <class 'numpy.ndarray'>
201.2900 	EXP 	unnamed Circle: fillColor = <class 'numpy.ndarray'>
201.2900 	EXP 	unnamed Circle: radius = 0.06457008150000002
201.2900 	EXP 	unnamed Circle: fillColor = 'white'
201.2900 	EXP 	unnamed Circle: fillColor = <class 'numpy.ndarray'>
201.2900 	EXP 	unnamed Circle: fillColor = <class 'numpy.ndarray'>
201.2900 	EXP 	unnamed Circle: radius = 0.058113073350000016
201.2900 	EXP 	unnamed Circle: fillColor = 'white'
201.2900 	EXP 	unnamed Circle: fillColor = <class 'numpy.ndarray'>
201.2900 	EXP 	unnamed Circle: radius = 0.12150000000000001
201.2900 	EXP 	unnamed Circle: fillColor = 'white'
201.2900 	EXP 	unnamed Circle: fillColor = <class 'numpy.ndarray'>
201.2900 	EXP 	unnamed Circle: fillColor = <class 'numpy.ndarray'>
201.2900 	EXP 	unnamed Circle: fillColor = <class 'numpy.ndarray'>
201.2900 	EXP 	unnamed Circle: radius = 0.052301766015000015
201.2900 	EXP 	unnamed Circle: fillColor = 'white'
201.2900 	EXP 	unnamed Circle: fillColor = <class 'numpy.ndarray'>
201.2900 	EXP 	unnamed Circle: radius = 0.10935000000000002
201.2900 	EXP 	unnamed Circle: fillColor = 'white'
201.2900 	EXP 	unnamed Circle: fillColor = <class 'numpy.ndarray'>
201.2900 	EXP 	unnamed Circle: fillColor = <class 'numpy.ndarray'>
201.2900 	EXP 	unnamed Circle: fillColor = <class 'numpy.ndarray'>
201.2900 	EXP 	unnamed Circle: radius = 0.047071589413500016
201.2900 	EXP 	unnamed Circle: fillColor = 'white'
201.2900 	EXP 	unnamed Circle: fillColor = <class 'numpy.ndarray'>
201.2900 	EXP 	unnamed Circle: radius = 0.09841500000000002
201.2900 	EXP 	unnamed Circle: fillColor = 'white'
201.2900 	EXP 	unnamed Circle: fillColor = <class 'numpy.ndarray'>
201.2900 	EXP 	unnamed Circle: fillColor = <class 'numpy.ndarray'>
201.2900 	EXP 	unnamed Circle: radius = 0.08857350000000001
201.2900 	EXP 	unnamed Circle: fillColor = 'white'
201.2900 	EXP 	unnamed Circle: fillColor = <class 'numpy.ndarray'>
201.2900 	EXP 	unnamed Circle: fillColor = <class 'numpy.ndarray'>
201.2900 	EXP 	unnamed Circle: radius = 0.07971615000000001
201.2900 	EXP 	unnamed Circle: fillColor = 'white'
201.2900 	EXP 	unnamed Circle: fillColor = <class 'numpy.ndarray'>
201.2900 	EXP 	unnamed Circle: fillColor = <class 'numpy.ndarray'>
201.2900 	EXP 	unnamed Circle: radius = 0.07174453500000001
201.2900 	EXP 	unnamed Circle: fillColor = 'white'
201.2900 	EXP 	unnamed Circle: fillColor = <class 'numpy.ndarray'>
201.2900 	EXP 	unnamed Circle: fillColor = <class 'numpy.ndarray'>
201.2900 	EXP 	unnamed Circle: radius = 0.06457008150000002
201.2900 	EXP 	unnamed Circle: fillColor = 'white'
201.2900 	EXP 	unnamed Circle: fillColor = <class 'numpy.ndarray'>
201.2900 	EXP 	unnamed Circle: fillColor = <class 'numpy.ndarray'>
201.2900 	EXP 	unnamed Circle: radius = 0.058113073350000016
201.2900 	EXP 	unnamed Circle: fillColor = 'white'
201.2900 	EXP 	unnamed Circle: fillColor = <class 'numpy.ndarray'>
201.2900 	EXP 	unnamed Circle: fillColor = <class 'numpy.ndarray'>
201.2900 	EXP 	unnamed Circle: fillColor = <class 'numpy.ndarray'>
201.2900 	EXP 	unnamed Circle: radius = 0.042364430472150015
201.2900 	EXP 	unnamed Circle: fillColor = 'white'
201.2900 	EXP 	unnamed Circle: fillColor = <class 'numpy.ndarray'>
201.2900 	EXP 	unnamed Circle: fillColor = <class 'numpy.ndarray'>
201.2900 	EXP 	unnamed Circle: radius = 0.03812798742493501
201.2900 	EXP 	unnamed Circle: fillColor = 'white'
201.2900 	EXP 	unnamed Circle: fillColor = <class 'numpy.ndarray'>
201.2900 	EXP 	unnamed Circle: radius = 0.052301766015000015
201.2900 	EXP 	unnamed Circle: fillColor = 'white'
201.2900 	EXP 	unnamed Circle: fillColor = <class 'numpy.ndarray'>
201.2900 	EXP 	unnamed Circle: fillColor = <class 'numpy.ndarray'>
201.2900 	EXP 	unnamed Circle: fillColor = <class 'numpy.ndarray'>
201.2900 	EXP 	unnamed Circle: fillColor = <class 'numpy.ndarray'>
201.2900 	EXP 	unnamed Circle: fillColor = <class 'numpy.ndarray'>
201.2900 	EXP 	unnamed Circle: radius = 0.03431518868244151
201.2900 	EXP 	unnamed Circle: fillColor = 'white'
201.2900 	EXP 	unnamed Circle: fillColor = <class 'numpy.ndarray'>
201.2900 	EXP 	unnamed Circle: fillColor = <class 'numpy.ndarray'>
201.2900 	EXP 	unnamed Circle: fillColor = <class 'numpy.ndarray'>
201.2900 	EXP 	unnamed Circle: fillColor = <class 'numpy.ndarray'>
201.2900 	EXP 	unnamed Circle: radius = 0.030883669814197358
201.2900 	EXP 	unnamed Circle: fillColor = 'white'
201.2900 	EXP 	unnamed Circle: fillColor = <class 'numpy.ndarray'>
201.2900 	EXP 	unnamed Circle: radius = 0.047071589413500016
201.2900 	EXP 	unnamed Circle: fillColor = 'white'
201.2900 	EXP 	unnamed Circle: fillColor = <class 'numpy.ndarray'>
201.2900 	EXP 	unnamed Circle: fillColor = <class 'numpy.ndarray'>
201.2900 	EXP 	unnamed Circle: radius = 0.042364430472150015
201.2900 	EXP 	unnamed Circle: fillColor = 'white'
201.2900 	EXP 	unnamed Circle: fillColor = <class 'numpy.ndarray'>
201.2900 	EXP 	unnamed Circle: fillColor = <class 'numpy.ndarray'>
201.2900 	EXP 	unnamed Circle: fillColor = <class 'numpy.ndarray'>
201.2900 	EXP 	unnamed Circle: radius = 0.03
201.2900 	EXP 	unnamed Circle: fillColor = 'white'
201.2900 	EXP 	unnamed Circle: fillColor = <class 'numpy.ndarray'>
201.2900 	EXP 	unnamed Circle: radius = 0.03812798742493501
201.2900 	EXP 	unnamed Circle: fillColor = 'white'
201.2900 	EXP 	unnamed Circle: fillColor = <class 'numpy.ndarray'>
201.2900 	EXP 	unnamed Circle: fillColor = <class 'numpy.ndarray'>
201.2900 	EXP 	unnamed Circle: radius = 0.03431518868244151
201.2900 	EXP 	unnamed Circle: fillColor = 'white'
201.2900 	EXP 	unnamed Circle: fillColor = <class 'numpy.ndarray'>
201.2900 	EXP 	unnamed Circle: fillColor = <class 'numpy.ndarray'>
201.2900 	EXP 	unnamed Circle: radius = 0.030883669814197358
201.2900 	EXP 	unnamed Circle: fillColor = 'white'
201.2900 	EXP 	unnamed Circle: fillColor = <class 'numpy.ndarray'>
201.2900 	EXP 	unnamed Circle: fillColor = <class 'numpy.ndarray'>
201.2900 	EXP 	unnamed Circle: fillColor = <class 'numpy.ndarray'>
201.2900 	EXP 	unnamed Circle: radius = 0.03
201.2900 	EXP 	unnamed Circle: fillColor = 'white'
201.2900 	EXP 	unnamed Circle: fillColor = <class 'numpy.ndarray'>
201.2900 	EXP 	unnamed Circle: fillColor = <class 'numpy.ndarray'>
201.2900 	EXP 	unnamed Circle: radius = 0.03
201.2900 	EXP 	unnamed Circle: fillColor = 'white'
201.2900 	EXP 	unnamed Circle: fillColor = <class 'numpy.ndarray'>
201.2900 	EXP 	unnamed Circle: radius = 0.03
201.2900 	EXP 	unnamed Circle: fillColor = 'white'
201.2900 	EXP 	unnamed Circle: fillColor = <class 'numpy.ndarray'>
201.2900 	EXP 	unnamed Circle: fillColor = <class 'numpy.ndarray'>
201.2900 	EXP 	unnamed Circle: fillColor = <class 'numpy.ndarray'>
201.2900 	EXP 	unnamed Circle: radius = 0.03
201.2900 	EXP 	unnamed Circle: fillColor = 'white'
201.2900 	EXP 	unnamed Circle: fillColor = <class 'numpy.ndarray'>
201.2900 	EXP 	unnamed Circle: radius = 0.03
201.2900 	EXP 	unnamed Circle: fillColor = 'white'
201.2900 	EXP 	unnamed Circle: fillColor = <class 'numpy.ndarray'>
201.2900 	EXP 	unnamed Circle: fillColor = <class 'numpy.ndarray'>
201.2900 	EXP 	unnamed Circle: fillColor = <class 'numpy.ndarray'>
201.2900 	EXP 	unnamed Circle: radius = 0.03
201.2900 	EXP 	unnamed Circle: fillColor = 'white'
201.2900 	EXP 	unnamed Circle: fillColor = <class 'numpy.ndarray'>
201.2900 	EXP 	unnamed Circle: fillColor = <class 'numpy.ndarray'>
201.2900 	EXP 	unnamed Circle: radius = 0.03
201.2900 	EXP 	unnamed Circle: fillColor = 'white'
201.2900 	EXP 	unnamed Circle: fillColor = <class 'numpy.ndarray'>
201.2900 	EXP 	unnamed Circle: radius = 0.03
201.2900 	EXP 	unnamed Circle: fillColor = 'white'
201.2900 	EXP 	unnamed Circle: fillColor = <class 'numpy.ndarray'>
201.2900 	EXP 	unnamed Circle: fillColor = <class 'numpy.ndarray'>
201.2900 	EXP 	unnamed Circle: radius = 0.03
201.2900 	EXP 	unnamed Circle: fillColor = 'white'
201.2900 	EXP 	unnamed Circle: fillColor = <class 'numpy.ndarray'>
201.2900 	EXP 	unnamed Circle: fillColor = <class 'numpy.ndarray'>
201.2900 	EXP 	unnamed Circle: radius = 0.03
201.2900 	EXP 	unnamed Circle: fillColor = 'white'
201.2900 	EXP 	unnamed Circle: fillColor = <class 'numpy.ndarray'>
201.2900 	EXP 	unnamed Circle: fillColor = <class 'numpy.ndarray'>
201.2900 	EXP 	unnamed Circle: radius = 0.03
201.2900 	EXP 	unnamed Circle: fillColor = 'white'
201.2900 	EXP 	unnamed Circle: fillColor = <class 'numpy.ndarray'>
201.2900 	EXP 	unnamed Circle: fillColor = <class 'numpy.ndarray'>
201.2900 	EXP 	unnamed Circle: radius = 0.03
201.2900 	EXP 	unnamed Circle: fillColor = 'white'
201.2900 	EXP 	unnamed Circle: fillColor = <class 'numpy.ndarray'>
201.2900 	EXP 	unnamed Circle: fillColor = <class 'numpy.ndarray'>
201.2900 	EXP 	unnamed Circle: fillColor = <class 'numpy.ndarray'>
201.2900 	EXP 	unnamed Circle: fillColor = <class 'numpy.ndarray'>
201.2900 	EXP 	unnamed Circle: radius = 0.03
201.2900 	EXP 	unnamed Circle: fillColor = 'white'
201.2900 	EXP 	unnamed Circle: fillColor = <class 'numpy.ndarray'>
201.2900 	EXP 	unnamed Circle: fillColor = <class 'numpy.ndarray'>
201.2900 	EXP 	unnamed Circle: fillColor = <class 'numpy.ndarray'>
201.2900 	EXP 	unnamed Circle: radius = 0.03
201.2900 	EXP 	unnamed Circle: fillColor = 'white'
201.2900 	EXP 	unnamed Circle: fillColor = <class 'numpy.ndarray'>
201.2900 	EXP 	unnamed Circle: radius = 0.03
201.2900 	EXP 	unnamed Circle: fillColor = 'white'
201.2900 	EXP 	unnamed Circle: fillColor = <class 'numpy.ndarray'>
201.2900 	EXP 	unnamed Circle: fillColor = <class 'numpy.ndarray'>
201.2900 	EXP 	unnamed Circle: fillColor = <class 'numpy.ndarray'>
201.2900 	EXP 	unnamed Circle: radius = 0.03
201.2900 	EXP 	unnamed Circle: fillColor = 'white'
201.2900 	EXP 	unnamed Circle: fillColor = <class 'numpy.ndarray'>
201.2900 	EXP 	unnamed Circle: radius = 0.03
201.2900 	EXP 	unnamed Circle: fillColor = 'white'
201.2900 	EXP 	unnamed Circle: fillColor = <class 'numpy.ndarray'>
201.2900 	EXP 	unnamed Circle: fillColor = <class 'numpy.ndarray'>
201.2900 	EXP 	unnamed Circle: radius = 0.03
201.2900 	EXP 	unnamed Circle: fillColor = 'white'
201.2900 	EXP 	unnamed Circle: fillColor = <class 'numpy.ndarray'>
201.2900 	EXP 	unnamed Circle: fillColor = <class 'numpy.ndarray'>
201.2900 	EXP 	unnamed Circle: fillColor = <class 'numpy.ndarray'>
201.2900 	EXP 	unnamed Circle: radius = 0.03
201.2900 	EXP 	unnamed Circle: fillColor = 'white'
201.2900 	EXP 	unnamed Circle: fillColor = <class 'numpy.ndarray'>
201.2900 	EXP 	unnamed Circle: fillColor = <class 'numpy.ndarray'>
201.2900 	EXP 	unnamed Circle: radius = 0.03
201.2900 	EXP 	unnamed Circle: fillColor = 'white'
201.2900 	EXP 	unnamed Circle: fillColor = <class 'numpy.ndarray'>
201.2900 	EXP 	unnamed Circle: radius = 0.03
201.2900 	EXP 	unnamed Circle: fillColor = 'white'
201.2900 	EXP 	unnamed Circle: fillColor = <class 'numpy.ndarray'>
201.2900 	EXP 	unnamed Circle: fillColor = <class 'numpy.ndarray'>
201.2900 	EXP 	unnamed Circle: radius = 0.03
201.2900 	EXP 	unnamed Circle: fillColor = 'white'
201.2900 	EXP 	unnamed Circle: fillColor = <class 'numpy.ndarray'>
201.2900 	EXP 	unnamed Circle: fillColor = <class 'numpy.ndarray'>
201.2900 	EXP 	unnamed Circle: fillColor = <class 'numpy.ndarray'>
201.2900 	EXP 	unnamed Circle: radius = 0.03
201.2900 	EXP 	unnamed Circle: fillColor = 'white'
201.2900 	EXP 	unnamed Circle: fillColor = <class 'numpy.ndarray'>
201.2900 	EXP 	unnamed Circle: radius = 0.03
201.2900 	EXP 	unnamed Circle: fillColor = 'white'
201.2900 	EXP 	unnamed Circle: fillColor = <class 'numpy.ndarray'>
201.2900 	EXP 	unnamed Circle: fillColor = <class 'numpy.ndarray'>
201.2900 	EXP 	unnamed Circle: fillColor = <class 'numpy.ndarray'>
201.2900 	EXP 	unnamed Circle: radius = 0.03
201.2900 	EXP 	unnamed Circle: fillColor = 'white'
201.2900 	EXP 	unnamed Circle: fillColor = <class 'numpy.ndarray'>
201.2900 	EXP 	unnamed Circle: fillColor = <class 'numpy.ndarray'>
201.2900 	EXP 	unnamed Circle: radius = 0.03
201.2900 	EXP 	unnamed Circle: fillColor = 'white'
201.2900 	EXP 	unnamed Circle: fillColor = <class 'numpy.ndarray'>
201.2900 	EXP 	unnamed Circle: fillColor = <class 'numpy.ndarray'>
201.2900 	EXP 	unnamed Circle: radius = 0.03
201.2900 	EXP 	unnamed Circle: fillColor = 'white'
201.2900 	EXP 	unnamed Circle: fillColor = <class 'numpy.ndarray'>
201.2900 	EXP 	unnamed Circle: radius = 0.03
201.2900 	EXP 	unnamed Circle: fillColor = 'white'
201.2900 	EXP 	unnamed Circle: fillColor = <class 'numpy.ndarray'>
201.2900 	EXP 	unnamed Circle: fillColor = <class 'numpy.ndarray'>
201.2900 	EXP 	unnamed Circle: fillColor = <class 'numpy.ndarray'>
201.2900 	EXP 	unnamed Circle: fillColor = <class 'numpy.ndarray'>
201.2900 	EXP 	unnamed Circle: fillColor = <class 'numpy.ndarray'>
201.2900 	EXP 	unnamed Circle: radius = 0.03
201.2900 	EXP 	unnamed Circle: fillColor = 'white'
201.2900 	EXP 	unnamed Circle: fillColor = <class 'numpy.ndarray'>
201.2900 	EXP 	unnamed Circle: radius = 0.03
201.2900 	EXP 	unnamed Circle: fillColor = 'white'
201.2900 	EXP 	unnamed Circle: fillColor = <class 'numpy.ndarray'>
201.2900 	EXP 	unnamed Circle: fillColor = <class 'numpy.ndarray'>
201.2900 	EXP 	unnamed Circle: fillColor = <class 'numpy.ndarray'>
201.2900 	EXP 	unnamed Circle: radius = 0.03
201.2900 	EXP 	unnamed Circle: fillColor = 'white'
201.2900 	EXP 	unnamed Circle: fillColor = <class 'numpy.ndarray'>
201.2900 	EXP 	unnamed Circle: fillColor = <class 'numpy.ndarray'>
201.2900 	EXP 	unnamed Circle: radius = 0.03
201.2900 	EXP 	unnamed Circle: fillColor = 'white'
201.2900 	EXP 	unnamed Circle: fillColor = <class 'numpy.ndarray'>
201.2900 	EXP 	unnamed Circle: radius = 0.03
201.2900 	EXP 	unnamed Circle: fillColor = 'white'
201.2900 	EXP 	unnamed Circle: fillColor = <class 'numpy.ndarray'>
201.2900 	EXP 	unnamed Circle: fillColor = <class 'numpy.ndarray'>
201.2900 	EXP 	unnamed Circle: fillColor = <class 'numpy.ndarray'>
201.2900 	EXP 	unnamed Circle: fillColor = <class 'numpy.ndarray'>
201.2900 	EXP 	unnamed Circle: fillColor = <class 'numpy.ndarray'>
201.2900 	EXP 	unnamed Circle: radius = 0.03
201.2900 	EXP 	unnamed Circle: fillColor = 'white'
201.2900 	EXP 	unnamed Circle: fillColor = <class 'numpy.ndarray'>
201.2900 	EXP 	unnamed Circle: radius = 0.03
201.2900 	EXP 	unnamed Circle: fillColor = 'white'
201.2900 	EXP 	unnamed Circle: fillColor = <class 'numpy.ndarray'>
201.2900 	EXP 	unnamed Circle: fillColor = <class 'numpy.ndarray'>
201.2900 	EXP 	unnamed Circle: fillColor = <class 'numpy.ndarray'>
201.2900 	EXP 	unnamed Circle: radius = 0.03
201.2900 	EXP 	unnamed Circle: fillColor = 'white'
201.2900 	EXP 	unnamed Circle: fillColor = <class 'numpy.ndarray'>
201.2900 	EXP 	unnamed Circle: radius = 0.03
201.2900 	EXP 	unnamed Circle: fillColor = 'white'
201.2900 	EXP 	unnamed Circle: fillColor = <class 'numpy.ndarray'>
201.2900 	EXP 	unnamed Circle: fillColor = <class 'numpy.ndarray'>
201.2900 	EXP 	unnamed Circle: fillColor = <class 'numpy.ndarray'>
201.2900 	EXP 	unnamed Circle: radius = 0.03
201.2900 	EXP 	unnamed Circle: fillColor = 'white'
201.2900 	EXP 	unnamed Circle: fillColor = <class 'numpy.ndarray'>
201.2900 	EXP 	unnamed Circle: radius = 0.03
201.2900 	EXP 	unnamed Circle: fillColor = 'white'
201.2900 	EXP 	unnamed Circle: fillColor = <class 'numpy.ndarray'>
201.2900 	EXP 	unnamed Circle: fillColor = <class 'numpy.ndarray'>
201.2900 	EXP 	unnamed Circle: fillColor = <class 'numpy.ndarray'>
201.2900 	EXP 	unnamed Circle: radius = 0.03
201.2900 	EXP 	unnamed Circle: fillColor = 'white'
201.2900 	EXP 	unnamed Circle: fillColor = <class 'numpy.ndarray'>
201.2900 	EXP 	unnamed Circle: fillColor = <class 'numpy.ndarray'>
201.2900 	EXP 	unnamed Circle: radius = 0.03
201.2900 	EXP 	unnamed Circle: fillColor = 'white'
201.2900 	EXP 	unnamed Circle: fillColor = <class 'numpy.ndarray'>
201.2900 	EXP 	unnamed Circle: fillColor = <class 'numpy.ndarray'>
201.2900 	EXP 	unnamed Circle: radius = 0.03
201.2900 	EXP 	unnamed Circle: fillColor = 'white'
201.2900 	EXP 	unnamed Circle: fillColor = <class 'numpy.ndarray'>
201.2900 	EXP 	unnamed Circle: radius = 0.03
201.2900 	EXP 	unnamed Circle: fillColor = 'white'
201.2900 	EXP 	unnamed Circle: fillColor = <class 'numpy.ndarray'>
201.2900 	EXP 	unnamed Circle: fillColor = <class 'numpy.ndarray'>
201.2900 	EXP 	unnamed Circle: radius = 0.03
201.2900 	EXP 	unnamed Circle: fillColor = 'white'
201.2900 	EXP 	unnamed Circle: fillColor = <class 'numpy.ndarray'>
201.2900 	EXP 	unnamed Circle: fillColor = <class 'numpy.ndarray'>
201.2900 	EXP 	unnamed Circle: fillColor = <class 'numpy.ndarray'>
201.2900 	EXP 	unnamed Circle: radius = 0.03
201.2900 	EXP 	unnamed Circle: fillColor = 'white'
201.2900 	EXP 	unnamed Circle: fillColor = <class 'numpy.ndarray'>
201.2900 	EXP 	unnamed Circle: radius = 0.03
201.2900 	EXP 	unnamed Circle: fillColor = 'white'
201.2900 	EXP 	unnamed Circle: fillColor = <class 'numpy.ndarray'>
201.2900 	EXP 	unnamed Circle: fillColor = <class 'numpy.ndarray'>
201.2900 	EXP 	unnamed Circle: fillColor = <class 'numpy.ndarray'>
201.2900 	EXP 	unnamed Circle: radius = 0.03
201.2900 	EXP 	unnamed Circle: fillColor = 'white'
201.2900 	EXP 	unnamed Circle: fillColor = <class 'numpy.ndarray'>
201.2900 	EXP 	unnamed Circle: fillColor = <class 'numpy.ndarray'>
201.2900 	EXP 	unnamed Circle: radius = 0.03
201.2900 	EXP 	unnamed Circle: fillColor = 'white'
201.2900 	EXP 	unnamed Circle: fillColor = <class 'numpy.ndarray'>
201.2900 	EXP 	unnamed Circle: fillColor = <class 'numpy.ndarray'>
201.2900 	EXP 	unnamed Circle: radius = 0.03
201.2900 	EXP 	unnamed Circle: fillColor = 'white'
201.2900 	EXP 	unnamed Circle: fillColor = <class 'numpy.ndarray'>
201.2900 	EXP 	unnamed Circle: radius = 0.03
201.2900 	EXP 	unnamed Circle: fillColor = 'white'
201.2900 	EXP 	unnamed Circle: fillColor = <class 'numpy.ndarray'>
201.2900 	EXP 	unnamed Circle: fillColor = <class 'numpy.ndarray'>
201.2900 	EXP 	unnamed Circle: fillColor = <class 'numpy.ndarray'>
201.2900 	EXP 	unnamed Circle: fillColor = <class 'numpy.ndarray'>
201.2900 	EXP 	unnamed Circle: radius = 0.03
201.2900 	EXP 	unnamed Circle: fillColor = 'white'
201.2900 	EXP 	unnamed Circle: fillColor = <class 'numpy.ndarray'>
201.2900 	EXP 	unnamed Circle: fillColor = <class 'numpy.ndarray'>
201.2900 	EXP 	unnamed Circle: radius = 0.03
201.2900 	EXP 	unnamed Circle: fillColor = 'white'
201.2900 	EXP 	unnamed Circle: fillColor = <class 'numpy.ndarray'>
201.2900 	EXP 	unnamed Circle: fillColor = <class 'numpy.ndarray'>
201.2900 	EXP 	unnamed Circle: radius = 0.03
201.2900 	EXP 	unnamed Circle: fillColor = 'white'
201.2900 	EXP 	unnamed Circle: fillColor = <class 'numpy.ndarray'>
201.2900 	EXP 	unnamed Circle: fillColor = <class 'numpy.ndarray'>
201.2900 	EXP 	unnamed Circle: fillColor = <class 'numpy.ndarray'>
201.2900 	EXP 	unnamed Circle: fillColor = <class 'numpy.ndarray'>
201.2900 	EXP 	unnamed Circle: fillColor = <class 'numpy.ndarray'>
201.2900 	EXP 	unnamed Circle: radius = 0.03
201.2900 	EXP 	unnamed Circle: fillColor = 'white'
201.2900 	EXP 	unnamed Circle: fillColor = <class 'numpy.ndarray'>
201.2900 	EXP 	unnamed Circle: radius = 0.03
201.2900 	EXP 	unnamed Circle: fillColor = 'white'
201.2900 	EXP 	unnamed Circle: fillColor = <class 'numpy.ndarray'>
201.2900 	EXP 	unnamed Circle: fillColor = <class 'numpy.ndarray'>
201.2900 	EXP 	unnamed Circle: radius = 0.03
201.2900 	EXP 	unnamed Circle: fillColor = 'white'
201.2900 	EXP 	unnamed Circle: fillColor = <class 'numpy.ndarray'>
201.2900 	EXP 	unnamed Circle: fillColor = <class 'numpy.ndarray'>
201.2900 	EXP 	unnamed Circle: radius = 0.03
201.2900 	EXP 	unnamed Circle: fillColor = 'white'
201.2900 	EXP 	unnamed Circle: fillColor = <class 'numpy.ndarray'>
201.2900 	EXP 	unnamed Circle: fillColor = <class 'numpy.ndarray'>
201.2900 	EXP 	unnamed Circle: radius = 0.03
201.2900 	EXP 	unnamed Circle: fillColor = 'white'
201.2900 	EXP 	unnamed Circle: fillColor = <class 'numpy.ndarray'>
201.2900 	EXP 	unnamed Circle: fillColor = <class 'numpy.ndarray'>
201.2900 	EXP 	unnamed Circle: radius = 0.03
201.2900 	EXP 	unnamed Circle: fillColor = 'white'
201.2900 	EXP 	unnamed Circle: fillColor = <class 'numpy.ndarray'>
201.2900 	EXP 	unnamed Circle: fillColor = <class 'numpy.ndarray'>
201.2900 	EXP 	unnamed Circle: fillColor = <class 'numpy.ndarray'>
201.2900 	EXP 	unnamed Circle: radius = 0.03
201.2900 	EXP 	unnamed Circle: fillColor = 'white'
201.2900 	EXP 	unnamed Circle: fillColor = <class 'numpy.ndarray'>
201.2900 	EXP 	unnamed Circle: radius = 0.03
201.2900 	EXP 	unnamed Circle: fillColor = 'white'
201.2900 	EXP 	unnamed Circle: fillColor = <class 'numpy.ndarray'>
201.2900 	EXP 	unnamed Circle: fillColor = <class 'numpy.ndarray'>
201.2900 	EXP 	unnamed Circle: fillColor = <class 'numpy.ndarray'>
201.2900 	EXP 	unnamed Circle: radius = 0.03
201.2900 	EXP 	unnamed Circle: fillColor = 'white'
201.2900 	EXP 	unnamed Circle: fillColor = <class 'numpy.ndarray'>
201.2900 	EXP 	unnamed Circle: fillColor = <class 'numpy.ndarray'>
201.2900 	EXP 	unnamed Circle: fillColor = <class 'numpy.ndarray'>
201.2900 	EXP 	unnamed Circle: fillColor = <class 'numpy.ndarray'>
201.2900 	EXP 	unnamed Circle: fillColor = <class 'numpy.ndarray'>
201.2900 	EXP 	unnamed Circle: radius = 0.03
201.2900 	EXP 	unnamed Circle: fillColor = 'white'
201.2900 	EXP 	unnamed Circle: fillColor = <class 'numpy.ndarray'>
201.2900 	EXP 	unnamed Circle: fillColor = <class 'numpy.ndarray'>
201.2900 	EXP 	unnamed Circle: fillColor = <class 'numpy.ndarray'>
201.2900 	EXP 	unnamed Circle: radius = 0.03
201.2900 	EXP 	unnamed Circle: fillColor = 'white'
201.2900 	EXP 	unnamed Circle: fillColor = <class 'numpy.ndarray'>
201.2900 	EXP 	unnamed Circle: fillColor = <class 'numpy.ndarray'>
201.2900 	EXP 	unnamed Circle: radius = 0.03
201.2900 	EXP 	unnamed Circle: fillColor = 'white'
201.2900 	EXP 	unnamed Circle: fillColor = <class 'numpy.ndarray'>
201.2900 	EXP 	unnamed Circle: fillColor = <class 'numpy.ndarray'>
201.2900 	EXP 	unnamed Circle: fillColor = <class 'numpy.ndarray'>
201.2900 	EXP 	unnamed Circle: radius = 0.03
201.2900 	EXP 	unnamed Circle: fillColor = 'white'
201.2900 	EXP 	unnamed Circle: fillColor = <class 'numpy.ndarray'>
201.2900 	EXP 	unnamed Circle: fillColor = <class 'numpy.ndarray'>
201.2900 	EXP 	unnamed Circle: radius = 0.03
201.2900 	EXP 	unnamed Circle: fillColor = 'white'
201.2900 	EXP 	unnamed Circle: fillColor = <class 'numpy.ndarray'>
201.2900 	EXP 	unnamed Circle: fillColor = <class 'numpy.ndarray'>
201.2900 	EXP 	unnamed Circle: radius = 0.03
201.2900 	EXP 	unnamed Circle: fillColor = 'white'
201.2900 	EXP 	unnamed Circle: fillColor = <class 'numpy.ndarray'>
201.2900 	EXP 	unnamed Circle: fillColor = <class 'numpy.ndarray'>
201.2900 	EXP 	unnamed Circle: radius = 0.03
201.2900 	EXP 	unnamed Circle: fillColor = 'white'
201.2900 	EXP 	unnamed Circle: fillColor = <class 'numpy.ndarray'>
201.2900 	EXP 	unnamed Circle: fillColor = <class 'numpy.ndarray'>
201.2900 	EXP 	unnamed Circle: fillColor = <class 'numpy.ndarray'>
201.2900 	EXP 	unnamed Circle: radius = 0.03
201.2900 	EXP 	unnamed Circle: fillColor = 'white'
201.2900 	EXP 	unnamed Circle: fillColor = <class 'numpy.ndarray'>
201.2900 	EXP 	unnamed Circle: fillColor = <class 'numpy.ndarray'>
201.2900 	EXP 	unnamed Circle: radius = 0.03
201.2900 	EXP 	unnamed Circle: fillColor = 'white'
201.2900 	EXP 	unnamed Circle: fillColor = <class 'numpy.ndarray'>
201.2900 	EXP 	unnamed Circle: fillColor = <class 'numpy.ndarray'>
201.2900 	EXP 	unnamed Circle: radius = 0.03
201.2900 	EXP 	unnamed Circle: fillColor = 'white'
201.2900 	EXP 	unnamed Circle: fillColor = <class 'numpy.ndarray'>
201.2900 	EXP 	unnamed Circle: radius = 0.03
201.2900 	EXP 	unnamed Circle: fillColor = 'white'
201.2900 	EXP 	unnamed Circle: fillColor = <class 'numpy.ndarray'>
201.2900 	EXP 	unnamed Circle: fillColor = <class 'numpy.ndarray'>
201.2900 	EXP 	unnamed Circle: radius = 0.03
201.2900 	EXP 	unnamed Circle: fillColor = 'white'
201.2900 	EXP 	unnamed Circle: fillColor = <class 'numpy.ndarray'>
201.2900 	EXP 	unnamed Circle: fillColor = <class 'numpy.ndarray'>
201.2900 	EXP 	unnamed Circle: radius = 0.03
201.2900 	EXP 	unnamed Circle: fillColor = 'white'
201.2900 	EXP 	unnamed Circle: fillColor = <class 'numpy.ndarray'>
201.2900 	EXP 	unnamed Circle: fillColor = <class 'numpy.ndarray'>
201.2900 	EXP 	unnamed Circle: fillColor = <class 'numpy.ndarray'>
201.2900 	EXP 	unnamed Circle: fillColor = <class 'numpy.ndarray'>
201.2900 	EXP 	unnamed Circle: fillColor = <class 'numpy.ndarray'>
201.2900 	EXP 	unnamed Circle: radius = 0.03
201.2900 	EXP 	unnamed Circle: fillColor = 'white'
201.2900 	EXP 	unnamed Circle: fillColor = <class 'numpy.ndarray'>
201.2900 	EXP 	unnamed Circle: fillColor = <class 'numpy.ndarray'>
201.2900 	EXP 	unnamed Circle: radius = 0.03
201.2900 	EXP 	unnamed Circle: fillColor = 'white'
201.2900 	EXP 	unnamed Circle: fillColor = <class 'numpy.ndarray'>
201.2900 	EXP 	unnamed Circle: fillColor = <class 'numpy.ndarray'>
201.2900 	EXP 	unnamed Circle: radius = 0.03
201.2900 	EXP 	unnamed Circle: fillColor = 'white'
201.2900 	EXP 	unnamed Circle: fillColor = <class 'numpy.ndarray'>
201.2900 	EXP 	unnamed Circle: fillColor = <class 'numpy.ndarray'>
201.2900 	EXP 	unnamed Circle: radius = 0.03
201.2900 	EXP 	unnamed Circle: fillColor = 'white'
201.2900 	EXP 	text_2: autoDraw = True
202.2943 	EXP 	text_2: autoDraw = False
202.2943 	EXP 	text_2: autoDraw = False
3292.5127 	DATA 	Keypress: 1
3292.5173 	EXP 	Created text = TextStim(__class__=<class 'psychopy.visual.text.TextStim'>, alignHoriz=method-wrapper(...), alignText='center', alignVert=method-wrapper(...), anchorHoriz='center', anchorVert='center', antialias=True, autoDraw=False, autoLog=True, bold=False, color=array([1., 1., 1.]), colorSpace='rgb', contrast=1.0, depth=0.0, draggable=False, flipHoriz=False, flipVert=False, font='Arial', fontFiles=[], height=0.06, italic=False, languageStyle='LTR', name='text', opacity=1, ori=0, pos=array([0. , 0.2]), rgb=UNKNOWN, text=str(...), units='norm', win=Window(...), wrapWidth=1.2)
3292.5687 	EXP 	Created None = Slider(__class__=<class 'psychopy.visual.slider.Slider'>, autoDraw=False, autoLog=True, borderColor=None, color=None, colorSpace='rgb', depth=0, fillColor=None, flip=False, font='Arial', granularity=1, labelColor=None, labelHeight=0.06, labelWrapWidth=None, labels=('Never', 'Always'), lineColor=None, markerColor=None, name=None, opacity=None, ori=0, pos=array([0., 0.]), readOnly=False, self=UNKNOWN, size=array([0.85, 0.1 ]), startValue=None, style='rating', styleTweaks=[], ticks=array([1, 9]), units='norm', win=Window(...))
3292.5833 	EXP 	None: autoLog = True
3292.5833 	EXP 	None: styleTweaks = []
3292.5833 	EXP 	None: styleTweaks = []
3292.5833 	EXP 	None: styleTweaks = []
3292.5833 	EXP 	None: styleTweaks = []
3292.5833 	EXP 	None: contrast = 1.0
3292.5833 	EXP 	None: markerPos = None
3292.5833 	EXP 	None: autoLog = True
3292.5833 	EXP 	None: markerPos = 5
3293.8541 	DATA 	Keypress: 0
3293.8623 	EXP 	None: markerPos = 5
3293.8674 	EXP 	Created text = TextStim(__class__=<class 'psychopy.visual.text.TextStim'>, alignHoriz=method-wrapper(...), alignText='center', alignVert=method-wrapper(...), anchorHoriz='center', anchorVert='center', antialias=True, autoDraw=False, autoLog=True, bold=False, color=array([1., 1., 1.]), colorSpace='rgb', contrast=1.0, depth=0.0, draggable=False, flipHoriz=False, flipVert=False, font='Arial', fontFiles=[], height=0.06, italic=False, languageStyle='LTR', name='text', opacity=1, ori=0, pos=array([0. , 0.2]), rgb=UNKNOWN, text=str(...), units='norm', win=Window(...), wrapWidth=1.2)
3293.9007 	EXP 	Created None = Slider(__class__=<class 'psychopy.visual.slider.Slider'>, autoDraw=False, autoLog=True, borderColor=None, color=None, colorSpace='rgb', depth=0, fillColor=None, flip=False, font='Arial', granularity=1, labelColor=None, labelHeight=0.06, labelWrapWidth=None, labels=('Never', 'All the time'), lineColor=None, markerColor=None, name=None, opacity=None, ori=0, pos=array([0., 0.]), readOnly=False, self=UNKNOWN, size=array([0.85, 0.1 ]), startValue=None, style='rating', styleTweaks=[], ticks=array([1, 9]), units='norm', win=Window(...))
3293.9114 	EXP 	None: autoLog = True
3293.9114 	EXP 	None: styleTweaks = []
3293.9114 	EXP 	None: styleTweaks = []
3293.9114 	EXP 	None: styleTweaks = []
3293.9114 	EXP 	None: styleTweaks = []
3293.9114 	EXP 	None: contrast = 1.0
3293.9114 	EXP 	None: markerPos = None
3293.9114 	EXP 	None: autoLog = True
3293.9114 	EXP 	None: markerPos = 5
3293.9347 	DATA 	Keypress: 1
3293.9440 	EXP 	None: markerPos = 4
3294.0635 	DATA 	Keypress: 0
3294.0714 	EXP 	None: markerPos = 4
3294.0774 	EXP 	Created text = TextStim(__class__=<class 'psychopy.visual.text.TextStim'>, alignHoriz=method-wrapper(...), alignText='center', alignVert=method-wrapper(...), anchorHoriz='center', anchorVert='center', antialias=True, autoDraw=False, autoLog=True, bold=False, color=array([1., 1., 1.]), colorSpace='rgb', contrast=1.0, depth=0.0, draggable=False, flipHoriz=False, flipVert=False, font='Arial', fontFiles=[], height=0.06, italic=False, languageStyle='LTR', name='text', opacity=1, ori=0, pos=array([0. , 0.2]), rgb=UNKNOWN, text=str(...), units='norm', win=Window(...), wrapWidth=1.2)
3294.1206 	EXP 	Created None = Slider(__class__=<class 'psychopy.visual.slider.Slider'>, autoDraw=False, autoLog=True, borderColor=None, color=None, colorSpace='rgb', depth=0, fillColor=None, flip=False, font='Arial', granularity=1, labelColor=None, labelHeight=0.06, labelWrapWidth=None, labels=('Not at all', 'Very Difficult'), lineColor=None, markerColor=None, name=None, opacity=None, ori=0, pos=array([0., 0.]), readOnly=False, self=UNKNOWN, size=array([0.85, 0.1 ]), startValue=None, style='rating', styleTweaks=[], ticks=array([1, 9]), units='norm', win=Window(...))
3294.1324 	EXP 	None: autoLog = True
3294.1324 	EXP 	None: styleTweaks = []
3294.1324 	EXP 	None: styleTweaks = []
3294.1324 	EXP 	None: styleTweaks = []
3294.1324 	EXP 	None: styleTweaks = []
3294.1324 	EXP 	None: contrast = 1.0
3294.1324 	EXP 	None: markerPos = None
3294.1324 	EXP 	None: autoLog = True
3294.1324 	EXP 	None: markerPos = 5
3294.1436 	DATA 	Keypress: 1
3294.1532 	EXP 	None: markerPos = 4
3294.2767 	DATA 	Keypress: 0
3294.2849 	EXP 	None: markerPos = 4
3294.2906 	EXP 	Created text = TextStim(__class__=<class 'psychopy.visual.text.TextStim'>, alignHoriz=method-wrapper(...), alignText='center', alignVert=method-wrapper(...), anchorHoriz='center', anchorVert='center', antialias=True, autoDraw=False, autoLog=True, bold=False, color=array([1., 1., 1.]), colorSpace='rgb', contrast=1.0, depth=0.0, draggable=False, flipHoriz=False, flipVert=False, font='Arial', fontFiles=[], height=0.06, italic=False, languageStyle='LTR', name='text', opacity=1, ori=0, pos=array([0. , 0.2]), rgb=UNKNOWN, text='How calm do you feel right now?', units='norm', win=Window(...), wrapWidth=1.2)
3294.3385 	EXP 	Created None = Slider(__class__=<class 'psychopy.visual.slider.Slider'>, autoDraw=False, autoLog=True, borderColor=None, color=None, colorSpace='rgb', depth=0, fillColor=None, flip=False, font='Arial', granularity=1, labelColor=None, labelHeight=0.06, labelWrapWidth=None, labels=('Not at all', 'Very calm'), lineColor=None, markerColor=None, name=None, opacity=None, ori=0, pos=array([0., 0.]), readOnly=False, self=UNKNOWN, size=array([0.85, 0.1 ]), startValue=None, style='rating', styleTweaks=[], ticks=array([1, 9]), units='norm', win=Window(...))
3294.3388 	DATA 	Keypress: 1
3294.3500 	EXP 	None: autoLog = True
3294.3500 	EXP 	None: styleTweaks = []
3294.3500 	EXP 	None: styleTweaks = []
3294.3500 	EXP 	None: styleTweaks = []
3294.3500 	EXP 	None: styleTweaks = []
3294.3500 	EXP 	None: contrast = 1.0
3294.3500 	EXP 	None: markerPos = None
3294.3500 	EXP 	None: autoLog = True
3294.3500 	EXP 	None: markerPos = 5
3294.4856 	DATA 	Keypress: 1
3294.4953 	EXP 	None: markerPos = 4
3294.5071 	DATA 	Keypress: 0
3294.5171 	EXP 	None: markerPos = 4
17.1159 	EXP 	DMN_BallTask: status = NOT_STARTED
17.1199 	WARNING 	Requested an unavailable screen number - using first available.
17.1233 	WARNING 	User requested fullscreen with size [1080 1080], but screen is actually [1920, 1200]. Using actual size
17.8406 	EXP 	Created window1 = Window(allowGUI=False, allowStencil=False, autoLog=True, backendConf=UNKNOWN, backgroundFit=<method-wrapper '__getattribute__' of attributeSetter object at 0x000001F76DE488B0>, backgroundImage=<method-wrapper '__getattribute__' of attributeSetter object at 0x000001F76DE48850>, bitsMode=UNKNOWN, blendMode='avg', bpc=(8, 8, 8), color=array([-1, -1, -1]), colorSpace='rgb', depthBits=8, fullscr=True, gamma=None, gammaErrorPolicy='raise', infoMsg=UNKNOWN, lms=UNKNOWN, monitor=<psychopy.monitors.calibTools.Monitor object at 0x000001F773421A90>, multiSample=False, name='window1', numSamples=2, pos=(0, 0), screen=1, size=array([1920, 1200]), stencilBits=0, stereo=False, title='PsychoPy', units='norm', useFBO=True, useRetina=False, viewOri=0.0, viewPos=None, viewScale=None, waitBlanking=True, winType='pyglet')
17.8406 	EXP 	window1: backgroundImage = None
17.8407 	EXP 	window1: backgroundFit = 'cover'
17.8421 	EXP 	window1: Attempting to measure frame rate of screen (1) ...
17.8421 	EXP 	window1: recordFrameIntervals = False
18.0043 	EXP 	window1: recordFrameIntervals = True
18.3387 	EXP 	Screen (1) actual frame rate measured at 59.75Hz
18.3388 	EXP 	window1: recordFrameIntervals = False
18.3912 	EXP 	Created text = TextStim(__class__=<class 'psychopy.visual.text.TextStim'>, alignHoriz=method-wrapper(...), alignText='center', alignVert=method-wrapper(...), anchorHoriz='center', anchorVert='center', antialias=True, autoDraw=False, autoLog=True, bold=False, color=array([1., 1., 1.]), colorSpace='rgb', contrast=1.0, depth=0.0, draggable=False, flipHoriz=False, flipVert=False, font='Arial', fontFiles=[], height=0.06, italic=False, languageStyle='LTR', name='text', opacity=1, ori=0, pos=array([0. , 0.2]), rgb=UNKNOWN, text=str(...), units='norm', win=Window(...), wrapWidth=1.2)
18.3921 	EXP 	Created text = TextStim(__class__=<class 'psychopy.visual.text.TextStim'>, alignHoriz=method-wrapper(...), alignText='center', alignVert=method-wrapper(...), anchorHoriz='center', anchorVert='center', antialias=True, autoDraw=False, autoLog=True, bold=False, color=array([1., 1., 1.]), colorSpace='rgb', contrast=1.0, depth=0.0, draggable=False, flipHoriz=False, flipVert=False, font='Arial', fontFiles=[], height=0.06, italic=False, languageStyle='LTR', name='text', opacity=1, ori=0, pos=array([0., 0.]), rgb=UNKNOWN, text='', units='norm', win=Window(...), wrapWidth=1.2)
18.3977 	EXP 	Created waiting_for_trigger_text = TextStim(__class__=<class 'psychopy.visual.text.TextStim'>, alignHoriz=method-wrapper(...), alignText='center', alignVert=method-wrapper(...), anchorHoriz='center', anchorVert='center', antialias=True, autoDraw=False, autoLog=True, bold=False, color=array([1., 1., 1.]), colorSpace='rgb', contrast=1.0, depth=0.0, draggable=False, flipHoriz=False, flipVert=False, font='Arial', fontFiles=[], height=0.1, italic=False, languageStyle='LTR', name='waiting_for_trigger_text', opacity=1, ori=0, pos=array([0., 0.]), rgb=UNKNOWN, text='waiting for scanner', units='norm', win=Window(...), wrapWidth=2)
18.4025 	EXP 	Created text_2 = TextStim(__class__=<class 'psychopy.visual.text.TextStim'>, alignHoriz=method-wrapper(...), alignText='center', alignVert=method-wrapper(...), anchorHoriz='center', anchorVert='center', antialias=True, autoDraw=False, autoLog=True, bold=False, color=array([1., 1., 1.]), colorSpace='rgb', contrast=1.0, depth=0.0, draggable=False, flipHoriz=False, flipVert=False, font='Arial', fontFiles=[], height=0.3, italic=False, languageStyle='LTR', name='text_2', opacity=1, ori=0, pos=array([0., 0.]), rgb=UNKNOWN, text='+', units='norm', win=Window(...), wrapWidth=1)
18.4069 	EXP 	Created text_relax = TextStim(__class__=<class 'psychopy.visual.text.TextStim'>, alignHoriz=method-wrapper(...), alignText='center', alignVert=method-wrapper(...), anchorHoriz='center', anchorVert='center', antialias=True, autoDraw=False, autoLog=True, bold=False, color=array([1., 1., 1.]), colorSpace='rgb', contrast=1.0, depth=0.0, draggable=False, flipHoriz=False, flipVert=False, font='Arial', fontFiles=[], height=0.07, italic=False, languageStyle='LTR', name='text_relax', opacity=1, ori=0, pos=array([ 0. , -0.2]), rgb=UNKNOWN, text='Relax', units='norm', win=Window(...), wrapWidth=1)
18.4118 	EXP 	Created text_4 = TextStim(__class__=<class 'psychopy.visual.text.TextStim'>, alignHoriz=method-wrapper(...), alignText='center', alignVert=method-wrapper(...), anchorHoriz='center', anchorVert='center', antialias=True, autoDraw=False, autoLog=True, bold=False, color=array([1., 1., 1.]), colorSpace='rgb', contrast=1.0, depth=-3.0, draggable=False, flipHoriz=False, flipVert=False, font='Arial', fontFiles=[], height=0.1, italic=False, languageStyle='LTR', name='text_4', opacity=1, ori=0, pos=array([0., 0.]), rgb=UNKNOWN, text='default text', units='norm', win=Window(...), wrapWidth=1)
18.4333 	EXP 	Created unnamed Circle = Circle(__class__=<class 'psychopy.visual.circle.Circle'>, anchor=('center', 'center'), autoDraw=False, autoLog=True, closeShape=True, color=method-wrapper(...), colorSpace='rgb', contrast=None, depth=0, draggable=False, fillColor=array([0, 0, 0]), fillColorSpace='rgb', fillRGB=array([0, 0, 0]), interpolate=True, lineColor=array([ 1.,  1., -1.]), lineColorSpace='rgb', lineRGB=array([ 1,  1, -1]), lineWidth=3, name='unnamed Circle', opacity=1, ori=0.0, pos=array([0.        , 0.33333333]), size=array([1., 1.]), units='norm', vertices=ndarray(...), win=Window(...), windingRule=None)
18.4504 	EXP 	Created unnamed Circle = Circle(__class__=<class 'psychopy.visual.circle.Circle'>, anchor=('center', 'center'), autoDraw=False, autoLog=True, closeShape=True, color=method-wrapper(...), colorSpace='rgb', contrast=None, depth=0, draggable=False, fillColor=array([0, 0, 0]), fillColorSpace='rgb', fillRGB=array([0, 0, 0]), interpolate=True, lineColor=array([0.35686275, 0.69411765, 0.80392157]), lineColorSpace='rgb', lineRGB=array([0.35686275, 0.69411765, 0.80392157]), lineWidth=3, name='unnamed Circle', opacity=1, ori=0.0, pos=array([ 0.        , -0.33333333]), size=array([1., 1.]), units='norm', vertices=ndarray(...), win=Window(...), windingRule=None)
18.4666 	EXP 	Created unnamed Circle = Circle(__class__=<class 'psychopy.visual.circle.Circle'>, anchor=('center', 'center'), autoDraw=False, autoLog=True, closeShape=True, color=method-wrapper(...), colorSpace='rgb', contrast=None, depth=0, draggable=False, fillColor=array([1, 1, 1]), fillColorSpace='rgb', fillRGB=array([1, 1, 1]), interpolate=True, lineColor=array([1., 1., 1.]), lineColorSpace='rgb', lineRGB=array([1, 1, 1]), lineWidth=1.5, name='unnamed Circle', opacity=1, ori=0.0, pos=array([0., 0.]), size=array([1., 1.]), units='norm', vertices=ndarray(...), win=Window(...), windingRule=None)
18.4805 	EXP 	Created unnamed Circle = Circle(__class__=<class 'psychopy.visual.circle.Circle'>, anchor=('center', 'center'), autoDraw=False, autoLog=True, closeShape=True, color=method-wrapper(...), colorSpace='rgb', contrast=None, depth=0, draggable=False, fillColor=array([1, 1, 1]), fillColorSpace='rgb', fillRGB=array([1, 1, 1]), interpolate=True, lineColor=array([1., 1., 1.]), lineColorSpace='rgb', lineRGB=array([1, 1, 1]), lineWidth=3, name='unnamed Circle', opacity=1, ori=0.0, pos=array([0., 0.]), size=array([1., 1.]), units='norm', vertices=ndarray(...), win=Window(...), windingRule=None)
18.4854 	EXP 	Created instruct_text = TextStim(__class__=<class 'psychopy.visual.text.TextStim'>, alignHoriz=method-wrapper(...), alignText='center', alignVert=method-wrapper(...), anchorHoriz='center', anchorVert='center', antialias=True, autoDraw=False, autoLog=True, bold=False, color=array([1., 1., 1.]), colorSpace='rgb', contrast=1.0, depth=0.0, draggable=False, flipHoriz=False, flipVert=False, font='Arial', fontFiles=[], height=0.06, italic=False, languageStyle='LTR', name='instruct_text', opacity=1, ori=0, pos=array([0., 0.]), rgb=UNKNOWN, text='replace me', units='norm', win=Window(...), wrapWidth=1.2)
18.4889 	EXP 	Created thank_you_end_run_text = TextStim(__class__=<class 'psychopy.visual.text.TextStim'>, alignHoriz=method-wrapper(...), alignText='center', alignVert=method-wrapper(...), anchorHoriz='center', anchorVert='center', antialias=True, autoDraw=False, autoLog=True, bold=False, color=array([1., 1., 1.]), colorSpace='rgb', contrast=1.0, depth=0.0, draggable=False, flipHoriz=False, flipVert=False, font='Arial', fontFiles=[], height=0.1, italic=False, languageStyle='LTR', name='thank_you_end_run_text', opacity=1, ori=0, pos=array([0., 0.]), rgb=UNKNOWN, text='thank you!', units='norm', win=Window(...), wrapWidth=1)
18.5048 	EXP 	instruct_text: height = 0.06
18.5048 	EXP 	instruct_text: height = 0.06
18.5048 	EXP 	instruct_text: height = 0.06
18.5048 	EXP 	instruct_text: text = "Next, you will get to continue the Mindful Describing practice you just learned.    \n\nBefore, you mentioned using your 111 as an anchor for your Describing Practice. Try to continue using this as your anchor, but it is also okay to switch anytime.\n\nYou will see 2 circles with a white ball in the middle, but they won't move for now."
19.0678 	DATA 	Keypress: space
19.0780 	EXP 	instruct_text: height = 0.06
19.0780 	EXP 	instruct_text: height = 0.06
19.0780 	EXP 	instruct_text: height = 0.06
19.0780 	EXP 	instruct_text: text = "You will see the plus sign (+) for 30 seconds at the start. Whenever you see the plus +,  please don't practice Describing just relax.\n\nOnce the circles appear, please start the Describing practice. This practice will last 2.5 min."
19.2089 	DATA 	Keypress: space
19.2144 	EXP 	waiting_for_trigger_text: autoDraw = True
19.3657 	DATA 	Keypress: space
21.2851 	DATA 	Keypress: 5
21.3009 	EXP 	waiting_for_trigger_text: autoDraw = False
21.3009 	EXP 	text_2: autoDraw = True
21.3009 	EXP 	text_relax: autoDraw = True
51.3117 	EXP 	text_2: autoDraw = False
51.3117 	EXP 	text_relax: autoDraw = False
51.3117 	EXP 	text_2: autoDraw = False
201.2900 	EXP 	unnamed Circle: fillColor = <class 'numpy.ndarray'>
201.2900 	EXP 	unnamed Circle: fillColor = <class 'numpy.ndarray'>
201.2900 	EXP 	unnamed Circle: fillColor = <class 'numpy.ndarray'>
201.2900 	EXP 	unnamed Circle: fillColor = <class 'numpy.ndarray'>
201.2900 	EXP 	unnamed Circle: radius = 0.135
201.2900 	EXP 	unnamed Circle: fillColor = 'white'
201.2900 	EXP 	unnamed Circle: fillColor = <class 'numpy.ndarray'>
201.2900 	EXP 	unnamed Circle: fillColor = <class 'numpy.ndarray'>
201.2900 	EXP 	unnamed Circle: fillColor = <class 'numpy.ndarray'>
201.2900 	EXP 	unnamed Circle: radius = 0.135
201.2900 	EXP 	unnamed Circle: fillColor = 'white'
201.2900 	EXP 	unnamed Circle: fillColor = <class 'numpy.ndarray'>
201.2900 	EXP 	unnamed Circle: fillColor = <class 'numpy.ndarray'>
201.2900 	EXP 	unnamed Circle: fillColor = <class 'numpy.ndarray'>
201.2900 	EXP 	unnamed Circle: radius = 0.12150000000000001
201.2900 	EXP 	unnamed Circle: fillColor = 'white'
201.2900 	EXP 	unnamed Circle: fillColor = <class 'numpy.ndarray'>
201.2900 	EXP 	unnamed Circle: fillColor = <class 'numpy.ndarray'>
201.2900 	EXP 	unnamed Circle: radius = 0.10935000000000002
201.2900 	EXP 	unnamed Circle: fillColor = 'white'
201.2900 	EXP 	unnamed Circle: fillColor = <class 'numpy.ndarray'>
201.2900 	EXP 	unnamed Circle: fillColor = <class 'numpy.ndarray'>
201.2900 	EXP 	unnamed Circle: radius = 0.09841500000000002
201.2900 	EXP 	unnamed Circle: fillColor = 'white'
201.2900 	EXP 	unnamed Circle: fillColor = <class 'numpy.ndarray'>
201.2900 	EXP 	unnamed Circle: fillColor = <class 'numpy.ndarray'>
201.2900 	EXP 	unnamed Circle: radius = 0.08857350000000001
201.2900 	EXP 	unnamed Circle: fillColor = 'white'
201.2900 	EXP 	unnamed Circle: fillColor = <class 'numpy.ndarray'>
201.2900 	EXP 	unnamed Circle: fillColor = <class 'numpy.ndarray'>
201.2900 	EXP 	unnamed Circle: fillColor = <class 'numpy.ndarray'>
201.2900 	EXP 	unnamed Circle: fillColor = <class 'numpy.ndarray'>
201.2900 	EXP 	unnamed Circle: radius = 0.07971615000000001
201.2900 	EXP 	unnamed Circle: fillColor = 'white'
201.2900 	EXP 	unnamed Circle: fillColor = <class 'numpy.ndarray'>
201.2900 	EXP 	unnamed Circle: fillColor = <class 'numpy.ndarray'>
201.2900 	EXP 	unnamed Circle: fillColor = <class 'numpy.ndarray'>
201.2900 	EXP 	unnamed Circle: fillColor = <class 'numpy.ndarray'>
201.2900 	EXP 	unnamed Circle: radius = 0.07174453500000001
201.2900 	EXP 	unnamed Circle: fillColor = 'white'
201.2900 	EXP 	unnamed Circle: fillColor = <class 'numpy.ndarray'>
201.2900 	EXP 	unnamed Circle: fillColor = <class 'numpy.ndarray'>
201.2900 	EXP 	unnamed Circle: radius = 0.06457008150000002
201.2900 	EXP 	unnamed Circle: fillColor = 'white'
201.2900 	EXP 	unnamed Circle: fillColor = <class 'numpy.ndarray'>
201.2900 	EXP 	unnamed Circle: fillColor = <class 'numpy.ndarray'>
201.2900 	EXP 	unnamed Circle: radius = 0.058113073350000016
201.2900 	EXP 	unnamed Circle: fillColor = 'white'
201.2900 	EXP 	unnamed Circle: fillColor = <class 'numpy.ndarray'>
201.2900 	EXP 	unnamed Circle: radius = 0.12150000000000001
201.2900 	EXP 	unnamed Circle: fillColor = 'white'
201.2900 	EXP 	unnamed Circle: fillColor = <class 'numpy.ndarray'>
201.2900 	EXP 	unnamed Circle: fillColor = <class 'numpy.ndarray'>
201.2900 	EXP 	unnamed Circle: fillColor = <class 'numpy.ndarray'>
201.2900 	EXP 	unnamed Circle: radius = 0.052301766015000015
201.2900 	EXP 	unnamed Circle: fillColor = 'white'
201.2900 	EXP 	unnamed Circle: fillColor = <class 'numpy.ndarray'>
201.2900 	EXP 	unnamed Circle: radius = 0.10935000000000002
201.2900 	EXP 	unnamed Circle: fillColor = 'white'
201.2900 	EXP 	unnamed Circle: fillColor = <class 'numpy.ndarray'>
201.2900 	EXP 	unnamed Circle: fillColor = <class 'numpy.ndarray'>
201.2900 	EXP 	unnamed Circle: fillColor = <class 'numpy.ndarray'>
201.2900 	EXP 	unnamed Circle: radius = 0.047071589413500016
201.2900 	EXP 	unnamed Circle: fillColor = 'white'
201.2900 	EXP 	unnamed Circle: fillColor = <class 'numpy.ndarray'>
201.2900 	EXP 	unnamed Circle: radius = 0.09841500000000002
201.2900 	EXP 	unnamed Circle: fillColor = 'white'
201.2900 	EXP 	unnamed Circle: fillColor = <class 'numpy.ndarray'>
201.2900 	EXP 	unnamed Circle: fillColor = <class 'numpy.ndarray'>
201.2900 	EXP 	unnamed Circle: radius = 0.08857350000000001
201.2900 	EXP 	unnamed Circle: fillColor = 'white'
201.2900 	EXP 	unnamed Circle: fillColor = <class 'numpy.ndarray'>
201.2900 	EXP 	unnamed Circle: fillColor = <class 'numpy.ndarray'>
201.2900 	EXP 	unnamed Circle: radius = 0.07971615000000001
201.2900 	EXP 	unnamed Circle: fillColor = 'white'
201.2900 	EXP 	unnamed Circle: fillColor = <class 'numpy.ndarray'>
201.2900 	EXP 	unnamed Circle: fillColor = <class 'numpy.ndarray'>
201.2900 	EXP 	unnamed Circle: radius = 0.07174453500000001
201.2900 	EXP 	unnamed Circle: fillColor = 'white'
201.2900 	EXP 	unnamed Circle: fillColor = <class 'numpy.ndarray'>
201.2900 	EXP 	unnamed Circle: fillColor = <class 'numpy.ndarray'>
201.2900 	EXP 	unnamed Circle: radius = 0.06457008150000002
201.2900 	EXP 	unnamed Circle: fillColor = 'white'
201.2900 	EXP 	unnamed Circle: fillColor = <class 'numpy.ndarray'>
201.2900 	EXP 	unnamed Circle: fillColor = <class 'numpy.ndarray'>
201.2900 	EXP 	unnamed Circle: radius = 0.058113073350000016
201.2900 	EXP 	unnamed Circle: fillColor = 'white'
201.2900 	EXP 	unnamed Circle: fillColor = <class 'numpy.ndarray'>
201.2900 	EXP 	unnamed Circle: fillColor = <class 'numpy.ndarray'>
201.2900 	EXP 	unnamed Circle: fillColor = <class 'numpy.ndarray'>
201.2900 	EXP 	unnamed Circle: radius = 0.042364430472150015
201.2900 	EXP 	unnamed Circle: fillColor = 'white'
201.2900 	EXP 	unnamed Circle: fillColor = <class 'numpy.ndarray'>
201.2900 	EXP 	unnamed Circle: fillColor = <class 'numpy.ndarray'>
201.2900 	EXP 	unnamed Circle: radius = 0.03812798742493501
201.2900 	EXP 	unnamed Circle: fillColor = 'white'
201.2900 	EXP 	unnamed Circle: fillColor = <class 'numpy.ndarray'>
201.2900 	EXP 	unnamed Circle: radius = 0.052301766015000015
201.2900 	EXP 	unnamed Circle: fillColor = 'white'
201.2900 	EXP 	unnamed Circle: fillColor = <class 'numpy.ndarray'>
201.2900 	EXP 	unnamed Circle: fillColor = <class 'numpy.ndarray'>
201.2900 	EXP 	unnamed Circle: fillColor = <class 'numpy.ndarray'>
201.2900 	EXP 	unnamed Circle: fillColor = <class 'numpy.ndarray'>
201.2900 	EXP 	unnamed Circle: fillColor = <class 'numpy.ndarray'>
201.2900 	EXP 	unnamed Circle: radius = 0.03431518868244151
201.2900 	EXP 	unnamed Circle: fillColor = 'white'
201.2900 	EXP 	unnamed Circle: fillColor = <class 'numpy.ndarray'>
201.2900 	EXP 	unnamed Circle: fillColor = <class 'numpy.ndarray'>
201.2900 	EXP 	unnamed Circle: fillColor = <class 'numpy.ndarray'>
201.2900 	EXP 	unnamed Circle: fillColor = <class 'numpy.ndarray'>
201.2900 	EXP 	unnamed Circle: radius = 0.030883669814197358
201.2900 	EXP 	unnamed Circle: fillColor = 'white'
201.2900 	EXP 	unnamed Circle: fillColor = <class 'numpy.ndarray'>
201.2900 	EXP 	unnamed Circle: radius = 0.047071589413500016
201.2900 	EXP 	unnamed Circle: fillColor = 'white'
201.2900 	EXP 	unnamed Circle: fillColor = <class 'numpy.ndarray'>
201.2900 	EXP 	unnamed Circle: fillColor = <class 'numpy.ndarray'>
201.2900 	EXP 	unnamed Circle: radius = 0.042364430472150015
201.2900 	EXP 	unnamed Circle: fillColor = 'white'
201.2900 	EXP 	unnamed Circle: fillColor = <class 'numpy.ndarray'>
201.2900 	EXP 	unnamed Circle: fillColor = <class 'numpy.ndarray'>
201.2900 	EXP 	unnamed Circle: fillColor = <class 'numpy.ndarray'>
201.2900 	EXP 	unnamed Circle: radius = 0.03
201.2900 	EXP 	unnamed Circle: fillColor = 'white'
201.2900 	EXP 	unnamed Circle: fillColor = <class 'numpy.ndarray'>
201.2900 	EXP 	unnamed Circle: radius = 0.03812798742493501
201.2900 	EXP 	unnamed Circle: fillColor = 'white'
201.2900 	EXP 	unnamed Circle: fillColor = <class 'numpy.ndarray'>
201.2900 	EXP 	unnamed Circle: fillColor = <class 'numpy.ndarray'>
201.2900 	EXP 	unnamed Circle: radius = 0.03431518868244151
201.2900 	EXP 	unnamed Circle: fillColor = 'white'
201.2900 	EXP 	unnamed Circle: fillColor = <class 'numpy.ndarray'>
201.2900 	EXP 	unnamed Circle: fillColor = <class 'numpy.ndarray'>
201.2900 	EXP 	unnamed Circle: radius = 0.030883669814197358
201.2900 	EXP 	unnamed Circle: fillColor = 'white'
201.2900 	EXP 	unnamed Circle: fillColor = <class 'numpy.ndarray'>
201.2900 	EXP 	unnamed Circle: fillColor = <class 'numpy.ndarray'>
201.2900 	EXP 	unnamed Circle: fillColor = <class 'numpy.ndarray'>
201.2900 	EXP 	unnamed Circle: radius = 0.03
201.2900 	EXP 	unnamed Circle: fillColor = 'white'
201.2900 	EXP 	unnamed Circle: fillColor = <class 'numpy.ndarray'>
201.2900 	EXP 	unnamed Circle: fillColor = <class 'numpy.ndarray'>
201.2900 	EXP 	unnamed Circle: radius = 0.03
201.2900 	EXP 	unnamed Circle: fillColor = 'white'
201.2900 	EXP 	unnamed Circle: fillColor = <class 'numpy.ndarray'>
201.2900 	EXP 	unnamed Circle: radius = 0.03
201.2900 	EXP 	unnamed Circle: fillColor = 'white'
201.2900 	EXP 	unnamed Circle: fillColor = <class 'numpy.ndarray'>
201.2900 	EXP 	unnamed Circle: fillColor = <class 'numpy.ndarray'>
201.2900 	EXP 	unnamed Circle: fillColor = <class 'numpy.ndarray'>
201.2900 	EXP 	unnamed Circle: radius = 0.03
201.2900 	EXP 	unnamed Circle: fillColor = 'white'
201.2900 	EXP 	unnamed Circle: fillColor = <class 'numpy.ndarray'>
201.2900 	EXP 	unnamed Circle: radius = 0.03
201.2900 	EXP 	unnamed Circle: fillColor = 'white'
201.2900 	EXP 	unnamed Circle: fillColor = <class 'numpy.ndarray'>
201.2900 	EXP 	unnamed Circle: fillColor = <class 'numpy.ndarray'>
201.2900 	EXP 	unnamed Circle: fillColor = <class 'numpy.ndarray'>
201.2900 	EXP 	unnamed Circle: radius = 0.03
201.2900 	EXP 	unnamed Circle: fillColor = 'white'
201.2900 	EXP 	unnamed Circle: fillColor = <class 'numpy.ndarray'>
201.2900 	EXP 	unnamed Circle: fillColor = <class 'numpy.ndarray'>
201.2900 	EXP 	unnamed Circle: radius = 0.03
201.2900 	EXP 	unnamed Circle: fillColor = 'white'
201.2900 	EXP 	unnamed Circle: fillColor = <class 'numpy.ndarray'>
201.2900 	EXP 	unnamed Circle: radius = 0.03
201.2900 	EXP 	unnamed Circle: fillColor = 'white'
201.2900 	EXP 	unnamed Circle: fillColor = <class 'numpy.ndarray'>
201.2900 	EXP 	unnamed Circle: fillColor = <class 'numpy.ndarray'>
201.2900 	EXP 	unnamed Circle: radius = 0.03
201.2900 	EXP 	unnamed Circle: fillColor = 'white'
201.2900 	EXP 	unnamed Circle: fillColor = <class 'numpy.ndarray'>
201.2900 	EXP 	unnamed Circle: fillColor = <class 'numpy.ndarray'>
201.2900 	EXP 	unnamed Circle: radius = 0.03
201.2900 	EXP 	unnamed Circle: fillColor = 'white'
201.2900 	EXP 	unnamed Circle: fillColor = <class 'numpy.ndarray'>
201.2900 	EXP 	unnamed Circle: fillColor = <class 'numpy.ndarray'>
201.2900 	EXP 	unnamed Circle: radius = 0.03
201.2900 	EXP 	unnamed Circle: fillColor = 'white'
201.2900 	EXP 	unnamed Circle: fillColor = <class 'numpy.ndarray'>
201.2900 	EXP 	unnamed Circle: fillColor = <class 'numpy.ndarray'>
201.2900 	EXP 	unnamed Circle: radius = 0.03
201.2900 	EXP 	unnamed Circle: fillColor = 'white'
201.2900 	EXP 	unnamed Circle: fillColor = <class 'numpy.ndarray'>
201.2900 	EXP 	unnamed Circle: fillColor = <class 'numpy.ndarray'>
201.2900 	EXP 	unnamed Circle: fillColor = <class 'numpy.ndarray'>
201.2900 	EXP 	unnamed Circle: fillColor = <class 'numpy.ndarray'>
201.2900 	EXP 	unnamed Circle: radius = 0.03
201.2900 	EXP 	unnamed Circle: fillColor = 'white'
201.2900 	EXP 	unnamed Circle: fillColor = <class 'numpy.ndarray'>
201.2900 	EXP 	unnamed Circle: fillColor = <class 'numpy.ndarray'>
201.2900 	EXP 	unnamed Circle: fillColor = <class 'numpy.ndarray'>
201.2900 	EXP 	unnamed Circle: radius = 0.03
201.2900 	EXP 	unnamed Circle: fillColor = 'white'
201.2900 	EXP 	unnamed Circle: fillColor = <class 'numpy.ndarray'>
201.2900 	EXP 	unnamed Circle: radius = 0.03
201.2900 	EXP 	unnamed Circle: fillColor = 'white'
201.2900 	EXP 	unnamed Circle: fillColor = <class 'numpy.ndarray'>
201.2900 	EXP 	unnamed Circle: fillColor = <class 'numpy.ndarray'>
201.2900 	EXP 	unnamed Circle: fillColor = <class 'numpy.ndarray'>
201.2900 	EXP 	unnamed Circle: radius = 0.03
201.2900 	EXP 	unnamed Circle: fillColor = 'white'
201.2900 	EXP 	unnamed Circle: fillColor = <class 'numpy.ndarray'>
201.2900 	EXP 	unnamed Circle: radius = 0.03
201.2900 	EXP 	unnamed Circle: fillColor = 'white'
201.2900 	EXP 	unnamed Circle: fillColor = <class 'numpy.ndarray'>
201.2900 	EXP 	unnamed Circle: fillColor = <class 'numpy.ndarray'>
201.2900 	EXP 	unnamed Circle: radius = 0.03
201.2900 	EXP 	unnamed Circle: fillColor = 'white'
201.2900 	EXP 	unnamed Circle: fillColor = <class 'numpy.ndarray'>
201.2900 	EXP 	unnamed Circle: fillColor = <class 'numpy.ndarray'>
201.2900 	EXP 	unnamed Circle: fillColor = <class 'numpy.ndarray'>
201.2900 	EXP 	unnamed Circle: radius = 0.03
201.2900 	EXP 	unnamed Circle: fillColor = 'white'
201.2900 	EXP 	unnamed Circle: fillColor = <class 'numpy.ndarray'>
201.2900 	EXP 	unnamed Circle: fillColor = <class 'numpy.ndarray'>
201.2900 	EXP 	unnamed Circle: radius = 0.03
201.2900 	EXP 	unnamed Circle: fillColor = 'white'
201.2900 	EXP 	unnamed Circle: fillColor = <class 'numpy.ndarray'>
201.2900 	EXP 	unnamed Circle: radius = 0.03
201.2900 	EXP 	unnamed Circle: fillColor = 'white'
201.2900 	EXP 	unnamed Circle: fillColor = <class 'numpy.ndarray'>
201.2900 	EXP 	unnamed Circle: fillColor = <class 'numpy.ndarray'>
201.2900 	EXP 	unnamed Circle: radius = 0.03
201.2900 	EXP 	unnamed Circle: fillColor = 'white'
201.2900 	EXP 	unnamed Circle: fillColor = <class 'numpy.ndarray'>
201.2900 	EXP 	unnamed Circle: fillColor = <class 'numpy.ndarray'>
201.2900 	EXP 	unnamed Circle: fillColor = <class 'numpy.ndarray'>
201.2900 	EXP 	unnamed Circle: radius = 0.03
201.2900 	EXP 	unnamed Circle: fillColor = 'white'
201.2900 	EXP 	unnamed Circle: fillColor = <class 'numpy.ndarray'>
201.2900 	EXP 	unnamed Circle: radius = 0.03
201.2900 	EXP 	unnamed Circle: fillColor = 'white'
201.2900 	EXP 	unnamed Circle: fillColor = <class 'numpy.ndarray'>
201.2900 	EXP 	unnamed Circle: fillColor = <class 'numpy.ndarray'>
201.2900 	EXP 	unnamed Circle: fillColor = <class 'numpy.ndarray'>
201.2900 	EXP 	unnamed Circle: radius = 0.03
201.2900 	EXP 	unnamed Circle: fillColor = 'white'
201.2900 	EXP 	unnamed Circle: fillColor = <class 'numpy.ndarray'>
201.2900 	EXP 	unnamed Circle: fillColor = <class 'numpy.ndarray'>
201.2900 	EXP 	unnamed Circle: radius = 0.03
201.2900 	EXP 	unnamed Circle: fillColor = 'white'
201.2900 	EXP 	unnamed Circle: fillColor = <class 'numpy.ndarray'>
201.2900 	EXP 	unnamed Circle: fillColor = <class 'numpy.ndarray'>
201.2900 	EXP 	unnamed Circle: radius = 0.03
201.2900 	EXP 	unnamed Circle: fillColor = 'white'
201.2900 	EXP 	unnamed Circle: fillColor = <class 'numpy.ndarray'>
201.2900 	EXP 	unnamed Circle: radius = 0.03
201.2900 	EXP 	unnamed Circle: fillColor = 'white'
201.2900 	EXP 	unnamed Circle: fillColor = <class 'numpy.ndarray'>
201.2900 	EXP 	unnamed Circle: fillColor = <class 'numpy.ndarray'>
201.2900 	EXP 	unnamed Circle: fillColor = <class 'numpy.ndarray'>
201.2900 	EXP 	unnamed Circle: fillColor = <class 'numpy.ndarray'>
201.2900 	EXP 	unnamed Circle: fillColor = <class 'numpy.ndarray'>
201.2900 	EXP 	unnamed Circle: radius = 0.03
201.2900 	EXP 	unnamed Circle: fillColor = 'white'
201.2900 	EXP 	unnamed Circle: fillColor = <class 'numpy.ndarray'>
201.2900 	EXP 	unnamed Circle: radius = 0.03
201.2900 	EXP 	unnamed Circle: fillColor = 'white'
201.2900 	EXP 	unnamed Circle: fillColor = <class 'numpy.ndarray'>
201.2900 	EXP 	unnamed Circle: fillColor = <class 'numpy.ndarray'>
201.2900 	EXP 	unnamed Circle: fillColor = <class 'numpy.ndarray'>
201.2900 	EXP 	unnamed Circle: radius = 0.03
201.2900 	EXP 	unnamed Circle: fillColor = 'white'
201.2900 	EXP 	unnamed Circle: fillColor = <class 'numpy.ndarray'>
201.2900 	EXP 	unnamed Circle: fillColor = <class 'numpy.ndarray'>
201.2900 	EXP 	unnamed Circle: radius = 0.03
201.2900 	EXP 	unnamed Circle: fillColor = 'white'
201.2900 	EXP 	unnamed Circle: fillColor = <class 'numpy.ndarray'>
201.2900 	EXP 	unnamed Circle: radius = 0.03
201.2900 	EXP 	unnamed Circle: fillColor = 'white'
201.2900 	EXP 	unnamed Circle: fillColor = <class 'numpy.ndarray'>
201.2900 	EXP 	unnamed Circle: fillColor = <class 'numpy.ndarray'>
201.2900 	EXP 	unnamed Circle: fillColor = <class 'numpy.ndarray'>
201.2900 	EXP 	unnamed Circle: fillColor = <class 'numpy.ndarray'>
201.2900 	EXP 	unnamed Circle: fillColor = <class 'numpy.ndarray'>
201.2900 	EXP 	unnamed Circle: radius = 0.03
201.2900 	EXP 	unnamed Circle: fillColor = 'white'
201.2900 	EXP 	unnamed Circle: fillColor = <class 'numpy.ndarray'>
201.2900 	EXP 	unnamed Circle: radius = 0.03
201.2900 	EXP 	unnamed Circle: fillColor = 'white'
201.2900 	EXP 	unnamed Circle: fillColor = <class 'numpy.ndarray'>
201.2900 	EXP 	unnamed Circle: fillColor = <class 'numpy.ndarray'>
201.2900 	EXP 	unnamed Circle: fillColor = <class 'numpy.ndarray'>
201.2900 	EXP 	unnamed Circle: radius = 0.03
201.2900 	EXP 	unnamed Circle: fillColor = 'white'
201.2900 	EXP 	unnamed Circle: fillColor = <class 'numpy.ndarray'>
201.2900 	EXP 	unnamed Circle: radius = 0.03
201.2900 	EXP 	unnamed Circle: fillColor = 'white'
201.2900 	EXP 	unnamed Circle: fillColor = <class 'numpy.ndarray'>
201.2900 	EXP 	unnamed Circle: fillColor = <class 'numpy.ndarray'>
201.2900 	EXP 	unnamed Circle: fillColor = <class 'numpy.ndarray'>
201.2900 	EXP 	unnamed Circle: radius = 0.03
201.2900 	EXP 	unnamed Circle: fillColor = 'white'
201.2900 	EXP 	unnamed Circle: fillColor = <class 'numpy.ndarray'>
201.2900 	EXP 	unnamed Circle: radius = 0.03
201.2900 	EXP 	unnamed Circle: fillColor = 'white'
201.2900 	EXP 	unnamed Circle: fillColor = <class 'numpy.ndarray'>
201.2900 	EXP 	unnamed Circle: fillColor = <class 'numpy.ndarray'>
201.2900 	EXP 	unnamed Circle: fillColor = <class 'numpy.ndarray'>
201.2900 	EXP 	unnamed Circle: radius = 0.03
201.2900 	EXP 	unnamed Circle: fillColor = 'white'
201.2900 	EXP 	unnamed Circle: fillColor = <class 'numpy.ndarray'>
201.2900 	EXP 	unnamed Circle: fillColor = <class 'numpy.ndarray'>
201.2900 	EXP 	unnamed Circle: radius = 0.03
201.2900 	EXP 	unnamed Circle: fillColor = 'white'
201.2900 	EXP 	unnamed Circle: fillColor = <class 'numpy.ndarray'>
201.2900 	EXP 	unnamed Circle: fillColor = <class 'numpy.ndarray'>
201.2900 	EXP 	unnamed Circle: radius = 0.03
201.2900 	EXP 	unnamed Circle: fillColor = 'white'
201.2900 	EXP 	unnamed Circle: fillColor = <class 'numpy.ndarray'>
201.2900 	EXP 	unnamed Circle: radius = 0.03
201.2900 	EXP 	unnamed Circle: fillColor = 'white'
201.2900 	EXP 	unnamed Circle: fillColor = <class 'numpy.ndarray'>
201.2900 	EXP 	unnamed Circle: fillColor = <class 'numpy.ndarray'>
201.2900 	EXP 	unnamed Circle: radius = 0.03
201.2900 	EXP 	unnamed Circle: fillColor = 'white'
201.2900 	EXP 	unnamed Circle: fillColor = <class 'numpy.ndarray'>
201.2900 	EXP 	unnamed Circle: fillColor = <class 'numpy.ndarray'>
201.2900 	EXP 	unnamed Circle: fillColor = <class 'numpy.ndarray'>
201.2900 	EXP 	unnamed Circle: radius = 0.03
201.2900 	EXP 	unnamed Circle: fillColor = 'white'
201.2900 	EXP 	unnamed Circle: fillColor = <class 'numpy.ndarray'>
201.2900 	EXP 	unnamed Circle: radius = 0.03
201.2900 	EXP 	unnamed Circle: fillColor = 'white'
201.2900 	EXP 	unnamed Circle: fillColor = <class 'numpy.ndarray'>
201.2900 	EXP 	unnamed Circle: fillColor = <class 'numpy.ndarray'>
201.2900 	EXP 	unnamed Circle: fillColor = <class 'numpy.ndarray'>
201.2900 	EXP 	unnamed Circle: radius = 0.03
201.2900 	EXP 	unnamed Circle: fillColor = 'white'
201.2900 	EXP 	unnamed Circle: fillColor = <class 'numpy.ndarray'>
201.2900 	EXP 	unnamed Circle: fillColor = <class 'numpy.ndarray'>
201.2900 	EXP 	unnamed Circle: radius = 0.03
201.2900 	EXP 	unnamed Circle: fillColor = 'white'
201.2900 	EXP 	unnamed Circle: fillColor = <class 'numpy.ndarray'>
201.2900 	EXP 	unnamed Circle: fillColor = <class 'numpy.ndarray'>
201.2900 	EXP 	unnamed Circle: radius = 0.03
201.2900 	EXP 	unnamed Circle: fillColor = 'white'
201.2900 	EXP 	unnamed Circle: fillColor = <class 'numpy.ndarray'>
201.2900 	EXP 	unnamed Circle: radius = 0.03
201.2900 	EXP 	unnamed Circle: fillColor = 'white'
201.2900 	EXP 	unnamed Circle: fillColor = <class 'numpy.ndarray'>
201.2900 	EXP 	unnamed Circle: fillColor = <class 'numpy.ndarray'>
201.2900 	EXP 	unnamed Circle: fillColor = <class 'numpy.ndarray'>
201.2900 	EXP 	unnamed Circle: fillColor = <class 'numpy.ndarray'>
201.2900 	EXP 	unnamed Circle: radius = 0.03
201.2900 	EXP 	unnamed Circle: fillColor = 'white'
201.2900 	EXP 	unnamed Circle: fillColor = <class 'numpy.ndarray'>
201.2900 	EXP 	unnamed Circle: fillColor = <class 'numpy.ndarray'>
201.2900 	EXP 	unnamed Circle: radius = 0.03
201.2900 	EXP 	unnamed Circle: fillColor = 'white'
201.2900 	EXP 	unnamed Circle: fillColor = <class 'numpy.ndarray'>
201.2900 	EXP 	unnamed Circle: fillColor = <class 'numpy.ndarray'>
201.2900 	EXP 	unnamed Circle: radius = 0.03
201.2900 	EXP 	unnamed Circle: fillColor = 'white'
201.2900 	EXP 	unnamed Circle: fillColor = <class 'numpy.ndarray'>
201.2900 	EXP 	unnamed Circle: fillColor = <class 'numpy.ndarray'>
201.2900 	EXP 	unnamed Circle: fillColor = <class 'numpy.ndarray'>
201.2900 	EXP 	unnamed Circle: fillColor = <class 'numpy.ndarray'>
201.2900 	EXP 	unnamed Circle: fillColor = <class 'numpy.ndarray'>
201.2900 	EXP 	unnamed Circle: radius = 0.03
201.2900 	EXP 	unnamed Circle: fillColor = 'white'
201.2900 	EXP 	unnamed Circle: fillColor = <class 'numpy.ndarray'>
201.2900 	EXP 	unnamed Circle: radius = 0.03
201.2900 	EXP 	unnamed Circle: fillColor = 'white'
201.2900 	EXP 	unnamed Circle: fillColor = <class 'numpy.ndarray'>
201.2900 	EXP 	unnamed Circle: fillColor = <class 'numpy.ndarray'>
201.2900 	EXP 	unnamed Circle: radius = 0.03
201.2900 	EXP 	unnamed Circle: fillColor = 'white'
201.2900 	EXP 	unnamed Circle: fillColor = <class 'numpy.ndarray'>
201.2900 	EXP 	unnamed Circle: fillColor = <class 'numpy.ndarray'>
201.2900 	EXP 	unnamed Circle: radius = 0.03
201.2900 	EXP 	unnamed Circle: fillColor = 'white'
201.2900 	EXP 	unnamed Circle: fillColor = <class 'numpy.ndarray'>
201.2900 	EXP 	unnamed Circle: fillColor = <class 'numpy.ndarray'>
201.2900 	EXP 	unnamed Circle: radius = 0.03
201.2900 	EXP 	unnamed Circle: fillColor = 'white'
201.2900 	EXP 	unnamed Circle: fillColor = <class 'numpy.ndarray'>
201.2900 	EXP 	unnamed Circle: fillColor = <class 'numpy.ndarray'>
201.2900 	EXP 	unnamed Circle: radius = 0.03
201.2900 	EXP 	unnamed Circle: fillColor = 'white'
201.2900 	EXP 	unnamed Circle: fillColor = <class 'numpy.ndarray'>
201.2900 	EXP 	unnamed Circle: fillColor = <class 'numpy.ndarray'>
201.2900 	EXP 	unnamed Circle: fillColor = <class 'numpy.ndarray'>
201.2900 	EXP 	unnamed Circle: radius = 0.03
201.2900 	EXP 	unnamed Circle: fillColor = 'white'
201.2900 	EXP 	unnamed Circle: fillColor = <class 'numpy.ndarray'>
201.2900 	EXP 	unnamed Circle: radius = 0.03
201.2900 	EXP 	unnamed Circle: fillColor = 'white'
201.2900 	EXP 	unnamed Circle: fillColor = <class 'numpy.ndarray'>
201.2900 	EXP 	unnamed Circle: fillColor = <class 'numpy.ndarray'>
201.2900 	EXP 	unnamed Circle: fillColor = <class 'numpy.ndarray'>
201.2900 	EXP 	unnamed Circle: radius = 0.03
201.2900 	EXP 	unnamed Circle: fillColor = 'white'
201.2900 	EXP 	unnamed Circle: fillColor = <class 'numpy.ndarray'>
201.2900 	EXP 	unnamed Circle: fillColor = <class 'numpy.ndarray'>
201.2900 	EXP 	unnamed Circle: fillColor = <class 'numpy.ndarray'>
201.2900 	EXP 	unnamed Circle: fillColor = <class 'numpy.ndarray'>
201.2900 	EXP 	unnamed Circle: fillColor = <class 'numpy.ndarray'>
201.2900 	EXP 	unnamed Circle: radius = 0.03
201.2900 	EXP 	unnamed Circle: fillColor = 'white'
201.2900 	EXP 	unnamed Circle: fillColor = <class 'numpy.ndarray'>
201.2900 	EXP 	unnamed Circle: fillColor = <class 'numpy.ndarray'>
201.2900 	EXP 	unnamed Circle: fillColor = <class 'numpy.ndarray'>
201.2900 	EXP 	unnamed Circle: radius = 0.03
201.2900 	EXP 	unnamed Circle: fillColor = 'white'
201.2900 	EXP 	unnamed Circle: fillColor = <class 'numpy.ndarray'>
201.2900 	EXP 	unnamed Circle: fillColor = <class 'numpy.ndarray'>
201.2900 	EXP 	unnamed Circle: radius = 0.03
201.2900 	EXP 	unnamed Circle: fillColor = 'white'
201.2900 	EXP 	unnamed Circle: fillColor = <class 'numpy.ndarray'>
201.2900 	EXP 	unnamed Circle: fillColor = <class 'numpy.ndarray'>
201.2900 	EXP 	unnamed Circle: fillColor = <class 'numpy.ndarray'>
201.2900 	EXP 	unnamed Circle: radius = 0.03
201.2900 	EXP 	unnamed Circle: fillColor = 'white'
201.2900 	EXP 	unnamed Circle: fillColor = <class 'numpy.ndarray'>
201.2900 	EXP 	unnamed Circle: fillColor = <class 'numpy.ndarray'>
201.2900 	EXP 	unnamed Circle: radius = 0.03
201.2900 	EXP 	unnamed Circle: fillColor = 'white'
201.2900 	EXP 	unnamed Circle: fillColor = <class 'numpy.ndarray'>
201.2900 	EXP 	unnamed Circle: fillColor = <class 'numpy.ndarray'>
201.2900 	EXP 	unnamed Circle: radius = 0.03
201.2900 	EXP 	unnamed Circle: fillColor = 'white'
201.2900 	EXP 	unnamed Circle: fillColor = <class 'numpy.ndarray'>
201.2900 	EXP 	unnamed Circle: fillColor = <class 'numpy.ndarray'>
201.2900 	EXP 	unnamed Circle: radius = 0.03
201.2900 	EXP 	unnamed Circle: fillColor = 'white'
201.2900 	EXP 	unnamed Circle: fillColor = <class 'numpy.ndarray'>
201.2900 	EXP 	unnamed Circle: fillColor = <class 'numpy.ndarray'>
201.2900 	EXP 	unnamed Circle: fillColor = <class 'numpy.ndarray'>
201.2900 	EXP 	unnamed Circle: radius = 0.03
201.2900 	EXP 	unnamed Circle: fillColor = 'white'
201.2900 	EXP 	unnamed Circle: fillColor = <class 'numpy.ndarray'>
201.2900 	EXP 	unnamed Circle: fillColor = <class 'numpy.ndarray'>
201.2900 	EXP 	unnamed Circle: radius = 0.03
201.2900 	EXP 	unnamed Circle: fillColor = 'white'
201.2900 	EXP 	unnamed Circle: fillColor = <class 'numpy.ndarray'>
201.2900 	EXP 	unnamed Circle: fillColor = <class 'numpy.ndarray'>
201.2900 	EXP 	unnamed Circle: radius = 0.03
201.2900 	EXP 	unnamed Circle: fillColor = 'white'
201.2900 	EXP 	unnamed Circle: fillColor = <class 'numpy.ndarray'>
201.2900 	EXP 	unnamed Circle: radius = 0.03
201.2900 	EXP 	unnamed Circle: fillColor = 'white'
201.2900 	EXP 	unnamed Circle: fillColor = <class 'numpy.ndarray'>
201.2900 	EXP 	unnamed Circle: fillColor = <class 'numpy.ndarray'>
201.2900 	EXP 	unnamed Circle: radius = 0.03
201.2900 	EXP 	unnamed Circle: fillColor = 'white'
201.2900 	EXP 	unnamed Circle: fillColor = <class 'numpy.ndarray'>
201.2900 	EXP 	unnamed Circle: fillColor = <class 'numpy.ndarray'>
201.2900 	EXP 	unnamed Circle: radius = 0.03
201.2900 	EXP 	unnamed Circle: fillColor = 'white'
201.2900 	EXP 	unnamed Circle: fillColor = <class 'numpy.ndarray'>
201.2900 	EXP 	unnamed Circle: fillColor = <class 'numpy.ndarray'>
201.2900 	EXP 	unnamed Circle: fillColor = <class 'numpy.ndarray'>
201.2900 	EXP 	unnamed Circle: fillColor = <class 'numpy.ndarray'>
201.2900 	EXP 	unnamed Circle: fillColor = <class 'numpy.ndarray'>
201.2900 	EXP 	unnamed Circle: radius = 0.03
201.2900 	EXP 	unnamed Circle: fillColor = 'white'
201.2900 	EXP 	unnamed Circle: fillColor = <class 'numpy.ndarray'>
201.2900 	EXP 	unnamed Circle: fillColor = <class 'numpy.ndarray'>
201.2900 	EXP 	unnamed Circle: radius = 0.03
201.2900 	EXP 	unnamed Circle: fillColor = 'white'
201.2900 	EXP 	unnamed Circle: fillColor = <class 'numpy.ndarray'>
201.2900 	EXP 	unnamed Circle: fillColor = <class 'numpy.ndarray'>
201.2900 	EXP 	unnamed Circle: radius = 0.03
201.2900 	EXP 	unnamed Circle: fillColor = 'white'
201.2900 	EXP 	unnamed Circle: fillColor = <class 'numpy.ndarray'>
201.2900 	EXP 	unnamed Circle: fillColor = <class 'numpy.ndarray'>
201.2900 	EXP 	unnamed Circle: radius = 0.03
201.2900 	EXP 	unnamed Circle: fillColor = 'white'
201.2900 	EXP 	text_2: autoDraw = True
202.2943 	EXP 	text_2: autoDraw = False
202.2943 	EXP 	text_2: autoDraw = False
3292.5127 	DATA 	Keypress: 1
3292.5173 	EXP 	Created text = TextStim(__class__=<class 'psychopy.visual.text.TextStim'>, alignHoriz=method-wrapper(...), alignText='center', alignVert=method-wrapper(...), anchorHoriz='center', anchorVert='center', antialias=True, autoDraw=False, autoLog=True, bold=False, color=array([1., 1., 1.]), colorSpace='rgb', contrast=1.0, depth=0.0, draggable=False, flipHoriz=False, flipVert=False, font='Arial', fontFiles=[], height=0.06, italic=False, languageStyle='LTR', name='text', opacity=1, ori=0, pos=array([0. , 0.2]), rgb=UNKNOWN, text=str(...), units='norm', win=Window(...), wrapWidth=1.2)
3292.5687 	EXP 	Created None = Slider(__class__=<class 'psychopy.visual.slider.Slider'>, autoDraw=False, autoLog=True, borderColor=None, color=None, colorSpace='rgb', depth=0, fillColor=None, flip=False, font='Arial', granularity=1, labelColor=None, labelHeight=0.06, labelWrapWidth=None, labels=('Never', 'Always'), lineColor=None, markerColor=None, name=None, opacity=None, ori=0, pos=array([0., 0.]), readOnly=False, self=UNKNOWN, size=array([0.85, 0.1 ]), startValue=None, style='rating', styleTweaks=[], ticks=array([1, 9]), units='norm', win=Window(...))
3292.5833 	EXP 	None: autoLog = True
3292.5833 	EXP 	None: styleTweaks = []
3292.5833 	EXP 	None: styleTweaks = []
3292.5833 	EXP 	None: styleTweaks = []
3292.5833 	EXP 	None: styleTweaks = []
3292.5833 	EXP 	None: contrast = 1.0
3292.5833 	EXP 	None: markerPos = None
3292.5833 	EXP 	None: autoLog = True
3292.5833 	EXP 	None: markerPos = 5
3293.8541 	DATA 	Keypress: 0
3293.8623 	EXP 	None: markerPos = 5
3293.8674 	EXP 	Created text = TextStim(__class__=<class 'psychopy.visual.text.TextStim'>, alignHoriz=method-wrapper(...), alignText='center', alignVert=method-wrapper(...), anchorHoriz='center', anchorVert='center', antialias=True, autoDraw=False, autoLog=True, bold=False, color=array([1., 1., 1.]), colorSpace='rgb', contrast=1.0, depth=0.0, draggable=False, flipHoriz=False, flipVert=False, font='Arial', fontFiles=[], height=0.06, italic=False, languageStyle='LTR', name='text', opacity=1, ori=0, pos=array([0. , 0.2]), rgb=UNKNOWN, text=str(...), units='norm', win=Window(...), wrapWidth=1.2)
3293.9007 	EXP 	Created None = Slider(__class__=<class 'psychopy.visual.slider.Slider'>, autoDraw=False, autoLog=True, borderColor=None, color=None, colorSpace='rgb', depth=0, fillColor=None, flip=False, font='Arial', granularity=1, labelColor=None, labelHeight=0.06, labelWrapWidth=None, labels=('Never', 'All the time'), lineColor=None, markerColor=None, name=None, opacity=None, ori=0, pos=array([0., 0.]), readOnly=False, self=UNKNOWN, size=array([0.85, 0.1 ]), startValue=None, style='rating', styleTweaks=[], ticks=array([1, 9]), units='norm', win=Window(...))
3293.9114 	EXP 	None: autoLog = True
3293.9114 	EXP 	None: styleTweaks = []
3293.9114 	EXP 	None: styleTweaks = []
3293.9114 	EXP 	None: styleTweaks = []
3293.9114 	EXP 	None: styleTweaks = []
3293.9114 	EXP 	None: contrast = 1.0
3293.9114 	EXP 	None: markerPos = None
3293.9114 	EXP 	None: autoLog = True
3293.9114 	EXP 	None: markerPos = 5
3293.9347 	DATA 	Keypress: 1
3293.9440 	EXP 	None: markerPos = 4
3294.0635 	DATA 	Keypress: 0
3294.0714 	EXP 	None: markerPos = 4
3294.0774 	EXP 	Created text = TextStim(__class__=<class 'psychopy.visual.text.TextStim'>, alignHoriz=method-wrapper(...), alignText='center', alignVert=method-wrapper(...), anchorHoriz='center', anchorVert='center', antialias=True, autoDraw=False, autoLog=True, bold=False, color=array([1., 1., 1.]), colorSpace='rgb', contrast=1.0, depth=0.0, draggable=False, flipHoriz=False, flipVert=False, font='Arial', fontFiles=[], height=0.06, italic=False, languageStyle='LTR', name='text', opacity=1, ori=0, pos=array([0. , 0.2]), rgb=UNKNOWN, text=str(...), units='norm', win=Window(...), wrapWidth=1.2)
3294.1206 	EXP 	Created None = Slider(__class__=<class 'psychopy.visual.slider.Slider'>, autoDraw=False, autoLog=True, borderColor=None, color=None, colorSpace='rgb', depth=0, fillColor=None, flip=False, font='Arial', granularity=1, labelColor=None, labelHeight=0.06, labelWrapWidth=None, labels=('Not at all', 'Very Difficult'), lineColor=None, markerColor=None, name=None, opacity=None, ori=0, pos=array([0., 0.]), readOnly=False, self=UNKNOWN, size=array([0.85, 0.1 ]), startValue=None, style='rating', styleTweaks=[], ticks=array([1, 9]), units='norm', win=Window(...))
3294.1324 	EXP 	None: autoLog = True
3294.1324 	EXP 	None: styleTweaks = []
3294.1324 	EXP 	None: styleTweaks = []
3294.1324 	EXP 	None: styleTweaks = []
3294.1324 	EXP 	None: styleTweaks = []
3294.1324 	EXP 	None: contrast = 1.0
3294.1324 	EXP 	None: markerPos = None
3294.1324 	EXP 	None: autoLog = True
3294.1324 	EXP 	None: markerPos = 5
3294.1436 	DATA 	Keypress: 1
3294.1532 	EXP 	None: markerPos = 4
3294.2767 	DATA 	Keypress: 0
3294.2849 	EXP 	None: markerPos = 4
3294.2906 	EXP 	Created text = TextStim(__class__=<class 'psychopy.visual.text.TextStim'>, alignHoriz=method-wrapper(...), alignText='center', alignVert=method-wrapper(...), anchorHoriz='center', anchorVert='center', antialias=True, autoDraw=False, autoLog=True, bold=False, color=array([1., 1., 1.]), colorSpace='rgb', contrast=1.0, depth=0.0, draggable=False, flipHoriz=False, flipVert=False, font='Arial', fontFiles=[], height=0.06, italic=False, languageStyle='LTR', name='text', opacity=1, ori=0, pos=array([0. , 0.2]), rgb=UNKNOWN, text='How calm do you feel right now?', units='norm', win=Window(...), wrapWidth=1.2)
3294.3385 	EXP 	Created None = Slider(__class__=<class 'psychopy.visual.slider.Slider'>, autoDraw=False, autoLog=True, borderColor=None, color=None, colorSpace='rgb', depth=0, fillColor=None, flip=False, font='Arial', granularity=1, labelColor=None, labelHeight=0.06, labelWrapWidth=None, labels=('Not at all', 'Very calm'), lineColor=None, markerColor=None, name=None, opacity=None, ori=0, pos=array([0., 0.]), readOnly=False, self=UNKNOWN, size=array([0.85, 0.1 ]), startValue=None, style='rating', styleTweaks=[], ticks=array([1, 9]), units='norm', win=Window(...))
3294.3388 	DATA 	Keypress: 1
3294.3500 	EXP 	None: autoLog = True
3294.3500 	EXP 	None: styleTweaks = []
3294.3500 	EXP 	None: styleTweaks = []
3294.3500 	EXP 	None: styleTweaks = []
3294.3500 	EXP 	None: styleTweaks = []
3294.3500 	EXP 	None: contrast = 1.0
3294.3500 	EXP 	None: markerPos = None
3294.3500 	EXP 	None: autoLog = True
3294.3500 	EXP 	None: markerPos = 5
3294.4856 	DATA 	Keypress: 1
3294.4953 	EXP 	None: markerPos = 4
3294.5071 	DATA 	Keypress: 0
3294.5171 	EXP 	None: markerPos = 4
