11.2625 	EXP 	DMN_BallTask: status = NOT_STARTED
11.2695 	WARNING 	Requested an unavailable screen number - using first available.
11.2717 	WARNING 	User requested fullscreen with size [1080 1080], but screen is actually [1920, 1200]. Using actual size
12.2278 	EXP 	Created window1 = Window(allowGUI=False, allowStencil=False, autoLog=True, backendConf=UNKNOWN, backgroundFit=<method-wrapper '__getattribute__' of attributeSetter object at 0x000002AA4CF678B0>, backgroundImage=<method-wrapper '__getattribute__' of attributeSetter object at 0x000002AA4CF67850>, bitsMode=UNKNOWN, blendMode='avg', bpc=(8, 8, 8), color=array([-1, -1, -1]), colorSpace='rgb', depthBits=8, fullscr=True, gamma=None, gammaErrorPolicy='raise', infoMsg=UNKNOWN, lms=UNKNOWN, monitor=<psychopy.monitors.calibTools.Monitor object at 0x000002AA525230A0>, multiSample=False, name='window1', numSamples=2, pos=(0, 0), screen=1, size=array([1920, 1200]), stencilBits=0, stereo=False, title='PsychoPy', units='norm', useFBO=True, useRetina=False, viewOri=0.0, viewPos=None, viewScale=None, waitBlanking=True, winType='pyglet')
12.2279 	EXP 	window1: backgroundImage = None
12.2279 	EXP 	window1: backgroundFit = 'cover'
12.2308 	EXP 	window1: Attempting to measure frame rate of screen (1) ...
12.2308 	EXP 	window1: recordFrameIntervals = False
12.3939 	EXP 	window1: recordFrameIntervals = True
12.5779 	EXP 	Screen (1) actual frame rate measured at 59.78Hz
12.5780 	EXP 	window1: recordFrameIntervals = False
12.6689 	EXP 	Created text = TextStim(__class__=<class 'psychopy.visual.text.TextStim'>, alignHoriz=method-wrapper(...), alignText='center', alignVert=method-wrapper(...), anchorHoriz='center', anchorVert='center', antialias=True, autoDraw=False, autoLog=True, bold=False, color=array([1., 1., 1.]), colorSpace='rgb', contrast=1.0, depth=0.0, draggable=False, flipHoriz=False, flipVert=False, font='Arial', fontFiles=[], height=0.06, italic=False, languageStyle='LTR', name='text', opacity=1, ori=0, pos=array([0. , 0.2]), rgb=UNKNOWN, text=str(...), units='norm', win=Window(...), wrapWidth=1.2)
12.6702 	EXP 	Created text = TextStim(__class__=<class 'psychopy.visual.text.TextStim'>, alignHoriz=method-wrapper(...), alignText='center', alignVert=method-wrapper(...), anchorHoriz='center', anchorVert='center', antialias=True, autoDraw=False, autoLog=True, bold=False, color=array([1., 1., 1.]), colorSpace='rgb', contrast=1.0, depth=0.0, draggable=False, flipHoriz=False, flipVert=False, font='Arial', fontFiles=[], height=0.06, italic=False, languageStyle='LTR', name='text', opacity=1, ori=0, pos=array([0., 0.]), rgb=UNKNOWN, text='', units='norm', win=Window(...), wrapWidth=1.2)
12.6788 	EXP 	Created waiting_for_trigger_text = TextStim(__class__=<class 'psychopy.visual.text.TextStim'>, alignHoriz=method-wrapper(...), alignText='center', alignVert=method-wrapper(...), anchorHoriz='center', anchorVert='center', antialias=True, autoDraw=False, autoLog=True, bold=False, color=array([1., 1., 1.]), colorSpace='rgb', contrast=1.0, depth=0.0, draggable=False, flipHoriz=False, flipVert=False, font='Arial', fontFiles=[], height=0.1, italic=False, languageStyle='LTR', name='waiting_for_trigger_text', opacity=1, ori=0, pos=array([0., 0.]), rgb=UNKNOWN, text='waiting for scanner', units='norm', win=Window(...), wrapWidth=2)
12.6851 	EXP 	Created text_2 = TextStim(__class__=<class 'psychopy.visual.text.TextStim'>, alignHoriz=method-wrapper(...), alignText='center', alignVert=method-wrapper(...), anchorHoriz='center', anchorVert='center', antialias=True, autoDraw=False, autoLog=True, bold=False, color=array([1., 1., 1.]), colorSpace='rgb', contrast=1.0, depth=0.0, draggable=False, flipHoriz=False, flipVert=False, font='Arial', fontFiles=[], height=0.3, italic=False, languageStyle='LTR', name='text_2', opacity=1, ori=0, pos=array([0., 0.]), rgb=UNKNOWN, text='+', units='norm', win=Window(...), wrapWidth=1)
12.6911 	EXP 	Created text_relax = TextStim(__class__=<class 'psychopy.visual.text.TextStim'>, alignHoriz=method-wrapper(...), alignText='center', alignVert=method-wrapper(...), anchorHoriz='center', anchorVert='center', antialias=True, autoDraw=False, autoLog=True, bold=False, color=array([1., 1., 1.]), colorSpace='rgb', contrast=1.0, depth=0.0, draggable=False, flipHoriz=False, flipVert=False, font='Arial', fontFiles=[], height=0.07, italic=False, languageStyle='LTR', name='text_relax', opacity=1, ori=0, pos=array([ 0. , -0.2]), rgb=UNKNOWN, text='Relax', units='norm', win=Window(...), wrapWidth=1)
12.6984 	EXP 	Created text_4 = TextStim(__class__=<class 'psychopy.visual.text.TextStim'>, alignHoriz=method-wrapper(...), alignText='center', alignVert=method-wrapper(...), anchorHoriz='center', anchorVert='center', antialias=True, autoDraw=False, autoLog=True, bold=False, color=array([1., 1., 1.]), colorSpace='rgb', contrast=1.0, depth=-3.0, draggable=False, flipHoriz=False, flipVert=False, font='Arial', fontFiles=[], height=0.1, italic=False, languageStyle='LTR', name='text_4', opacity=1, ori=0, pos=array([0., 0.]), rgb=UNKNOWN, text='default text', units='norm', win=Window(...), wrapWidth=1)
12.7328 	EXP 	Created unnamed Circle = Circle(__class__=<class 'psychopy.visual.circle.Circle'>, anchor=('center', 'center'), autoDraw=False, autoLog=True, closeShape=True, color=method-wrapper(...), colorSpace='rgb', contrast=None, depth=0, draggable=False, fillColor=array([0, 0, 0]), fillColorSpace='rgb', fillRGB=array([0, 0, 0]), interpolate=True, lineColor=array([ 1.,  1., -1.]), lineColorSpace='rgb', lineRGB=array([ 1,  1, -1]), lineWidth=3, name='unnamed Circle', opacity=1, ori=0.0, pos=array([0.        , 0.33333333]), size=array([1., 1.]), units='norm', vertices=ndarray(...), win=Window(...), windingRule=None)
12.7570 	EXP 	Created unnamed Circle = Circle(__class__=<class 'psychopy.visual.circle.Circle'>, anchor=('center', 'center'), autoDraw=False, autoLog=True, closeShape=True, color=method-wrapper(...), colorSpace='rgb', contrast=None, depth=0, draggable=False, fillColor=array([0, 0, 0]), fillColorSpace='rgb', fillRGB=array([0, 0, 0]), interpolate=True, lineColor=array([0.35686275, 0.69411765, 0.80392157]), lineColorSpace='rgb', lineRGB=array([0.35686275, 0.69411765, 0.80392157]), lineWidth=3, name='unnamed Circle', opacity=1, ori=0.0, pos=array([ 0.        , -0.33333333]), size=array([1., 1.]), units='norm', vertices=ndarray(...), win=Window(...), windingRule=None)
12.7825 	EXP 	Created unnamed Circle = Circle(__class__=<class 'psychopy.visual.circle.Circle'>, anchor=('center', 'center'), autoDraw=False, autoLog=True, closeShape=True, color=method-wrapper(...), colorSpace='rgb', contrast=None, depth=0, draggable=False, fillColor=array([1, 1, 1]), fillColorSpace='rgb', fillRGB=array([1, 1, 1]), interpolate=True, lineColor=array([1., 1., 1.]), lineColorSpace='rgb', lineRGB=array([1, 1, 1]), lineWidth=1.5, name='unnamed Circle', opacity=1, ori=0.0, pos=array([0., 0.]), size=array([1., 1.]), units='norm', vertices=ndarray(...), win=Window(...), windingRule=None)
12.8065 	EXP 	Created unnamed Circle = Circle(__class__=<class 'psychopy.visual.circle.Circle'>, anchor=('center', 'center'), autoDraw=False, autoLog=True, closeShape=True, color=method-wrapper(...), colorSpace='rgb', contrast=None, depth=0, draggable=False, fillColor=array([1, 1, 1]), fillColorSpace='rgb', fillRGB=array([1, 1, 1]), interpolate=True, lineColor=array([1., 1., 1.]), lineColorSpace='rgb', lineRGB=array([1, 1, 1]), lineWidth=3, name='unnamed Circle', opacity=1, ori=0.0, pos=array([0., 0.]), size=array([1., 1.]), units='norm', vertices=ndarray(...), win=Window(...), windingRule=None)
12.8160 	EXP 	Created instruct_text = TextStim(__class__=<class 'psychopy.visual.text.TextStim'>, alignHoriz=method-wrapper(...), alignText='center', alignVert=method-wrapper(...), anchorHoriz='center', anchorVert='center', antialias=True, autoDraw=False, autoLog=True, bold=False, color=array([1., 1., 1.]), colorSpace='rgb', contrast=1.0, depth=0.0, draggable=False, flipHoriz=False, flipVert=False, font='Arial', fontFiles=[], height=0.06, italic=False, languageStyle='LTR', name='instruct_text', opacity=1, ori=0, pos=array([0., 0.]), rgb=UNKNOWN, text='replace me', units='norm', win=Window(...), wrapWidth=1.2)
12.8227 	EXP 	Created thank_you_end_run_text = TextStim(__class__=<class 'psychopy.visual.text.TextStim'>, alignHoriz=method-wrapper(...), alignText='center', alignVert=method-wrapper(...), anchorHoriz='center', anchorVert='center', antialias=True, autoDraw=False, autoLog=True, bold=False, color=array([1., 1., 1.]), colorSpace='rgb', contrast=1.0, depth=0.0, draggable=False, flipHoriz=False, flipVert=False, font='Arial', fontFiles=[], height=0.1, italic=False, languageStyle='LTR', name='thank_you_end_run_text', opacity=1, ori=0, pos=array([0., 0.]), rgb=UNKNOWN, text='thank you!', units='norm', win=Window(...), wrapWidth=1)
12.8450 	EXP 	instruct_text: height = 0.06
12.8450 	EXP 	instruct_text: height = 0.06
12.8450 	EXP 	instruct_text: height = 0.06
12.8450 	EXP 	instruct_text: text = "Great job! Next, you'll get to practice Describing for another 2.5min. \nThis time the ball and circles will not move, so you don't need to check them."
13.2611 	DATA 	Keypress: space
13.2728 	EXP 	instruct_text: height = 0.06
13.2728 	EXP 	instruct_text: height = 0.06
13.2728 	EXP 	instruct_text: height = 0.06
13.2728 	EXP 	instruct_text: text = 'When you see the plus sign (+), just relax.\n\nOnce the circles appear, please start the Describing practice. This scan will last 2.5 min.'
13.4366 	DATA 	Keypress: space
13.4433 	EXP 	waiting_for_trigger_text: autoDraw = True
13.6130 	DATA 	Keypress: space
14.1814 	DATA 	Keypress: 5
14.1964 	EXP 	waiting_for_trigger_text: autoDraw = False
14.1964 	EXP 	text_2: autoDraw = True
14.1964 	EXP 	text_relax: autoDraw = True
44.2070 	EXP 	text_2: autoDraw = False
44.2070 	EXP 	text_relax: autoDraw = False
44.2070 	EXP 	text_2: autoDraw = False
194.1857 	EXP 	unnamed Circle: fillColor = <class 'numpy.ndarray'>
194.1857 	EXP 	unnamed Circle: fillColor = <class 'numpy.ndarray'>
194.1857 	EXP 	unnamed Circle: fillColor = <class 'numpy.ndarray'>
194.1857 	EXP 	unnamed Circle: radius = 0.135
194.1857 	EXP 	unnamed Circle: fillColor = 'white'
194.1857 	EXP 	unnamed Circle: fillColor = <class 'numpy.ndarray'>
194.1857 	EXP 	unnamed Circle: fillColor = <class 'numpy.ndarray'>
194.1857 	EXP 	unnamed Circle: radius = 0.12150000000000001
194.1857 	EXP 	unnamed Circle: fillColor = 'white'
194.1857 	EXP 	unnamed Circle: fillColor = <class 'numpy.ndarray'>
194.1857 	EXP 	unnamed Circle: fillColor = <class 'numpy.ndarray'>
194.1857 	EXP 	unnamed Circle: fillColor = <class 'numpy.ndarray'>
194.1857 	EXP 	unnamed Circle: fillColor = <class 'numpy.ndarray'>
194.1857 	EXP 	unnamed Circle: radius = 0.10935000000000002
194.1857 	EXP 	unnamed Circle: fillColor = 'white'
194.1857 	EXP 	unnamed Circle: fillColor = <class 'numpy.ndarray'>
194.1857 	EXP 	unnamed Circle: fillColor = <class 'numpy.ndarray'>
194.1857 	EXP 	unnamed Circle: fillColor = <class 'numpy.ndarray'>
194.1857 	EXP 	unnamed Circle: radius = 0.135
194.1857 	EXP 	unnamed Circle: fillColor = 'white'
194.1857 	EXP 	unnamed Circle: fillColor = <class 'numpy.ndarray'>
194.1857 	EXP 	unnamed Circle: fillColor = <class 'numpy.ndarray'>
194.1857 	EXP 	unnamed Circle: radius = 0.12150000000000001
194.1857 	EXP 	unnamed Circle: fillColor = 'white'
194.1857 	EXP 	unnamed Circle: fillColor = <class 'numpy.ndarray'>
194.1857 	EXP 	unnamed Circle: fillColor = <class 'numpy.ndarray'>
194.1857 	EXP 	unnamed Circle: radius = 0.10935000000000002
194.1857 	EXP 	unnamed Circle: fillColor = 'white'
194.1857 	EXP 	unnamed Circle: fillColor = <class 'numpy.ndarray'>
194.1857 	EXP 	unnamed Circle: fillColor = <class 'numpy.ndarray'>
194.1857 	EXP 	unnamed Circle: fillColor = <class 'numpy.ndarray'>
194.1857 	EXP 	unnamed Circle: fillColor = <class 'numpy.ndarray'>
194.1857 	EXP 	unnamed Circle: radius = 0.09841500000000002
194.1857 	EXP 	unnamed Circle: fillColor = 'white'
194.1857 	EXP 	unnamed Circle: fillColor = <class 'numpy.ndarray'>
194.1857 	EXP 	unnamed Circle: fillColor = <class 'numpy.ndarray'>
194.1857 	EXP 	unnamed Circle: fillColor = <class 'numpy.ndarray'>
194.1857 	EXP 	unnamed Circle: radius = 0.09841500000000002
194.1857 	EXP 	unnamed Circle: fillColor = 'white'
194.1857 	EXP 	unnamed Circle: fillColor = <class 'numpy.ndarray'>
194.1857 	EXP 	unnamed Circle: fillColor = <class 'numpy.ndarray'>
194.1857 	EXP 	unnamed Circle: radius = 0.08857350000000001
194.1857 	EXP 	unnamed Circle: fillColor = 'white'
194.1857 	EXP 	unnamed Circle: fillColor = <class 'numpy.ndarray'>
194.1857 	EXP 	unnamed Circle: fillColor = <class 'numpy.ndarray'>
194.1857 	EXP 	unnamed Circle: radius = 0.07971615000000001
194.1857 	EXP 	unnamed Circle: fillColor = 'white'
194.1857 	EXP 	unnamed Circle: fillColor = <class 'numpy.ndarray'>
194.1857 	EXP 	unnamed Circle: fillColor = <class 'numpy.ndarray'>
194.1857 	EXP 	unnamed Circle: fillColor = <class 'numpy.ndarray'>
194.1857 	EXP 	unnamed Circle: radius = 0.08857350000000001
194.1857 	EXP 	unnamed Circle: fillColor = 'white'
194.1857 	EXP 	unnamed Circle: fillColor = <class 'numpy.ndarray'>
194.1857 	EXP 	unnamed Circle: radius = 0.07174453500000001
194.1857 	EXP 	unnamed Circle: fillColor = 'white'
194.1857 	EXP 	unnamed Circle: fillColor = <class 'numpy.ndarray'>
194.1857 	EXP 	unnamed Circle: fillColor = <class 'numpy.ndarray'>
194.1857 	EXP 	unnamed Circle: fillColor = <class 'numpy.ndarray'>
194.1857 	EXP 	unnamed Circle: radius = 0.07971615000000001
194.1857 	EXP 	unnamed Circle: fillColor = 'white'
194.1857 	EXP 	unnamed Circle: fillColor = <class 'numpy.ndarray'>
194.1857 	EXP 	unnamed Circle: radius = 0.06457008150000002
194.1857 	EXP 	unnamed Circle: fillColor = 'white'
194.1857 	EXP 	unnamed Circle: fillColor = <class 'numpy.ndarray'>
194.1857 	EXP 	unnamed Circle: fillColor = <class 'numpy.ndarray'>
194.1857 	EXP 	unnamed Circle: fillColor = <class 'numpy.ndarray'>
194.1857 	EXP 	unnamed Circle: radius = 0.07174453500000001
194.1857 	EXP 	unnamed Circle: fillColor = 'white'
194.1857 	EXP 	unnamed Circle: fillColor = <class 'numpy.ndarray'>
194.1857 	EXP 	unnamed Circle: radius = 0.058113073350000016
194.1857 	EXP 	unnamed Circle: fillColor = 'white'
194.1857 	EXP 	unnamed Circle: fillColor = <class 'numpy.ndarray'>
194.1857 	EXP 	unnamed Circle: fillColor = <class 'numpy.ndarray'>
194.1857 	EXP 	unnamed Circle: fillColor = <class 'numpy.ndarray'>
194.1857 	EXP 	unnamed Circle: radius = 0.06457008150000002
194.1857 	EXP 	unnamed Circle: fillColor = 'white'
194.1857 	EXP 	unnamed Circle: fillColor = <class 'numpy.ndarray'>
194.1857 	EXP 	unnamed Circle: fillColor = <class 'numpy.ndarray'>
194.1857 	EXP 	unnamed Circle: radius = 0.058113073350000016
194.1857 	EXP 	unnamed Circle: fillColor = 'white'
194.1857 	EXP 	unnamed Circle: fillColor = <class 'numpy.ndarray'>
194.1857 	EXP 	unnamed Circle: fillColor = <class 'numpy.ndarray'>
194.1857 	EXP 	unnamed Circle: radius = 0.052301766015000015
194.1857 	EXP 	unnamed Circle: fillColor = 'white'
194.1857 	EXP 	unnamed Circle: fillColor = <class 'numpy.ndarray'>
194.1857 	EXP 	unnamed Circle: fillColor = <class 'numpy.ndarray'>
194.1857 	EXP 	unnamed Circle: radius = 0.047071589413500016
194.1857 	EXP 	unnamed Circle: fillColor = 'white'
194.1857 	EXP 	unnamed Circle: fillColor = <class 'numpy.ndarray'>
194.1857 	EXP 	unnamed Circle: radius = 0.052301766015000015
194.1857 	EXP 	unnamed Circle: fillColor = 'white'
194.1857 	EXP 	unnamed Circle: fillColor = <class 'numpy.ndarray'>
194.1857 	EXP 	unnamed Circle: fillColor = <class 'numpy.ndarray'>
194.1857 	EXP 	unnamed Circle: radius = 0.047071589413500016
194.1857 	EXP 	unnamed Circle: fillColor = 'white'
194.1857 	EXP 	unnamed Circle: fillColor = <class 'numpy.ndarray'>
194.1857 	EXP 	unnamed Circle: fillColor = <class 'numpy.ndarray'>
194.1857 	EXP 	unnamed Circle: fillColor = <class 'numpy.ndarray'>
194.1857 	EXP 	unnamed Circle: radius = 0.042364430472150015
194.1857 	EXP 	unnamed Circle: fillColor = 'white'
194.1857 	EXP 	unnamed Circle: fillColor = <class 'numpy.ndarray'>
194.1857 	EXP 	unnamed Circle: fillColor = <class 'numpy.ndarray'>
194.1857 	EXP 	unnamed Circle: radius = 0.03812798742493501
194.1857 	EXP 	unnamed Circle: fillColor = 'white'
194.1857 	EXP 	unnamed Circle: fillColor = <class 'numpy.ndarray'>
194.1857 	EXP 	unnamed Circle: fillColor = <class 'numpy.ndarray'>
194.1857 	EXP 	unnamed Circle: radius = 0.03431518868244151
194.1857 	EXP 	unnamed Circle: fillColor = 'white'
194.1857 	EXP 	unnamed Circle: fillColor = <class 'numpy.ndarray'>
194.1857 	EXP 	unnamed Circle: radius = 0.042364430472150015
194.1857 	EXP 	unnamed Circle: fillColor = 'white'
194.1857 	EXP 	unnamed Circle: fillColor = <class 'numpy.ndarray'>
194.1857 	EXP 	unnamed Circle: fillColor = <class 'numpy.ndarray'>
194.1857 	EXP 	unnamed Circle: radius = 0.03812798742493501
194.1857 	EXP 	unnamed Circle: fillColor = 'white'
194.1857 	EXP 	unnamed Circle: fillColor = <class 'numpy.ndarray'>
194.1857 	EXP 	unnamed Circle: fillColor = <class 'numpy.ndarray'>
194.1857 	EXP 	unnamed Circle: fillColor = <class 'numpy.ndarray'>
194.1857 	EXP 	unnamed Circle: radius = 0.030883669814197358
194.1857 	EXP 	unnamed Circle: fillColor = 'white'
194.1857 	EXP 	unnamed Circle: fillColor = <class 'numpy.ndarray'>
194.1857 	EXP 	unnamed Circle: radius = 0.03431518868244151
194.1857 	EXP 	unnamed Circle: fillColor = 'white'
194.1857 	EXP 	unnamed Circle: fillColor = <class 'numpy.ndarray'>
194.1857 	EXP 	unnamed Circle: fillColor = <class 'numpy.ndarray'>
194.1857 	EXP 	unnamed Circle: fillColor = <class 'numpy.ndarray'>
194.1857 	EXP 	unnamed Circle: radius = 0.03
194.1857 	EXP 	unnamed Circle: fillColor = 'white'
194.1857 	EXP 	unnamed Circle: fillColor = <class 'numpy.ndarray'>
194.1857 	EXP 	unnamed Circle: fillColor = <class 'numpy.ndarray'>
194.1857 	EXP 	unnamed Circle: fillColor = <class 'numpy.ndarray'>
194.1857 	EXP 	unnamed Circle: radius = 0.030883669814197358
194.1857 	EXP 	unnamed Circle: fillColor = 'white'
194.1857 	EXP 	unnamed Circle: fillColor = <class 'numpy.ndarray'>
194.1857 	EXP 	unnamed Circle: fillColor = <class 'numpy.ndarray'>
194.1857 	EXP 	unnamed Circle: fillColor = <class 'numpy.ndarray'>
194.1857 	EXP 	unnamed Circle: radius = 0.03
194.1857 	EXP 	unnamed Circle: fillColor = 'white'
194.1857 	EXP 	unnamed Circle: fillColor = <class 'numpy.ndarray'>
194.1857 	EXP 	unnamed Circle: fillColor = <class 'numpy.ndarray'>
194.1857 	EXP 	unnamed Circle: fillColor = <class 'numpy.ndarray'>
194.1857 	EXP 	unnamed Circle: fillColor = <class 'numpy.ndarray'>
194.1857 	EXP 	unnamed Circle: fillColor = <class 'numpy.ndarray'>
194.1857 	EXP 	unnamed Circle: radius = 0.03
194.1857 	EXP 	unnamed Circle: fillColor = 'white'
194.1857 	EXP 	unnamed Circle: fillColor = <class 'numpy.ndarray'>
194.1857 	EXP 	unnamed Circle: fillColor = <class 'numpy.ndarray'>
194.1857 	EXP 	unnamed Circle: radius = 0.03
194.1857 	EXP 	unnamed Circle: fillColor = 'white'
194.1857 	EXP 	unnamed Circle: fillColor = <class 'numpy.ndarray'>
194.1857 	EXP 	unnamed Circle: fillColor = <class 'numpy.ndarray'>
194.1857 	EXP 	unnamed Circle: radius = 0.03
194.1857 	EXP 	unnamed Circle: fillColor = 'white'
194.1857 	EXP 	unnamed Circle: fillColor = <class 'numpy.ndarray'>
194.1857 	EXP 	unnamed Circle: fillColor = <class 'numpy.ndarray'>
194.1857 	EXP 	unnamed Circle: radius = 0.03
194.1857 	EXP 	unnamed Circle: fillColor = 'white'
194.1857 	EXP 	unnamed Circle: fillColor = <class 'numpy.ndarray'>
194.1857 	EXP 	unnamed Circle: fillColor = <class 'numpy.ndarray'>
194.1857 	EXP 	unnamed Circle: radius = 0.03
194.1857 	EXP 	unnamed Circle: fillColor = 'white'
194.1857 	EXP 	unnamed Circle: fillColor = <class 'numpy.ndarray'>
194.1857 	EXP 	unnamed Circle: fillColor = <class 'numpy.ndarray'>
194.1857 	EXP 	unnamed Circle: fillColor = <class 'numpy.ndarray'>
194.1857 	EXP 	unnamed Circle: radius = 0.03
194.1857 	EXP 	unnamed Circle: fillColor = 'white'
194.1857 	EXP 	unnamed Circle: fillColor = <class 'numpy.ndarray'>
194.1857 	EXP 	unnamed Circle: fillColor = <class 'numpy.ndarray'>
194.1857 	EXP 	unnamed Circle: radius = 0.03
194.1857 	EXP 	unnamed Circle: fillColor = 'white'
194.1857 	EXP 	unnamed Circle: fillColor = <class 'numpy.ndarray'>
194.1857 	EXP 	unnamed Circle: fillColor = <class 'numpy.ndarray'>
194.1857 	EXP 	unnamed Circle: radius = 0.03
194.1857 	EXP 	unnamed Circle: fillColor = 'white'
194.1857 	EXP 	unnamed Circle: fillColor = <class 'numpy.ndarray'>
194.1857 	EXP 	unnamed Circle: fillColor = <class 'numpy.ndarray'>
194.1857 	EXP 	unnamed Circle: radius = 0.03
194.1857 	EXP 	unnamed Circle: fillColor = 'white'
194.1857 	EXP 	unnamed Circle: fillColor = <class 'numpy.ndarray'>
194.1857 	EXP 	unnamed Circle: fillColor = <class 'numpy.ndarray'>
194.1857 	EXP 	unnamed Circle: radius = 0.03
194.1857 	EXP 	unnamed Circle: fillColor = 'white'
194.1857 	EXP 	unnamed Circle: fillColor = <class 'numpy.ndarray'>
194.1857 	EXP 	unnamed Circle: fillColor = <class 'numpy.ndarray'>
194.1857 	EXP 	unnamed Circle: radius = 0.03
194.1857 	EXP 	unnamed Circle: fillColor = 'white'
194.1857 	EXP 	unnamed Circle: fillColor = <class 'numpy.ndarray'>
194.1857 	EXP 	unnamed Circle: fillColor = <class 'numpy.ndarray'>
194.1857 	EXP 	unnamed Circle: radius = 0.03
194.1857 	EXP 	unnamed Circle: fillColor = 'white'
194.1857 	EXP 	unnamed Circle: fillColor = <class 'numpy.ndarray'>
194.1857 	EXP 	unnamed Circle: radius = 0.03
194.1857 	EXP 	unnamed Circle: fillColor = 'white'
194.1857 	EXP 	unnamed Circle: fillColor = <class 'numpy.ndarray'>
194.1857 	EXP 	unnamed Circle: fillColor = <class 'numpy.ndarray'>
194.1857 	EXP 	unnamed Circle: fillColor = <class 'numpy.ndarray'>
194.1857 	EXP 	unnamed Circle: radius = 0.03
194.1857 	EXP 	unnamed Circle: fillColor = 'white'
194.1857 	EXP 	unnamed Circle: fillColor = <class 'numpy.ndarray'>
194.1857 	EXP 	unnamed Circle: radius = 0.03
194.1857 	EXP 	unnamed Circle: fillColor = 'white'
194.1857 	EXP 	unnamed Circle: fillColor = <class 'numpy.ndarray'>
194.1857 	EXP 	unnamed Circle: fillColor = <class 'numpy.ndarray'>
194.1857 	EXP 	unnamed Circle: fillColor = <class 'numpy.ndarray'>
194.1857 	EXP 	unnamed Circle: radius = 0.03
194.1857 	EXP 	unnamed Circle: fillColor = 'white'
194.1857 	EXP 	unnamed Circle: fillColor = <class 'numpy.ndarray'>
194.1857 	EXP 	unnamed Circle: fillColor = <class 'numpy.ndarray'>
194.1857 	EXP 	unnamed Circle: radius = 0.03
194.1857 	EXP 	unnamed Circle: fillColor = 'white'
194.1857 	EXP 	unnamed Circle: fillColor = <class 'numpy.ndarray'>
194.1857 	EXP 	unnamed Circle: fillColor = <class 'numpy.ndarray'>
194.1857 	EXP 	unnamed Circle: radius = 0.03
194.1857 	EXP 	unnamed Circle: fillColor = 'white'
194.1857 	EXP 	unnamed Circle: fillColor = <class 'numpy.ndarray'>
194.1857 	EXP 	unnamed Circle: radius = 0.03
194.1857 	EXP 	unnamed Circle: fillColor = 'white'
194.1857 	EXP 	unnamed Circle: fillColor = <class 'numpy.ndarray'>
194.1857 	EXP 	unnamed Circle: fillColor = <class 'numpy.ndarray'>
194.1857 	EXP 	unnamed Circle: fillColor = <class 'numpy.ndarray'>
194.1857 	EXP 	unnamed Circle: radius = 0.03
194.1857 	EXP 	unnamed Circle: fillColor = 'white'
194.1857 	EXP 	unnamed Circle: fillColor = <class 'numpy.ndarray'>
194.1857 	EXP 	unnamed Circle: fillColor = <class 'numpy.ndarray'>
194.1857 	EXP 	unnamed Circle: radius = 0.03
194.1857 	EXP 	unnamed Circle: fillColor = 'white'
194.1857 	EXP 	unnamed Circle: fillColor = <class 'numpy.ndarray'>
194.1857 	EXP 	unnamed Circle: radius = 0.03
194.1857 	EXP 	unnamed Circle: fillColor = 'white'
194.1857 	EXP 	unnamed Circle: fillColor = <class 'numpy.ndarray'>
194.1857 	EXP 	unnamed Circle: fillColor = <class 'numpy.ndarray'>
194.1857 	EXP 	unnamed Circle: fillColor = <class 'numpy.ndarray'>
194.1857 	EXP 	unnamed Circle: radius = 0.03
194.1857 	EXP 	unnamed Circle: fillColor = 'white'
194.1857 	EXP 	unnamed Circle: fillColor = <class 'numpy.ndarray'>
194.1857 	EXP 	unnamed Circle: fillColor = <class 'numpy.ndarray'>
194.1857 	EXP 	unnamed Circle: radius = 0.03
194.1857 	EXP 	unnamed Circle: fillColor = 'white'
194.1857 	EXP 	unnamed Circle: fillColor = <class 'numpy.ndarray'>
194.1857 	EXP 	unnamed Circle: fillColor = <class 'numpy.ndarray'>
194.1857 	EXP 	unnamed Circle: radius = 0.03
194.1857 	EXP 	unnamed Circle: fillColor = 'white'
194.1857 	EXP 	unnamed Circle: fillColor = <class 'numpy.ndarray'>
194.1857 	EXP 	unnamed Circle: fillColor = <class 'numpy.ndarray'>
194.1857 	EXP 	unnamed Circle: radius = 0.03
194.1857 	EXP 	unnamed Circle: fillColor = 'white'
194.1857 	EXP 	unnamed Circle: fillColor = <class 'numpy.ndarray'>
194.1857 	EXP 	unnamed Circle: radius = 0.03
194.1857 	EXP 	unnamed Circle: fillColor = 'white'
194.1857 	EXP 	unnamed Circle: fillColor = <class 'numpy.ndarray'>
194.1857 	EXP 	unnamed Circle: fillColor = <class 'numpy.ndarray'>
194.1857 	EXP 	unnamed Circle: radius = 0.03
194.1857 	EXP 	unnamed Circle: fillColor = 'white'
194.1857 	EXP 	unnamed Circle: fillColor = <class 'numpy.ndarray'>
194.1857 	EXP 	unnamed Circle: fillColor = <class 'numpy.ndarray'>
194.1857 	EXP 	unnamed Circle: fillColor = <class 'numpy.ndarray'>
194.1857 	EXP 	unnamed Circle: radius = 0.03
194.1857 	EXP 	unnamed Circle: fillColor = 'white'
194.1857 	EXP 	unnamed Circle: fillColor = <class 'numpy.ndarray'>
194.1857 	EXP 	unnamed Circle: radius = 0.03
194.1857 	EXP 	unnamed Circle: fillColor = 'white'
194.1857 	EXP 	unnamed Circle: fillColor = <class 'numpy.ndarray'>
194.1857 	EXP 	unnamed Circle: fillColor = <class 'numpy.ndarray'>
194.1857 	EXP 	unnamed Circle: fillColor = <class 'numpy.ndarray'>
194.1857 	EXP 	unnamed Circle: fillColor = <class 'numpy.ndarray'>
194.1857 	EXP 	unnamed Circle: fillColor = <class 'numpy.ndarray'>
194.1857 	EXP 	unnamed Circle: radius = 0.03
194.1857 	EXP 	unnamed Circle: fillColor = 'white'
194.1857 	EXP 	unnamed Circle: fillColor = <class 'numpy.ndarray'>
194.1857 	EXP 	unnamed Circle: fillColor = <class 'numpy.ndarray'>
194.1857 	EXP 	unnamed Circle: radius = 0.03
194.1857 	EXP 	unnamed Circle: fillColor = 'white'
194.1857 	EXP 	unnamed Circle: fillColor = <class 'numpy.ndarray'>
194.1857 	EXP 	unnamed Circle: fillColor = <class 'numpy.ndarray'>
194.1857 	EXP 	unnamed Circle: radius = 0.03
194.1857 	EXP 	unnamed Circle: fillColor = 'white'
194.1857 	EXP 	unnamed Circle: fillColor = <class 'numpy.ndarray'>
194.1857 	EXP 	unnamed Circle: fillColor = <class 'numpy.ndarray'>
194.1857 	EXP 	unnamed Circle: fillColor = <class 'numpy.ndarray'>
194.1857 	EXP 	unnamed Circle: fillColor = <class 'numpy.ndarray'>
194.1857 	EXP 	unnamed Circle: fillColor = <class 'numpy.ndarray'>
194.1857 	EXP 	unnamed Circle: fillColor = <class 'numpy.ndarray'>
194.1857 	EXP 	unnamed Circle: radius = 0.03
194.1857 	EXP 	unnamed Circle: fillColor = 'white'
194.1857 	EXP 	unnamed Circle: fillColor = <class 'numpy.ndarray'>
194.1857 	EXP 	unnamed Circle: fillColor = <class 'numpy.ndarray'>
194.1857 	EXP 	unnamed Circle: fillColor = <class 'numpy.ndarray'>
194.1857 	EXP 	unnamed Circle: radius = 0.03
194.1857 	EXP 	unnamed Circle: fillColor = 'white'
194.1857 	EXP 	unnamed Circle: fillColor = <class 'numpy.ndarray'>
194.1857 	EXP 	unnamed Circle: fillColor = <class 'numpy.ndarray'>
194.1857 	EXP 	unnamed Circle: fillColor = <class 'numpy.ndarray'>
194.1857 	EXP 	unnamed Circle: radius = 0.03
194.1857 	EXP 	unnamed Circle: fillColor = 'white'
194.1857 	EXP 	unnamed Circle: fillColor = <class 'numpy.ndarray'>
194.1857 	EXP 	unnamed Circle: radius = 0.03
194.1857 	EXP 	unnamed Circle: fillColor = 'white'
194.1857 	EXP 	unnamed Circle: fillColor = <class 'numpy.ndarray'>
194.1857 	EXP 	unnamed Circle: fillColor = <class 'numpy.ndarray'>
194.1857 	EXP 	unnamed Circle: fillColor = <class 'numpy.ndarray'>
194.1857 	EXP 	unnamed Circle: radius = 0.03
194.1857 	EXP 	unnamed Circle: fillColor = 'white'
194.1857 	EXP 	unnamed Circle: fillColor = <class 'numpy.ndarray'>
194.1857 	EXP 	unnamed Circle: radius = 0.03
194.1857 	EXP 	unnamed Circle: fillColor = 'white'
194.1857 	EXP 	unnamed Circle: fillColor = <class 'numpy.ndarray'>
194.1857 	EXP 	unnamed Circle: fillColor = <class 'numpy.ndarray'>
194.1857 	EXP 	unnamed Circle: fillColor = <class 'numpy.ndarray'>
194.1857 	EXP 	unnamed Circle: fillColor = <class 'numpy.ndarray'>
194.1857 	EXP 	unnamed Circle: radius = 0.03
194.1857 	EXP 	unnamed Circle: fillColor = 'white'
194.1857 	EXP 	unnamed Circle: fillColor = <class 'numpy.ndarray'>
194.1857 	EXP 	unnamed Circle: fillColor = <class 'numpy.ndarray'>
194.1857 	EXP 	unnamed Circle: radius = 0.03
194.1857 	EXP 	unnamed Circle: fillColor = 'white'
194.1857 	EXP 	unnamed Circle: fillColor = <class 'numpy.ndarray'>
194.1857 	EXP 	unnamed Circle: fillColor = <class 'numpy.ndarray'>
194.1857 	EXP 	unnamed Circle: fillColor = <class 'numpy.ndarray'>
194.1857 	EXP 	unnamed Circle: radius = 0.03
194.1857 	EXP 	unnamed Circle: fillColor = 'white'
194.1857 	EXP 	unnamed Circle: fillColor = <class 'numpy.ndarray'>
194.1857 	EXP 	unnamed Circle: fillColor = <class 'numpy.ndarray'>
194.1857 	EXP 	unnamed Circle: radius = 0.03
194.1857 	EXP 	unnamed Circle: fillColor = 'white'
194.1857 	EXP 	unnamed Circle: fillColor = <class 'numpy.ndarray'>
194.1857 	EXP 	unnamed Circle: fillColor = <class 'numpy.ndarray'>
194.1857 	EXP 	unnamed Circle: radius = 0.03
194.1857 	EXP 	unnamed Circle: fillColor = 'white'
194.1857 	EXP 	unnamed Circle: fillColor = <class 'numpy.ndarray'>
194.1857 	EXP 	unnamed Circle: radius = 0.03
194.1857 	EXP 	unnamed Circle: fillColor = 'white'
194.1857 	EXP 	unnamed Circle: fillColor = <class 'numpy.ndarray'>
194.1857 	EXP 	unnamed Circle: fillColor = <class 'numpy.ndarray'>
194.1857 	EXP 	unnamed Circle: fillColor = <class 'numpy.ndarray'>
194.1857 	EXP 	unnamed Circle: radius = 0.03
194.1857 	EXP 	unnamed Circle: fillColor = 'white'
194.1857 	EXP 	unnamed Circle: fillColor = <class 'numpy.ndarray'>
194.1857 	EXP 	unnamed Circle: fillColor = <class 'numpy.ndarray'>
194.1857 	EXP 	unnamed Circle: radius = 0.03
194.1857 	EXP 	unnamed Circle: fillColor = 'white'
194.1857 	EXP 	unnamed Circle: fillColor = <class 'numpy.ndarray'>
194.1857 	EXP 	unnamed Circle: radius = 0.03
194.1857 	EXP 	unnamed Circle: fillColor = 'white'
194.1857 	EXP 	unnamed Circle: fillColor = <class 'numpy.ndarray'>
194.1857 	EXP 	unnamed Circle: fillColor = <class 'numpy.ndarray'>
194.1857 	EXP 	unnamed Circle: radius = 0.03
194.1857 	EXP 	unnamed Circle: fillColor = 'white'
194.1857 	EXP 	unnamed Circle: fillColor = <class 'numpy.ndarray'>
194.1857 	EXP 	unnamed Circle: fillColor = <class 'numpy.ndarray'>
194.1857 	EXP 	unnamed Circle: fillColor = <class 'numpy.ndarray'>
194.1857 	EXP 	unnamed Circle: radius = 0.03
194.1857 	EXP 	unnamed Circle: fillColor = 'white'
194.1857 	EXP 	unnamed Circle: fillColor = <class 'numpy.ndarray'>
194.1857 	EXP 	unnamed Circle: fillColor = <class 'numpy.ndarray'>
194.1857 	EXP 	unnamed Circle: radius = 0.03
194.1857 	EXP 	unnamed Circle: fillColor = 'white'
194.1857 	EXP 	unnamed Circle: fillColor = <class 'numpy.ndarray'>
194.1857 	EXP 	unnamed Circle: fillColor = <class 'numpy.ndarray'>
194.1857 	EXP 	unnamed Circle: radius = 0.03
194.1857 	EXP 	unnamed Circle: fillColor = 'white'
194.1857 	EXP 	unnamed Circle: fillColor = <class 'numpy.ndarray'>
194.1857 	EXP 	unnamed Circle: fillColor = <class 'numpy.ndarray'>
194.1857 	EXP 	unnamed Circle: radius = 0.03
194.1857 	EXP 	unnamed Circle: fillColor = 'white'
194.1857 	EXP 	unnamed Circle: fillColor = <class 'numpy.ndarray'>
194.1857 	EXP 	unnamed Circle: fillColor = <class 'numpy.ndarray'>
194.1857 	EXP 	unnamed Circle: radius = 0.03
194.1857 	EXP 	unnamed Circle: fillColor = 'white'
194.1857 	EXP 	unnamed Circle: fillColor = <class 'numpy.ndarray'>
194.1857 	EXP 	unnamed Circle: radius = 0.03
194.1857 	EXP 	unnamed Circle: fillColor = 'white'
194.1857 	EXP 	unnamed Circle: fillColor = <class 'numpy.ndarray'>
194.1857 	EXP 	unnamed Circle: fillColor = <class 'numpy.ndarray'>
194.1857 	EXP 	unnamed Circle: radius = 0.03
194.1857 	EXP 	unnamed Circle: fillColor = 'white'
194.1857 	EXP 	unnamed Circle: fillColor = <class 'numpy.ndarray'>
194.1857 	EXP 	unnamed Circle: fillColor = <class 'numpy.ndarray'>
194.1857 	EXP 	unnamed Circle: fillColor = <class 'numpy.ndarray'>
194.1857 	EXP 	unnamed Circle: radius = 0.03
194.1857 	EXP 	unnamed Circle: fillColor = 'white'
194.1857 	EXP 	unnamed Circle: fillColor = <class 'numpy.ndarray'>
194.1857 	EXP 	unnamed Circle: fillColor = <class 'numpy.ndarray'>
194.1857 	EXP 	unnamed Circle: radius = 0.03
194.1857 	EXP 	unnamed Circle: fillColor = 'white'
194.1857 	EXP 	unnamed Circle: fillColor = <class 'numpy.ndarray'>
194.1857 	EXP 	unnamed Circle: radius = 0.03
194.1857 	EXP 	unnamed Circle: fillColor = 'white'
194.1857 	EXP 	unnamed Circle: fillColor = <class 'numpy.ndarray'>
194.1857 	EXP 	unnamed Circle: fillColor = <class 'numpy.ndarray'>
194.1857 	EXP 	unnamed Circle: radius = 0.03
194.1857 	EXP 	unnamed Circle: fillColor = 'white'
194.1857 	EXP 	unnamed Circle: fillColor = <class 'numpy.ndarray'>
194.1857 	EXP 	unnamed Circle: fillColor = <class 'numpy.ndarray'>
194.1857 	EXP 	unnamed Circle: fillColor = <class 'numpy.ndarray'>
194.1857 	EXP 	unnamed Circle: radius = 0.03
194.1857 	EXP 	unnamed Circle: fillColor = 'white'
194.1857 	EXP 	unnamed Circle: fillColor = <class 'numpy.ndarray'>
194.1857 	EXP 	unnamed Circle: radius = 0.03
194.1857 	EXP 	unnamed Circle: fillColor = 'white'
194.1857 	EXP 	unnamed Circle: fillColor = <class 'numpy.ndarray'>
194.1857 	EXP 	unnamed Circle: fillColor = <class 'numpy.ndarray'>
194.1857 	EXP 	unnamed Circle: fillColor = <class 'numpy.ndarray'>
194.1857 	EXP 	unnamed Circle: radius = 0.03
194.1857 	EXP 	unnamed Circle: fillColor = 'white'
194.1857 	EXP 	unnamed Circle: fillColor = <class 'numpy.ndarray'>
194.1857 	EXP 	unnamed Circle: fillColor = <class 'numpy.ndarray'>
194.1857 	EXP 	unnamed Circle: radius = 0.03
194.1857 	EXP 	unnamed Circle: fillColor = 'white'
194.1857 	EXP 	unnamed Circle: fillColor = <class 'numpy.ndarray'>
194.1857 	EXP 	unnamed Circle: fillColor = <class 'numpy.ndarray'>
194.1857 	EXP 	unnamed Circle: radius = 0.03
194.1857 	EXP 	unnamed Circle: fillColor = 'white'
194.1857 	EXP 	unnamed Circle: fillColor = <class 'numpy.ndarray'>
194.1857 	EXP 	unnamed Circle: fillColor = <class 'numpy.ndarray'>
194.1857 	EXP 	unnamed Circle: radius = 0.03
194.1857 	EXP 	unnamed Circle: fillColor = 'white'
194.1857 	EXP 	unnamed Circle: fillColor = <class 'numpy.ndarray'>
194.1857 	EXP 	unnamed Circle: fillColor = <class 'numpy.ndarray'>
194.1857 	EXP 	unnamed Circle: radius = 0.03
194.1857 	EXP 	unnamed Circle: fillColor = 'white'
194.1857 	EXP 	unnamed Circle: fillColor = <class 'numpy.ndarray'>
194.1857 	EXP 	unnamed Circle: fillColor = <class 'numpy.ndarray'>
194.1857 	EXP 	unnamed Circle: radius = 0.03
194.1857 	EXP 	unnamed Circle: fillColor = 'white'
194.1857 	EXP 	unnamed Circle: fillColor = <class 'numpy.ndarray'>
194.1857 	EXP 	unnamed Circle: radius = 0.03
194.1857 	EXP 	unnamed Circle: fillColor = 'white'
194.1857 	EXP 	unnamed Circle: fillColor = <class 'numpy.ndarray'>
194.1857 	EXP 	unnamed Circle: fillColor = <class 'numpy.ndarray'>
194.1857 	EXP 	unnamed Circle: fillColor = <class 'numpy.ndarray'>
194.1857 	EXP 	unnamed Circle: radius = 0.03
194.1857 	EXP 	unnamed Circle: fillColor = 'white'
194.1857 	EXP 	unnamed Circle: fillColor = <class 'numpy.ndarray'>
194.1857 	EXP 	unnamed Circle: fillColor = <class 'numpy.ndarray'>
194.1857 	EXP 	unnamed Circle: radius = 0.03
194.1857 	EXP 	unnamed Circle: fillColor = 'white'
194.1857 	EXP 	unnamed Circle: fillColor = <class 'numpy.ndarray'>
194.1857 	EXP 	unnamed Circle: radius = 0.03
194.1857 	EXP 	unnamed Circle: fillColor = 'white'
194.1857 	EXP 	unnamed Circle: fillColor = <class 'numpy.ndarray'>
194.1857 	EXP 	unnamed Circle: fillColor = <class 'numpy.ndarray'>
194.1857 	EXP 	unnamed Circle: radius = 0.03
194.1857 	EXP 	unnamed Circle: fillColor = 'white'
194.1857 	EXP 	unnamed Circle: fillColor = <class 'numpy.ndarray'>
194.1857 	EXP 	unnamed Circle: fillColor = <class 'numpy.ndarray'>
194.1857 	EXP 	unnamed Circle: fillColor = <class 'numpy.ndarray'>
194.1857 	EXP 	unnamed Circle: radius = 0.03
194.1857 	EXP 	unnamed Circle: fillColor = 'white'
194.1857 	EXP 	unnamed Circle: fillColor = <class 'numpy.ndarray'>
194.1857 	EXP 	unnamed Circle: fillColor = <class 'numpy.ndarray'>
194.1857 	EXP 	unnamed Circle: radius = 0.03
194.1857 	EXP 	unnamed Circle: fillColor = 'white'
194.1857 	EXP 	unnamed Circle: fillColor = <class 'numpy.ndarray'>
194.1857 	EXP 	unnamed Circle: fillColor = <class 'numpy.ndarray'>
194.1857 	EXP 	unnamed Circle: radius = 0.03
194.1857 	EXP 	unnamed Circle: fillColor = 'white'
194.1857 	EXP 	unnamed Circle: fillColor = <class 'numpy.ndarray'>
194.1857 	EXP 	unnamed Circle: fillColor = <class 'numpy.ndarray'>
194.1857 	EXP 	unnamed Circle: radius = 0.03
194.1857 	EXP 	unnamed Circle: fillColor = 'white'
194.1857 	EXP 	unnamed Circle: fillColor = <class 'numpy.ndarray'>
194.1857 	EXP 	unnamed Circle: radius = 0.03
194.1857 	EXP 	unnamed Circle: fillColor = 'white'
194.1857 	EXP 	unnamed Circle: fillColor = <class 'numpy.ndarray'>
194.1857 	EXP 	unnamed Circle: fillColor = <class 'numpy.ndarray'>
194.1857 	EXP 	unnamed Circle: fillColor = <class 'numpy.ndarray'>
194.1857 	EXP 	unnamed Circle: radius = 0.03
194.1857 	EXP 	unnamed Circle: fillColor = 'white'
194.1857 	EXP 	unnamed Circle: fillColor = <class 'numpy.ndarray'>
194.1857 	EXP 	unnamed Circle: fillColor = <class 'numpy.ndarray'>
194.1857 	EXP 	unnamed Circle: radius = 0.03
194.1857 	EXP 	unnamed Circle: fillColor = 'white'
194.1857 	EXP 	unnamed Circle: fillColor = <class 'numpy.ndarray'>
194.1857 	EXP 	unnamed Circle: fillColor = <class 'numpy.ndarray'>
194.1857 	EXP 	unnamed Circle: radius = 0.03
194.1857 	EXP 	unnamed Circle: fillColor = 'white'
194.1857 	EXP 	text_2: autoDraw = True
195.1898 	EXP 	text_2: autoDraw = False
195.1898 	EXP 	text_2: autoDraw = False
441.2745 	DATA 	Keypress: space
442.7750 	DATA 	Keypress: 2
442.7816 	EXP 	Created text = TextStim(__class__=<class 'psychopy.visual.text.TextStim'>, alignHoriz=method-wrapper(...), alignText='center', alignVert=method-wrapper(...), anchorHoriz='center', anchorVert='center', antialias=True, autoDraw=False, autoLog=True, bold=False, color=array([1., 1., 1.]), colorSpace='rgb', contrast=1.0, depth=0.0, draggable=False, flipHoriz=False, flipVert=False, font='Arial', fontFiles=[], height=0.06, italic=False, languageStyle='LTR', name='text', opacity=1, ori=0, pos=array([0. , 0.2]), rgb=UNKNOWN, text=str(...), units='norm', win=Window(...), wrapWidth=1.2)
442.8447 	EXP 	Created None = Slider(__class__=<class 'psychopy.visual.slider.Slider'>, autoDraw=False, autoLog=True, borderColor=None, color=None, colorSpace='rgb', depth=0, fillColor=None, flip=False, font='Arial', granularity=1, labelColor=None, labelHeight=0.06, labelWrapWidth=None, labels=('Never', 'Always'), lineColor=None, markerColor=None, name=None, opacity=None, ori=0, pos=array([0., 0.]), readOnly=False, self=UNKNOWN, size=array([0.85, 0.1 ]), startValue=None, style='rating', styleTweaks=[], ticks=array([1, 9]), units='norm', win=Window(...))
442.8587 	EXP 	None: autoLog = True
442.8587 	EXP 	None: styleTweaks = []
442.8587 	EXP 	None: styleTweaks = []
442.8587 	EXP 	None: styleTweaks = []
442.8587 	EXP 	None: styleTweaks = []
442.8587 	EXP 	None: contrast = 1.0
442.8587 	EXP 	None: markerPos = None
442.8587 	EXP 	None: autoLog = True
442.8587 	EXP 	None: markerPos = 5
443.0431 	DATA 	Keypress: 0
443.0511 	EXP 	None: markerPos = 5
443.0571 	EXP 	Created text = TextStim(__class__=<class 'psychopy.visual.text.TextStim'>, alignHoriz=method-wrapper(...), alignText='center', alignVert=method-wrapper(...), anchorHoriz='center', anchorVert='center', antialias=True, autoDraw=False, autoLog=True, bold=False, color=array([1., 1., 1.]), colorSpace='rgb', contrast=1.0, depth=0.0, draggable=False, flipHoriz=False, flipVert=False, font='Arial', fontFiles=[], height=0.06, italic=False, languageStyle='LTR', name='text', opacity=1, ori=0, pos=array([0. , 0.2]), rgb=UNKNOWN, text=str(...), units='norm', win=Window(...), wrapWidth=1.2)
443.0968 	EXP 	Created None = Slider(__class__=<class 'psychopy.visual.slider.Slider'>, autoDraw=False, autoLog=True, borderColor=None, color=None, colorSpace='rgb', depth=0, fillColor=None, flip=False, font='Arial', granularity=1, labelColor=None, labelHeight=0.06, labelWrapWidth=None, labels=('Never', 'All the time'), lineColor=None, markerColor=None, name=None, opacity=None, ori=0, pos=array([0., 0.]), readOnly=False, self=UNKNOWN, size=array([0.85, 0.1 ]), startValue=None, style='rating', styleTweaks=[], ticks=array([1, 9]), units='norm', win=Window(...))
443.1057 	DATA 	Keypress: 2
443.1088 	EXP 	None: autoLog = True
443.1088 	EXP 	None: styleTweaks = []
443.1088 	EXP 	None: styleTweaks = []
443.1088 	EXP 	None: styleTweaks = []
443.1088 	EXP 	None: styleTweaks = []
443.1088 	EXP 	None: contrast = 1.0
443.1088 	EXP 	None: markerPos = None
443.1088 	EXP 	None: autoLog = True
443.1088 	EXP 	None: markerPos = 5
443.1221 	EXP 	None: markerPos = 6
443.2414 	DATA 	Keypress: 0
443.2500 	EXP 	None: markerPos = 6
443.2564 	EXP 	Created text = TextStim(__class__=<class 'psychopy.visual.text.TextStim'>, alignHoriz=method-wrapper(...), alignText='center', alignVert=method-wrapper(...), anchorHoriz='center', anchorVert='center', antialias=True, autoDraw=False, autoLog=True, bold=False, color=array([1., 1., 1.]), colorSpace='rgb', contrast=1.0, depth=0.0, draggable=False, flipHoriz=False, flipVert=False, font='Arial', fontFiles=[], height=0.06, italic=False, languageStyle='LTR', name='text', opacity=1, ori=0, pos=array([0. , 0.2]), rgb=UNKNOWN, text=str(...), units='norm', win=Window(...), wrapWidth=1.2)
443.3063 	EXP 	Created None = Slider(__class__=<class 'psychopy.visual.slider.Slider'>, autoDraw=False, autoLog=True, borderColor=None, color=None, colorSpace='rgb', depth=0, fillColor=None, flip=False, font='Arial', granularity=1, labelColor=None, labelHeight=0.06, labelWrapWidth=None, labels=('Not at all', 'Very Difficult'), lineColor=None, markerColor=None, name=None, opacity=None, ori=0, pos=array([0., 0.]), readOnly=False, self=UNKNOWN, size=array([0.85, 0.1 ]), startValue=None, style='rating', styleTweaks=[], ticks=array([1, 9]), units='norm', win=Window(...))
443.3145 	DATA 	Keypress: 2
443.3174 	EXP 	None: autoLog = True
443.3174 	EXP 	None: styleTweaks = []
443.3174 	EXP 	None: styleTweaks = []
443.3174 	EXP 	None: styleTweaks = []
443.3174 	EXP 	None: styleTweaks = []
443.3174 	EXP 	None: contrast = 1.0
443.3174 	EXP 	None: markerPos = None
443.3174 	EXP 	None: autoLog = True
443.3174 	EXP 	None: markerPos = 5
443.3251 	EXP 	None: markerPos = 6
443.4304 	DATA 	Keypress: 0
443.4381 	EXP 	None: markerPos = 6
443.4436 	EXP 	Created text = TextStim(__class__=<class 'psychopy.visual.text.TextStim'>, alignHoriz=method-wrapper(...), alignText='center', alignVert=method-wrapper(...), anchorHoriz='center', anchorVert='center', antialias=True, autoDraw=False, autoLog=True, bold=False, color=array([1., 1., 1.]), colorSpace='rgb', contrast=1.0, depth=0.0, draggable=False, flipHoriz=False, flipVert=False, font='Arial', fontFiles=[], height=0.06, italic=False, languageStyle='LTR', name='text', opacity=1, ori=0, pos=array([0. , 0.2]), rgb=UNKNOWN, text='How calm do you feel right now?', units='norm', win=Window(...), wrapWidth=1.2)
443.4831 	EXP 	Created None = Slider(__class__=<class 'psychopy.visual.slider.Slider'>, autoDraw=False, autoLog=True, borderColor=None, color=None, colorSpace='rgb', depth=0, fillColor=None, flip=False, font='Arial', granularity=1, labelColor=None, labelHeight=0.06, labelWrapWidth=None, labels=('Not at all', 'Very calm'), lineColor=None, markerColor=None, name=None, opacity=None, ori=0, pos=array([0., 0.]), readOnly=False, self=UNKNOWN, size=array([0.85, 0.1 ]), startValue=None, style='rating', styleTweaks=[], ticks=array([1, 9]), units='norm', win=Window(...))
443.4943 	EXP 	None: autoLog = True
443.4943 	EXP 	None: styleTweaks = []
443.4943 	EXP 	None: styleTweaks = []
443.4943 	EXP 	None: styleTweaks = []
443.4943 	EXP 	None: styleTweaks = []
443.4943 	EXP 	None: contrast = 1.0
443.4943 	EXP 	None: markerPos = None
443.4943 	EXP 	None: autoLog = True
443.4943 	EXP 	None: markerPos = 5
443.4948 	DATA 	Keypress: 2
443.5053 	EXP 	None: markerPos = 6
443.6312 	DATA 	Keypress: 0
443.6399 	EXP 	None: markerPos = 6
443.6929 	DATA 	Keypress: 2
11.2625 	EXP 	DMN_BallTask: status = NOT_STARTED
11.2695 	WARNING 	Requested an unavailable screen number - using first available.
11.2717 	WARNING 	User requested fullscreen with size [1080 1080], but screen is actually [1920, 1200]. Using actual size
12.2278 	EXP 	Created window1 = Window(allowGUI=False, allowStencil=False, autoLog=True, backendConf=UNKNOWN, backgroundFit=<method-wrapper '__getattribute__' of attributeSetter object at 0x000002AA4CF678B0>, backgroundImage=<method-wrapper '__getattribute__' of attributeSetter object at 0x000002AA4CF67850>, bitsMode=UNKNOWN, blendMode='avg', bpc=(8, 8, 8), color=array([-1, -1, -1]), colorSpace='rgb', depthBits=8, fullscr=True, gamma=None, gammaErrorPolicy='raise', infoMsg=UNKNOWN, lms=UNKNOWN, monitor=<psychopy.monitors.calibTools.Monitor object at 0x000002AA525230A0>, multiSample=False, name='window1', numSamples=2, pos=(0, 0), screen=1, size=array([1920, 1200]), stencilBits=0, stereo=False, title='PsychoPy', units='norm', useFBO=True, useRetina=False, viewOri=0.0, viewPos=None, viewScale=None, waitBlanking=True, winType='pyglet')
12.2279 	EXP 	window1: backgroundImage = None
12.2279 	EXP 	window1: backgroundFit = 'cover'
12.2308 	EXP 	window1: Attempting to measure frame rate of screen (1) ...
12.2308 	EXP 	window1: recordFrameIntervals = False
12.3939 	EXP 	window1: recordFrameIntervals = True
12.5779 	EXP 	Screen (1) actual frame rate measured at 59.78Hz
12.5780 	EXP 	window1: recordFrameIntervals = False
12.6689 	EXP 	Created text = TextStim(__class__=<class 'psychopy.visual.text.TextStim'>, alignHoriz=method-wrapper(...), alignText='center', alignVert=method-wrapper(...), anchorHoriz='center', anchorVert='center', antialias=True, autoDraw=False, autoLog=True, bold=False, color=array([1., 1., 1.]), colorSpace='rgb', contrast=1.0, depth=0.0, draggable=False, flipHoriz=False, flipVert=False, font='Arial', fontFiles=[], height=0.06, italic=False, languageStyle='LTR', name='text', opacity=1, ori=0, pos=array([0. , 0.2]), rgb=UNKNOWN, text=str(...), units='norm', win=Window(...), wrapWidth=1.2)
12.6702 	EXP 	Created text = TextStim(__class__=<class 'psychopy.visual.text.TextStim'>, alignHoriz=method-wrapper(...), alignText='center', alignVert=method-wrapper(...), anchorHoriz='center', anchorVert='center', antialias=True, autoDraw=False, autoLog=True, bold=False, color=array([1., 1., 1.]), colorSpace='rgb', contrast=1.0, depth=0.0, draggable=False, flipHoriz=False, flipVert=False, font='Arial', fontFiles=[], height=0.06, italic=False, languageStyle='LTR', name='text', opacity=1, ori=0, pos=array([0., 0.]), rgb=UNKNOWN, text='', units='norm', win=Window(...), wrapWidth=1.2)
12.6788 	EXP 	Created waiting_for_trigger_text = TextStim(__class__=<class 'psychopy.visual.text.TextStim'>, alignHoriz=method-wrapper(...), alignText='center', alignVert=method-wrapper(...), anchorHoriz='center', anchorVert='center', antialias=True, autoDraw=False, autoLog=True, bold=False, color=array([1., 1., 1.]), colorSpace='rgb', contrast=1.0, depth=0.0, draggable=False, flipHoriz=False, flipVert=False, font='Arial', fontFiles=[], height=0.1, italic=False, languageStyle='LTR', name='waiting_for_trigger_text', opacity=1, ori=0, pos=array([0., 0.]), rgb=UNKNOWN, text='waiting for scanner', units='norm', win=Window(...), wrapWidth=2)
12.6851 	EXP 	Created text_2 = TextStim(__class__=<class 'psychopy.visual.text.TextStim'>, alignHoriz=method-wrapper(...), alignText='center', alignVert=method-wrapper(...), anchorHoriz='center', anchorVert='center', antialias=True, autoDraw=False, autoLog=True, bold=False, color=array([1., 1., 1.]), colorSpace='rgb', contrast=1.0, depth=0.0, draggable=False, flipHoriz=False, flipVert=False, font='Arial', fontFiles=[], height=0.3, italic=False, languageStyle='LTR', name='text_2', opacity=1, ori=0, pos=array([0., 0.]), rgb=UNKNOWN, text='+', units='norm', win=Window(...), wrapWidth=1)
12.6911 	EXP 	Created text_relax = TextStim(__class__=<class 'psychopy.visual.text.TextStim'>, alignHoriz=method-wrapper(...), alignText='center', alignVert=method-wrapper(...), anchorHoriz='center', anchorVert='center', antialias=True, autoDraw=False, autoLog=True, bold=False, color=array([1., 1., 1.]), colorSpace='rgb', contrast=1.0, depth=0.0, draggable=False, flipHoriz=False, flipVert=False, font='Arial', fontFiles=[], height=0.07, italic=False, languageStyle='LTR', name='text_relax', opacity=1, ori=0, pos=array([ 0. , -0.2]), rgb=UNKNOWN, text='Relax', units='norm', win=Window(...), wrapWidth=1)
12.6984 	EXP 	Created text_4 = TextStim(__class__=<class 'psychopy.visual.text.TextStim'>, alignHoriz=method-wrapper(...), alignText='center', alignVert=method-wrapper(...), anchorHoriz='center', anchorVert='center', antialias=True, autoDraw=False, autoLog=True, bold=False, color=array([1., 1., 1.]), colorSpace='rgb', contrast=1.0, depth=-3.0, draggable=False, flipHoriz=False, flipVert=False, font='Arial', fontFiles=[], height=0.1, italic=False, languageStyle='LTR', name='text_4', opacity=1, ori=0, pos=array([0., 0.]), rgb=UNKNOWN, text='default text', units='norm', win=Window(...), wrapWidth=1)
12.7328 	EXP 	Created unnamed Circle = Circle(__class__=<class 'psychopy.visual.circle.Circle'>, anchor=('center', 'center'), autoDraw=False, autoLog=True, closeShape=True, color=method-wrapper(...), colorSpace='rgb', contrast=None, depth=0, draggable=False, fillColor=array([0, 0, 0]), fillColorSpace='rgb', fillRGB=array([0, 0, 0]), interpolate=True, lineColor=array([ 1.,  1., -1.]), lineColorSpace='rgb', lineRGB=array([ 1,  1, -1]), lineWidth=3, name='unnamed Circle', opacity=1, ori=0.0, pos=array([0.        , 0.33333333]), size=array([1., 1.]), units='norm', vertices=ndarray(...), win=Window(...), windingRule=None)
12.7570 	EXP 	Created unnamed Circle = Circle(__class__=<class 'psychopy.visual.circle.Circle'>, anchor=('center', 'center'), autoDraw=False, autoLog=True, closeShape=True, color=method-wrapper(...), colorSpace='rgb', contrast=None, depth=0, draggable=False, fillColor=array([0, 0, 0]), fillColorSpace='rgb', fillRGB=array([0, 0, 0]), interpolate=True, lineColor=array([0.35686275, 0.69411765, 0.80392157]), lineColorSpace='rgb', lineRGB=array([0.35686275, 0.69411765, 0.80392157]), lineWidth=3, name='unnamed Circle', opacity=1, ori=0.0, pos=array([ 0.        , -0.33333333]), size=array([1., 1.]), units='norm', vertices=ndarray(...), win=Window(...), windingRule=None)
12.7825 	EXP 	Created unnamed Circle = Circle(__class__=<class 'psychopy.visual.circle.Circle'>, anchor=('center', 'center'), autoDraw=False, autoLog=True, closeShape=True, color=method-wrapper(...), colorSpace='rgb', contrast=None, depth=0, draggable=False, fillColor=array([1, 1, 1]), fillColorSpace='rgb', fillRGB=array([1, 1, 1]), interpolate=True, lineColor=array([1., 1., 1.]), lineColorSpace='rgb', lineRGB=array([1, 1, 1]), lineWidth=1.5, name='unnamed Circle', opacity=1, ori=0.0, pos=array([0., 0.]), size=array([1., 1.]), units='norm', vertices=ndarray(...), win=Window(...), windingRule=None)
12.8065 	EXP 	Created unnamed Circle = Circle(__class__=<class 'psychopy.visual.circle.Circle'>, anchor=('center', 'center'), autoDraw=False, autoLog=True, closeShape=True, color=method-wrapper(...), colorSpace='rgb', contrast=None, depth=0, draggable=False, fillColor=array([1, 1, 1]), fillColorSpace='rgb', fillRGB=array([1, 1, 1]), interpolate=True, lineColor=array([1., 1., 1.]), lineColorSpace='rgb', lineRGB=array([1, 1, 1]), lineWidth=3, name='unnamed Circle', opacity=1, ori=0.0, pos=array([0., 0.]), size=array([1., 1.]), units='norm', vertices=ndarray(...), win=Window(...), windingRule=None)
12.8160 	EXP 	Created instruct_text = TextStim(__class__=<class 'psychopy.visual.text.TextStim'>, alignHoriz=method-wrapper(...), alignText='center', alignVert=method-wrapper(...), anchorHoriz='center', anchorVert='center', antialias=True, autoDraw=False, autoLog=True, bold=False, color=array([1., 1., 1.]), colorSpace='rgb', contrast=1.0, depth=0.0, draggable=False, flipHoriz=False, flipVert=False, font='Arial', fontFiles=[], height=0.06, italic=False, languageStyle='LTR', name='instruct_text', opacity=1, ori=0, pos=array([0., 0.]), rgb=UNKNOWN, text='replace me', units='norm', win=Window(...), wrapWidth=1.2)
12.8227 	EXP 	Created thank_you_end_run_text = TextStim(__class__=<class 'psychopy.visual.text.TextStim'>, alignHoriz=method-wrapper(...), alignText='center', alignVert=method-wrapper(...), anchorHoriz='center', anchorVert='center', antialias=True, autoDraw=False, autoLog=True, bold=False, color=array([1., 1., 1.]), colorSpace='rgb', contrast=1.0, depth=0.0, draggable=False, flipHoriz=False, flipVert=False, font='Arial', fontFiles=[], height=0.1, italic=False, languageStyle='LTR', name='thank_you_end_run_text', opacity=1, ori=0, pos=array([0., 0.]), rgb=UNKNOWN, text='thank you!', units='norm', win=Window(...), wrapWidth=1)
12.8450 	EXP 	instruct_text: height = 0.06
12.8450 	EXP 	instruct_text: height = 0.06
12.8450 	EXP 	instruct_text: height = 0.06
12.8450 	EXP 	instruct_text: text = "Great job! Next, you'll get to practice Describing for another 2.5min. \nThis time the ball and circles will not move, so you don't need to check them."
13.2611 	DATA 	Keypress: space
13.2728 	EXP 	instruct_text: height = 0.06
13.2728 	EXP 	instruct_text: height = 0.06
13.2728 	EXP 	instruct_text: height = 0.06
13.2728 	EXP 	instruct_text: text = 'When you see the plus sign (+), just relax.\n\nOnce the circles appear, please start the Describing practice. This scan will last 2.5 min.'
13.4366 	DATA 	Keypress: space
13.4433 	EXP 	waiting_for_trigger_text: autoDraw = True
13.6130 	DATA 	Keypress: space
14.1814 	DATA 	Keypress: 5
14.1964 	EXP 	waiting_for_trigger_text: autoDraw = False
14.1964 	EXP 	text_2: autoDraw = True
14.1964 	EXP 	text_relax: autoDraw = True
44.2070 	EXP 	text_2: autoDraw = False
44.2070 	EXP 	text_relax: autoDraw = False
44.2070 	EXP 	text_2: autoDraw = False
194.1857 	EXP 	unnamed Circle: fillColor = <class 'numpy.ndarray'>
194.1857 	EXP 	unnamed Circle: fillColor = <class 'numpy.ndarray'>
194.1857 	EXP 	unnamed Circle: fillColor = <class 'numpy.ndarray'>
194.1857 	EXP 	unnamed Circle: radius = 0.135
194.1857 	EXP 	unnamed Circle: fillColor = 'white'
194.1857 	EXP 	unnamed Circle: fillColor = <class 'numpy.ndarray'>
194.1857 	EXP 	unnamed Circle: fillColor = <class 'numpy.ndarray'>
194.1857 	EXP 	unnamed Circle: radius = 0.12150000000000001
194.1857 	EXP 	unnamed Circle: fillColor = 'white'
194.1857 	EXP 	unnamed Circle: fillColor = <class 'numpy.ndarray'>
194.1857 	EXP 	unnamed Circle: fillColor = <class 'numpy.ndarray'>
194.1857 	EXP 	unnamed Circle: fillColor = <class 'numpy.ndarray'>
194.1857 	EXP 	unnamed Circle: fillColor = <class 'numpy.ndarray'>
194.1857 	EXP 	unnamed Circle: radius = 0.10935000000000002
194.1857 	EXP 	unnamed Circle: fillColor = 'white'
194.1857 	EXP 	unnamed Circle: fillColor = <class 'numpy.ndarray'>
194.1857 	EXP 	unnamed Circle: fillColor = <class 'numpy.ndarray'>
194.1857 	EXP 	unnamed Circle: fillColor = <class 'numpy.ndarray'>
194.1857 	EXP 	unnamed Circle: radius = 0.135
194.1857 	EXP 	unnamed Circle: fillColor = 'white'
194.1857 	EXP 	unnamed Circle: fillColor = <class 'numpy.ndarray'>
194.1857 	EXP 	unnamed Circle: fillColor = <class 'numpy.ndarray'>
194.1857 	EXP 	unnamed Circle: radius = 0.12150000000000001
194.1857 	EXP 	unnamed Circle: fillColor = 'white'
194.1857 	EXP 	unnamed Circle: fillColor = <class 'numpy.ndarray'>
194.1857 	EXP 	unnamed Circle: fillColor = <class 'numpy.ndarray'>
194.1857 	EXP 	unnamed Circle: radius = 0.10935000000000002
194.1857 	EXP 	unnamed Circle: fillColor = 'white'
194.1857 	EXP 	unnamed Circle: fillColor = <class 'numpy.ndarray'>
194.1857 	EXP 	unnamed Circle: fillColor = <class 'numpy.ndarray'>
194.1857 	EXP 	unnamed Circle: fillColor = <class 'numpy.ndarray'>
194.1857 	EXP 	unnamed Circle: fillColor = <class 'numpy.ndarray'>
194.1857 	EXP 	unnamed Circle: radius = 0.09841500000000002
194.1857 	EXP 	unnamed Circle: fillColor = 'white'
194.1857 	EXP 	unnamed Circle: fillColor = <class 'numpy.ndarray'>
194.1857 	EXP 	unnamed Circle: fillColor = <class 'numpy.ndarray'>
194.1857 	EXP 	unnamed Circle: fillColor = <class 'numpy.ndarray'>
194.1857 	EXP 	unnamed Circle: radius = 0.09841500000000002
194.1857 	EXP 	unnamed Circle: fillColor = 'white'
194.1857 	EXP 	unnamed Circle: fillColor = <class 'numpy.ndarray'>
194.1857 	EXP 	unnamed Circle: fillColor = <class 'numpy.ndarray'>
194.1857 	EXP 	unnamed Circle: radius = 0.08857350000000001
194.1857 	EXP 	unnamed Circle: fillColor = 'white'
194.1857 	EXP 	unnamed Circle: fillColor = <class 'numpy.ndarray'>
194.1857 	EXP 	unnamed Circle: fillColor = <class 'numpy.ndarray'>
194.1857 	EXP 	unnamed Circle: radius = 0.07971615000000001
194.1857 	EXP 	unnamed Circle: fillColor = 'white'
194.1857 	EXP 	unnamed Circle: fillColor = <class 'numpy.ndarray'>
194.1857 	EXP 	unnamed Circle: fillColor = <class 'numpy.ndarray'>
194.1857 	EXP 	unnamed Circle: fillColor = <class 'numpy.ndarray'>
194.1857 	EXP 	unnamed Circle: radius = 0.08857350000000001
194.1857 	EXP 	unnamed Circle: fillColor = 'white'
194.1857 	EXP 	unnamed Circle: fillColor = <class 'numpy.ndarray'>
194.1857 	EXP 	unnamed Circle: radius = 0.07174453500000001
194.1857 	EXP 	unnamed Circle: fillColor = 'white'
194.1857 	EXP 	unnamed Circle: fillColor = <class 'numpy.ndarray'>
194.1857 	EXP 	unnamed Circle: fillColor = <class 'numpy.ndarray'>
194.1857 	EXP 	unnamed Circle: fillColor = <class 'numpy.ndarray'>
194.1857 	EXP 	unnamed Circle: radius = 0.07971615000000001
194.1857 	EXP 	unnamed Circle: fillColor = 'white'
194.1857 	EXP 	unnamed Circle: fillColor = <class 'numpy.ndarray'>
194.1857 	EXP 	unnamed Circle: radius = 0.06457008150000002
194.1857 	EXP 	unnamed Circle: fillColor = 'white'
194.1857 	EXP 	unnamed Circle: fillColor = <class 'numpy.ndarray'>
194.1857 	EXP 	unnamed Circle: fillColor = <class 'numpy.ndarray'>
194.1857 	EXP 	unnamed Circle: fillColor = <class 'numpy.ndarray'>
194.1857 	EXP 	unnamed Circle: radius = 0.07174453500000001
194.1857 	EXP 	unnamed Circle: fillColor = 'white'
194.1857 	EXP 	unnamed Circle: fillColor = <class 'numpy.ndarray'>
194.1857 	EXP 	unnamed Circle: radius = 0.058113073350000016
194.1857 	EXP 	unnamed Circle: fillColor = 'white'
194.1857 	EXP 	unnamed Circle: fillColor = <class 'numpy.ndarray'>
194.1857 	EXP 	unnamed Circle: fillColor = <class 'numpy.ndarray'>
194.1857 	EXP 	unnamed Circle: fillColor = <class 'numpy.ndarray'>
194.1857 	EXP 	unnamed Circle: radius = 0.06457008150000002
194.1857 	EXP 	unnamed Circle: fillColor = 'white'
194.1857 	EXP 	unnamed Circle: fillColor = <class 'numpy.ndarray'>
194.1857 	EXP 	unnamed Circle: fillColor = <class 'numpy.ndarray'>
194.1857 	EXP 	unnamed Circle: radius = 0.058113073350000016
194.1857 	EXP 	unnamed Circle: fillColor = 'white'
194.1857 	EXP 	unnamed Circle: fillColor = <class 'numpy.ndarray'>
194.1857 	EXP 	unnamed Circle: fillColor = <class 'numpy.ndarray'>
194.1857 	EXP 	unnamed Circle: radius = 0.052301766015000015
194.1857 	EXP 	unnamed Circle: fillColor = 'white'
194.1857 	EXP 	unnamed Circle: fillColor = <class 'numpy.ndarray'>
194.1857 	EXP 	unnamed Circle: fillColor = <class 'numpy.ndarray'>
194.1857 	EXP 	unnamed Circle: radius = 0.047071589413500016
194.1857 	EXP 	unnamed Circle: fillColor = 'white'
194.1857 	EXP 	unnamed Circle: fillColor = <class 'numpy.ndarray'>
194.1857 	EXP 	unnamed Circle: radius = 0.052301766015000015
194.1857 	EXP 	unnamed Circle: fillColor = 'white'
194.1857 	EXP 	unnamed Circle: fillColor = <class 'numpy.ndarray'>
194.1857 	EXP 	unnamed Circle: fillColor = <class 'numpy.ndarray'>
194.1857 	EXP 	unnamed Circle: radius = 0.047071589413500016
194.1857 	EXP 	unnamed Circle: fillColor = 'white'
194.1857 	EXP 	unnamed Circle: fillColor = <class 'numpy.ndarray'>
194.1857 	EXP 	unnamed Circle: fillColor = <class 'numpy.ndarray'>
194.1857 	EXP 	unnamed Circle: fillColor = <class 'numpy.ndarray'>
194.1857 	EXP 	unnamed Circle: radius = 0.042364430472150015
194.1857 	EXP 	unnamed Circle: fillColor = 'white'
194.1857 	EXP 	unnamed Circle: fillColor = <class 'numpy.ndarray'>
194.1857 	EXP 	unnamed Circle: fillColor = <class 'numpy.ndarray'>
194.1857 	EXP 	unnamed Circle: radius = 0.03812798742493501
194.1857 	EXP 	unnamed Circle: fillColor = 'white'
194.1857 	EXP 	unnamed Circle: fillColor = <class 'numpy.ndarray'>
194.1857 	EXP 	unnamed Circle: fillColor = <class 'numpy.ndarray'>
194.1857 	EXP 	unnamed Circle: radius = 0.03431518868244151
194.1857 	EXP 	unnamed Circle: fillColor = 'white'
194.1857 	EXP 	unnamed Circle: fillColor = <class 'numpy.ndarray'>
194.1857 	EXP 	unnamed Circle: radius = 0.042364430472150015
194.1857 	EXP 	unnamed Circle: fillColor = 'white'
194.1857 	EXP 	unnamed Circle: fillColor = <class 'numpy.ndarray'>
194.1857 	EXP 	unnamed Circle: fillColor = <class 'numpy.ndarray'>
194.1857 	EXP 	unnamed Circle: radius = 0.03812798742493501
194.1857 	EXP 	unnamed Circle: fillColor = 'white'
194.1857 	EXP 	unnamed Circle: fillColor = <class 'numpy.ndarray'>
194.1857 	EXP 	unnamed Circle: fillColor = <class 'numpy.ndarray'>
194.1857 	EXP 	unnamed Circle: fillColor = <class 'numpy.ndarray'>
194.1857 	EXP 	unnamed Circle: radius = 0.030883669814197358
194.1857 	EXP 	unnamed Circle: fillColor = 'white'
194.1857 	EXP 	unnamed Circle: fillColor = <class 'numpy.ndarray'>
194.1857 	EXP 	unnamed Circle: radius = 0.03431518868244151
194.1857 	EXP 	unnamed Circle: fillColor = 'white'
194.1857 	EXP 	unnamed Circle: fillColor = <class 'numpy.ndarray'>
194.1857 	EXP 	unnamed Circle: fillColor = <class 'numpy.ndarray'>
194.1857 	EXP 	unnamed Circle: fillColor = <class 'numpy.ndarray'>
194.1857 	EXP 	unnamed Circle: radius = 0.03
194.1857 	EXP 	unnamed Circle: fillColor = 'white'
194.1857 	EXP 	unnamed Circle: fillColor = <class 'numpy.ndarray'>
194.1857 	EXP 	unnamed Circle: fillColor = <class 'numpy.ndarray'>
194.1857 	EXP 	unnamed Circle: fillColor = <class 'numpy.ndarray'>
194.1857 	EXP 	unnamed Circle: radius = 0.030883669814197358
194.1857 	EXP 	unnamed Circle: fillColor = 'white'
194.1857 	EXP 	unnamed Circle: fillColor = <class 'numpy.ndarray'>
194.1857 	EXP 	unnamed Circle: fillColor = <class 'numpy.ndarray'>
194.1857 	EXP 	unnamed Circle: fillColor = <class 'numpy.ndarray'>
194.1857 	EXP 	unnamed Circle: radius = 0.03
194.1857 	EXP 	unnamed Circle: fillColor = 'white'
194.1857 	EXP 	unnamed Circle: fillColor = <class 'numpy.ndarray'>
194.1857 	EXP 	unnamed Circle: fillColor = <class 'numpy.ndarray'>
194.1857 	EXP 	unnamed Circle: fillColor = <class 'numpy.ndarray'>
194.1857 	EXP 	unnamed Circle: fillColor = <class 'numpy.ndarray'>
194.1857 	EXP 	unnamed Circle: fillColor = <class 'numpy.ndarray'>
194.1857 	EXP 	unnamed Circle: radius = 0.03
194.1857 	EXP 	unnamed Circle: fillColor = 'white'
194.1857 	EXP 	unnamed Circle: fillColor = <class 'numpy.ndarray'>
194.1857 	EXP 	unnamed Circle: fillColor = <class 'numpy.ndarray'>
194.1857 	EXP 	unnamed Circle: radius = 0.03
194.1857 	EXP 	unnamed Circle: fillColor = 'white'
194.1857 	EXP 	unnamed Circle: fillColor = <class 'numpy.ndarray'>
194.1857 	EXP 	unnamed Circle: fillColor = <class 'numpy.ndarray'>
194.1857 	EXP 	unnamed Circle: radius = 0.03
194.1857 	EXP 	unnamed Circle: fillColor = 'white'
194.1857 	EXP 	unnamed Circle: fillColor = <class 'numpy.ndarray'>
194.1857 	EXP 	unnamed Circle: fillColor = <class 'numpy.ndarray'>
194.1857 	EXP 	unnamed Circle: radius = 0.03
194.1857 	EXP 	unnamed Circle: fillColor = 'white'
194.1857 	EXP 	unnamed Circle: fillColor = <class 'numpy.ndarray'>
194.1857 	EXP 	unnamed Circle: fillColor = <class 'numpy.ndarray'>
194.1857 	EXP 	unnamed Circle: radius = 0.03
194.1857 	EXP 	unnamed Circle: fillColor = 'white'
194.1857 	EXP 	unnamed Circle: fillColor = <class 'numpy.ndarray'>
194.1857 	EXP 	unnamed Circle: fillColor = <class 'numpy.ndarray'>
194.1857 	EXP 	unnamed Circle: fillColor = <class 'numpy.ndarray'>
194.1857 	EXP 	unnamed Circle: radius = 0.03
194.1857 	EXP 	unnamed Circle: fillColor = 'white'
194.1857 	EXP 	unnamed Circle: fillColor = <class 'numpy.ndarray'>
194.1857 	EXP 	unnamed Circle: fillColor = <class 'numpy.ndarray'>
194.1857 	EXP 	unnamed Circle: radius = 0.03
194.1857 	EXP 	unnamed Circle: fillColor = 'white'
194.1857 	EXP 	unnamed Circle: fillColor = <class 'numpy.ndarray'>
194.1857 	EXP 	unnamed Circle: fillColor = <class 'numpy.ndarray'>
194.1857 	EXP 	unnamed Circle: radius = 0.03
194.1857 	EXP 	unnamed Circle: fillColor = 'white'
194.1857 	EXP 	unnamed Circle: fillColor = <class 'numpy.ndarray'>
194.1857 	EXP 	unnamed Circle: fillColor = <class 'numpy.ndarray'>
194.1857 	EXP 	unnamed Circle: radius = 0.03
194.1857 	EXP 	unnamed Circle: fillColor = 'white'
194.1857 	EXP 	unnamed Circle: fillColor = <class 'numpy.ndarray'>
194.1857 	EXP 	unnamed Circle: fillColor = <class 'numpy.ndarray'>
194.1857 	EXP 	unnamed Circle: radius = 0.03
194.1857 	EXP 	unnamed Circle: fillColor = 'white'
194.1857 	EXP 	unnamed Circle: fillColor = <class 'numpy.ndarray'>
194.1857 	EXP 	unnamed Circle: fillColor = <class 'numpy.ndarray'>
194.1857 	EXP 	unnamed Circle: radius = 0.03
194.1857 	EXP 	unnamed Circle: fillColor = 'white'
194.1857 	EXP 	unnamed Circle: fillColor = <class 'numpy.ndarray'>
194.1857 	EXP 	unnamed Circle: fillColor = <class 'numpy.ndarray'>
194.1857 	EXP 	unnamed Circle: radius = 0.03
194.1857 	EXP 	unnamed Circle: fillColor = 'white'
194.1857 	EXP 	unnamed Circle: fillColor = <class 'numpy.ndarray'>
194.1857 	EXP 	unnamed Circle: radius = 0.03
194.1857 	EXP 	unnamed Circle: fillColor = 'white'
194.1857 	EXP 	unnamed Circle: fillColor = <class 'numpy.ndarray'>
194.1857 	EXP 	unnamed Circle: fillColor = <class 'numpy.ndarray'>
194.1857 	EXP 	unnamed Circle: fillColor = <class 'numpy.ndarray'>
194.1857 	EXP 	unnamed Circle: radius = 0.03
194.1857 	EXP 	unnamed Circle: fillColor = 'white'
194.1857 	EXP 	unnamed Circle: fillColor = <class 'numpy.ndarray'>
194.1857 	EXP 	unnamed Circle: radius = 0.03
194.1857 	EXP 	unnamed Circle: fillColor = 'white'
194.1857 	EXP 	unnamed Circle: fillColor = <class 'numpy.ndarray'>
194.1857 	EXP 	unnamed Circle: fillColor = <class 'numpy.ndarray'>
194.1857 	EXP 	unnamed Circle: fillColor = <class 'numpy.ndarray'>
194.1857 	EXP 	unnamed Circle: radius = 0.03
194.1857 	EXP 	unnamed Circle: fillColor = 'white'
194.1857 	EXP 	unnamed Circle: fillColor = <class 'numpy.ndarray'>
194.1857 	EXP 	unnamed Circle: fillColor = <class 'numpy.ndarray'>
194.1857 	EXP 	unnamed Circle: radius = 0.03
194.1857 	EXP 	unnamed Circle: fillColor = 'white'
194.1857 	EXP 	unnamed Circle: fillColor = <class 'numpy.ndarray'>
194.1857 	EXP 	unnamed Circle: fillColor = <class 'numpy.ndarray'>
194.1857 	EXP 	unnamed Circle: radius = 0.03
194.1857 	EXP 	unnamed Circle: fillColor = 'white'
194.1857 	EXP 	unnamed Circle: fillColor = <class 'numpy.ndarray'>
194.1857 	EXP 	unnamed Circle: radius = 0.03
194.1857 	EXP 	unnamed Circle: fillColor = 'white'
194.1857 	EXP 	unnamed Circle: fillColor = <class 'numpy.ndarray'>
194.1857 	EXP 	unnamed Circle: fillColor = <class 'numpy.ndarray'>
194.1857 	EXP 	unnamed Circle: fillColor = <class 'numpy.ndarray'>
194.1857 	EXP 	unnamed Circle: radius = 0.03
194.1857 	EXP 	unnamed Circle: fillColor = 'white'
194.1857 	EXP 	unnamed Circle: fillColor = <class 'numpy.ndarray'>
194.1857 	EXP 	unnamed Circle: fillColor = <class 'numpy.ndarray'>
194.1857 	EXP 	unnamed Circle: radius = 0.03
194.1857 	EXP 	unnamed Circle: fillColor = 'white'
194.1857 	EXP 	unnamed Circle: fillColor = <class 'numpy.ndarray'>
194.1857 	EXP 	unnamed Circle: radius = 0.03
194.1857 	EXP 	unnamed Circle: fillColor = 'white'
194.1857 	EXP 	unnamed Circle: fillColor = <class 'numpy.ndarray'>
194.1857 	EXP 	unnamed Circle: fillColor = <class 'numpy.ndarray'>
194.1857 	EXP 	unnamed Circle: fillColor = <class 'numpy.ndarray'>
194.1857 	EXP 	unnamed Circle: radius = 0.03
194.1857 	EXP 	unnamed Circle: fillColor = 'white'
194.1857 	EXP 	unnamed Circle: fillColor = <class 'numpy.ndarray'>
194.1857 	EXP 	unnamed Circle: fillColor = <class 'numpy.ndarray'>
194.1857 	EXP 	unnamed Circle: radius = 0.03
194.1857 	EXP 	unnamed Circle: fillColor = 'white'
194.1857 	EXP 	unnamed Circle: fillColor = <class 'numpy.ndarray'>
194.1857 	EXP 	unnamed Circle: fillColor = <class 'numpy.ndarray'>
194.1857 	EXP 	unnamed Circle: radius = 0.03
194.1857 	EXP 	unnamed Circle: fillColor = 'white'
194.1857 	EXP 	unnamed Circle: fillColor = <class 'numpy.ndarray'>
194.1857 	EXP 	unnamed Circle: fillColor = <class 'numpy.ndarray'>
194.1857 	EXP 	unnamed Circle: radius = 0.03
194.1857 	EXP 	unnamed Circle: fillColor = 'white'
194.1857 	EXP 	unnamed Circle: fillColor = <class 'numpy.ndarray'>
194.1857 	EXP 	unnamed Circle: radius = 0.03
194.1857 	EXP 	unnamed Circle: fillColor = 'white'
194.1857 	EXP 	unnamed Circle: fillColor = <class 'numpy.ndarray'>
194.1857 	EXP 	unnamed Circle: fillColor = <class 'numpy.ndarray'>
194.1857 	EXP 	unnamed Circle: radius = 0.03
194.1857 	EXP 	unnamed Circle: fillColor = 'white'
194.1857 	EXP 	unnamed Circle: fillColor = <class 'numpy.ndarray'>
194.1857 	EXP 	unnamed Circle: fillColor = <class 'numpy.ndarray'>
194.1857 	EXP 	unnamed Circle: fillColor = <class 'numpy.ndarray'>
194.1857 	EXP 	unnamed Circle: radius = 0.03
194.1857 	EXP 	unnamed Circle: fillColor = 'white'
194.1857 	EXP 	unnamed Circle: fillColor = <class 'numpy.ndarray'>
194.1857 	EXP 	unnamed Circle: radius = 0.03
194.1857 	EXP 	unnamed Circle: fillColor = 'white'
194.1857 	EXP 	unnamed Circle: fillColor = <class 'numpy.ndarray'>
194.1857 	EXP 	unnamed Circle: fillColor = <class 'numpy.ndarray'>
194.1857 	EXP 	unnamed Circle: fillColor = <class 'numpy.ndarray'>
194.1857 	EXP 	unnamed Circle: fillColor = <class 'numpy.ndarray'>
194.1857 	EXP 	unnamed Circle: fillColor = <class 'numpy.ndarray'>
194.1857 	EXP 	unnamed Circle: radius = 0.03
194.1857 	EXP 	unnamed Circle: fillColor = 'white'
194.1857 	EXP 	unnamed Circle: fillColor = <class 'numpy.ndarray'>
194.1857 	EXP 	unnamed Circle: fillColor = <class 'numpy.ndarray'>
194.1857 	EXP 	unnamed Circle: radius = 0.03
194.1857 	EXP 	unnamed Circle: fillColor = 'white'
194.1857 	EXP 	unnamed Circle: fillColor = <class 'numpy.ndarray'>
194.1857 	EXP 	unnamed Circle: fillColor = <class 'numpy.ndarray'>
194.1857 	EXP 	unnamed Circle: radius = 0.03
194.1857 	EXP 	unnamed Circle: fillColor = 'white'
194.1857 	EXP 	unnamed Circle: fillColor = <class 'numpy.ndarray'>
194.1857 	EXP 	unnamed Circle: fillColor = <class 'numpy.ndarray'>
194.1857 	EXP 	unnamed Circle: fillColor = <class 'numpy.ndarray'>
194.1857 	EXP 	unnamed Circle: fillColor = <class 'numpy.ndarray'>
194.1857 	EXP 	unnamed Circle: fillColor = <class 'numpy.ndarray'>
194.1857 	EXP 	unnamed Circle: fillColor = <class 'numpy.ndarray'>
194.1857 	EXP 	unnamed Circle: radius = 0.03
194.1857 	EXP 	unnamed Circle: fillColor = 'white'
194.1857 	EXP 	unnamed Circle: fillColor = <class 'numpy.ndarray'>
194.1857 	EXP 	unnamed Circle: fillColor = <class 'numpy.ndarray'>
194.1857 	EXP 	unnamed Circle: fillColor = <class 'numpy.ndarray'>
194.1857 	EXP 	unnamed Circle: radius = 0.03
194.1857 	EXP 	unnamed Circle: fillColor = 'white'
194.1857 	EXP 	unnamed Circle: fillColor = <class 'numpy.ndarray'>
194.1857 	EXP 	unnamed Circle: fillColor = <class 'numpy.ndarray'>
194.1857 	EXP 	unnamed Circle: fillColor = <class 'numpy.ndarray'>
194.1857 	EXP 	unnamed Circle: radius = 0.03
194.1857 	EXP 	unnamed Circle: fillColor = 'white'
194.1857 	EXP 	unnamed Circle: fillColor = <class 'numpy.ndarray'>
194.1857 	EXP 	unnamed Circle: radius = 0.03
194.1857 	EXP 	unnamed Circle: fillColor = 'white'
194.1857 	EXP 	unnamed Circle: fillColor = <class 'numpy.ndarray'>
194.1857 	EXP 	unnamed Circle: fillColor = <class 'numpy.ndarray'>
194.1857 	EXP 	unnamed Circle: fillColor = <class 'numpy.ndarray'>
194.1857 	EXP 	unnamed Circle: radius = 0.03
194.1857 	EXP 	unnamed Circle: fillColor = 'white'
194.1857 	EXP 	unnamed Circle: fillColor = <class 'numpy.ndarray'>
194.1857 	EXP 	unnamed Circle: radius = 0.03
194.1857 	EXP 	unnamed Circle: fillColor = 'white'
194.1857 	EXP 	unnamed Circle: fillColor = <class 'numpy.ndarray'>
194.1857 	EXP 	unnamed Circle: fillColor = <class 'numpy.ndarray'>
194.1857 	EXP 	unnamed Circle: fillColor = <class 'numpy.ndarray'>
194.1857 	EXP 	unnamed Circle: fillColor = <class 'numpy.ndarray'>
194.1857 	EXP 	unnamed Circle: radius = 0.03
194.1857 	EXP 	unnamed Circle: fillColor = 'white'
194.1857 	EXP 	unnamed Circle: fillColor = <class 'numpy.ndarray'>
194.1857 	EXP 	unnamed Circle: fillColor = <class 'numpy.ndarray'>
194.1857 	EXP 	unnamed Circle: radius = 0.03
194.1857 	EXP 	unnamed Circle: fillColor = 'white'
194.1857 	EXP 	unnamed Circle: fillColor = <class 'numpy.ndarray'>
194.1857 	EXP 	unnamed Circle: fillColor = <class 'numpy.ndarray'>
194.1857 	EXP 	unnamed Circle: fillColor = <class 'numpy.ndarray'>
194.1857 	EXP 	unnamed Circle: radius = 0.03
194.1857 	EXP 	unnamed Circle: fillColor = 'white'
194.1857 	EXP 	unnamed Circle: fillColor = <class 'numpy.ndarray'>
194.1857 	EXP 	unnamed Circle: fillColor = <class 'numpy.ndarray'>
194.1857 	EXP 	unnamed Circle: radius = 0.03
194.1857 	EXP 	unnamed Circle: fillColor = 'white'
194.1857 	EXP 	unnamed Circle: fillColor = <class 'numpy.ndarray'>
194.1857 	EXP 	unnamed Circle: fillColor = <class 'numpy.ndarray'>
194.1857 	EXP 	unnamed Circle: radius = 0.03
194.1857 	EXP 	unnamed Circle: fillColor = 'white'
194.1857 	EXP 	unnamed Circle: fillColor = <class 'numpy.ndarray'>
194.1857 	EXP 	unnamed Circle: radius = 0.03
194.1857 	EXP 	unnamed Circle: fillColor = 'white'
194.1857 	EXP 	unnamed Circle: fillColor = <class 'numpy.ndarray'>
194.1857 	EXP 	unnamed Circle: fillColor = <class 'numpy.ndarray'>
194.1857 	EXP 	unnamed Circle: fillColor = <class 'numpy.ndarray'>
194.1857 	EXP 	unnamed Circle: radius = 0.03
194.1857 	EXP 	unnamed Circle: fillColor = 'white'
194.1857 	EXP 	unnamed Circle: fillColor = <class 'numpy.ndarray'>
194.1857 	EXP 	unnamed Circle: fillColor = <class 'numpy.ndarray'>
194.1857 	EXP 	unnamed Circle: radius = 0.03
194.1857 	EXP 	unnamed Circle: fillColor = 'white'
194.1857 	EXP 	unnamed Circle: fillColor = <class 'numpy.ndarray'>
194.1857 	EXP 	unnamed Circle: radius = 0.03
194.1857 	EXP 	unnamed Circle: fillColor = 'white'
194.1857 	EXP 	unnamed Circle: fillColor = <class 'numpy.ndarray'>
194.1857 	EXP 	unnamed Circle: fillColor = <class 'numpy.ndarray'>
194.1857 	EXP 	unnamed Circle: radius = 0.03
194.1857 	EXP 	unnamed Circle: fillColor = 'white'
194.1857 	EXP 	unnamed Circle: fillColor = <class 'numpy.ndarray'>
194.1857 	EXP 	unnamed Circle: fillColor = <class 'numpy.ndarray'>
194.1857 	EXP 	unnamed Circle: fillColor = <class 'numpy.ndarray'>
194.1857 	EXP 	unnamed Circle: radius = 0.03
194.1857 	EXP 	unnamed Circle: fillColor = 'white'
194.1857 	EXP 	unnamed Circle: fillColor = <class 'numpy.ndarray'>
194.1857 	EXP 	unnamed Circle: fillColor = <class 'numpy.ndarray'>
194.1857 	EXP 	unnamed Circle: radius = 0.03
194.1857 	EXP 	unnamed Circle: fillColor = 'white'
194.1857 	EXP 	unnamed Circle: fillColor = <class 'numpy.ndarray'>
194.1857 	EXP 	unnamed Circle: fillColor = <class 'numpy.ndarray'>
194.1857 	EXP 	unnamed Circle: radius = 0.03
194.1857 	EXP 	unnamed Circle: fillColor = 'white'
194.1857 	EXP 	unnamed Circle: fillColor = <class 'numpy.ndarray'>
194.1857 	EXP 	unnamed Circle: fillColor = <class 'numpy.ndarray'>
194.1857 	EXP 	unnamed Circle: radius = 0.03
194.1857 	EXP 	unnamed Circle: fillColor = 'white'
194.1857 	EXP 	unnamed Circle: fillColor = <class 'numpy.ndarray'>
194.1857 	EXP 	unnamed Circle: fillColor = <class 'numpy.ndarray'>
194.1857 	EXP 	unnamed Circle: radius = 0.03
194.1857 	EXP 	unnamed Circle: fillColor = 'white'
194.1857 	EXP 	unnamed Circle: fillColor = <class 'numpy.ndarray'>
194.1857 	EXP 	unnamed Circle: radius = 0.03
194.1857 	EXP 	unnamed Circle: fillColor = 'white'
194.1857 	EXP 	unnamed Circle: fillColor = <class 'numpy.ndarray'>
194.1857 	EXP 	unnamed Circle: fillColor = <class 'numpy.ndarray'>
194.1857 	EXP 	unnamed Circle: radius = 0.03
194.1857 	EXP 	unnamed Circle: fillColor = 'white'
194.1857 	EXP 	unnamed Circle: fillColor = <class 'numpy.ndarray'>
194.1857 	EXP 	unnamed Circle: fillColor = <class 'numpy.ndarray'>
194.1857 	EXP 	unnamed Circle: fillColor = <class 'numpy.ndarray'>
194.1857 	EXP 	unnamed Circle: radius = 0.03
194.1857 	EXP 	unnamed Circle: fillColor = 'white'
194.1857 	EXP 	unnamed Circle: fillColor = <class 'numpy.ndarray'>
194.1857 	EXP 	unnamed Circle: fillColor = <class 'numpy.ndarray'>
194.1857 	EXP 	unnamed Circle: radius = 0.03
194.1857 	EXP 	unnamed Circle: fillColor = 'white'
194.1857 	EXP 	unnamed Circle: fillColor = <class 'numpy.ndarray'>
194.1857 	EXP 	unnamed Circle: radius = 0.03
194.1857 	EXP 	unnamed Circle: fillColor = 'white'
194.1857 	EXP 	unnamed Circle: fillColor = <class 'numpy.ndarray'>
194.1857 	EXP 	unnamed Circle: fillColor = <class 'numpy.ndarray'>
194.1857 	EXP 	unnamed Circle: radius = 0.03
194.1857 	EXP 	unnamed Circle: fillColor = 'white'
194.1857 	EXP 	unnamed Circle: fillColor = <class 'numpy.ndarray'>
194.1857 	EXP 	unnamed Circle: fillColor = <class 'numpy.ndarray'>
194.1857 	EXP 	unnamed Circle: fillColor = <class 'numpy.ndarray'>
194.1857 	EXP 	unnamed Circle: radius = 0.03
194.1857 	EXP 	unnamed Circle: fillColor = 'white'
194.1857 	EXP 	unnamed Circle: fillColor = <class 'numpy.ndarray'>
194.1857 	EXP 	unnamed Circle: radius = 0.03
194.1857 	EXP 	unnamed Circle: fillColor = 'white'
194.1857 	EXP 	unnamed Circle: fillColor = <class 'numpy.ndarray'>
194.1857 	EXP 	unnamed Circle: fillColor = <class 'numpy.ndarray'>
194.1857 	EXP 	unnamed Circle: fillColor = <class 'numpy.ndarray'>
194.1857 	EXP 	unnamed Circle: radius = 0.03
194.1857 	EXP 	unnamed Circle: fillColor = 'white'
194.1857 	EXP 	unnamed Circle: fillColor = <class 'numpy.ndarray'>
194.1857 	EXP 	unnamed Circle: fillColor = <class 'numpy.ndarray'>
194.1857 	EXP 	unnamed Circle: radius = 0.03
194.1857 	EXP 	unnamed Circle: fillColor = 'white'
194.1857 	EXP 	unnamed Circle: fillColor = <class 'numpy.ndarray'>
194.1857 	EXP 	unnamed Circle: fillColor = <class 'numpy.ndarray'>
194.1857 	EXP 	unnamed Circle: radius = 0.03
194.1857 	EXP 	unnamed Circle: fillColor = 'white'
194.1857 	EXP 	unnamed Circle: fillColor = <class 'numpy.ndarray'>
194.1857 	EXP 	unnamed Circle: fillColor = <class 'numpy.ndarray'>
194.1857 	EXP 	unnamed Circle: radius = 0.03
194.1857 	EXP 	unnamed Circle: fillColor = 'white'
194.1857 	EXP 	unnamed Circle: fillColor = <class 'numpy.ndarray'>
194.1857 	EXP 	unnamed Circle: fillColor = <class 'numpy.ndarray'>
194.1857 	EXP 	unnamed Circle: radius = 0.03
194.1857 	EXP 	unnamed Circle: fillColor = 'white'
194.1857 	EXP 	unnamed Circle: fillColor = <class 'numpy.ndarray'>
194.1857 	EXP 	unnamed Circle: fillColor = <class 'numpy.ndarray'>
194.1857 	EXP 	unnamed Circle: radius = 0.03
194.1857 	EXP 	unnamed Circle: fillColor = 'white'
194.1857 	EXP 	unnamed Circle: fillColor = <class 'numpy.ndarray'>
194.1857 	EXP 	unnamed Circle: radius = 0.03
194.1857 	EXP 	unnamed Circle: fillColor = 'white'
194.1857 	EXP 	unnamed Circle: fillColor = <class 'numpy.ndarray'>
194.1857 	EXP 	unnamed Circle: fillColor = <class 'numpy.ndarray'>
194.1857 	EXP 	unnamed Circle: fillColor = <class 'numpy.ndarray'>
194.1857 	EXP 	unnamed Circle: radius = 0.03
194.1857 	EXP 	unnamed Circle: fillColor = 'white'
194.1857 	EXP 	unnamed Circle: fillColor = <class 'numpy.ndarray'>
194.1857 	EXP 	unnamed Circle: fillColor = <class 'numpy.ndarray'>
194.1857 	EXP 	unnamed Circle: radius = 0.03
194.1857 	EXP 	unnamed Circle: fillColor = 'white'
194.1857 	EXP 	unnamed Circle: fillColor = <class 'numpy.ndarray'>
194.1857 	EXP 	unnamed Circle: radius = 0.03
194.1857 	EXP 	unnamed Circle: fillColor = 'white'
194.1857 	EXP 	unnamed Circle: fillColor = <class 'numpy.ndarray'>
194.1857 	EXP 	unnamed Circle: fillColor = <class 'numpy.ndarray'>
194.1857 	EXP 	unnamed Circle: radius = 0.03
194.1857 	EXP 	unnamed Circle: fillColor = 'white'
194.1857 	EXP 	unnamed Circle: fillColor = <class 'numpy.ndarray'>
194.1857 	EXP 	unnamed Circle: fillColor = <class 'numpy.ndarray'>
194.1857 	EXP 	unnamed Circle: fillColor = <class 'numpy.ndarray'>
194.1857 	EXP 	unnamed Circle: radius = 0.03
194.1857 	EXP 	unnamed Circle: fillColor = 'white'
194.1857 	EXP 	unnamed Circle: fillColor = <class 'numpy.ndarray'>
194.1857 	EXP 	unnamed Circle: fillColor = <class 'numpy.ndarray'>
194.1857 	EXP 	unnamed Circle: radius = 0.03
194.1857 	EXP 	unnamed Circle: fillColor = 'white'
194.1857 	EXP 	unnamed Circle: fillColor = <class 'numpy.ndarray'>
194.1857 	EXP 	unnamed Circle: fillColor = <class 'numpy.ndarray'>
194.1857 	EXP 	unnamed Circle: radius = 0.03
194.1857 	EXP 	unnamed Circle: fillColor = 'white'
194.1857 	EXP 	unnamed Circle: fillColor = <class 'numpy.ndarray'>
194.1857 	EXP 	unnamed Circle: fillColor = <class 'numpy.ndarray'>
194.1857 	EXP 	unnamed Circle: radius = 0.03
194.1857 	EXP 	unnamed Circle: fillColor = 'white'
194.1857 	EXP 	unnamed Circle: fillColor = <class 'numpy.ndarray'>
194.1857 	EXP 	unnamed Circle: radius = 0.03
194.1857 	EXP 	unnamed Circle: fillColor = 'white'
194.1857 	EXP 	unnamed Circle: fillColor = <class 'numpy.ndarray'>
194.1857 	EXP 	unnamed Circle: fillColor = <class 'numpy.ndarray'>
194.1857 	EXP 	unnamed Circle: fillColor = <class 'numpy.ndarray'>
194.1857 	EXP 	unnamed Circle: radius = 0.03
194.1857 	EXP 	unnamed Circle: fillColor = 'white'
194.1857 	EXP 	unnamed Circle: fillColor = <class 'numpy.ndarray'>
194.1857 	EXP 	unnamed Circle: fillColor = <class 'numpy.ndarray'>
194.1857 	EXP 	unnamed Circle: radius = 0.03
194.1857 	EXP 	unnamed Circle: fillColor = 'white'
194.1857 	EXP 	unnamed Circle: fillColor = <class 'numpy.ndarray'>
194.1857 	EXP 	unnamed Circle: fillColor = <class 'numpy.ndarray'>
194.1857 	EXP 	unnamed Circle: radius = 0.03
194.1857 	EXP 	unnamed Circle: fillColor = 'white'
194.1857 	EXP 	text_2: autoDraw = True
195.1898 	EXP 	text_2: autoDraw = False
195.1898 	EXP 	text_2: autoDraw = False
441.2745 	DATA 	Keypress: space
442.7750 	DATA 	Keypress: 2
442.7816 	EXP 	Created text = TextStim(__class__=<class 'psychopy.visual.text.TextStim'>, alignHoriz=method-wrapper(...), alignText='center', alignVert=method-wrapper(...), anchorHoriz='center', anchorVert='center', antialias=True, autoDraw=False, autoLog=True, bold=False, color=array([1., 1., 1.]), colorSpace='rgb', contrast=1.0, depth=0.0, draggable=False, flipHoriz=False, flipVert=False, font='Arial', fontFiles=[], height=0.06, italic=False, languageStyle='LTR', name='text', opacity=1, ori=0, pos=array([0. , 0.2]), rgb=UNKNOWN, text=str(...), units='norm', win=Window(...), wrapWidth=1.2)
442.8447 	EXP 	Created None = Slider(__class__=<class 'psychopy.visual.slider.Slider'>, autoDraw=False, autoLog=True, borderColor=None, color=None, colorSpace='rgb', depth=0, fillColor=None, flip=False, font='Arial', granularity=1, labelColor=None, labelHeight=0.06, labelWrapWidth=None, labels=('Never', 'Always'), lineColor=None, markerColor=None, name=None, opacity=None, ori=0, pos=array([0., 0.]), readOnly=False, self=UNKNOWN, size=array([0.85, 0.1 ]), startValue=None, style='rating', styleTweaks=[], ticks=array([1, 9]), units='norm', win=Window(...))
442.8587 	EXP 	None: autoLog = True
442.8587 	EXP 	None: styleTweaks = []
442.8587 	EXP 	None: styleTweaks = []
442.8587 	EXP 	None: styleTweaks = []
442.8587 	EXP 	None: styleTweaks = []
442.8587 	EXP 	None: contrast = 1.0
442.8587 	EXP 	None: markerPos = None
442.8587 	EXP 	None: autoLog = True
442.8587 	EXP 	None: markerPos = 5
443.0431 	DATA 	Keypress: 0
443.0511 	EXP 	None: markerPos = 5
443.0571 	EXP 	Created text = TextStim(__class__=<class 'psychopy.visual.text.TextStim'>, alignHoriz=method-wrapper(...), alignText='center', alignVert=method-wrapper(...), anchorHoriz='center', anchorVert='center', antialias=True, autoDraw=False, autoLog=True, bold=False, color=array([1., 1., 1.]), colorSpace='rgb', contrast=1.0, depth=0.0, draggable=False, flipHoriz=False, flipVert=False, font='Arial', fontFiles=[], height=0.06, italic=False, languageStyle='LTR', name='text', opacity=1, ori=0, pos=array([0. , 0.2]), rgb=UNKNOWN, text=str(...), units='norm', win=Window(...), wrapWidth=1.2)
443.0968 	EXP 	Created None = Slider(__class__=<class 'psychopy.visual.slider.Slider'>, autoDraw=False, autoLog=True, borderColor=None, color=None, colorSpace='rgb', depth=0, fillColor=None, flip=False, font='Arial', granularity=1, labelColor=None, labelHeight=0.06, labelWrapWidth=None, labels=('Never', 'All the time'), lineColor=None, markerColor=None, name=None, opacity=None, ori=0, pos=array([0., 0.]), readOnly=False, self=UNKNOWN, size=array([0.85, 0.1 ]), startValue=None, style='rating', styleTweaks=[], ticks=array([1, 9]), units='norm', win=Window(...))
443.1057 	DATA 	Keypress: 2
443.1088 	EXP 	None: autoLog = True
443.1088 	EXP 	None: styleTweaks = []
443.1088 	EXP 	None: styleTweaks = []
443.1088 	EXP 	None: styleTweaks = []
443.1088 	EXP 	None: styleTweaks = []
443.1088 	EXP 	None: contrast = 1.0
443.1088 	EXP 	None: markerPos = None
443.1088 	EXP 	None: autoLog = True
443.1088 	EXP 	None: markerPos = 5
443.1221 	EXP 	None: markerPos = 6
443.2414 	DATA 	Keypress: 0
443.2500 	EXP 	None: markerPos = 6
443.2564 	EXP 	Created text = TextStim(__class__=<class 'psychopy.visual.text.TextStim'>, alignHoriz=method-wrapper(...), alignText='center', alignVert=method-wrapper(...), anchorHoriz='center', anchorVert='center', antialias=True, autoDraw=False, autoLog=True, bold=False, color=array([1., 1., 1.]), colorSpace='rgb', contrast=1.0, depth=0.0, draggable=False, flipHoriz=False, flipVert=False, font='Arial', fontFiles=[], height=0.06, italic=False, languageStyle='LTR', name='text', opacity=1, ori=0, pos=array([0. , 0.2]), rgb=UNKNOWN, text=str(...), units='norm', win=Window(...), wrapWidth=1.2)
443.3063 	EXP 	Created None = Slider(__class__=<class 'psychopy.visual.slider.Slider'>, autoDraw=False, autoLog=True, borderColor=None, color=None, colorSpace='rgb', depth=0, fillColor=None, flip=False, font='Arial', granularity=1, labelColor=None, labelHeight=0.06, labelWrapWidth=None, labels=('Not at all', 'Very Difficult'), lineColor=None, markerColor=None, name=None, opacity=None, ori=0, pos=array([0., 0.]), readOnly=False, self=UNKNOWN, size=array([0.85, 0.1 ]), startValue=None, style='rating', styleTweaks=[], ticks=array([1, 9]), units='norm', win=Window(...))
443.3145 	DATA 	Keypress: 2
443.3174 	EXP 	None: autoLog = True
443.3174 	EXP 	None: styleTweaks = []
443.3174 	EXP 	None: styleTweaks = []
443.3174 	EXP 	None: styleTweaks = []
443.3174 	EXP 	None: styleTweaks = []
443.3174 	EXP 	None: contrast = 1.0
443.3174 	EXP 	None: markerPos = None
443.3174 	EXP 	None: autoLog = True
443.3174 	EXP 	None: markerPos = 5
443.3251 	EXP 	None: markerPos = 6
443.4304 	DATA 	Keypress: 0
443.4381 	EXP 	None: markerPos = 6
443.4436 	EXP 	Created text = TextStim(__class__=<class 'psychopy.visual.text.TextStim'>, alignHoriz=method-wrapper(...), alignText='center', alignVert=method-wrapper(...), anchorHoriz='center', anchorVert='center', antialias=True, autoDraw=False, autoLog=True, bold=False, color=array([1., 1., 1.]), colorSpace='rgb', contrast=1.0, depth=0.0, draggable=False, flipHoriz=False, flipVert=False, font='Arial', fontFiles=[], height=0.06, italic=False, languageStyle='LTR', name='text', opacity=1, ori=0, pos=array([0. , 0.2]), rgb=UNKNOWN, text='How calm do you feel right now?', units='norm', win=Window(...), wrapWidth=1.2)
443.4831 	EXP 	Created None = Slider(__class__=<class 'psychopy.visual.slider.Slider'>, autoDraw=False, autoLog=True, borderColor=None, color=None, colorSpace='rgb', depth=0, fillColor=None, flip=False, font='Arial', granularity=1, labelColor=None, labelHeight=0.06, labelWrapWidth=None, labels=('Not at all', 'Very calm'), lineColor=None, markerColor=None, name=None, opacity=None, ori=0, pos=array([0., 0.]), readOnly=False, self=UNKNOWN, size=array([0.85, 0.1 ]), startValue=None, style='rating', styleTweaks=[], ticks=array([1, 9]), units='norm', win=Window(...))
443.4943 	EXP 	None: autoLog = True
443.4943 	EXP 	None: styleTweaks = []
443.4943 	EXP 	None: styleTweaks = []
443.4943 	EXP 	None: styleTweaks = []
443.4943 	EXP 	None: styleTweaks = []
443.4943 	EXP 	None: contrast = 1.0
443.4943 	EXP 	None: markerPos = None
443.4943 	EXP 	None: autoLog = True
443.4943 	EXP 	None: markerPos = 5
443.4948 	DATA 	Keypress: 2
443.5053 	EXP 	None: markerPos = 6
443.6312 	DATA 	Keypress: 0
443.6399 	EXP 	None: markerPos = 6
443.6929 	DATA 	Keypress: 2
