17.5085 	EXP 	DMN_BallTask: status = NOT_STARTED
17.5128 	WARNING 	Requested an unavailable screen number - using first available.
17.5153 	WARNING 	User requested fullscreen with size [1080 1080], but screen is actually [1920, 1200]. Using actual size
18.2120 	EXP 	Created window1 = Window(allowGUI=False, allowStencil=False, autoLog=True, backendConf=UNKNOWN, backgroundFit=<method-wrapper '__getattribute__' of attributeSetter object at 0x00000248F2B488B0>, backgroundImage=<method-wrapper '__getattribute__' of attributeSetter object at 0x00000248F2B48850>, bitsMode=UNKNOWN, blendMode='avg', bpc=(8, 8, 8), color=array([-1, -1, -1]), colorSpace='rgb', depthBits=8, fullscr=True, gamma=None, gammaErrorPolicy='raise', infoMsg=UNKNOWN, lms=UNKNOWN, monitor=<psychopy.monitors.calibTools.Monitor object at 0x00000248F80DF0A0>, multiSample=False, name='window1', numSamples=2, pos=(0, 0), screen=1, size=array([1920, 1200]), stencilBits=0, stereo=False, title='PsychoPy', units='norm', useFBO=True, useRetina=False, viewOri=0.0, viewPos=None, viewScale=None, waitBlanking=True, winType='pyglet')
18.2121 	EXP 	window1: backgroundImage = None
18.2121 	EXP 	window1: backgroundFit = 'cover'
18.2139 	EXP 	window1: Attempting to measure frame rate of screen (1) ...
18.2139 	EXP 	window1: recordFrameIntervals = False
18.3783 	EXP 	window1: recordFrameIntervals = True
18.5626 	EXP 	Screen (1) actual frame rate measured at 59.73Hz
18.5626 	EXP 	window1: recordFrameIntervals = False
18.6063 	EXP 	Created text = TextStim(__class__=<class 'psychopy.visual.text.TextStim'>, alignHoriz=method-wrapper(...), alignText='center', alignVert=method-wrapper(...), anchorHoriz='center', anchorVert='center', antialias=True, autoDraw=False, autoLog=True, bold=False, color=array([1., 1., 1.]), colorSpace='rgb', contrast=1.0, depth=0.0, draggable=False, flipHoriz=False, flipVert=False, font='Arial', fontFiles=[], height=0.06, italic=False, languageStyle='LTR', name='text', opacity=1, ori=0, pos=array([0. , 0.2]), rgb=UNKNOWN, text=str(...), units='norm', win=Window(...), wrapWidth=1.2)
18.6070 	EXP 	Created text = TextStim(__class__=<class 'psychopy.visual.text.TextStim'>, alignHoriz=method-wrapper(...), alignText='center', alignVert=method-wrapper(...), anchorHoriz='center', anchorVert='center', antialias=True, autoDraw=False, autoLog=True, bold=False, color=array([1., 1., 1.]), colorSpace='rgb', contrast=1.0, depth=0.0, draggable=False, flipHoriz=False, flipVert=False, font='Arial', fontFiles=[], height=0.06, italic=False, languageStyle='LTR', name='text', opacity=1, ori=0, pos=array([0., 0.]), rgb=UNKNOWN, text='', units='norm', win=Window(...), wrapWidth=1.2)
18.6123 	EXP 	Created waiting_for_trigger_text = TextStim(__class__=<class 'psychopy.visual.text.TextStim'>, alignHoriz=method-wrapper(...), alignText='center', alignVert=method-wrapper(...), anchorHoriz='center', anchorVert='center', antialias=True, autoDraw=False, autoLog=True, bold=False, color=array([1., 1., 1.]), colorSpace='rgb', contrast=1.0, depth=0.0, draggable=False, flipHoriz=False, flipVert=False, font='Arial', fontFiles=[], height=0.1, italic=False, languageStyle='LTR', name='waiting_for_trigger_text', opacity=1, ori=0, pos=array([0., 0.]), rgb=UNKNOWN, text='waiting for scanner', units='norm', win=Window(...), wrapWidth=2)
18.6161 	EXP 	Created text_2 = TextStim(__class__=<class 'psychopy.visual.text.TextStim'>, alignHoriz=method-wrapper(...), alignText='center', alignVert=method-wrapper(...), anchorHoriz='center', anchorVert='center', antialias=True, autoDraw=False, autoLog=True, bold=False, color=array([1., 1., 1.]), colorSpace='rgb', contrast=1.0, depth=0.0, draggable=False, flipHoriz=False, flipVert=False, font='Arial', fontFiles=[], height=0.3, italic=False, languageStyle='LTR', name='text_2', opacity=1, ori=0, pos=array([0., 0.]), rgb=UNKNOWN, text='+', units='norm', win=Window(...), wrapWidth=1)
18.6195 	EXP 	Created text_relax = TextStim(__class__=<class 'psychopy.visual.text.TextStim'>, alignHoriz=method-wrapper(...), alignText='center', alignVert=method-wrapper(...), anchorHoriz='center', anchorVert='center', antialias=True, autoDraw=False, autoLog=True, bold=False, color=array([1., 1., 1.]), colorSpace='rgb', contrast=1.0, depth=0.0, draggable=False, flipHoriz=False, flipVert=False, font='Arial', fontFiles=[], height=0.07, italic=False, languageStyle='LTR', name='text_relax', opacity=1, ori=0, pos=array([ 0. , -0.2]), rgb=UNKNOWN, text='Relax', units='norm', win=Window(...), wrapWidth=1)
18.6237 	EXP 	Created text_4 = TextStim(__class__=<class 'psychopy.visual.text.TextStim'>, alignHoriz=method-wrapper(...), alignText='center', alignVert=method-wrapper(...), anchorHoriz='center', anchorVert='center', antialias=True, autoDraw=False, autoLog=True, bold=False, color=array([1., 1., 1.]), colorSpace='rgb', contrast=1.0, depth=-3.0, draggable=False, flipHoriz=False, flipVert=False, font='Arial', fontFiles=[], height=0.1, italic=False, languageStyle='LTR', name='text_4', opacity=1, ori=0, pos=array([0., 0.]), rgb=UNKNOWN, text='default text', units='norm', win=Window(...), wrapWidth=1)
18.6419 	EXP 	Created unnamed Circle = Circle(__class__=<class 'psychopy.visual.circle.Circle'>, anchor=('center', 'center'), autoDraw=False, autoLog=True, closeShape=True, color=method-wrapper(...), colorSpace='rgb', contrast=None, depth=0, draggable=False, fillColor=array([0, 0, 0]), fillColorSpace='rgb', fillRGB=array([0, 0, 0]), interpolate=True, lineColor=array([ 1.,  1., -1.]), lineColorSpace='rgb', lineRGB=array([ 1,  1, -1]), lineWidth=3, name='unnamed Circle', opacity=1, ori=0.0, pos=array([0.        , 0.33333333]), size=array([1., 1.]), units='norm', vertices=ndarray(...), win=Window(...), windingRule=None)
18.6556 	EXP 	Created unnamed Circle = Circle(__class__=<class 'psychopy.visual.circle.Circle'>, anchor=('center', 'center'), autoDraw=False, autoLog=True, closeShape=True, color=method-wrapper(...), colorSpace='rgb', contrast=None, depth=0, draggable=False, fillColor=array([0, 0, 0]), fillColorSpace='rgb', fillRGB=array([0, 0, 0]), interpolate=True, lineColor=array([0.35686275, 0.69411765, 0.80392157]), lineColorSpace='rgb', lineRGB=array([0.35686275, 0.69411765, 0.80392157]), lineWidth=3, name='unnamed Circle', opacity=1, ori=0.0, pos=array([ 0.        , -0.33333333]), size=array([1., 1.]), units='norm', vertices=ndarray(...), win=Window(...), windingRule=None)
18.6702 	EXP 	Created unnamed Circle = Circle(__class__=<class 'psychopy.visual.circle.Circle'>, anchor=('center', 'center'), autoDraw=False, autoLog=True, closeShape=True, color=method-wrapper(...), colorSpace='rgb', contrast=None, depth=0, draggable=False, fillColor=array([1, 1, 1]), fillColorSpace='rgb', fillRGB=array([1, 1, 1]), interpolate=True, lineColor=array([1., 1., 1.]), lineColorSpace='rgb', lineRGB=array([1, 1, 1]), lineWidth=1.5, name='unnamed Circle', opacity=1, ori=0.0, pos=array([0., 0.]), size=array([1., 1.]), units='norm', vertices=ndarray(...), win=Window(...), windingRule=None)
18.6840 	EXP 	Created unnamed Circle = Circle(__class__=<class 'psychopy.visual.circle.Circle'>, anchor=('center', 'center'), autoDraw=False, autoLog=True, closeShape=True, color=method-wrapper(...), colorSpace='rgb', contrast=None, depth=0, draggable=False, fillColor=array([1, 1, 1]), fillColorSpace='rgb', fillRGB=array([1, 1, 1]), interpolate=True, lineColor=array([1., 1., 1.]), lineColorSpace='rgb', lineRGB=array([1, 1, 1]), lineWidth=3, name='unnamed Circle', opacity=1, ori=0.0, pos=array([0., 0.]), size=array([1., 1.]), units='norm', vertices=ndarray(...), win=Window(...), windingRule=None)
18.6890 	EXP 	Created instruct_text = TextStim(__class__=<class 'psychopy.visual.text.TextStim'>, alignHoriz=method-wrapper(...), alignText='center', alignVert=method-wrapper(...), anchorHoriz='center', anchorVert='center', antialias=True, autoDraw=False, autoLog=True, bold=False, color=array([1., 1., 1.]), colorSpace='rgb', contrast=1.0, depth=0.0, draggable=False, flipHoriz=False, flipVert=False, font='Arial', fontFiles=[], height=0.06, italic=False, languageStyle='LTR', name='instruct_text', opacity=1, ori=0, pos=array([0., 0.]), rgb=UNKNOWN, text='replace me', units='norm', win=Window(...), wrapWidth=1.2)
18.6927 	EXP 	Created thank_you_end_run_text = TextStim(__class__=<class 'psychopy.visual.text.TextStim'>, alignHoriz=method-wrapper(...), alignText='center', alignVert=method-wrapper(...), anchorHoriz='center', anchorVert='center', antialias=True, autoDraw=False, autoLog=True, bold=False, color=array([1., 1., 1.]), colorSpace='rgb', contrast=1.0, depth=0.0, draggable=False, flipHoriz=False, flipVert=False, font='Arial', fontFiles=[], height=0.1, italic=False, languageStyle='LTR', name='thank_you_end_run_text', opacity=1, ori=0, pos=array([0., 0.]), rgb=UNKNOWN, text='thank you!', units='norm', win=Window(...), wrapWidth=1)
18.7060 	EXP 	instruct_text: height = 0.06
18.7060 	EXP 	instruct_text: height = 0.06
18.7060 	EXP 	instruct_text: height = 0.06
18.7060 	EXP 	instruct_text: text = "Great job! Now, you're going practice Mindful Describing for another 2.5min with more brain feedback from the ball. \n\nWhen the ball moves upwards, that corresponds to the describing practice."
21.3331 	DATA 	Keypress: space
21.3425 	EXP 	instruct_text: height = 0.06
21.3425 	EXP 	instruct_text: height = 0.06
21.3425 	EXP 	instruct_text: height = 0.06
21.3425 	EXP 	instruct_text: text = 'When you see the plus sign (+), just relax.\n\nOnce the circles appear, please start the Describing practice. This scan will last 2.5 min.'
22.4440 	DATA 	Keypress: space
22.4497 	EXP 	waiting_for_trigger_text: autoDraw = True
22.6800 	DATA 	Keypress: space
24.1994 	DATA 	Keypress: 5
24.2145 	EXP 	waiting_for_trigger_text: autoDraw = False
24.2145 	EXP 	text_2: autoDraw = True
24.2145 	EXP 	text_relax: autoDraw = True
54.2251 	EXP 	text_2: autoDraw = False
54.2251 	EXP 	text_relax: autoDraw = False
54.2251 	EXP 	text_2: autoDraw = False
54.2753 	EXP 	unnamed Circle: fillColor = <class 'numpy.ndarray'>
54.2753 	EXP 	unnamed Circle: fillColor = <class 'numpy.ndarray'>
55.4778 	EXP 	unnamed Circle: fillColor = <class 'numpy.ndarray'>
55.4778 	EXP 	unnamed Circle: fillColor = <class 'numpy.ndarray'>
56.6797 	EXP 	unnamed Circle: fillColor = <class 'numpy.ndarray'>
56.6797 	EXP 	unnamed Circle: fillColor = <class 'numpy.ndarray'>
57.8814 	EXP 	unnamed Circle: fillColor = <class 'numpy.ndarray'>
57.8814 	EXP 	unnamed Circle: fillColor = <class 'numpy.ndarray'>
59.0834 	EXP 	unnamed Circle: fillColor = <class 'numpy.ndarray'>
59.0834 	EXP 	unnamed Circle: fillColor = <class 'numpy.ndarray'>
60.2849 	EXP 	unnamed Circle: fillColor = <class 'numpy.ndarray'>
60.2849 	EXP 	unnamed Circle: fillColor = <class 'numpy.ndarray'>
61.4870 	EXP 	unnamed Circle: fillColor = <class 'numpy.ndarray'>
61.4870 	EXP 	unnamed Circle: fillColor = <class 'numpy.ndarray'>
62.6887 	EXP 	unnamed Circle: fillColor = <class 'numpy.ndarray'>
62.6887 	EXP 	unnamed Circle: fillColor = <class 'numpy.ndarray'>
63.8904 	EXP 	unnamed Circle: fillColor = <class 'numpy.ndarray'>
63.8904 	EXP 	unnamed Circle: fillColor = <class 'numpy.ndarray'>
65.0923 	EXP 	unnamed Circle: fillColor = <class 'numpy.ndarray'>
65.0923 	EXP 	unnamed Circle: fillColor = <class 'numpy.ndarray'>
66.2940 	EXP 	unnamed Circle: fillColor = <class 'numpy.ndarray'>
66.2940 	EXP 	unnamed Circle: fillColor = <class 'numpy.ndarray'>
67.4957 	EXP 	unnamed Circle: fillColor = <class 'numpy.ndarray'>
67.4957 	EXP 	unnamed Circle: fillColor = <class 'numpy.ndarray'>
68.6975 	EXP 	unnamed Circle: fillColor = <class 'numpy.ndarray'>
68.6975 	EXP 	unnamed Circle: fillColor = <class 'numpy.ndarray'>
69.8995 	EXP 	unnamed Circle: fillColor = <class 'numpy.ndarray'>
69.8995 	EXP 	unnamed Circle: fillColor = <class 'numpy.ndarray'>
71.1011 	EXP 	unnamed Circle: fillColor = <class 'numpy.ndarray'>
71.1011 	EXP 	unnamed Circle: fillColor = <class 'numpy.ndarray'>
72.3028 	EXP 	unnamed Circle: fillColor = <class 'numpy.ndarray'>
72.3028 	EXP 	unnamed Circle: fillColor = <class 'numpy.ndarray'>
73.5047 	EXP 	unnamed Circle: fillColor = <class 'numpy.ndarray'>
73.5047 	EXP 	unnamed Circle: fillColor = <class 'numpy.ndarray'>
74.7077 	EXP 	unnamed Circle: fillColor = <class 'numpy.ndarray'>
74.7077 	EXP 	unnamed Circle: radius = 0.135
74.7077 	EXP 	unnamed Circle: fillColor = 'white'
74.7077 	EXP 	unnamed Circle: fillColor = <class 'numpy.ndarray'>
75.9082 	EXP 	unnamed Circle: fillColor = <class 'numpy.ndarray'>
75.9082 	EXP 	unnamed Circle: fillColor = <class 'numpy.ndarray'>
77.1098 	EXP 	unnamed Circle: fillColor = <class 'numpy.ndarray'>
77.1098 	EXP 	unnamed Circle: fillColor = <class 'numpy.ndarray'>
78.3118 	EXP 	unnamed Circle: fillColor = <class 'numpy.ndarray'>
78.3118 	EXP 	unnamed Circle: fillColor = <class 'numpy.ndarray'>
79.5301 	EXP 	unnamed Circle: fillColor = <class 'numpy.ndarray'>
79.5301 	EXP 	unnamed Circle: fillColor = <class 'numpy.ndarray'>
80.7319 	EXP 	unnamed Circle: fillColor = <class 'numpy.ndarray'>
80.7319 	EXP 	unnamed Circle: fillColor = <class 'numpy.ndarray'>
81.9503 	EXP 	unnamed Circle: fillColor = <class 'numpy.ndarray'>
81.9503 	EXP 	unnamed Circle: fillColor = <class 'numpy.ndarray'>
83.1521 	EXP 	unnamed Circle: fillColor = <class 'numpy.ndarray'>
83.1521 	EXP 	unnamed Circle: fillColor = <class 'numpy.ndarray'>
84.3539 	EXP 	unnamed Circle: fillColor = <class 'numpy.ndarray'>
84.3539 	EXP 	unnamed Circle: fillColor = <class 'numpy.ndarray'>
85.5560 	EXP 	unnamed Circle: fillColor = <class 'numpy.ndarray'>
85.5560 	EXP 	unnamed Circle: fillColor = <class 'numpy.ndarray'>
86.7580 	EXP 	unnamed Circle: fillColor = <class 'numpy.ndarray'>
86.7580 	EXP 	unnamed Circle: fillColor = <class 'numpy.ndarray'>
87.9595 	EXP 	unnamed Circle: fillColor = <class 'numpy.ndarray'>
87.9595 	EXP 	unnamed Circle: fillColor = <class 'numpy.ndarray'>
89.1610 	EXP 	unnamed Circle: fillColor = <class 'numpy.ndarray'>
89.1610 	EXP 	unnamed Circle: fillColor = <class 'numpy.ndarray'>
90.3628 	EXP 	unnamed Circle: fillColor = <class 'numpy.ndarray'>
90.3628 	EXP 	unnamed Circle: fillColor = <class 'numpy.ndarray'>
91.5645 	EXP 	unnamed Circle: fillColor = <class 'numpy.ndarray'>
91.5645 	EXP 	unnamed Circle: fillColor = <class 'numpy.ndarray'>
92.7663 	EXP 	unnamed Circle: fillColor = <class 'numpy.ndarray'>
92.7663 	EXP 	unnamed Circle: fillColor = <class 'numpy.ndarray'>
93.9682 	EXP 	unnamed Circle: fillColor = <class 'numpy.ndarray'>
93.9682 	EXP 	unnamed Circle: fillColor = <class 'numpy.ndarray'>
95.1699 	EXP 	unnamed Circle: fillColor = <class 'numpy.ndarray'>
95.1699 	EXP 	unnamed Circle: fillColor = <class 'numpy.ndarray'>
96.3729 	EXP 	unnamed Circle: fillColor = <class 'numpy.ndarray'>
96.3729 	EXP 	unnamed Circle: fillColor = <class 'numpy.ndarray'>
96.3729 	EXP 	unnamed Circle: radius = 0.135
96.3729 	EXP 	unnamed Circle: fillColor = 'white'
97.5734 	EXP 	unnamed Circle: fillColor = <class 'numpy.ndarray'>
97.5734 	EXP 	unnamed Circle: fillColor = <class 'numpy.ndarray'>
98.7752 	EXP 	unnamed Circle: fillColor = <class 'numpy.ndarray'>
98.7752 	EXP 	unnamed Circle: fillColor = <class 'numpy.ndarray'>
99.9771 	EXP 	unnamed Circle: fillColor = <class 'numpy.ndarray'>
99.9771 	EXP 	unnamed Circle: fillColor = <class 'numpy.ndarray'>
101.1788 	EXP 	unnamed Circle: fillColor = <class 'numpy.ndarray'>
101.1788 	EXP 	unnamed Circle: fillColor = <class 'numpy.ndarray'>
102.3806 	EXP 	unnamed Circle: fillColor = <class 'numpy.ndarray'>
102.3806 	EXP 	unnamed Circle: fillColor = <class 'numpy.ndarray'>
103.5824 	EXP 	unnamed Circle: fillColor = <class 'numpy.ndarray'>
103.5824 	EXP 	unnamed Circle: fillColor = <class 'numpy.ndarray'>
104.7843 	EXP 	unnamed Circle: fillColor = <class 'numpy.ndarray'>
104.7843 	EXP 	unnamed Circle: fillColor = <class 'numpy.ndarray'>
105.9859 	EXP 	unnamed Circle: fillColor = <class 'numpy.ndarray'>
105.9859 	EXP 	unnamed Circle: fillColor = <class 'numpy.ndarray'>
107.1878 	EXP 	unnamed Circle: fillColor = <class 'numpy.ndarray'>
107.1878 	EXP 	unnamed Circle: fillColor = <class 'numpy.ndarray'>
108.3898 	EXP 	unnamed Circle: fillColor = <class 'numpy.ndarray'>
108.3898 	EXP 	unnamed Circle: fillColor = <class 'numpy.ndarray'>
109.5912 	EXP 	unnamed Circle: fillColor = <class 'numpy.ndarray'>
109.5912 	EXP 	unnamed Circle: fillColor = <class 'numpy.ndarray'>
110.7931 	EXP 	unnamed Circle: fillColor = <class 'numpy.ndarray'>
110.7931 	EXP 	unnamed Circle: fillColor = <class 'numpy.ndarray'>
111.9949 	EXP 	unnamed Circle: fillColor = <class 'numpy.ndarray'>
111.9949 	EXP 	unnamed Circle: fillColor = <class 'numpy.ndarray'>
113.1967 	EXP 	unnamed Circle: fillColor = <class 'numpy.ndarray'>
113.1967 	EXP 	unnamed Circle: fillColor = <class 'numpy.ndarray'>
114.3986 	EXP 	unnamed Circle: fillColor = <class 'numpy.ndarray'>
114.3986 	EXP 	unnamed Circle: fillColor = <class 'numpy.ndarray'>
115.6003 	EXP 	unnamed Circle: fillColor = <class 'numpy.ndarray'>
115.6003 	EXP 	unnamed Circle: fillColor = <class 'numpy.ndarray'>
116.8021 	EXP 	unnamed Circle: fillColor = <class 'numpy.ndarray'>
116.8021 	EXP 	unnamed Circle: fillColor = <class 'numpy.ndarray'>
118.0036 	EXP 	unnamed Circle: fillColor = <class 'numpy.ndarray'>
118.0036 	EXP 	unnamed Circle: fillColor = <class 'numpy.ndarray'>
119.2056 	EXP 	unnamed Circle: fillColor = <class 'numpy.ndarray'>
119.2056 	EXP 	unnamed Circle: fillColor = <class 'numpy.ndarray'>
120.4073 	EXP 	unnamed Circle: fillColor = <class 'numpy.ndarray'>
120.4073 	EXP 	unnamed Circle: fillColor = <class 'numpy.ndarray'>
121.6090 	EXP 	unnamed Circle: fillColor = <class 'numpy.ndarray'>
121.6090 	EXP 	unnamed Circle: fillColor = <class 'numpy.ndarray'>
122.8109 	EXP 	unnamed Circle: fillColor = <class 'numpy.ndarray'>
122.8109 	EXP 	unnamed Circle: fillColor = <class 'numpy.ndarray'>
124.0126 	EXP 	unnamed Circle: fillColor = <class 'numpy.ndarray'>
124.0126 	EXP 	unnamed Circle: radius = 0.12150000000000001
124.0126 	EXP 	unnamed Circle: fillColor = 'white'
124.0126 	EXP 	unnamed Circle: fillColor = <class 'numpy.ndarray'>
125.2144 	EXP 	unnamed Circle: fillColor = <class 'numpy.ndarray'>
125.2144 	EXP 	unnamed Circle: fillColor = <class 'numpy.ndarray'>
126.4162 	EXP 	unnamed Circle: fillColor = <class 'numpy.ndarray'>
126.4162 	EXP 	unnamed Circle: fillColor = <class 'numpy.ndarray'>
127.6179 	EXP 	unnamed Circle: fillColor = <class 'numpy.ndarray'>
127.6179 	EXP 	unnamed Circle: fillColor = <class 'numpy.ndarray'>
128.8196 	EXP 	unnamed Circle: fillColor = <class 'numpy.ndarray'>
128.8196 	EXP 	unnamed Circle: fillColor = <class 'numpy.ndarray'>
130.0214 	EXP 	unnamed Circle: fillColor = <class 'numpy.ndarray'>
130.0214 	EXP 	unnamed Circle: fillColor = <class 'numpy.ndarray'>
131.2233 	EXP 	unnamed Circle: fillColor = <class 'numpy.ndarray'>
131.2233 	EXP 	unnamed Circle: fillColor = <class 'numpy.ndarray'>
132.4249 	EXP 	unnamed Circle: fillColor = <class 'numpy.ndarray'>
132.4249 	EXP 	unnamed Circle: fillColor = <class 'numpy.ndarray'>
133.6268 	EXP 	unnamed Circle: fillColor = <class 'numpy.ndarray'>
133.6268 	EXP 	unnamed Circle: fillColor = <class 'numpy.ndarray'>
134.8287 	EXP 	unnamed Circle: fillColor = <class 'numpy.ndarray'>
134.8287 	EXP 	unnamed Circle: fillColor = <class 'numpy.ndarray'>
136.0305 	EXP 	unnamed Circle: fillColor = <class 'numpy.ndarray'>
136.0305 	EXP 	unnamed Circle: fillColor = <class 'numpy.ndarray'>
137.2321 	EXP 	unnamed Circle: fillColor = <class 'numpy.ndarray'>
137.2321 	EXP 	unnamed Circle: fillColor = <class 'numpy.ndarray'>
138.4338 	EXP 	unnamed Circle: fillColor = <class 'numpy.ndarray'>
138.4338 	EXP 	unnamed Circle: fillColor = <class 'numpy.ndarray'>
139.6346 	EXP 	unnamed Circle: fillColor = <class 'numpy.ndarray'>
139.6346 	EXP 	unnamed Circle: radius = 0.10935000000000002
139.6346 	EXP 	unnamed Circle: fillColor = 'white'
139.6346 	EXP 	unnamed Circle: fillColor = <class 'numpy.ndarray'>
140.8374 	EXP 	unnamed Circle: fillColor = <class 'numpy.ndarray'>
140.8374 	EXP 	unnamed Circle: fillColor = <class 'numpy.ndarray'>
142.0392 	EXP 	unnamed Circle: fillColor = <class 'numpy.ndarray'>
142.0392 	EXP 	unnamed Circle: fillColor = <class 'numpy.ndarray'>
143.2411 	EXP 	unnamed Circle: fillColor = <class 'numpy.ndarray'>
143.2411 	EXP 	unnamed Circle: fillColor = <class 'numpy.ndarray'>
144.4429 	EXP 	unnamed Circle: fillColor = <class 'numpy.ndarray'>
144.4429 	EXP 	unnamed Circle: fillColor = <class 'numpy.ndarray'>
145.6447 	EXP 	unnamed Circle: fillColor = <class 'numpy.ndarray'>
145.6447 	EXP 	unnamed Circle: fillColor = <class 'numpy.ndarray'>
146.8466 	EXP 	unnamed Circle: fillColor = <class 'numpy.ndarray'>
146.8466 	EXP 	unnamed Circle: fillColor = <class 'numpy.ndarray'>
148.0467 	EXP 	unnamed Circle: fillColor = <class 'numpy.ndarray'>
148.0467 	EXP 	unnamed Circle: fillColor = <class 'numpy.ndarray'>
148.0467 	EXP 	unnamed Circle: radius = 0.12150000000000001
148.0467 	EXP 	unnamed Circle: fillColor = 'white'
149.2499 	EXP 	unnamed Circle: fillColor = <class 'numpy.ndarray'>
149.2499 	EXP 	unnamed Circle: fillColor = <class 'numpy.ndarray'>
150.4518 	EXP 	unnamed Circle: fillColor = <class 'numpy.ndarray'>
150.4518 	EXP 	unnamed Circle: fillColor = <class 'numpy.ndarray'>
151.6534 	EXP 	unnamed Circle: fillColor = <class 'numpy.ndarray'>
151.6534 	EXP 	unnamed Circle: fillColor = <class 'numpy.ndarray'>
152.8554 	EXP 	unnamed Circle: fillColor = <class 'numpy.ndarray'>
152.8554 	EXP 	unnamed Circle: fillColor = <class 'numpy.ndarray'>
154.0573 	EXP 	unnamed Circle: fillColor = <class 'numpy.ndarray'>
154.0573 	EXP 	unnamed Circle: fillColor = <class 'numpy.ndarray'>
155.2589 	EXP 	unnamed Circle: fillColor = <class 'numpy.ndarray'>
155.2589 	EXP 	unnamed Circle: fillColor = <class 'numpy.ndarray'>
156.4607 	EXP 	unnamed Circle: fillColor = <class 'numpy.ndarray'>
156.4607 	EXP 	unnamed Circle: fillColor = <class 'numpy.ndarray'>
157.6623 	EXP 	unnamed Circle: fillColor = <class 'numpy.ndarray'>
157.6623 	EXP 	unnamed Circle: fillColor = <class 'numpy.ndarray'>
158.8645 	EXP 	unnamed Circle: fillColor = <class 'numpy.ndarray'>
158.8645 	EXP 	unnamed Circle: fillColor = <class 'numpy.ndarray'>
160.0659 	EXP 	unnamed Circle: fillColor = <class 'numpy.ndarray'>
160.0659 	EXP 	unnamed Circle: fillColor = <class 'numpy.ndarray'>
161.2679 	EXP 	unnamed Circle: fillColor = <class 'numpy.ndarray'>
161.2679 	EXP 	unnamed Circle: fillColor = <class 'numpy.ndarray'>
162.4696 	EXP 	unnamed Circle: fillColor = <class 'numpy.ndarray'>
162.4696 	EXP 	unnamed Circle: fillColor = <class 'numpy.ndarray'>
163.6712 	EXP 	unnamed Circle: fillColor = <class 'numpy.ndarray'>
163.6712 	EXP 	unnamed Circle: fillColor = <class 'numpy.ndarray'>
164.8732 	EXP 	unnamed Circle: fillColor = <class 'numpy.ndarray'>
164.8732 	EXP 	unnamed Circle: fillColor = <class 'numpy.ndarray'>
166.0748 	EXP 	unnamed Circle: fillColor = <class 'numpy.ndarray'>
166.0748 	EXP 	unnamed Circle: fillColor = <class 'numpy.ndarray'>
167.2765 	EXP 	unnamed Circle: fillColor = <class 'numpy.ndarray'>
167.2765 	EXP 	unnamed Circle: fillColor = <class 'numpy.ndarray'>
168.4785 	EXP 	unnamed Circle: fillColor = <class 'numpy.ndarray'>
168.4785 	EXP 	unnamed Circle: fillColor = <class 'numpy.ndarray'>
169.6802 	EXP 	unnamed Circle: fillColor = <class 'numpy.ndarray'>
169.6802 	EXP 	unnamed Circle: fillColor = <class 'numpy.ndarray'>
170.8820 	EXP 	unnamed Circle: fillColor = <class 'numpy.ndarray'>
170.8820 	EXP 	unnamed Circle: fillColor = <class 'numpy.ndarray'>
172.0837 	EXP 	unnamed Circle: fillColor = <class 'numpy.ndarray'>
172.0837 	EXP 	unnamed Circle: fillColor = <class 'numpy.ndarray'>
173.2848 	EXP 	unnamed Circle: fillColor = <class 'numpy.ndarray'>
173.2848 	EXP 	unnamed Circle: radius = 0.09841500000000002
173.2848 	EXP 	unnamed Circle: fillColor = 'white'
173.2848 	EXP 	unnamed Circle: fillColor = <class 'numpy.ndarray'>
174.4872 	EXP 	unnamed Circle: fillColor = <class 'numpy.ndarray'>
174.4872 	EXP 	unnamed Circle: fillColor = <class 'numpy.ndarray'>
175.6891 	EXP 	unnamed Circle: fillColor = <class 'numpy.ndarray'>
175.6891 	EXP 	unnamed Circle: fillColor = <class 'numpy.ndarray'>
176.8911 	EXP 	unnamed Circle: fillColor = <class 'numpy.ndarray'>
176.8911 	EXP 	unnamed Circle: fillColor = <class 'numpy.ndarray'>
177.0758 	DATA 	Keypress: lalt
178.0928 	EXP 	unnamed Circle: fillColor = <class 'numpy.ndarray'>
178.0928 	EXP 	unnamed Circle: fillColor = <class 'numpy.ndarray'>
179.2948 	EXP 	unnamed Circle: fillColor = <class 'numpy.ndarray'>
179.2948 	EXP 	unnamed Circle: fillColor = <class 'numpy.ndarray'>
180.4962 	EXP 	unnamed Circle: fillColor = <class 'numpy.ndarray'>
180.4962 	EXP 	unnamed Circle: fillColor = <class 'numpy.ndarray'>
181.6982 	EXP 	unnamed Circle: fillColor = <class 'numpy.ndarray'>
181.6982 	EXP 	unnamed Circle: fillColor = <class 'numpy.ndarray'>
182.8999 	EXP 	unnamed Circle: fillColor = <class 'numpy.ndarray'>
182.8999 	EXP 	unnamed Circle: fillColor = <class 'numpy.ndarray'>
184.1016 	EXP 	unnamed Circle: fillColor = <class 'numpy.ndarray'>
184.1016 	EXP 	unnamed Circle: fillColor = <class 'numpy.ndarray'>
185.3034 	EXP 	unnamed Circle: fillColor = <class 'numpy.ndarray'>
185.3034 	EXP 	unnamed Circle: fillColor = <class 'numpy.ndarray'>
186.5051 	EXP 	unnamed Circle: fillColor = <class 'numpy.ndarray'>
186.5051 	EXP 	unnamed Circle: fillColor = <class 'numpy.ndarray'>
187.7072 	EXP 	unnamed Circle: fillColor = <class 'numpy.ndarray'>
187.7072 	EXP 	unnamed Circle: fillColor = <class 'numpy.ndarray'>
188.9088 	EXP 	unnamed Circle: fillColor = <class 'numpy.ndarray'>
188.9088 	EXP 	unnamed Circle: fillColor = <class 'numpy.ndarray'>
190.1106 	EXP 	unnamed Circle: fillColor = <class 'numpy.ndarray'>
190.1106 	EXP 	unnamed Circle: fillColor = <class 'numpy.ndarray'>
191.3123 	EXP 	unnamed Circle: fillColor = <class 'numpy.ndarray'>
191.3123 	EXP 	unnamed Circle: fillColor = <class 'numpy.ndarray'>
192.5140 	EXP 	unnamed Circle: fillColor = <class 'numpy.ndarray'>
192.5140 	EXP 	unnamed Circle: fillColor = <class 'numpy.ndarray'>
192.5140 	EXP 	unnamed Circle: radius = 0.10935000000000002
192.5140 	EXP 	unnamed Circle: fillColor = 'white'
193.7158 	EXP 	unnamed Circle: fillColor = <class 'numpy.ndarray'>
193.7158 	EXP 	unnamed Circle: fillColor = <class 'numpy.ndarray'>
194.9176 	EXP 	unnamed Circle: fillColor = <class 'numpy.ndarray'>
194.9176 	EXP 	unnamed Circle: fillColor = <class 'numpy.ndarray'>
196.1194 	EXP 	unnamed Circle: fillColor = <class 'numpy.ndarray'>
196.1194 	EXP 	unnamed Circle: fillColor = <class 'numpy.ndarray'>
197.3211 	EXP 	unnamed Circle: fillColor = <class 'numpy.ndarray'>
197.3211 	EXP 	unnamed Circle: fillColor = <class 'numpy.ndarray'>
198.5228 	EXP 	unnamed Circle: fillColor = <class 'numpy.ndarray'>
198.5228 	EXP 	unnamed Circle: fillColor = <class 'numpy.ndarray'>
199.7247 	EXP 	unnamed Circle: fillColor = <class 'numpy.ndarray'>
199.7247 	EXP 	unnamed Circle: fillColor = <class 'numpy.ndarray'>
200.9432 	EXP 	unnamed Circle: fillColor = <class 'numpy.ndarray'>
200.9432 	EXP 	unnamed Circle: fillColor = <class 'numpy.ndarray'>
202.1450 	EXP 	unnamed Circle: fillColor = <class 'numpy.ndarray'>
202.1450 	EXP 	unnamed Circle: fillColor = <class 'numpy.ndarray'>
203.3467 	EXP 	unnamed Circle: fillColor = <class 'numpy.ndarray'>
203.3467 	EXP 	unnamed Circle: fillColor = <class 'numpy.ndarray'>
204.5911 	EXP 	text_2: autoDraw = True
205.2174 	EXP 	text_2: autoDraw = False
213.2819 	DATA 	Mouse: Left button down, pos=(1371,384)
213.4282 	DATA 	Mouse:  Left button up, pos=(1371,384)
213.9539 	DATA 	Keypress: 2
213.9594 	EXP 	Created text = TextStim(__class__=<class 'psychopy.visual.text.TextStim'>, alignHoriz=method-wrapper(...), alignText='center', alignVert=method-wrapper(...), anchorHoriz='center', anchorVert='center', antialias=True, autoDraw=False, autoLog=True, bold=False, color=array([1., 1., 1.]), colorSpace='rgb', contrast=1.0, depth=0.0, draggable=False, flipHoriz=False, flipVert=False, font='Arial', fontFiles=[], height=0.06, italic=False, languageStyle='LTR', name='text', opacity=1, ori=0, pos=array([0. , 0.2]), rgb=UNKNOWN, text=str(...), units='norm', win=Window(...), wrapWidth=1.2)
214.0045 	EXP 	Created None = Slider(__class__=<class 'psychopy.visual.slider.Slider'>, autoDraw=False, autoLog=True, borderColor=None, color=None, colorSpace='rgb', depth=0, fillColor=None, flip=False, font='Arial', granularity=1, labelColor=None, labelHeight=0.06, labelWrapWidth=None, labels=('Never', 'Always'), lineColor=None, markerColor=None, name=None, opacity=None, ori=0, pos=array([0., 0.]), readOnly=False, self=UNKNOWN, size=array([0.85, 0.1 ]), startValue=None, style='rating', styleTweaks=[], ticks=array([1, 9]), units='norm', win=Window(...))
214.0160 	EXP 	None: autoLog = True
214.0160 	EXP 	None: styleTweaks = []
214.0160 	EXP 	None: styleTweaks = []
214.0160 	EXP 	None: styleTweaks = []
214.0160 	EXP 	None: styleTweaks = []
214.0160 	EXP 	None: contrast = 1.0
214.0160 	EXP 	None: markerPos = None
214.0160 	EXP 	None: autoLog = True
214.0160 	EXP 	None: markerPos = 5
214.1344 	DATA 	Keypress: 2
214.1439 	EXP 	None: markerPos = 6
214.3247 	DATA 	Keypress: 2
214.3334 	EXP 	None: markerPos = 7
214.5034 	DATA 	Keypress: 2
214.5131 	EXP 	None: markerPos = 8
215.3634 	DATA 	Keypress: 0
215.3688 	EXP 	None: markerPos = 8
215.3730 	EXP 	Created text = TextStim(__class__=<class 'psychopy.visual.text.TextStim'>, alignHoriz=method-wrapper(...), alignText='center', alignVert=method-wrapper(...), anchorHoriz='center', anchorVert='center', antialias=True, autoDraw=False, autoLog=True, bold=False, color=array([1., 1., 1.]), colorSpace='rgb', contrast=1.0, depth=0.0, draggable=False, flipHoriz=False, flipVert=False, font='Arial', fontFiles=[], height=0.06, italic=False, languageStyle='LTR', name='text', opacity=1, ori=0, pos=array([0. , 0.2]), rgb=UNKNOWN, text=str(...), units='norm', win=Window(...), wrapWidth=1.2)
215.4054 	EXP 	Created None = Slider(__class__=<class 'psychopy.visual.slider.Slider'>, autoDraw=False, autoLog=True, borderColor=None, color=None, colorSpace='rgb', depth=0, fillColor=None, flip=False, font='Arial', granularity=1, labelColor=None, labelHeight=0.06, labelWrapWidth=None, labels=('Never', 'All the time'), lineColor=None, markerColor=None, name=None, opacity=None, ori=0, pos=array([0., 0.]), readOnly=False, self=UNKNOWN, size=array([0.85, 0.1 ]), startValue=None, style='rating', styleTweaks=[], ticks=array([1, 9]), units='norm', win=Window(...))
215.4156 	EXP 	None: autoLog = True
215.4156 	EXP 	None: styleTweaks = []
215.4156 	EXP 	None: styleTweaks = []
215.4156 	EXP 	None: styleTweaks = []
215.4156 	EXP 	None: styleTweaks = []
215.4156 	EXP 	None: contrast = 1.0
215.4156 	EXP 	None: markerPos = None
215.4156 	EXP 	None: autoLog = True
215.4156 	EXP 	None: markerPos = 5
217.2859 	DATA 	Keypress: q
217.6188 	DATA 	Keypress: minus
217.7384 	DATA 	Keypress: q
217.8467 	DATA 	Keypress: minus
217.9841 	DATA 	Keypress: q
218.2142 	DATA 	Keypress: bracketleft
218.4237 	DATA 	Keypress: q
218.5878 	DATA 	Keypress: equal
218.6968 	DATA 	Keypress: q
219.5741 	DATA 	Keypress: equal
220.0939 	DATA 	Keypress: 1
220.1005 	EXP 	None: markerPos = 4
220.2443 	DATA 	Keypress: equal
220.3550 	DATA 	Keypress: 1
220.3638 	EXP 	None: markerPos = 3
220.5131 	DATA 	Keypress: equal
220.5526 	DATA 	Keypress: 1
220.5609 	EXP 	None: markerPos = 2
220.7462 	DATA 	Keypress: 1
220.7551 	EXP 	None: markerPos = 1
220.7837 	DATA 	Keypress: equal
220.9537 	DATA 	Keypress: 1
220.9614 	EXP 	None: markerPos = 0
221.0532 	DATA 	Keypress: equal
221.1717 	DATA 	Keypress: 1
221.1779 	EXP 	None: markerPos = 0
221.3228 	DATA 	Keypress: equal
221.4411 	DATA 	Keypress: 1
221.4471 	EXP 	None: markerPos = 0
221.6206 	DATA 	Keypress: equal
222.7132 	DATA 	Keypress: equal
222.9812 	DATA 	Keypress: equal
223.9225 	DATA 	Mouse: Left button down, pos=(1646,412)
224.0443 	DATA 	Mouse:  Left button up, pos=(1646,412)
225.5025 	DATA 	Keypress: 0
225.5087 	EXP 	None: markerPos = 1
225.5142 	EXP 	Created text = TextStim(__class__=<class 'psychopy.visual.text.TextStim'>, alignHoriz=method-wrapper(...), alignText='center', alignVert=method-wrapper(...), anchorHoriz='center', anchorVert='center', antialias=True, autoDraw=False, autoLog=True, bold=False, color=array([1., 1., 1.]), colorSpace='rgb', contrast=1.0, depth=0.0, draggable=False, flipHoriz=False, flipVert=False, font='Arial', fontFiles=[], height=0.06, italic=False, languageStyle='LTR', name='text', opacity=1, ori=0, pos=array([0. , 0.2]), rgb=UNKNOWN, text=str(...), units='norm', win=Window(...), wrapWidth=1.2)
225.5505 	EXP 	Created None = Slider(__class__=<class 'psychopy.visual.slider.Slider'>, autoDraw=False, autoLog=True, borderColor=None, color=None, colorSpace='rgb', depth=0, fillColor=None, flip=False, font='Arial', granularity=1, labelColor=None, labelHeight=0.06, labelWrapWidth=None, labels=('Not at all', 'Very Difficult'), lineColor=None, markerColor=None, name=None, opacity=None, ori=0, pos=array([0., 0.]), readOnly=False, self=UNKNOWN, size=array([0.85, 0.1 ]), startValue=None, style='rating', styleTweaks=[], ticks=array([1, 9]), units='norm', win=Window(...))
225.5600 	EXP 	None: autoLog = True
225.5600 	EXP 	None: styleTweaks = []
225.5600 	EXP 	None: styleTweaks = []
225.5600 	EXP 	None: styleTweaks = []
225.5600 	EXP 	None: styleTweaks = []
225.5600 	EXP 	None: contrast = 1.0
225.5600 	EXP 	None: markerPos = None
225.5600 	EXP 	None: autoLog = True
225.5600 	EXP 	None: markerPos = 5
225.6523 	DATA 	Keypress: 2
225.6610 	EXP 	None: markerPos = 6
225.7480 	DATA 	Keypress: 0
225.7563 	EXP 	None: markerPos = 6
225.7613 	EXP 	Created text = TextStim(__class__=<class 'psychopy.visual.text.TextStim'>, alignHoriz=method-wrapper(...), alignText='center', alignVert=method-wrapper(...), anchorHoriz='center', anchorVert='center', antialias=True, autoDraw=False, autoLog=True, bold=False, color=array([1., 1., 1.]), colorSpace='rgb', contrast=1.0, depth=0.0, draggable=False, flipHoriz=False, flipVert=False, font='Arial', fontFiles=[], height=0.06, italic=False, languageStyle='LTR', name='text', opacity=1, ori=0, pos=array([0. , 0.2]), rgb=UNKNOWN, text='How calm do you feel right now?', units='norm', win=Window(...), wrapWidth=1.2)
225.8014 	EXP 	Created None = Slider(__class__=<class 'psychopy.visual.slider.Slider'>, autoDraw=False, autoLog=True, borderColor=None, color=None, colorSpace='rgb', depth=0, fillColor=None, flip=False, font='Arial', granularity=1, labelColor=None, labelHeight=0.06, labelWrapWidth=None, labels=('Not at all', 'Very calm'), lineColor=None, markerColor=None, name=None, opacity=None, ori=0, pos=array([0., 0.]), readOnly=False, self=UNKNOWN, size=array([0.85, 0.1 ]), startValue=None, style='rating', styleTweaks=[], ticks=array([1, 9]), units='norm', win=Window(...))
225.8133 	EXP 	None: autoLog = True
225.8133 	EXP 	None: styleTweaks = []
225.8133 	EXP 	None: styleTweaks = []
225.8133 	EXP 	None: styleTweaks = []
225.8133 	EXP 	None: styleTweaks = []
225.8133 	EXP 	None: contrast = 1.0
225.8133 	EXP 	None: markerPos = None
225.8133 	EXP 	None: autoLog = True
225.8133 	EXP 	None: markerPos = 5
225.8668 	DATA 	Keypress: 2
225.8753 	EXP 	None: markerPos = 6
225.9813 	DATA 	Keypress: 0
225.9890 	EXP 	None: markerPos = 6
226.1024 	DATA 	Keypress: 2
226.2180 	DATA 	Keypress: 0
17.5085 	EXP 	DMN_BallTask: status = NOT_STARTED
17.5128 	WARNING 	Requested an unavailable screen number - using first available.
17.5153 	WARNING 	User requested fullscreen with size [1080 1080], but screen is actually [1920, 1200]. Using actual size
18.2120 	EXP 	Created window1 = Window(allowGUI=False, allowStencil=False, autoLog=True, backendConf=UNKNOWN, backgroundFit=<method-wrapper '__getattribute__' of attributeSetter object at 0x00000248F2B488B0>, backgroundImage=<method-wrapper '__getattribute__' of attributeSetter object at 0x00000248F2B48850>, bitsMode=UNKNOWN, blendMode='avg', bpc=(8, 8, 8), color=array([-1, -1, -1]), colorSpace='rgb', depthBits=8, fullscr=True, gamma=None, gammaErrorPolicy='raise', infoMsg=UNKNOWN, lms=UNKNOWN, monitor=<psychopy.monitors.calibTools.Monitor object at 0x00000248F80DF0A0>, multiSample=False, name='window1', numSamples=2, pos=(0, 0), screen=1, size=array([1920, 1200]), stencilBits=0, stereo=False, title='PsychoPy', units='norm', useFBO=True, useRetina=False, viewOri=0.0, viewPos=None, viewScale=None, waitBlanking=True, winType='pyglet')
18.2121 	EXP 	window1: backgroundImage = None
18.2121 	EXP 	window1: backgroundFit = 'cover'
18.2139 	EXP 	window1: Attempting to measure frame rate of screen (1) ...
18.2139 	EXP 	window1: recordFrameIntervals = False
18.3783 	EXP 	window1: recordFrameIntervals = True
18.5626 	EXP 	Screen (1) actual frame rate measured at 59.73Hz
18.5626 	EXP 	window1: recordFrameIntervals = False
18.6063 	EXP 	Created text = TextStim(__class__=<class 'psychopy.visual.text.TextStim'>, alignHoriz=method-wrapper(...), alignText='center', alignVert=method-wrapper(...), anchorHoriz='center', anchorVert='center', antialias=True, autoDraw=False, autoLog=True, bold=False, color=array([1., 1., 1.]), colorSpace='rgb', contrast=1.0, depth=0.0, draggable=False, flipHoriz=False, flipVert=False, font='Arial', fontFiles=[], height=0.06, italic=False, languageStyle='LTR', name='text', opacity=1, ori=0, pos=array([0. , 0.2]), rgb=UNKNOWN, text=str(...), units='norm', win=Window(...), wrapWidth=1.2)
18.6070 	EXP 	Created text = TextStim(__class__=<class 'psychopy.visual.text.TextStim'>, alignHoriz=method-wrapper(...), alignText='center', alignVert=method-wrapper(...), anchorHoriz='center', anchorVert='center', antialias=True, autoDraw=False, autoLog=True, bold=False, color=array([1., 1., 1.]), colorSpace='rgb', contrast=1.0, depth=0.0, draggable=False, flipHoriz=False, flipVert=False, font='Arial', fontFiles=[], height=0.06, italic=False, languageStyle='LTR', name='text', opacity=1, ori=0, pos=array([0., 0.]), rgb=UNKNOWN, text='', units='norm', win=Window(...), wrapWidth=1.2)
18.6123 	EXP 	Created waiting_for_trigger_text = TextStim(__class__=<class 'psychopy.visual.text.TextStim'>, alignHoriz=method-wrapper(...), alignText='center', alignVert=method-wrapper(...), anchorHoriz='center', anchorVert='center', antialias=True, autoDraw=False, autoLog=True, bold=False, color=array([1., 1., 1.]), colorSpace='rgb', contrast=1.0, depth=0.0, draggable=False, flipHoriz=False, flipVert=False, font='Arial', fontFiles=[], height=0.1, italic=False, languageStyle='LTR', name='waiting_for_trigger_text', opacity=1, ori=0, pos=array([0., 0.]), rgb=UNKNOWN, text='waiting for scanner', units='norm', win=Window(...), wrapWidth=2)
18.6161 	EXP 	Created text_2 = TextStim(__class__=<class 'psychopy.visual.text.TextStim'>, alignHoriz=method-wrapper(...), alignText='center', alignVert=method-wrapper(...), anchorHoriz='center', anchorVert='center', antialias=True, autoDraw=False, autoLog=True, bold=False, color=array([1., 1., 1.]), colorSpace='rgb', contrast=1.0, depth=0.0, draggable=False, flipHoriz=False, flipVert=False, font='Arial', fontFiles=[], height=0.3, italic=False, languageStyle='LTR', name='text_2', opacity=1, ori=0, pos=array([0., 0.]), rgb=UNKNOWN, text='+', units='norm', win=Window(...), wrapWidth=1)
18.6195 	EXP 	Created text_relax = TextStim(__class__=<class 'psychopy.visual.text.TextStim'>, alignHoriz=method-wrapper(...), alignText='center', alignVert=method-wrapper(...), anchorHoriz='center', anchorVert='center', antialias=True, autoDraw=False, autoLog=True, bold=False, color=array([1., 1., 1.]), colorSpace='rgb', contrast=1.0, depth=0.0, draggable=False, flipHoriz=False, flipVert=False, font='Arial', fontFiles=[], height=0.07, italic=False, languageStyle='LTR', name='text_relax', opacity=1, ori=0, pos=array([ 0. , -0.2]), rgb=UNKNOWN, text='Relax', units='norm', win=Window(...), wrapWidth=1)
18.6237 	EXP 	Created text_4 = TextStim(__class__=<class 'psychopy.visual.text.TextStim'>, alignHoriz=method-wrapper(...), alignText='center', alignVert=method-wrapper(...), anchorHoriz='center', anchorVert='center', antialias=True, autoDraw=False, autoLog=True, bold=False, color=array([1., 1., 1.]), colorSpace='rgb', contrast=1.0, depth=-3.0, draggable=False, flipHoriz=False, flipVert=False, font='Arial', fontFiles=[], height=0.1, italic=False, languageStyle='LTR', name='text_4', opacity=1, ori=0, pos=array([0., 0.]), rgb=UNKNOWN, text='default text', units='norm', win=Window(...), wrapWidth=1)
18.6419 	EXP 	Created unnamed Circle = Circle(__class__=<class 'psychopy.visual.circle.Circle'>, anchor=('center', 'center'), autoDraw=False, autoLog=True, closeShape=True, color=method-wrapper(...), colorSpace='rgb', contrast=None, depth=0, draggable=False, fillColor=array([0, 0, 0]), fillColorSpace='rgb', fillRGB=array([0, 0, 0]), interpolate=True, lineColor=array([ 1.,  1., -1.]), lineColorSpace='rgb', lineRGB=array([ 1,  1, -1]), lineWidth=3, name='unnamed Circle', opacity=1, ori=0.0, pos=array([0.        , 0.33333333]), size=array([1., 1.]), units='norm', vertices=ndarray(...), win=Window(...), windingRule=None)
18.6556 	EXP 	Created unnamed Circle = Circle(__class__=<class 'psychopy.visual.circle.Circle'>, anchor=('center', 'center'), autoDraw=False, autoLog=True, closeShape=True, color=method-wrapper(...), colorSpace='rgb', contrast=None, depth=0, draggable=False, fillColor=array([0, 0, 0]), fillColorSpace='rgb', fillRGB=array([0, 0, 0]), interpolate=True, lineColor=array([0.35686275, 0.69411765, 0.80392157]), lineColorSpace='rgb', lineRGB=array([0.35686275, 0.69411765, 0.80392157]), lineWidth=3, name='unnamed Circle', opacity=1, ori=0.0, pos=array([ 0.        , -0.33333333]), size=array([1., 1.]), units='norm', vertices=ndarray(...), win=Window(...), windingRule=None)
18.6702 	EXP 	Created unnamed Circle = Circle(__class__=<class 'psychopy.visual.circle.Circle'>, anchor=('center', 'center'), autoDraw=False, autoLog=True, closeShape=True, color=method-wrapper(...), colorSpace='rgb', contrast=None, depth=0, draggable=False, fillColor=array([1, 1, 1]), fillColorSpace='rgb', fillRGB=array([1, 1, 1]), interpolate=True, lineColor=array([1., 1., 1.]), lineColorSpace='rgb', lineRGB=array([1, 1, 1]), lineWidth=1.5, name='unnamed Circle', opacity=1, ori=0.0, pos=array([0., 0.]), size=array([1., 1.]), units='norm', vertices=ndarray(...), win=Window(...), windingRule=None)
18.6840 	EXP 	Created unnamed Circle = Circle(__class__=<class 'psychopy.visual.circle.Circle'>, anchor=('center', 'center'), autoDraw=False, autoLog=True, closeShape=True, color=method-wrapper(...), colorSpace='rgb', contrast=None, depth=0, draggable=False, fillColor=array([1, 1, 1]), fillColorSpace='rgb', fillRGB=array([1, 1, 1]), interpolate=True, lineColor=array([1., 1., 1.]), lineColorSpace='rgb', lineRGB=array([1, 1, 1]), lineWidth=3, name='unnamed Circle', opacity=1, ori=0.0, pos=array([0., 0.]), size=array([1., 1.]), units='norm', vertices=ndarray(...), win=Window(...), windingRule=None)
18.6890 	EXP 	Created instruct_text = TextStim(__class__=<class 'psychopy.visual.text.TextStim'>, alignHoriz=method-wrapper(...), alignText='center', alignVert=method-wrapper(...), anchorHoriz='center', anchorVert='center', antialias=True, autoDraw=False, autoLog=True, bold=False, color=array([1., 1., 1.]), colorSpace='rgb', contrast=1.0, depth=0.0, draggable=False, flipHoriz=False, flipVert=False, font='Arial', fontFiles=[], height=0.06, italic=False, languageStyle='LTR', name='instruct_text', opacity=1, ori=0, pos=array([0., 0.]), rgb=UNKNOWN, text='replace me', units='norm', win=Window(...), wrapWidth=1.2)
18.6927 	EXP 	Created thank_you_end_run_text = TextStim(__class__=<class 'psychopy.visual.text.TextStim'>, alignHoriz=method-wrapper(...), alignText='center', alignVert=method-wrapper(...), anchorHoriz='center', anchorVert='center', antialias=True, autoDraw=False, autoLog=True, bold=False, color=array([1., 1., 1.]), colorSpace='rgb', contrast=1.0, depth=0.0, draggable=False, flipHoriz=False, flipVert=False, font='Arial', fontFiles=[], height=0.1, italic=False, languageStyle='LTR', name='thank_you_end_run_text', opacity=1, ori=0, pos=array([0., 0.]), rgb=UNKNOWN, text='thank you!', units='norm', win=Window(...), wrapWidth=1)
18.7060 	EXP 	instruct_text: height = 0.06
18.7060 	EXP 	instruct_text: height = 0.06
18.7060 	EXP 	instruct_text: height = 0.06
18.7060 	EXP 	instruct_text: text = "Great job! Now, you're going practice Mindful Describing for another 2.5min with more brain feedback from the ball. \n\nWhen the ball moves upwards, that corresponds to the describing practice."
21.3331 	DATA 	Keypress: space
21.3425 	EXP 	instruct_text: height = 0.06
21.3425 	EXP 	instruct_text: height = 0.06
21.3425 	EXP 	instruct_text: height = 0.06
21.3425 	EXP 	instruct_text: text = 'When you see the plus sign (+), just relax.\n\nOnce the circles appear, please start the Describing practice. This scan will last 2.5 min.'
22.4440 	DATA 	Keypress: space
22.4497 	EXP 	waiting_for_trigger_text: autoDraw = True
22.6800 	DATA 	Keypress: space
24.1994 	DATA 	Keypress: 5
24.2145 	EXP 	waiting_for_trigger_text: autoDraw = False
24.2145 	EXP 	text_2: autoDraw = True
24.2145 	EXP 	text_relax: autoDraw = True
54.2251 	EXP 	text_2: autoDraw = False
54.2251 	EXP 	text_relax: autoDraw = False
54.2251 	EXP 	text_2: autoDraw = False
54.2753 	EXP 	unnamed Circle: fillColor = <class 'numpy.ndarray'>
54.2753 	EXP 	unnamed Circle: fillColor = <class 'numpy.ndarray'>
55.4778 	EXP 	unnamed Circle: fillColor = <class 'numpy.ndarray'>
55.4778 	EXP 	unnamed Circle: fillColor = <class 'numpy.ndarray'>
56.6797 	EXP 	unnamed Circle: fillColor = <class 'numpy.ndarray'>
56.6797 	EXP 	unnamed Circle: fillColor = <class 'numpy.ndarray'>
57.8814 	EXP 	unnamed Circle: fillColor = <class 'numpy.ndarray'>
57.8814 	EXP 	unnamed Circle: fillColor = <class 'numpy.ndarray'>
59.0834 	EXP 	unnamed Circle: fillColor = <class 'numpy.ndarray'>
59.0834 	EXP 	unnamed Circle: fillColor = <class 'numpy.ndarray'>
60.2849 	EXP 	unnamed Circle: fillColor = <class 'numpy.ndarray'>
60.2849 	EXP 	unnamed Circle: fillColor = <class 'numpy.ndarray'>
61.4870 	EXP 	unnamed Circle: fillColor = <class 'numpy.ndarray'>
61.4870 	EXP 	unnamed Circle: fillColor = <class 'numpy.ndarray'>
62.6887 	EXP 	unnamed Circle: fillColor = <class 'numpy.ndarray'>
62.6887 	EXP 	unnamed Circle: fillColor = <class 'numpy.ndarray'>
63.8904 	EXP 	unnamed Circle: fillColor = <class 'numpy.ndarray'>
63.8904 	EXP 	unnamed Circle: fillColor = <class 'numpy.ndarray'>
65.0923 	EXP 	unnamed Circle: fillColor = <class 'numpy.ndarray'>
65.0923 	EXP 	unnamed Circle: fillColor = <class 'numpy.ndarray'>
66.2940 	EXP 	unnamed Circle: fillColor = <class 'numpy.ndarray'>
66.2940 	EXP 	unnamed Circle: fillColor = <class 'numpy.ndarray'>
67.4957 	EXP 	unnamed Circle: fillColor = <class 'numpy.ndarray'>
67.4957 	EXP 	unnamed Circle: fillColor = <class 'numpy.ndarray'>
68.6975 	EXP 	unnamed Circle: fillColor = <class 'numpy.ndarray'>
68.6975 	EXP 	unnamed Circle: fillColor = <class 'numpy.ndarray'>
69.8995 	EXP 	unnamed Circle: fillColor = <class 'numpy.ndarray'>
69.8995 	EXP 	unnamed Circle: fillColor = <class 'numpy.ndarray'>
71.1011 	EXP 	unnamed Circle: fillColor = <class 'numpy.ndarray'>
71.1011 	EXP 	unnamed Circle: fillColor = <class 'numpy.ndarray'>
72.3028 	EXP 	unnamed Circle: fillColor = <class 'numpy.ndarray'>
72.3028 	EXP 	unnamed Circle: fillColor = <class 'numpy.ndarray'>
73.5047 	EXP 	unnamed Circle: fillColor = <class 'numpy.ndarray'>
73.5047 	EXP 	unnamed Circle: fillColor = <class 'numpy.ndarray'>
74.7077 	EXP 	unnamed Circle: fillColor = <class 'numpy.ndarray'>
74.7077 	EXP 	unnamed Circle: radius = 0.135
74.7077 	EXP 	unnamed Circle: fillColor = 'white'
74.7077 	EXP 	unnamed Circle: fillColor = <class 'numpy.ndarray'>
75.9082 	EXP 	unnamed Circle: fillColor = <class 'numpy.ndarray'>
75.9082 	EXP 	unnamed Circle: fillColor = <class 'numpy.ndarray'>
77.1098 	EXP 	unnamed Circle: fillColor = <class 'numpy.ndarray'>
77.1098 	EXP 	unnamed Circle: fillColor = <class 'numpy.ndarray'>
78.3118 	EXP 	unnamed Circle: fillColor = <class 'numpy.ndarray'>
78.3118 	EXP 	unnamed Circle: fillColor = <class 'numpy.ndarray'>
79.5301 	EXP 	unnamed Circle: fillColor = <class 'numpy.ndarray'>
79.5301 	EXP 	unnamed Circle: fillColor = <class 'numpy.ndarray'>
80.7319 	EXP 	unnamed Circle: fillColor = <class 'numpy.ndarray'>
80.7319 	EXP 	unnamed Circle: fillColor = <class 'numpy.ndarray'>
81.9503 	EXP 	unnamed Circle: fillColor = <class 'numpy.ndarray'>
81.9503 	EXP 	unnamed Circle: fillColor = <class 'numpy.ndarray'>
83.1521 	EXP 	unnamed Circle: fillColor = <class 'numpy.ndarray'>
83.1521 	EXP 	unnamed Circle: fillColor = <class 'numpy.ndarray'>
84.3539 	EXP 	unnamed Circle: fillColor = <class 'numpy.ndarray'>
84.3539 	EXP 	unnamed Circle: fillColor = <class 'numpy.ndarray'>
85.5560 	EXP 	unnamed Circle: fillColor = <class 'numpy.ndarray'>
85.5560 	EXP 	unnamed Circle: fillColor = <class 'numpy.ndarray'>
86.7580 	EXP 	unnamed Circle: fillColor = <class 'numpy.ndarray'>
86.7580 	EXP 	unnamed Circle: fillColor = <class 'numpy.ndarray'>
87.9595 	EXP 	unnamed Circle: fillColor = <class 'numpy.ndarray'>
87.9595 	EXP 	unnamed Circle: fillColor = <class 'numpy.ndarray'>
89.1610 	EXP 	unnamed Circle: fillColor = <class 'numpy.ndarray'>
89.1610 	EXP 	unnamed Circle: fillColor = <class 'numpy.ndarray'>
90.3628 	EXP 	unnamed Circle: fillColor = <class 'numpy.ndarray'>
90.3628 	EXP 	unnamed Circle: fillColor = <class 'numpy.ndarray'>
91.5645 	EXP 	unnamed Circle: fillColor = <class 'numpy.ndarray'>
91.5645 	EXP 	unnamed Circle: fillColor = <class 'numpy.ndarray'>
92.7663 	EXP 	unnamed Circle: fillColor = <class 'numpy.ndarray'>
92.7663 	EXP 	unnamed Circle: fillColor = <class 'numpy.ndarray'>
93.9682 	EXP 	unnamed Circle: fillColor = <class 'numpy.ndarray'>
93.9682 	EXP 	unnamed Circle: fillColor = <class 'numpy.ndarray'>
95.1699 	EXP 	unnamed Circle: fillColor = <class 'numpy.ndarray'>
95.1699 	EXP 	unnamed Circle: fillColor = <class 'numpy.ndarray'>
96.3729 	EXP 	unnamed Circle: fillColor = <class 'numpy.ndarray'>
96.3729 	EXP 	unnamed Circle: fillColor = <class 'numpy.ndarray'>
96.3729 	EXP 	unnamed Circle: radius = 0.135
96.3729 	EXP 	unnamed Circle: fillColor = 'white'
97.5734 	EXP 	unnamed Circle: fillColor = <class 'numpy.ndarray'>
97.5734 	EXP 	unnamed Circle: fillColor = <class 'numpy.ndarray'>
98.7752 	EXP 	unnamed Circle: fillColor = <class 'numpy.ndarray'>
98.7752 	EXP 	unnamed Circle: fillColor = <class 'numpy.ndarray'>
99.9771 	EXP 	unnamed Circle: fillColor = <class 'numpy.ndarray'>
99.9771 	EXP 	unnamed Circle: fillColor = <class 'numpy.ndarray'>
101.1788 	EXP 	unnamed Circle: fillColor = <class 'numpy.ndarray'>
101.1788 	EXP 	unnamed Circle: fillColor = <class 'numpy.ndarray'>
102.3806 	EXP 	unnamed Circle: fillColor = <class 'numpy.ndarray'>
102.3806 	EXP 	unnamed Circle: fillColor = <class 'numpy.ndarray'>
103.5824 	EXP 	unnamed Circle: fillColor = <class 'numpy.ndarray'>
103.5824 	EXP 	unnamed Circle: fillColor = <class 'numpy.ndarray'>
104.7843 	EXP 	unnamed Circle: fillColor = <class 'numpy.ndarray'>
104.7843 	EXP 	unnamed Circle: fillColor = <class 'numpy.ndarray'>
105.9859 	EXP 	unnamed Circle: fillColor = <class 'numpy.ndarray'>
105.9859 	EXP 	unnamed Circle: fillColor = <class 'numpy.ndarray'>
107.1878 	EXP 	unnamed Circle: fillColor = <class 'numpy.ndarray'>
107.1878 	EXP 	unnamed Circle: fillColor = <class 'numpy.ndarray'>
108.3898 	EXP 	unnamed Circle: fillColor = <class 'numpy.ndarray'>
108.3898 	EXP 	unnamed Circle: fillColor = <class 'numpy.ndarray'>
109.5912 	EXP 	unnamed Circle: fillColor = <class 'numpy.ndarray'>
109.5912 	EXP 	unnamed Circle: fillColor = <class 'numpy.ndarray'>
110.7931 	EXP 	unnamed Circle: fillColor = <class 'numpy.ndarray'>
110.7931 	EXP 	unnamed Circle: fillColor = <class 'numpy.ndarray'>
111.9949 	EXP 	unnamed Circle: fillColor = <class 'numpy.ndarray'>
111.9949 	EXP 	unnamed Circle: fillColor = <class 'numpy.ndarray'>
113.1967 	EXP 	unnamed Circle: fillColor = <class 'numpy.ndarray'>
113.1967 	EXP 	unnamed Circle: fillColor = <class 'numpy.ndarray'>
114.3986 	EXP 	unnamed Circle: fillColor = <class 'numpy.ndarray'>
114.3986 	EXP 	unnamed Circle: fillColor = <class 'numpy.ndarray'>
115.6003 	EXP 	unnamed Circle: fillColor = <class 'numpy.ndarray'>
115.6003 	EXP 	unnamed Circle: fillColor = <class 'numpy.ndarray'>
116.8021 	EXP 	unnamed Circle: fillColor = <class 'numpy.ndarray'>
116.8021 	EXP 	unnamed Circle: fillColor = <class 'numpy.ndarray'>
118.0036 	EXP 	unnamed Circle: fillColor = <class 'numpy.ndarray'>
118.0036 	EXP 	unnamed Circle: fillColor = <class 'numpy.ndarray'>
119.2056 	EXP 	unnamed Circle: fillColor = <class 'numpy.ndarray'>
119.2056 	EXP 	unnamed Circle: fillColor = <class 'numpy.ndarray'>
120.4073 	EXP 	unnamed Circle: fillColor = <class 'numpy.ndarray'>
120.4073 	EXP 	unnamed Circle: fillColor = <class 'numpy.ndarray'>
121.6090 	EXP 	unnamed Circle: fillColor = <class 'numpy.ndarray'>
121.6090 	EXP 	unnamed Circle: fillColor = <class 'numpy.ndarray'>
122.8109 	EXP 	unnamed Circle: fillColor = <class 'numpy.ndarray'>
122.8109 	EXP 	unnamed Circle: fillColor = <class 'numpy.ndarray'>
124.0126 	EXP 	unnamed Circle: fillColor = <class 'numpy.ndarray'>
124.0126 	EXP 	unnamed Circle: radius = 0.12150000000000001
124.0126 	EXP 	unnamed Circle: fillColor = 'white'
124.0126 	EXP 	unnamed Circle: fillColor = <class 'numpy.ndarray'>
125.2144 	EXP 	unnamed Circle: fillColor = <class 'numpy.ndarray'>
125.2144 	EXP 	unnamed Circle: fillColor = <class 'numpy.ndarray'>
126.4162 	EXP 	unnamed Circle: fillColor = <class 'numpy.ndarray'>
126.4162 	EXP 	unnamed Circle: fillColor = <class 'numpy.ndarray'>
127.6179 	EXP 	unnamed Circle: fillColor = <class 'numpy.ndarray'>
127.6179 	EXP 	unnamed Circle: fillColor = <class 'numpy.ndarray'>
128.8196 	EXP 	unnamed Circle: fillColor = <class 'numpy.ndarray'>
128.8196 	EXP 	unnamed Circle: fillColor = <class 'numpy.ndarray'>
130.0214 	EXP 	unnamed Circle: fillColor = <class 'numpy.ndarray'>
130.0214 	EXP 	unnamed Circle: fillColor = <class 'numpy.ndarray'>
131.2233 	EXP 	unnamed Circle: fillColor = <class 'numpy.ndarray'>
131.2233 	EXP 	unnamed Circle: fillColor = <class 'numpy.ndarray'>
132.4249 	EXP 	unnamed Circle: fillColor = <class 'numpy.ndarray'>
132.4249 	EXP 	unnamed Circle: fillColor = <class 'numpy.ndarray'>
133.6268 	EXP 	unnamed Circle: fillColor = <class 'numpy.ndarray'>
133.6268 	EXP 	unnamed Circle: fillColor = <class 'numpy.ndarray'>
134.8287 	EXP 	unnamed Circle: fillColor = <class 'numpy.ndarray'>
134.8287 	EXP 	unnamed Circle: fillColor = <class 'numpy.ndarray'>
136.0305 	EXP 	unnamed Circle: fillColor = <class 'numpy.ndarray'>
136.0305 	EXP 	unnamed Circle: fillColor = <class 'numpy.ndarray'>
137.2321 	EXP 	unnamed Circle: fillColor = <class 'numpy.ndarray'>
137.2321 	EXP 	unnamed Circle: fillColor = <class 'numpy.ndarray'>
138.4338 	EXP 	unnamed Circle: fillColor = <class 'numpy.ndarray'>
138.4338 	EXP 	unnamed Circle: fillColor = <class 'numpy.ndarray'>
139.6346 	EXP 	unnamed Circle: fillColor = <class 'numpy.ndarray'>
139.6346 	EXP 	unnamed Circle: radius = 0.10935000000000002
139.6346 	EXP 	unnamed Circle: fillColor = 'white'
139.6346 	EXP 	unnamed Circle: fillColor = <class 'numpy.ndarray'>
140.8374 	EXP 	unnamed Circle: fillColor = <class 'numpy.ndarray'>
140.8374 	EXP 	unnamed Circle: fillColor = <class 'numpy.ndarray'>
142.0392 	EXP 	unnamed Circle: fillColor = <class 'numpy.ndarray'>
142.0392 	EXP 	unnamed Circle: fillColor = <class 'numpy.ndarray'>
143.2411 	EXP 	unnamed Circle: fillColor = <class 'numpy.ndarray'>
143.2411 	EXP 	unnamed Circle: fillColor = <class 'numpy.ndarray'>
144.4429 	EXP 	unnamed Circle: fillColor = <class 'numpy.ndarray'>
144.4429 	EXP 	unnamed Circle: fillColor = <class 'numpy.ndarray'>
145.6447 	EXP 	unnamed Circle: fillColor = <class 'numpy.ndarray'>
145.6447 	EXP 	unnamed Circle: fillColor = <class 'numpy.ndarray'>
146.8466 	EXP 	unnamed Circle: fillColor = <class 'numpy.ndarray'>
146.8466 	EXP 	unnamed Circle: fillColor = <class 'numpy.ndarray'>
148.0467 	EXP 	unnamed Circle: fillColor = <class 'numpy.ndarray'>
148.0467 	EXP 	unnamed Circle: fillColor = <class 'numpy.ndarray'>
148.0467 	EXP 	unnamed Circle: radius = 0.12150000000000001
148.0467 	EXP 	unnamed Circle: fillColor = 'white'
149.2499 	EXP 	unnamed Circle: fillColor = <class 'numpy.ndarray'>
149.2499 	EXP 	unnamed Circle: fillColor = <class 'numpy.ndarray'>
150.4518 	EXP 	unnamed Circle: fillColor = <class 'numpy.ndarray'>
150.4518 	EXP 	unnamed Circle: fillColor = <class 'numpy.ndarray'>
151.6534 	EXP 	unnamed Circle: fillColor = <class 'numpy.ndarray'>
151.6534 	EXP 	unnamed Circle: fillColor = <class 'numpy.ndarray'>
152.8554 	EXP 	unnamed Circle: fillColor = <class 'numpy.ndarray'>
152.8554 	EXP 	unnamed Circle: fillColor = <class 'numpy.ndarray'>
154.0573 	EXP 	unnamed Circle: fillColor = <class 'numpy.ndarray'>
154.0573 	EXP 	unnamed Circle: fillColor = <class 'numpy.ndarray'>
155.2589 	EXP 	unnamed Circle: fillColor = <class 'numpy.ndarray'>
155.2589 	EXP 	unnamed Circle: fillColor = <class 'numpy.ndarray'>
156.4607 	EXP 	unnamed Circle: fillColor = <class 'numpy.ndarray'>
156.4607 	EXP 	unnamed Circle: fillColor = <class 'numpy.ndarray'>
157.6623 	EXP 	unnamed Circle: fillColor = <class 'numpy.ndarray'>
157.6623 	EXP 	unnamed Circle: fillColor = <class 'numpy.ndarray'>
158.8645 	EXP 	unnamed Circle: fillColor = <class 'numpy.ndarray'>
158.8645 	EXP 	unnamed Circle: fillColor = <class 'numpy.ndarray'>
160.0659 	EXP 	unnamed Circle: fillColor = <class 'numpy.ndarray'>
160.0659 	EXP 	unnamed Circle: fillColor = <class 'numpy.ndarray'>
161.2679 	EXP 	unnamed Circle: fillColor = <class 'numpy.ndarray'>
161.2679 	EXP 	unnamed Circle: fillColor = <class 'numpy.ndarray'>
162.4696 	EXP 	unnamed Circle: fillColor = <class 'numpy.ndarray'>
162.4696 	EXP 	unnamed Circle: fillColor = <class 'numpy.ndarray'>
163.6712 	EXP 	unnamed Circle: fillColor = <class 'numpy.ndarray'>
163.6712 	EXP 	unnamed Circle: fillColor = <class 'numpy.ndarray'>
164.8732 	EXP 	unnamed Circle: fillColor = <class 'numpy.ndarray'>
164.8732 	EXP 	unnamed Circle: fillColor = <class 'numpy.ndarray'>
166.0748 	EXP 	unnamed Circle: fillColor = <class 'numpy.ndarray'>
166.0748 	EXP 	unnamed Circle: fillColor = <class 'numpy.ndarray'>
167.2765 	EXP 	unnamed Circle: fillColor = <class 'numpy.ndarray'>
167.2765 	EXP 	unnamed Circle: fillColor = <class 'numpy.ndarray'>
168.4785 	EXP 	unnamed Circle: fillColor = <class 'numpy.ndarray'>
168.4785 	EXP 	unnamed Circle: fillColor = <class 'numpy.ndarray'>
169.6802 	EXP 	unnamed Circle: fillColor = <class 'numpy.ndarray'>
169.6802 	EXP 	unnamed Circle: fillColor = <class 'numpy.ndarray'>
170.8820 	EXP 	unnamed Circle: fillColor = <class 'numpy.ndarray'>
170.8820 	EXP 	unnamed Circle: fillColor = <class 'numpy.ndarray'>
172.0837 	EXP 	unnamed Circle: fillColor = <class 'numpy.ndarray'>
172.0837 	EXP 	unnamed Circle: fillColor = <class 'numpy.ndarray'>
173.2848 	EXP 	unnamed Circle: fillColor = <class 'numpy.ndarray'>
173.2848 	EXP 	unnamed Circle: radius = 0.09841500000000002
173.2848 	EXP 	unnamed Circle: fillColor = 'white'
173.2848 	EXP 	unnamed Circle: fillColor = <class 'numpy.ndarray'>
174.4872 	EXP 	unnamed Circle: fillColor = <class 'numpy.ndarray'>
174.4872 	EXP 	unnamed Circle: fillColor = <class 'numpy.ndarray'>
175.6891 	EXP 	unnamed Circle: fillColor = <class 'numpy.ndarray'>
175.6891 	EXP 	unnamed Circle: fillColor = <class 'numpy.ndarray'>
176.8911 	EXP 	unnamed Circle: fillColor = <class 'numpy.ndarray'>
176.8911 	EXP 	unnamed Circle: fillColor = <class 'numpy.ndarray'>
177.0758 	DATA 	Keypress: lalt
178.0928 	EXP 	unnamed Circle: fillColor = <class 'numpy.ndarray'>
178.0928 	EXP 	unnamed Circle: fillColor = <class 'numpy.ndarray'>
179.2948 	EXP 	unnamed Circle: fillColor = <class 'numpy.ndarray'>
179.2948 	EXP 	unnamed Circle: fillColor = <class 'numpy.ndarray'>
180.4962 	EXP 	unnamed Circle: fillColor = <class 'numpy.ndarray'>
180.4962 	EXP 	unnamed Circle: fillColor = <class 'numpy.ndarray'>
181.6982 	EXP 	unnamed Circle: fillColor = <class 'numpy.ndarray'>
181.6982 	EXP 	unnamed Circle: fillColor = <class 'numpy.ndarray'>
182.8999 	EXP 	unnamed Circle: fillColor = <class 'numpy.ndarray'>
182.8999 	EXP 	unnamed Circle: fillColor = <class 'numpy.ndarray'>
184.1016 	EXP 	unnamed Circle: fillColor = <class 'numpy.ndarray'>
184.1016 	EXP 	unnamed Circle: fillColor = <class 'numpy.ndarray'>
185.3034 	EXP 	unnamed Circle: fillColor = <class 'numpy.ndarray'>
185.3034 	EXP 	unnamed Circle: fillColor = <class 'numpy.ndarray'>
186.5051 	EXP 	unnamed Circle: fillColor = <class 'numpy.ndarray'>
186.5051 	EXP 	unnamed Circle: fillColor = <class 'numpy.ndarray'>
187.7072 	EXP 	unnamed Circle: fillColor = <class 'numpy.ndarray'>
187.7072 	EXP 	unnamed Circle: fillColor = <class 'numpy.ndarray'>
188.9088 	EXP 	unnamed Circle: fillColor = <class 'numpy.ndarray'>
188.9088 	EXP 	unnamed Circle: fillColor = <class 'numpy.ndarray'>
190.1106 	EXP 	unnamed Circle: fillColor = <class 'numpy.ndarray'>
190.1106 	EXP 	unnamed Circle: fillColor = <class 'numpy.ndarray'>
191.3123 	EXP 	unnamed Circle: fillColor = <class 'numpy.ndarray'>
191.3123 	EXP 	unnamed Circle: fillColor = <class 'numpy.ndarray'>
192.5140 	EXP 	unnamed Circle: fillColor = <class 'numpy.ndarray'>
192.5140 	EXP 	unnamed Circle: fillColor = <class 'numpy.ndarray'>
192.5140 	EXP 	unnamed Circle: radius = 0.10935000000000002
192.5140 	EXP 	unnamed Circle: fillColor = 'white'
193.7158 	EXP 	unnamed Circle: fillColor = <class 'numpy.ndarray'>
193.7158 	EXP 	unnamed Circle: fillColor = <class 'numpy.ndarray'>
194.9176 	EXP 	unnamed Circle: fillColor = <class 'numpy.ndarray'>
194.9176 	EXP 	unnamed Circle: fillColor = <class 'numpy.ndarray'>
196.1194 	EXP 	unnamed Circle: fillColor = <class 'numpy.ndarray'>
196.1194 	EXP 	unnamed Circle: fillColor = <class 'numpy.ndarray'>
197.3211 	EXP 	unnamed Circle: fillColor = <class 'numpy.ndarray'>
197.3211 	EXP 	unnamed Circle: fillColor = <class 'numpy.ndarray'>
198.5228 	EXP 	unnamed Circle: fillColor = <class 'numpy.ndarray'>
198.5228 	EXP 	unnamed Circle: fillColor = <class 'numpy.ndarray'>
199.7247 	EXP 	unnamed Circle: fillColor = <class 'numpy.ndarray'>
199.7247 	EXP 	unnamed Circle: fillColor = <class 'numpy.ndarray'>
200.9432 	EXP 	unnamed Circle: fillColor = <class 'numpy.ndarray'>
200.9432 	EXP 	unnamed Circle: fillColor = <class 'numpy.ndarray'>
202.1450 	EXP 	unnamed Circle: fillColor = <class 'numpy.ndarray'>
202.1450 	EXP 	unnamed Circle: fillColor = <class 'numpy.ndarray'>
203.3467 	EXP 	unnamed Circle: fillColor = <class 'numpy.ndarray'>
203.3467 	EXP 	unnamed Circle: fillColor = <class 'numpy.ndarray'>
204.5911 	EXP 	text_2: autoDraw = True
205.2174 	EXP 	text_2: autoDraw = False
213.2819 	DATA 	Mouse: Left button down, pos=(1371,384)
213.4282 	DATA 	Mouse:  Left button up, pos=(1371,384)
213.9539 	DATA 	Keypress: 2
213.9594 	EXP 	Created text = TextStim(__class__=<class 'psychopy.visual.text.TextStim'>, alignHoriz=method-wrapper(...), alignText='center', alignVert=method-wrapper(...), anchorHoriz='center', anchorVert='center', antialias=True, autoDraw=False, autoLog=True, bold=False, color=array([1., 1., 1.]), colorSpace='rgb', contrast=1.0, depth=0.0, draggable=False, flipHoriz=False, flipVert=False, font='Arial', fontFiles=[], height=0.06, italic=False, languageStyle='LTR', name='text', opacity=1, ori=0, pos=array([0. , 0.2]), rgb=UNKNOWN, text=str(...), units='norm', win=Window(...), wrapWidth=1.2)
214.0045 	EXP 	Created None = Slider(__class__=<class 'psychopy.visual.slider.Slider'>, autoDraw=False, autoLog=True, borderColor=None, color=None, colorSpace='rgb', depth=0, fillColor=None, flip=False, font='Arial', granularity=1, labelColor=None, labelHeight=0.06, labelWrapWidth=None, labels=('Never', 'Always'), lineColor=None, markerColor=None, name=None, opacity=None, ori=0, pos=array([0., 0.]), readOnly=False, self=UNKNOWN, size=array([0.85, 0.1 ]), startValue=None, style='rating', styleTweaks=[], ticks=array([1, 9]), units='norm', win=Window(...))
214.0160 	EXP 	None: autoLog = True
214.0160 	EXP 	None: styleTweaks = []
214.0160 	EXP 	None: styleTweaks = []
214.0160 	EXP 	None: styleTweaks = []
214.0160 	EXP 	None: styleTweaks = []
214.0160 	EXP 	None: contrast = 1.0
214.0160 	EXP 	None: markerPos = None
214.0160 	EXP 	None: autoLog = True
214.0160 	EXP 	None: markerPos = 5
214.1344 	DATA 	Keypress: 2
214.1439 	EXP 	None: markerPos = 6
214.3247 	DATA 	Keypress: 2
214.3334 	EXP 	None: markerPos = 7
214.5034 	DATA 	Keypress: 2
214.5131 	EXP 	None: markerPos = 8
215.3634 	DATA 	Keypress: 0
215.3688 	EXP 	None: markerPos = 8
215.3730 	EXP 	Created text = TextStim(__class__=<class 'psychopy.visual.text.TextStim'>, alignHoriz=method-wrapper(...), alignText='center', alignVert=method-wrapper(...), anchorHoriz='center', anchorVert='center', antialias=True, autoDraw=False, autoLog=True, bold=False, color=array([1., 1., 1.]), colorSpace='rgb', contrast=1.0, depth=0.0, draggable=False, flipHoriz=False, flipVert=False, font='Arial', fontFiles=[], height=0.06, italic=False, languageStyle='LTR', name='text', opacity=1, ori=0, pos=array([0. , 0.2]), rgb=UNKNOWN, text=str(...), units='norm', win=Window(...), wrapWidth=1.2)
215.4054 	EXP 	Created None = Slider(__class__=<class 'psychopy.visual.slider.Slider'>, autoDraw=False, autoLog=True, borderColor=None, color=None, colorSpace='rgb', depth=0, fillColor=None, flip=False, font='Arial', granularity=1, labelColor=None, labelHeight=0.06, labelWrapWidth=None, labels=('Never', 'All the time'), lineColor=None, markerColor=None, name=None, opacity=None, ori=0, pos=array([0., 0.]), readOnly=False, self=UNKNOWN, size=array([0.85, 0.1 ]), startValue=None, style='rating', styleTweaks=[], ticks=array([1, 9]), units='norm', win=Window(...))
215.4156 	EXP 	None: autoLog = True
215.4156 	EXP 	None: styleTweaks = []
215.4156 	EXP 	None: styleTweaks = []
215.4156 	EXP 	None: styleTweaks = []
215.4156 	EXP 	None: styleTweaks = []
215.4156 	EXP 	None: contrast = 1.0
215.4156 	EXP 	None: markerPos = None
215.4156 	EXP 	None: autoLog = True
215.4156 	EXP 	None: markerPos = 5
217.2859 	DATA 	Keypress: q
217.6188 	DATA 	Keypress: minus
217.7384 	DATA 	Keypress: q
217.8467 	DATA 	Keypress: minus
217.9841 	DATA 	Keypress: q
218.2142 	DATA 	Keypress: bracketleft
218.4237 	DATA 	Keypress: q
218.5878 	DATA 	Keypress: equal
218.6968 	DATA 	Keypress: q
219.5741 	DATA 	Keypress: equal
220.0939 	DATA 	Keypress: 1
220.1005 	EXP 	None: markerPos = 4
220.2443 	DATA 	Keypress: equal
220.3550 	DATA 	Keypress: 1
220.3638 	EXP 	None: markerPos = 3
220.5131 	DATA 	Keypress: equal
220.5526 	DATA 	Keypress: 1
220.5609 	EXP 	None: markerPos = 2
220.7462 	DATA 	Keypress: 1
220.7551 	EXP 	None: markerPos = 1
220.7837 	DATA 	Keypress: equal
220.9537 	DATA 	Keypress: 1
220.9614 	EXP 	None: markerPos = 0
221.0532 	DATA 	Keypress: equal
221.1717 	DATA 	Keypress: 1
221.1779 	EXP 	None: markerPos = 0
221.3228 	DATA 	Keypress: equal
221.4411 	DATA 	Keypress: 1
221.4471 	EXP 	None: markerPos = 0
221.6206 	DATA 	Keypress: equal
222.7132 	DATA 	Keypress: equal
222.9812 	DATA 	Keypress: equal
223.9225 	DATA 	Mouse: Left button down, pos=(1646,412)
224.0443 	DATA 	Mouse:  Left button up, pos=(1646,412)
225.5025 	DATA 	Keypress: 0
225.5087 	EXP 	None: markerPos = 1
225.5142 	EXP 	Created text = TextStim(__class__=<class 'psychopy.visual.text.TextStim'>, alignHoriz=method-wrapper(...), alignText='center', alignVert=method-wrapper(...), anchorHoriz='center', anchorVert='center', antialias=True, autoDraw=False, autoLog=True, bold=False, color=array([1., 1., 1.]), colorSpace='rgb', contrast=1.0, depth=0.0, draggable=False, flipHoriz=False, flipVert=False, font='Arial', fontFiles=[], height=0.06, italic=False, languageStyle='LTR', name='text', opacity=1, ori=0, pos=array([0. , 0.2]), rgb=UNKNOWN, text=str(...), units='norm', win=Window(...), wrapWidth=1.2)
225.5505 	EXP 	Created None = Slider(__class__=<class 'psychopy.visual.slider.Slider'>, autoDraw=False, autoLog=True, borderColor=None, color=None, colorSpace='rgb', depth=0, fillColor=None, flip=False, font='Arial', granularity=1, labelColor=None, labelHeight=0.06, labelWrapWidth=None, labels=('Not at all', 'Very Difficult'), lineColor=None, markerColor=None, name=None, opacity=None, ori=0, pos=array([0., 0.]), readOnly=False, self=UNKNOWN, size=array([0.85, 0.1 ]), startValue=None, style='rating', styleTweaks=[], ticks=array([1, 9]), units='norm', win=Window(...))
225.5600 	EXP 	None: autoLog = True
225.5600 	EXP 	None: styleTweaks = []
225.5600 	EXP 	None: styleTweaks = []
225.5600 	EXP 	None: styleTweaks = []
225.5600 	EXP 	None: styleTweaks = []
225.5600 	EXP 	None: contrast = 1.0
225.5600 	EXP 	None: markerPos = None
225.5600 	EXP 	None: autoLog = True
225.5600 	EXP 	None: markerPos = 5
225.6523 	DATA 	Keypress: 2
225.6610 	EXP 	None: markerPos = 6
225.7480 	DATA 	Keypress: 0
225.7563 	EXP 	None: markerPos = 6
225.7613 	EXP 	Created text = TextStim(__class__=<class 'psychopy.visual.text.TextStim'>, alignHoriz=method-wrapper(...), alignText='center', alignVert=method-wrapper(...), anchorHoriz='center', anchorVert='center', antialias=True, autoDraw=False, autoLog=True, bold=False, color=array([1., 1., 1.]), colorSpace='rgb', contrast=1.0, depth=0.0, draggable=False, flipHoriz=False, flipVert=False, font='Arial', fontFiles=[], height=0.06, italic=False, languageStyle='LTR', name='text', opacity=1, ori=0, pos=array([0. , 0.2]), rgb=UNKNOWN, text='How calm do you feel right now?', units='norm', win=Window(...), wrapWidth=1.2)
225.8014 	EXP 	Created None = Slider(__class__=<class 'psychopy.visual.slider.Slider'>, autoDraw=False, autoLog=True, borderColor=None, color=None, colorSpace='rgb', depth=0, fillColor=None, flip=False, font='Arial', granularity=1, labelColor=None, labelHeight=0.06, labelWrapWidth=None, labels=('Not at all', 'Very calm'), lineColor=None, markerColor=None, name=None, opacity=None, ori=0, pos=array([0., 0.]), readOnly=False, self=UNKNOWN, size=array([0.85, 0.1 ]), startValue=None, style='rating', styleTweaks=[], ticks=array([1, 9]), units='norm', win=Window(...))
225.8133 	EXP 	None: autoLog = True
225.8133 	EXP 	None: styleTweaks = []
225.8133 	EXP 	None: styleTweaks = []
225.8133 	EXP 	None: styleTweaks = []
225.8133 	EXP 	None: styleTweaks = []
225.8133 	EXP 	None: contrast = 1.0
225.8133 	EXP 	None: markerPos = None
225.8133 	EXP 	None: autoLog = True
225.8133 	EXP 	None: markerPos = 5
225.8668 	DATA 	Keypress: 2
225.8753 	EXP 	None: markerPos = 6
225.9813 	DATA 	Keypress: 0
225.9890 	EXP 	None: markerPos = 6
226.1024 	DATA 	Keypress: 2
226.2180 	DATA 	Keypress: 0
