11.8903 	EXP 	DMN_BallTask: status = NOT_STARTED
11.9009 	WARNING 	Requested an unavailable screen number - using first available.
11.9029 	WARNING 	User requested fullscreen with size [1080 1080], but screen is actually [1920, 1200]. Using actual size
12.8950 	EXP 	Created window1 = Window(allowGUI=False, allowStencil=False, autoLog=True, backendConf=UNKNOWN, backgroundFit=<method-wrapper '__getattribute__' of attributeSetter object at 0x000001106E2A88B0>, backgroundImage=<method-wrapper '__getattribute__' of attributeSetter object at 0x000001106E2A8850>, bitsMode=UNKNOWN, blendMode='avg', bpc=(8, 8, 8), color=array([-1, -1, -1]), colorSpace='rgb', depthBits=8, fullscr=True, gamma=None, gammaErrorPolicy='raise', infoMsg=UNKNOWN, lms=UNKNOWN, monitor=<psychopy.monitors.calibTools.Monitor object at 0x0000011073C5F0A0>, multiSample=False, name='window1', numSamples=2, pos=(0, 0), screen=1, size=array([1920, 1200]), stencilBits=0, stereo=False, title='PsychoPy', units='norm', useFBO=True, useRetina=False, viewOri=0.0, viewPos=None, viewScale=None, waitBlanking=True, winType='pyglet')
12.8951 	EXP 	window1: backgroundImage = None
12.8951 	EXP 	window1: backgroundFit = 'cover'
12.8984 	EXP 	window1: Attempting to measure frame rate of screen (1) ...
12.8984 	EXP 	window1: recordFrameIntervals = False
13.0606 	EXP 	window1: recordFrameIntervals = True
13.0807 	DATA 	Keypress: space
13.2446 	EXP 	Screen (1) actual frame rate measured at 59.89Hz
13.2447 	EXP 	window1: recordFrameIntervals = False
13.4703 	EXP 	Created text = TextStim(__class__=<class 'psychopy.visual.text.TextStim'>, alignHoriz=method-wrapper(...), alignText='center', alignVert=method-wrapper(...), anchorHoriz='center', anchorVert='center', antialias=True, autoDraw=False, autoLog=True, bold=False, color=array([1., 1., 1.]), colorSpace='rgb', contrast=1.0, depth=0.0, draggable=False, flipHoriz=False, flipVert=False, font='Arial', fontFiles=[], height=0.06, italic=False, languageStyle='LTR', name='text', opacity=1, ori=0, pos=array([0. , 0.2]), rgb=UNKNOWN, text=str(...), units='norm', win=Window(...), wrapWidth=1.2)
13.4715 	EXP 	Created text = TextStim(__class__=<class 'psychopy.visual.text.TextStim'>, alignHoriz=method-wrapper(...), alignText='center', alignVert=method-wrapper(...), anchorHoriz='center', anchorVert='center', antialias=True, autoDraw=False, autoLog=True, bold=False, color=array([1., 1., 1.]), colorSpace='rgb', contrast=1.0, depth=0.0, draggable=False, flipHoriz=False, flipVert=False, font='Arial', fontFiles=[], height=0.06, italic=False, languageStyle='LTR', name='text', opacity=1, ori=0, pos=array([0., 0.]), rgb=UNKNOWN, text='', units='norm', win=Window(...), wrapWidth=1.2)
13.4796 	EXP 	Created waiting_for_trigger_text = TextStim(__class__=<class 'psychopy.visual.text.TextStim'>, alignHoriz=method-wrapper(...), alignText='center', alignVert=method-wrapper(...), anchorHoriz='center', anchorVert='center', antialias=True, autoDraw=False, autoLog=True, bold=False, color=array([1., 1., 1.]), colorSpace='rgb', contrast=1.0, depth=0.0, draggable=False, flipHoriz=False, flipVert=False, font='Arial', fontFiles=[], height=0.1, italic=False, languageStyle='LTR', name='waiting_for_trigger_text', opacity=1, ori=0, pos=array([0., 0.]), rgb=UNKNOWN, text='waiting for scanner', units='norm', win=Window(...), wrapWidth=2)
13.4865 	EXP 	Created text_2 = TextStim(__class__=<class 'psychopy.visual.text.TextStim'>, alignHoriz=method-wrapper(...), alignText='center', alignVert=method-wrapper(...), anchorHoriz='center', anchorVert='center', antialias=True, autoDraw=False, autoLog=True, bold=False, color=array([1., 1., 1.]), colorSpace='rgb', contrast=1.0, depth=0.0, draggable=False, flipHoriz=False, flipVert=False, font='Arial', fontFiles=[], height=0.3, italic=False, languageStyle='LTR', name='text_2', opacity=1, ori=0, pos=array([0., 0.]), rgb=UNKNOWN, text='+', units='norm', win=Window(...), wrapWidth=1)
13.4928 	EXP 	Created text_relax = TextStim(__class__=<class 'psychopy.visual.text.TextStim'>, alignHoriz=method-wrapper(...), alignText='center', alignVert=method-wrapper(...), anchorHoriz='center', anchorVert='center', antialias=True, autoDraw=False, autoLog=True, bold=False, color=array([1., 1., 1.]), colorSpace='rgb', contrast=1.0, depth=0.0, draggable=False, flipHoriz=False, flipVert=False, font='Arial', fontFiles=[], height=0.07, italic=False, languageStyle='LTR', name='text_relax', opacity=1, ori=0, pos=array([ 0. , -0.2]), rgb=UNKNOWN, text='Relax', units='norm', win=Window(...), wrapWidth=1)
13.4998 	EXP 	Created text_4 = TextStim(__class__=<class 'psychopy.visual.text.TextStim'>, alignHoriz=method-wrapper(...), alignText='center', alignVert=method-wrapper(...), anchorHoriz='center', anchorVert='center', antialias=True, autoDraw=False, autoLog=True, bold=False, color=array([1., 1., 1.]), colorSpace='rgb', contrast=1.0, depth=-3.0, draggable=False, flipHoriz=False, flipVert=False, font='Arial', fontFiles=[], height=0.1, italic=False, languageStyle='LTR', name='text_4', opacity=1, ori=0, pos=array([0., 0.]), rgb=UNKNOWN, text='default text', units='norm', win=Window(...), wrapWidth=1)
13.5281 	EXP 	Created unnamed Circle = Circle(__class__=<class 'psychopy.visual.circle.Circle'>, anchor=('center', 'center'), autoDraw=False, autoLog=True, closeShape=True, color=method-wrapper(...), colorSpace='rgb', contrast=None, depth=0, draggable=False, fillColor=array([0, 0, 0]), fillColorSpace='rgb', fillRGB=array([0, 0, 0]), interpolate=True, lineColor=array([ 1.,  1., -1.]), lineColorSpace='rgb', lineRGB=array([ 1,  1, -1]), lineWidth=3, name='unnamed Circle', opacity=1, ori=0.0, pos=array([0.        , 0.33333333]), size=array([1., 1.]), units='norm', vertices=ndarray(...), win=Window(...), windingRule=None)
13.5515 	EXP 	Created unnamed Circle = Circle(__class__=<class 'psychopy.visual.circle.Circle'>, anchor=('center', 'center'), autoDraw=False, autoLog=True, closeShape=True, color=method-wrapper(...), colorSpace='rgb', contrast=None, depth=0, draggable=False, fillColor=array([0, 0, 0]), fillColorSpace='rgb', fillRGB=array([0, 0, 0]), interpolate=True, lineColor=array([0.35686275, 0.69411765, 0.80392157]), lineColorSpace='rgb', lineRGB=array([0.35686275, 0.69411765, 0.80392157]), lineWidth=3, name='unnamed Circle', opacity=1, ori=0.0, pos=array([ 0.        , -0.33333333]), size=array([1., 1.]), units='norm', vertices=ndarray(...), win=Window(...), windingRule=None)
13.5733 	EXP 	Created unnamed Circle = Circle(__class__=<class 'psychopy.visual.circle.Circle'>, anchor=('center', 'center'), autoDraw=False, autoLog=True, closeShape=True, color=method-wrapper(...), colorSpace='rgb', contrast=None, depth=0, draggable=False, fillColor=array([1, 1, 1]), fillColorSpace='rgb', fillRGB=array([1, 1, 1]), interpolate=True, lineColor=array([1., 1., 1.]), lineColorSpace='rgb', lineRGB=array([1, 1, 1]), lineWidth=1.5, name='unnamed Circle', opacity=1, ori=0.0, pos=array([0., 0.]), size=array([1., 1.]), units='norm', vertices=ndarray(...), win=Window(...), windingRule=None)
13.5937 	EXP 	Created unnamed Circle = Circle(__class__=<class 'psychopy.visual.circle.Circle'>, anchor=('center', 'center'), autoDraw=False, autoLog=True, closeShape=True, color=method-wrapper(...), colorSpace='rgb', contrast=None, depth=0, draggable=False, fillColor=array([1, 1, 1]), fillColorSpace='rgb', fillRGB=array([1, 1, 1]), interpolate=True, lineColor=array([1., 1., 1.]), lineColorSpace='rgb', lineRGB=array([1, 1, 1]), lineWidth=3, name='unnamed Circle', opacity=1, ori=0.0, pos=array([0., 0.]), size=array([1., 1.]), units='norm', vertices=ndarray(...), win=Window(...), windingRule=None)
13.6028 	EXP 	Created instruct_text = TextStim(__class__=<class 'psychopy.visual.text.TextStim'>, alignHoriz=method-wrapper(...), alignText='center', alignVert=method-wrapper(...), anchorHoriz='center', anchorVert='center', antialias=True, autoDraw=False, autoLog=True, bold=False, color=array([1., 1., 1.]), colorSpace='rgb', contrast=1.0, depth=0.0, draggable=False, flipHoriz=False, flipVert=False, font='Arial', fontFiles=[], height=0.06, italic=False, languageStyle='LTR', name='instruct_text', opacity=1, ori=0, pos=array([0., 0.]), rgb=UNKNOWN, text='replace me', units='norm', win=Window(...), wrapWidth=1.2)
13.6080 	EXP 	Created thank_you_end_run_text = TextStim(__class__=<class 'psychopy.visual.text.TextStim'>, alignHoriz=method-wrapper(...), alignText='center', alignVert=method-wrapper(...), anchorHoriz='center', anchorVert='center', antialias=True, autoDraw=False, autoLog=True, bold=False, color=array([1., 1., 1.]), colorSpace='rgb', contrast=1.0, depth=0.0, draggable=False, flipHoriz=False, flipVert=False, font='Arial', fontFiles=[], height=0.1, italic=False, languageStyle='LTR', name='thank_you_end_run_text', opacity=1, ori=0, pos=array([0., 0.]), rgb=UNKNOWN, text='thank you!', units='norm', win=Window(...), wrapWidth=1)
13.6234 	DATA 	Keypress: space
13.6242 	DATA 	Keypress: space
13.6281 	EXP 	instruct_text: height = 0.06
13.6281 	EXP 	instruct_text: height = 0.06
13.6281 	EXP 	instruct_text: height = 0.06
13.6281 	EXP 	instruct_text: text = "Great job! Now, you're going practice Mindful Describing for another 2.5min with more brain feedback from the ball. \n\nWhen the ball moves upwards, that corresponds to the describing practice."
13.6409 	EXP 	instruct_text: height = 0.06
13.6409 	EXP 	instruct_text: height = 0.06
13.6409 	EXP 	instruct_text: height = 0.06
13.6409 	EXP 	instruct_text: text = 'When you see the plus sign (+), just relax.\n\nOnce the circles appear, please start the Describing practice. This scan will last 2.5 min.'
16.2150 	DATA 	Keypress: v
16.8351 	DATA 	Keypress: space
16.8419 	EXP 	waiting_for_trigger_text: autoDraw = True
17.0115 	DATA 	Keypress: space
17.1954 	DATA 	Keypress: space
17.9465 	DATA 	Keypress: 5
17.9622 	EXP 	waiting_for_trigger_text: autoDraw = False
17.9622 	EXP 	text_2: autoDraw = True
17.9622 	EXP 	text_relax: autoDraw = True
47.9722 	EXP 	text_2: autoDraw = False
47.9722 	EXP 	text_relax: autoDraw = False
47.9722 	EXP 	text_2: autoDraw = False
48.1225 	EXP 	unnamed Circle: fillColor = <class 'numpy.ndarray'>
48.1225 	EXP 	unnamed Circle: fillColor = <class 'numpy.ndarray'>
49.3242 	EXP 	unnamed Circle: fillColor = <class 'numpy.ndarray'>
49.3242 	EXP 	unnamed Circle: fillColor = <class 'numpy.ndarray'>
50.5260 	EXP 	unnamed Circle: fillColor = <class 'numpy.ndarray'>
50.5260 	EXP 	unnamed Circle: fillColor = <class 'numpy.ndarray'>
51.7277 	EXP 	unnamed Circle: fillColor = <class 'numpy.ndarray'>
51.7277 	EXP 	unnamed Circle: fillColor = <class 'numpy.ndarray'>
52.9295 	EXP 	unnamed Circle: fillColor = <class 'numpy.ndarray'>
52.9295 	EXP 	unnamed Circle: fillColor = <class 'numpy.ndarray'>
54.1312 	EXP 	unnamed Circle: fillColor = <class 'numpy.ndarray'>
54.1312 	EXP 	unnamed Circle: fillColor = <class 'numpy.ndarray'>
55.3330 	EXP 	unnamed Circle: fillColor = <class 'numpy.ndarray'>
55.3330 	EXP 	unnamed Circle: fillColor = <class 'numpy.ndarray'>
56.5348 	EXP 	unnamed Circle: fillColor = <class 'numpy.ndarray'>
56.5348 	EXP 	unnamed Circle: fillColor = <class 'numpy.ndarray'>
57.7365 	EXP 	unnamed Circle: fillColor = <class 'numpy.ndarray'>
57.7365 	EXP 	unnamed Circle: fillColor = <class 'numpy.ndarray'>
58.9384 	EXP 	unnamed Circle: fillColor = <class 'numpy.ndarray'>
58.9384 	EXP 	unnamed Circle: fillColor = <class 'numpy.ndarray'>
60.1400 	EXP 	unnamed Circle: fillColor = <class 'numpy.ndarray'>
60.1400 	EXP 	unnamed Circle: fillColor = <class 'numpy.ndarray'>
61.3420 	EXP 	unnamed Circle: fillColor = <class 'numpy.ndarray'>
61.3420 	EXP 	unnamed Circle: fillColor = <class 'numpy.ndarray'>
62.5436 	EXP 	unnamed Circle: fillColor = <class 'numpy.ndarray'>
62.5436 	EXP 	unnamed Circle: fillColor = <class 'numpy.ndarray'>
63.7453 	EXP 	unnamed Circle: fillColor = <class 'numpy.ndarray'>
63.7453 	EXP 	unnamed Circle: fillColor = <class 'numpy.ndarray'>
64.9473 	EXP 	unnamed Circle: fillColor = <class 'numpy.ndarray'>
64.9473 	EXP 	unnamed Circle: fillColor = <class 'numpy.ndarray'>
66.1490 	EXP 	unnamed Circle: fillColor = <class 'numpy.ndarray'>
66.1490 	EXP 	unnamed Circle: fillColor = <class 'numpy.ndarray'>
67.3508 	EXP 	unnamed Circle: fillColor = <class 'numpy.ndarray'>
67.3508 	EXP 	unnamed Circle: fillColor = <class 'numpy.ndarray'>
68.5525 	EXP 	unnamed Circle: fillColor = <class 'numpy.ndarray'>
68.5525 	EXP 	unnamed Circle: fillColor = <class 'numpy.ndarray'>
69.7545 	EXP 	unnamed Circle: fillColor = <class 'numpy.ndarray'>
69.7545 	EXP 	unnamed Circle: fillColor = <class 'numpy.ndarray'>
70.9561 	EXP 	unnamed Circle: fillColor = <class 'numpy.ndarray'>
70.9561 	EXP 	unnamed Circle: fillColor = <class 'numpy.ndarray'>
72.1578 	EXP 	unnamed Circle: fillColor = <class 'numpy.ndarray'>
72.1578 	EXP 	unnamed Circle: fillColor = <class 'numpy.ndarray'>
73.3597 	EXP 	unnamed Circle: fillColor = <class 'numpy.ndarray'>
73.3597 	EXP 	unnamed Circle: fillColor = <class 'numpy.ndarray'>
74.5615 	EXP 	unnamed Circle: fillColor = <class 'numpy.ndarray'>
74.5615 	EXP 	unnamed Circle: fillColor = <class 'numpy.ndarray'>
75.7633 	EXP 	unnamed Circle: fillColor = <class 'numpy.ndarray'>
75.7633 	EXP 	unnamed Circle: fillColor = <class 'numpy.ndarray'>
76.9650 	EXP 	unnamed Circle: fillColor = <class 'numpy.ndarray'>
76.9650 	EXP 	unnamed Circle: fillColor = <class 'numpy.ndarray'>
78.1666 	EXP 	unnamed Circle: fillColor = <class 'numpy.ndarray'>
78.1666 	EXP 	unnamed Circle: fillColor = <class 'numpy.ndarray'>
79.3686 	EXP 	unnamed Circle: fillColor = <class 'numpy.ndarray'>
79.3686 	EXP 	unnamed Circle: fillColor = <class 'numpy.ndarray'>
80.5703 	EXP 	unnamed Circle: fillColor = <class 'numpy.ndarray'>
80.5703 	EXP 	unnamed Circle: fillColor = <class 'numpy.ndarray'>
81.7721 	EXP 	unnamed Circle: fillColor = <class 'numpy.ndarray'>
81.7721 	EXP 	unnamed Circle: fillColor = <class 'numpy.ndarray'>
82.9739 	EXP 	unnamed Circle: fillColor = <class 'numpy.ndarray'>
82.9739 	EXP 	unnamed Circle: fillColor = <class 'numpy.ndarray'>
84.1758 	EXP 	unnamed Circle: fillColor = <class 'numpy.ndarray'>
84.1758 	EXP 	unnamed Circle: fillColor = <class 'numpy.ndarray'>
85.3774 	EXP 	unnamed Circle: fillColor = <class 'numpy.ndarray'>
85.3774 	EXP 	unnamed Circle: fillColor = <class 'numpy.ndarray'>
86.5791 	EXP 	unnamed Circle: fillColor = <class 'numpy.ndarray'>
86.5791 	EXP 	unnamed Circle: fillColor = <class 'numpy.ndarray'>
87.7811 	EXP 	unnamed Circle: fillColor = <class 'numpy.ndarray'>
87.7811 	EXP 	unnamed Circle: fillColor = <class 'numpy.ndarray'>
88.9827 	EXP 	unnamed Circle: fillColor = <class 'numpy.ndarray'>
88.9827 	EXP 	unnamed Circle: fillColor = <class 'numpy.ndarray'>
90.1846 	EXP 	unnamed Circle: fillColor = <class 'numpy.ndarray'>
90.1846 	EXP 	unnamed Circle: fillColor = <class 'numpy.ndarray'>
91.3863 	EXP 	unnamed Circle: fillColor = <class 'numpy.ndarray'>
91.3863 	EXP 	unnamed Circle: fillColor = <class 'numpy.ndarray'>
92.5880 	EXP 	unnamed Circle: fillColor = <class 'numpy.ndarray'>
92.5880 	EXP 	unnamed Circle: fillColor = <class 'numpy.ndarray'>
93.7899 	EXP 	unnamed Circle: fillColor = <class 'numpy.ndarray'>
93.7899 	EXP 	unnamed Circle: fillColor = <class 'numpy.ndarray'>
94.9917 	EXP 	unnamed Circle: fillColor = <class 'numpy.ndarray'>
94.9917 	EXP 	unnamed Circle: fillColor = <class 'numpy.ndarray'>
96.1936 	EXP 	unnamed Circle: fillColor = <class 'numpy.ndarray'>
96.1936 	EXP 	unnamed Circle: fillColor = <class 'numpy.ndarray'>
97.3952 	EXP 	unnamed Circle: fillColor = <class 'numpy.ndarray'>
97.3952 	EXP 	unnamed Circle: fillColor = <class 'numpy.ndarray'>
98.5972 	EXP 	unnamed Circle: fillColor = <class 'numpy.ndarray'>
98.5972 	EXP 	unnamed Circle: fillColor = <class 'numpy.ndarray'>
99.7988 	EXP 	unnamed Circle: fillColor = <class 'numpy.ndarray'>
99.7988 	EXP 	unnamed Circle: fillColor = <class 'numpy.ndarray'>
101.0005 	EXP 	unnamed Circle: fillColor = <class 'numpy.ndarray'>
101.0005 	EXP 	unnamed Circle: fillColor = <class 'numpy.ndarray'>
102.2023 	EXP 	unnamed Circle: fillColor = <class 'numpy.ndarray'>
102.2023 	EXP 	unnamed Circle: fillColor = <class 'numpy.ndarray'>
103.4040 	EXP 	unnamed Circle: fillColor = <class 'numpy.ndarray'>
103.4040 	EXP 	unnamed Circle: fillColor = <class 'numpy.ndarray'>
104.6059 	EXP 	unnamed Circle: fillColor = <class 'numpy.ndarray'>
104.6059 	EXP 	unnamed Circle: fillColor = <class 'numpy.ndarray'>
105.8076 	EXP 	unnamed Circle: fillColor = <class 'numpy.ndarray'>
105.8076 	EXP 	unnamed Circle: fillColor = <class 'numpy.ndarray'>
107.0093 	EXP 	unnamed Circle: fillColor = <class 'numpy.ndarray'>
107.0093 	EXP 	unnamed Circle: fillColor = <class 'numpy.ndarray'>
108.2112 	EXP 	unnamed Circle: fillColor = <class 'numpy.ndarray'>
108.2112 	EXP 	unnamed Circle: fillColor = <class 'numpy.ndarray'>
109.4128 	EXP 	unnamed Circle: fillColor = <class 'numpy.ndarray'>
109.4128 	EXP 	unnamed Circle: fillColor = <class 'numpy.ndarray'>
110.6148 	EXP 	unnamed Circle: fillColor = <class 'numpy.ndarray'>
110.6148 	EXP 	unnamed Circle: fillColor = <class 'numpy.ndarray'>
111.8167 	EXP 	unnamed Circle: fillColor = <class 'numpy.ndarray'>
111.8167 	EXP 	unnamed Circle: fillColor = <class 'numpy.ndarray'>
113.0184 	EXP 	unnamed Circle: fillColor = <class 'numpy.ndarray'>
113.0184 	EXP 	unnamed Circle: fillColor = <class 'numpy.ndarray'>
114.2200 	EXP 	unnamed Circle: fillColor = <class 'numpy.ndarray'>
114.2200 	EXP 	unnamed Circle: fillColor = <class 'numpy.ndarray'>
115.4221 	EXP 	unnamed Circle: fillColor = <class 'numpy.ndarray'>
115.4221 	EXP 	unnamed Circle: fillColor = <class 'numpy.ndarray'>
116.6236 	EXP 	unnamed Circle: fillColor = <class 'numpy.ndarray'>
116.6236 	EXP 	unnamed Circle: fillColor = <class 'numpy.ndarray'>
117.8268 	EXP 	unnamed Circle: fillColor = <class 'numpy.ndarray'>
117.8268 	EXP 	unnamed Circle: fillColor = <class 'numpy.ndarray'>
117.8268 	EXP 	unnamed Circle: radius = 0.135
117.8268 	EXP 	unnamed Circle: fillColor = 'white'
119.0272 	EXP 	unnamed Circle: fillColor = <class 'numpy.ndarray'>
119.0272 	EXP 	unnamed Circle: fillColor = <class 'numpy.ndarray'>
120.2290 	EXP 	unnamed Circle: fillColor = <class 'numpy.ndarray'>
120.2290 	EXP 	unnamed Circle: fillColor = <class 'numpy.ndarray'>
121.4309 	EXP 	unnamed Circle: fillColor = <class 'numpy.ndarray'>
121.4309 	EXP 	unnamed Circle: fillColor = <class 'numpy.ndarray'>
122.6384 	EXP 	unnamed Circle: fillColor = <class 'numpy.ndarray'>
122.6384 	EXP 	unnamed Circle: radius = 0.135
122.6384 	EXP 	unnamed Circle: fillColor = 'white'
122.6384 	EXP 	unnamed Circle: fillColor = <class 'numpy.ndarray'>
123.8346 	EXP 	unnamed Circle: fillColor = <class 'numpy.ndarray'>
123.8346 	EXP 	unnamed Circle: fillColor = <class 'numpy.ndarray'>
125.0365 	EXP 	unnamed Circle: fillColor = <class 'numpy.ndarray'>
125.0365 	EXP 	unnamed Circle: fillColor = <class 'numpy.ndarray'>
126.2379 	EXP 	unnamed Circle: fillColor = <class 'numpy.ndarray'>
126.2379 	EXP 	unnamed Circle: fillColor = <class 'numpy.ndarray'>
127.4398 	EXP 	unnamed Circle: fillColor = <class 'numpy.ndarray'>
127.4398 	EXP 	unnamed Circle: fillColor = <class 'numpy.ndarray'>
128.6416 	EXP 	unnamed Circle: fillColor = <class 'numpy.ndarray'>
128.6416 	EXP 	unnamed Circle: fillColor = <class 'numpy.ndarray'>
129.8428 	EXP 	unnamed Circle: fillColor = <class 'numpy.ndarray'>
129.8428 	EXP 	unnamed Circle: fillColor = <class 'numpy.ndarray'>
129.8428 	EXP 	unnamed Circle: radius = 0.12150000000000001
129.8428 	EXP 	unnamed Circle: fillColor = 'white'
131.0618 	EXP 	unnamed Circle: fillColor = <class 'numpy.ndarray'>
131.0618 	EXP 	unnamed Circle: fillColor = <class 'numpy.ndarray'>
132.2650 	EXP 	unnamed Circle: fillColor = <class 'numpy.ndarray'>
132.2650 	EXP 	unnamed Circle: fillColor = <class 'numpy.ndarray'>
133.4666 	EXP 	unnamed Circle: fillColor = <class 'numpy.ndarray'>
133.4666 	EXP 	unnamed Circle: fillColor = <class 'numpy.ndarray'>
134.6672 	EXP 	unnamed Circle: fillColor = <class 'numpy.ndarray'>
134.6672 	EXP 	unnamed Circle: fillColor = <class 'numpy.ndarray'>
135.8690 	EXP 	unnamed Circle: fillColor = <class 'numpy.ndarray'>
135.8690 	EXP 	unnamed Circle: fillColor = <class 'numpy.ndarray'>
137.0706 	EXP 	unnamed Circle: fillColor = <class 'numpy.ndarray'>
137.0706 	EXP 	unnamed Circle: fillColor = <class 'numpy.ndarray'>
138.2723 	EXP 	unnamed Circle: fillColor = <class 'numpy.ndarray'>
138.2723 	EXP 	unnamed Circle: fillColor = <class 'numpy.ndarray'>
139.4742 	EXP 	unnamed Circle: fillColor = <class 'numpy.ndarray'>
139.4742 	EXP 	unnamed Circle: fillColor = <class 'numpy.ndarray'>
140.6760 	EXP 	unnamed Circle: fillColor = <class 'numpy.ndarray'>
140.6760 	EXP 	unnamed Circle: fillColor = <class 'numpy.ndarray'>
141.8777 	EXP 	unnamed Circle: fillColor = <class 'numpy.ndarray'>
141.8777 	EXP 	unnamed Circle: fillColor = <class 'numpy.ndarray'>
143.0795 	EXP 	unnamed Circle: fillColor = <class 'numpy.ndarray'>
143.0795 	EXP 	unnamed Circle: fillColor = <class 'numpy.ndarray'>
144.2811 	EXP 	unnamed Circle: fillColor = <class 'numpy.ndarray'>
144.2811 	EXP 	unnamed Circle: fillColor = <class 'numpy.ndarray'>
145.4830 	EXP 	unnamed Circle: fillColor = <class 'numpy.ndarray'>
145.4830 	EXP 	unnamed Circle: fillColor = <class 'numpy.ndarray'>
146.6899 	EXP 	unnamed Circle: fillColor = <class 'numpy.ndarray'>
146.6899 	EXP 	unnamed Circle: fillColor = <class 'numpy.ndarray'>
146.6899 	EXP 	unnamed Circle: radius = 0.10935000000000002
146.6899 	EXP 	unnamed Circle: fillColor = 'white'
147.8868 	EXP 	unnamed Circle: fillColor = <class 'numpy.ndarray'>
147.8868 	EXP 	unnamed Circle: fillColor = <class 'numpy.ndarray'>
149.0883 	EXP 	unnamed Circle: fillColor = <class 'numpy.ndarray'>
149.0883 	EXP 	unnamed Circle: fillColor = <class 'numpy.ndarray'>
150.2901 	EXP 	unnamed Circle: fillColor = <class 'numpy.ndarray'>
150.2901 	EXP 	unnamed Circle: fillColor = <class 'numpy.ndarray'>
151.4990 	EXP 	unnamed Circle: fillColor = <class 'numpy.ndarray'>
151.4990 	EXP 	unnamed Circle: radius = 0.12150000000000001
151.4990 	EXP 	unnamed Circle: fillColor = 'white'
151.4990 	EXP 	unnamed Circle: fillColor = <class 'numpy.ndarray'>
152.7105 	EXP 	unnamed Circle: fillColor = <class 'numpy.ndarray'>
152.7105 	EXP 	unnamed Circle: fillColor = <class 'numpy.ndarray'>
153.9121 	EXP 	unnamed Circle: fillColor = <class 'numpy.ndarray'>
153.9121 	EXP 	unnamed Circle: fillColor = <class 'numpy.ndarray'>
155.1139 	EXP 	unnamed Circle: fillColor = <class 'numpy.ndarray'>
155.1139 	EXP 	unnamed Circle: fillColor = <class 'numpy.ndarray'>
156.3157 	EXP 	unnamed Circle: fillColor = <class 'numpy.ndarray'>
156.3157 	EXP 	unnamed Circle: fillColor = <class 'numpy.ndarray'>
157.5175 	EXP 	unnamed Circle: fillColor = <class 'numpy.ndarray'>
157.5175 	EXP 	unnamed Circle: fillColor = <class 'numpy.ndarray'>
158.7192 	EXP 	unnamed Circle: fillColor = <class 'numpy.ndarray'>
158.7192 	EXP 	unnamed Circle: fillColor = <class 'numpy.ndarray'>
159.9211 	EXP 	unnamed Circle: fillColor = <class 'numpy.ndarray'>
159.9211 	EXP 	unnamed Circle: fillColor = <class 'numpy.ndarray'>
161.1228 	EXP 	unnamed Circle: fillColor = <class 'numpy.ndarray'>
161.1228 	EXP 	unnamed Circle: fillColor = <class 'numpy.ndarray'>
162.3248 	EXP 	unnamed Circle: fillColor = <class 'numpy.ndarray'>
162.3248 	EXP 	unnamed Circle: fillColor = <class 'numpy.ndarray'>
163.5263 	EXP 	unnamed Circle: fillColor = <class 'numpy.ndarray'>
163.5263 	EXP 	unnamed Circle: fillColor = <class 'numpy.ndarray'>
164.7280 	EXP 	unnamed Circle: fillColor = <class 'numpy.ndarray'>
164.7280 	EXP 	unnamed Circle: fillColor = <class 'numpy.ndarray'>
165.9300 	EXP 	unnamed Circle: fillColor = <class 'numpy.ndarray'>
165.9300 	EXP 	unnamed Circle: fillColor = <class 'numpy.ndarray'>
167.1316 	EXP 	unnamed Circle: fillColor = <class 'numpy.ndarray'>
167.1316 	EXP 	unnamed Circle: fillColor = <class 'numpy.ndarray'>
168.3336 	EXP 	unnamed Circle: fillColor = <class 'numpy.ndarray'>
168.3336 	EXP 	unnamed Circle: fillColor = <class 'numpy.ndarray'>
169.5358 	EXP 	unnamed Circle: fillColor = <class 'numpy.ndarray'>
169.5358 	EXP 	unnamed Circle: fillColor = <class 'numpy.ndarray'>
170.7371 	EXP 	unnamed Circle: fillColor = <class 'numpy.ndarray'>
170.7371 	EXP 	unnamed Circle: fillColor = <class 'numpy.ndarray'>
171.9388 	EXP 	unnamed Circle: fillColor = <class 'numpy.ndarray'>
171.9388 	EXP 	unnamed Circle: fillColor = <class 'numpy.ndarray'>
173.1405 	EXP 	unnamed Circle: fillColor = <class 'numpy.ndarray'>
173.1405 	EXP 	unnamed Circle: fillColor = <class 'numpy.ndarray'>
174.3424 	EXP 	unnamed Circle: fillColor = <class 'numpy.ndarray'>
174.3424 	EXP 	unnamed Circle: fillColor = <class 'numpy.ndarray'>
175.5442 	EXP 	unnamed Circle: fillColor = <class 'numpy.ndarray'>
175.5442 	EXP 	unnamed Circle: fillColor = <class 'numpy.ndarray'>
176.7460 	EXP 	unnamed Circle: fillColor = <class 'numpy.ndarray'>
176.7460 	EXP 	unnamed Circle: fillColor = <class 'numpy.ndarray'>
177.9478 	EXP 	unnamed Circle: fillColor = <class 'numpy.ndarray'>
177.9478 	EXP 	unnamed Circle: fillColor = <class 'numpy.ndarray'>
179.1495 	EXP 	unnamed Circle: fillColor = <class 'numpy.ndarray'>
179.1495 	EXP 	unnamed Circle: fillColor = <class 'numpy.ndarray'>
180.3512 	EXP 	unnamed Circle: fillColor = <class 'numpy.ndarray'>
180.3512 	EXP 	unnamed Circle: fillColor = <class 'numpy.ndarray'>
181.5533 	EXP 	unnamed Circle: fillColor = <class 'numpy.ndarray'>
181.5533 	EXP 	unnamed Circle: fillColor = <class 'numpy.ndarray'>
182.7548 	EXP 	unnamed Circle: fillColor = <class 'numpy.ndarray'>
182.7548 	EXP 	unnamed Circle: fillColor = <class 'numpy.ndarray'>
183.9566 	EXP 	unnamed Circle: fillColor = <class 'numpy.ndarray'>
183.9566 	EXP 	unnamed Circle: fillColor = <class 'numpy.ndarray'>
185.1586 	EXP 	unnamed Circle: fillColor = <class 'numpy.ndarray'>
185.1586 	EXP 	unnamed Circle: fillColor = <class 'numpy.ndarray'>
186.3600 	EXP 	unnamed Circle: fillColor = <class 'numpy.ndarray'>
186.3600 	EXP 	unnamed Circle: fillColor = <class 'numpy.ndarray'>
187.5622 	EXP 	unnamed Circle: fillColor = <class 'numpy.ndarray'>
187.5622 	EXP 	unnamed Circle: fillColor = <class 'numpy.ndarray'>
188.7638 	EXP 	unnamed Circle: fillColor = <class 'numpy.ndarray'>
188.7638 	EXP 	unnamed Circle: fillColor = <class 'numpy.ndarray'>
189.9654 	EXP 	unnamed Circle: fillColor = <class 'numpy.ndarray'>
189.9654 	EXP 	unnamed Circle: fillColor = <class 'numpy.ndarray'>
191.1673 	EXP 	unnamed Circle: fillColor = <class 'numpy.ndarray'>
191.1673 	EXP 	unnamed Circle: fillColor = <class 'numpy.ndarray'>
192.3690 	EXP 	unnamed Circle: fillColor = <class 'numpy.ndarray'>
192.3690 	EXP 	unnamed Circle: fillColor = <class 'numpy.ndarray'>
193.5708 	EXP 	unnamed Circle: fillColor = <class 'numpy.ndarray'>
193.5708 	EXP 	unnamed Circle: fillColor = <class 'numpy.ndarray'>
194.7726 	EXP 	unnamed Circle: fillColor = <class 'numpy.ndarray'>
194.7726 	EXP 	unnamed Circle: fillColor = <class 'numpy.ndarray'>
195.9745 	EXP 	unnamed Circle: fillColor = <class 'numpy.ndarray'>
195.9745 	EXP 	unnamed Circle: fillColor = <class 'numpy.ndarray'>
197.1761 	EXP 	unnamed Circle: fillColor = <class 'numpy.ndarray'>
197.1761 	EXP 	unnamed Circle: fillColor = <class 'numpy.ndarray'>
198.3999 	EXP 	text_2: autoDraw = True
198.9687 	EXP 	text_2: autoDraw = False
391.5599 	DATA 	Keypress: 2
391.5663 	EXP 	Created text = TextStim(__class__=<class 'psychopy.visual.text.TextStim'>, alignHoriz=method-wrapper(...), alignText='center', alignVert=method-wrapper(...), anchorHoriz='center', anchorVert='center', antialias=True, autoDraw=False, autoLog=True, bold=False, color=array([1., 1., 1.]), colorSpace='rgb', contrast=1.0, depth=0.0, draggable=False, flipHoriz=False, flipVert=False, font='Arial', fontFiles=[], height=0.06, italic=False, languageStyle='LTR', name='text', opacity=1, ori=0, pos=array([0. , 0.2]), rgb=UNKNOWN, text=str(...), units='norm', win=Window(...), wrapWidth=1.2)
391.6224 	EXP 	Created None = Slider(__class__=<class 'psychopy.visual.slider.Slider'>, autoDraw=False, autoLog=True, borderColor=None, color=None, colorSpace='rgb', depth=0, fillColor=None, flip=False, font='Arial', granularity=1, labelColor=None, labelHeight=0.06, labelWrapWidth=None, labels=('Never', 'Always'), lineColor=None, markerColor=None, name=None, opacity=None, ori=0, pos=array([0., 0.]), readOnly=False, self=UNKNOWN, size=array([0.85, 0.1 ]), startValue=None, style='rating', styleTweaks=[], ticks=array([1, 9]), units='norm', win=Window(...))
391.6351 	EXP 	None: autoLog = True
391.6351 	EXP 	None: styleTweaks = []
391.6351 	EXP 	None: styleTweaks = []
391.6351 	EXP 	None: styleTweaks = []
391.6351 	EXP 	None: styleTweaks = []
391.6351 	EXP 	None: contrast = 1.0
391.6351 	EXP 	None: markerPos = None
391.6351 	EXP 	None: autoLog = True
391.6351 	EXP 	None: markerPos = 5
391.7267 	DATA 	Keypress: 0
391.7358 	EXP 	None: markerPos = 5
391.7416 	EXP 	Created text = TextStim(__class__=<class 'psychopy.visual.text.TextStim'>, alignHoriz=method-wrapper(...), alignText='center', alignVert=method-wrapper(...), anchorHoriz='center', anchorVert='center', antialias=True, autoDraw=False, autoLog=True, bold=False, color=array([1., 1., 1.]), colorSpace='rgb', contrast=1.0, depth=0.0, draggable=False, flipHoriz=False, flipVert=False, font='Arial', fontFiles=[], height=0.06, italic=False, languageStyle='LTR', name='text', opacity=1, ori=0, pos=array([0. , 0.2]), rgb=UNKNOWN, text=str(...), units='norm', win=Window(...), wrapWidth=1.2)
391.7910 	EXP 	Created None = Slider(__class__=<class 'psychopy.visual.slider.Slider'>, autoDraw=False, autoLog=True, borderColor=None, color=None, colorSpace='rgb', depth=0, fillColor=None, flip=False, font='Arial', granularity=1, labelColor=None, labelHeight=0.06, labelWrapWidth=None, labels=('Never', 'All the time'), lineColor=None, markerColor=None, name=None, opacity=None, ori=0, pos=array([0., 0.]), readOnly=False, self=UNKNOWN, size=array([0.85, 0.1 ]), startValue=None, style='rating', styleTweaks=[], ticks=array([1, 9]), units='norm', win=Window(...))
391.8019 	EXP 	None: autoLog = True
391.8019 	EXP 	None: styleTweaks = []
391.8019 	EXP 	None: styleTweaks = []
391.8019 	EXP 	None: styleTweaks = []
391.8019 	EXP 	None: styleTweaks = []
391.8019 	EXP 	None: contrast = 1.0
391.8019 	EXP 	None: markerPos = None
391.8019 	EXP 	None: autoLog = True
391.8019 	EXP 	None: markerPos = 5
391.8487 	DATA 	Keypress: 2
391.8566 	EXP 	None: markerPos = 6
391.9656 	DATA 	Keypress: 0
391.9738 	EXP 	None: markerPos = 6
391.9796 	EXP 	Created text = TextStim(__class__=<class 'psychopy.visual.text.TextStim'>, alignHoriz=method-wrapper(...), alignText='center', alignVert=method-wrapper(...), anchorHoriz='center', anchorVert='center', antialias=True, autoDraw=False, autoLog=True, bold=False, color=array([1., 1., 1.]), colorSpace='rgb', contrast=1.0, depth=0.0, draggable=False, flipHoriz=False, flipVert=False, font='Arial', fontFiles=[], height=0.06, italic=False, languageStyle='LTR', name='text', opacity=1, ori=0, pos=array([0. , 0.2]), rgb=UNKNOWN, text=str(...), units='norm', win=Window(...), wrapWidth=1.2)
392.0246 	EXP 	Created None = Slider(__class__=<class 'psychopy.visual.slider.Slider'>, autoDraw=False, autoLog=True, borderColor=None, color=None, colorSpace='rgb', depth=0, fillColor=None, flip=False, font='Arial', granularity=1, labelColor=None, labelHeight=0.06, labelWrapWidth=None, labels=('Not at all', 'Very Difficult'), lineColor=None, markerColor=None, name=None, opacity=None, ori=0, pos=array([0., 0.]), readOnly=False, self=UNKNOWN, size=array([0.85, 0.1 ]), startValue=None, style='rating', styleTweaks=[], ticks=array([1, 9]), units='norm', win=Window(...))
392.0351 	EXP 	None: autoLog = True
392.0351 	EXP 	None: styleTweaks = []
392.0351 	EXP 	None: styleTweaks = []
392.0351 	EXP 	None: styleTweaks = []
392.0351 	EXP 	None: styleTweaks = []
392.0351 	EXP 	None: contrast = 1.0
392.0351 	EXP 	None: markerPos = None
392.0351 	EXP 	None: autoLog = True
392.0351 	EXP 	None: markerPos = 5
392.0707 	DATA 	Keypress: 2
392.0805 	EXP 	None: markerPos = 6
392.1914 	DATA 	Keypress: 0
392.1992 	EXP 	None: markerPos = 6
392.2050 	EXP 	Created text = TextStim(__class__=<class 'psychopy.visual.text.TextStim'>, alignHoriz=method-wrapper(...), alignText='center', alignVert=method-wrapper(...), anchorHoriz='center', anchorVert='center', antialias=True, autoDraw=False, autoLog=True, bold=False, color=array([1., 1., 1.]), colorSpace='rgb', contrast=1.0, depth=0.0, draggable=False, flipHoriz=False, flipVert=False, font='Arial', fontFiles=[], height=0.06, italic=False, languageStyle='LTR', name='text', opacity=1, ori=0, pos=array([0. , 0.2]), rgb=UNKNOWN, text='How calm do you feel right now?', units='norm', win=Window(...), wrapWidth=1.2)
392.2403 	EXP 	Created None = Slider(__class__=<class 'psychopy.visual.slider.Slider'>, autoDraw=False, autoLog=True, borderColor=None, color=None, colorSpace='rgb', depth=0, fillColor=None, flip=False, font='Arial', granularity=1, labelColor=None, labelHeight=0.06, labelWrapWidth=None, labels=('Not at all', 'Very calm'), lineColor=None, markerColor=None, name=None, opacity=None, ori=0, pos=array([0., 0.]), readOnly=False, self=UNKNOWN, size=array([0.85, 0.1 ]), startValue=None, style='rating', styleTweaks=[], ticks=array([1, 9]), units='norm', win=Window(...))
392.2490 	EXP 	None: autoLog = True
392.2490 	EXP 	None: styleTweaks = []
392.2490 	EXP 	None: styleTweaks = []
392.2490 	EXP 	None: styleTweaks = []
392.2490 	EXP 	None: styleTweaks = []
392.2490 	EXP 	None: contrast = 1.0
392.2490 	EXP 	None: markerPos = None
392.2490 	EXP 	None: autoLog = True
392.2490 	EXP 	None: markerPos = 5
392.2883 	DATA 	Keypress: 2
392.2958 	EXP 	None: markerPos = 6
392.3922 	DATA 	Keypress: 0
392.4005 	EXP 	None: markerPos = 6
392.4926 	DATA 	Keypress: 2
11.8903 	EXP 	DMN_BallTask: status = NOT_STARTED
11.9009 	WARNING 	Requested an unavailable screen number - using first available.
11.9029 	WARNING 	User requested fullscreen with size [1080 1080], but screen is actually [1920, 1200]. Using actual size
12.8950 	EXP 	Created window1 = Window(allowGUI=False, allowStencil=False, autoLog=True, backendConf=UNKNOWN, backgroundFit=<method-wrapper '__getattribute__' of attributeSetter object at 0x000001106E2A88B0>, backgroundImage=<method-wrapper '__getattribute__' of attributeSetter object at 0x000001106E2A8850>, bitsMode=UNKNOWN, blendMode='avg', bpc=(8, 8, 8), color=array([-1, -1, -1]), colorSpace='rgb', depthBits=8, fullscr=True, gamma=None, gammaErrorPolicy='raise', infoMsg=UNKNOWN, lms=UNKNOWN, monitor=<psychopy.monitors.calibTools.Monitor object at 0x0000011073C5F0A0>, multiSample=False, name='window1', numSamples=2, pos=(0, 0), screen=1, size=array([1920, 1200]), stencilBits=0, stereo=False, title='PsychoPy', units='norm', useFBO=True, useRetina=False, viewOri=0.0, viewPos=None, viewScale=None, waitBlanking=True, winType='pyglet')
12.8951 	EXP 	window1: backgroundImage = None
12.8951 	EXP 	window1: backgroundFit = 'cover'
12.8984 	EXP 	window1: Attempting to measure frame rate of screen (1) ...
12.8984 	EXP 	window1: recordFrameIntervals = False
13.0606 	EXP 	window1: recordFrameIntervals = True
13.0807 	DATA 	Keypress: space
13.2446 	EXP 	Screen (1) actual frame rate measured at 59.89Hz
13.2447 	EXP 	window1: recordFrameIntervals = False
13.4703 	EXP 	Created text = TextStim(__class__=<class 'psychopy.visual.text.TextStim'>, alignHoriz=method-wrapper(...), alignText='center', alignVert=method-wrapper(...), anchorHoriz='center', anchorVert='center', antialias=True, autoDraw=False, autoLog=True, bold=False, color=array([1., 1., 1.]), colorSpace='rgb', contrast=1.0, depth=0.0, draggable=False, flipHoriz=False, flipVert=False, font='Arial', fontFiles=[], height=0.06, italic=False, languageStyle='LTR', name='text', opacity=1, ori=0, pos=array([0. , 0.2]), rgb=UNKNOWN, text=str(...), units='norm', win=Window(...), wrapWidth=1.2)
13.4715 	EXP 	Created text = TextStim(__class__=<class 'psychopy.visual.text.TextStim'>, alignHoriz=method-wrapper(...), alignText='center', alignVert=method-wrapper(...), anchorHoriz='center', anchorVert='center', antialias=True, autoDraw=False, autoLog=True, bold=False, color=array([1., 1., 1.]), colorSpace='rgb', contrast=1.0, depth=0.0, draggable=False, flipHoriz=False, flipVert=False, font='Arial', fontFiles=[], height=0.06, italic=False, languageStyle='LTR', name='text', opacity=1, ori=0, pos=array([0., 0.]), rgb=UNKNOWN, text='', units='norm', win=Window(...), wrapWidth=1.2)
13.4796 	EXP 	Created waiting_for_trigger_text = TextStim(__class__=<class 'psychopy.visual.text.TextStim'>, alignHoriz=method-wrapper(...), alignText='center', alignVert=method-wrapper(...), anchorHoriz='center', anchorVert='center', antialias=True, autoDraw=False, autoLog=True, bold=False, color=array([1., 1., 1.]), colorSpace='rgb', contrast=1.0, depth=0.0, draggable=False, flipHoriz=False, flipVert=False, font='Arial', fontFiles=[], height=0.1, italic=False, languageStyle='LTR', name='waiting_for_trigger_text', opacity=1, ori=0, pos=array([0., 0.]), rgb=UNKNOWN, text='waiting for scanner', units='norm', win=Window(...), wrapWidth=2)
13.4865 	EXP 	Created text_2 = TextStim(__class__=<class 'psychopy.visual.text.TextStim'>, alignHoriz=method-wrapper(...), alignText='center', alignVert=method-wrapper(...), anchorHoriz='center', anchorVert='center', antialias=True, autoDraw=False, autoLog=True, bold=False, color=array([1., 1., 1.]), colorSpace='rgb', contrast=1.0, depth=0.0, draggable=False, flipHoriz=False, flipVert=False, font='Arial', fontFiles=[], height=0.3, italic=False, languageStyle='LTR', name='text_2', opacity=1, ori=0, pos=array([0., 0.]), rgb=UNKNOWN, text='+', units='norm', win=Window(...), wrapWidth=1)
13.4928 	EXP 	Created text_relax = TextStim(__class__=<class 'psychopy.visual.text.TextStim'>, alignHoriz=method-wrapper(...), alignText='center', alignVert=method-wrapper(...), anchorHoriz='center', anchorVert='center', antialias=True, autoDraw=False, autoLog=True, bold=False, color=array([1., 1., 1.]), colorSpace='rgb', contrast=1.0, depth=0.0, draggable=False, flipHoriz=False, flipVert=False, font='Arial', fontFiles=[], height=0.07, italic=False, languageStyle='LTR', name='text_relax', opacity=1, ori=0, pos=array([ 0. , -0.2]), rgb=UNKNOWN, text='Relax', units='norm', win=Window(...), wrapWidth=1)
13.4998 	EXP 	Created text_4 = TextStim(__class__=<class 'psychopy.visual.text.TextStim'>, alignHoriz=method-wrapper(...), alignText='center', alignVert=method-wrapper(...), anchorHoriz='center', anchorVert='center', antialias=True, autoDraw=False, autoLog=True, bold=False, color=array([1., 1., 1.]), colorSpace='rgb', contrast=1.0, depth=-3.0, draggable=False, flipHoriz=False, flipVert=False, font='Arial', fontFiles=[], height=0.1, italic=False, languageStyle='LTR', name='text_4', opacity=1, ori=0, pos=array([0., 0.]), rgb=UNKNOWN, text='default text', units='norm', win=Window(...), wrapWidth=1)
13.5281 	EXP 	Created unnamed Circle = Circle(__class__=<class 'psychopy.visual.circle.Circle'>, anchor=('center', 'center'), autoDraw=False, autoLog=True, closeShape=True, color=method-wrapper(...), colorSpace='rgb', contrast=None, depth=0, draggable=False, fillColor=array([0, 0, 0]), fillColorSpace='rgb', fillRGB=array([0, 0, 0]), interpolate=True, lineColor=array([ 1.,  1., -1.]), lineColorSpace='rgb', lineRGB=array([ 1,  1, -1]), lineWidth=3, name='unnamed Circle', opacity=1, ori=0.0, pos=array([0.        , 0.33333333]), size=array([1., 1.]), units='norm', vertices=ndarray(...), win=Window(...), windingRule=None)
13.5515 	EXP 	Created unnamed Circle = Circle(__class__=<class 'psychopy.visual.circle.Circle'>, anchor=('center', 'center'), autoDraw=False, autoLog=True, closeShape=True, color=method-wrapper(...), colorSpace='rgb', contrast=None, depth=0, draggable=False, fillColor=array([0, 0, 0]), fillColorSpace='rgb', fillRGB=array([0, 0, 0]), interpolate=True, lineColor=array([0.35686275, 0.69411765, 0.80392157]), lineColorSpace='rgb', lineRGB=array([0.35686275, 0.69411765, 0.80392157]), lineWidth=3, name='unnamed Circle', opacity=1, ori=0.0, pos=array([ 0.        , -0.33333333]), size=array([1., 1.]), units='norm', vertices=ndarray(...), win=Window(...), windingRule=None)
13.5733 	EXP 	Created unnamed Circle = Circle(__class__=<class 'psychopy.visual.circle.Circle'>, anchor=('center', 'center'), autoDraw=False, autoLog=True, closeShape=True, color=method-wrapper(...), colorSpace='rgb', contrast=None, depth=0, draggable=False, fillColor=array([1, 1, 1]), fillColorSpace='rgb', fillRGB=array([1, 1, 1]), interpolate=True, lineColor=array([1., 1., 1.]), lineColorSpace='rgb', lineRGB=array([1, 1, 1]), lineWidth=1.5, name='unnamed Circle', opacity=1, ori=0.0, pos=array([0., 0.]), size=array([1., 1.]), units='norm', vertices=ndarray(...), win=Window(...), windingRule=None)
13.5937 	EXP 	Created unnamed Circle = Circle(__class__=<class 'psychopy.visual.circle.Circle'>, anchor=('center', 'center'), autoDraw=False, autoLog=True, closeShape=True, color=method-wrapper(...), colorSpace='rgb', contrast=None, depth=0, draggable=False, fillColor=array([1, 1, 1]), fillColorSpace='rgb', fillRGB=array([1, 1, 1]), interpolate=True, lineColor=array([1., 1., 1.]), lineColorSpace='rgb', lineRGB=array([1, 1, 1]), lineWidth=3, name='unnamed Circle', opacity=1, ori=0.0, pos=array([0., 0.]), size=array([1., 1.]), units='norm', vertices=ndarray(...), win=Window(...), windingRule=None)
13.6028 	EXP 	Created instruct_text = TextStim(__class__=<class 'psychopy.visual.text.TextStim'>, alignHoriz=method-wrapper(...), alignText='center', alignVert=method-wrapper(...), anchorHoriz='center', anchorVert='center', antialias=True, autoDraw=False, autoLog=True, bold=False, color=array([1., 1., 1.]), colorSpace='rgb', contrast=1.0, depth=0.0, draggable=False, flipHoriz=False, flipVert=False, font='Arial', fontFiles=[], height=0.06, italic=False, languageStyle='LTR', name='instruct_text', opacity=1, ori=0, pos=array([0., 0.]), rgb=UNKNOWN, text='replace me', units='norm', win=Window(...), wrapWidth=1.2)
13.6080 	EXP 	Created thank_you_end_run_text = TextStim(__class__=<class 'psychopy.visual.text.TextStim'>, alignHoriz=method-wrapper(...), alignText='center', alignVert=method-wrapper(...), anchorHoriz='center', anchorVert='center', antialias=True, autoDraw=False, autoLog=True, bold=False, color=array([1., 1., 1.]), colorSpace='rgb', contrast=1.0, depth=0.0, draggable=False, flipHoriz=False, flipVert=False, font='Arial', fontFiles=[], height=0.1, italic=False, languageStyle='LTR', name='thank_you_end_run_text', opacity=1, ori=0, pos=array([0., 0.]), rgb=UNKNOWN, text='thank you!', units='norm', win=Window(...), wrapWidth=1)
13.6234 	DATA 	Keypress: space
13.6242 	DATA 	Keypress: space
13.6281 	EXP 	instruct_text: height = 0.06
13.6281 	EXP 	instruct_text: height = 0.06
13.6281 	EXP 	instruct_text: height = 0.06
13.6281 	EXP 	instruct_text: text = "Great job! Now, you're going practice Mindful Describing for another 2.5min with more brain feedback from the ball. \n\nWhen the ball moves upwards, that corresponds to the describing practice."
13.6409 	EXP 	instruct_text: height = 0.06
13.6409 	EXP 	instruct_text: height = 0.06
13.6409 	EXP 	instruct_text: height = 0.06
13.6409 	EXP 	instruct_text: text = 'When you see the plus sign (+), just relax.\n\nOnce the circles appear, please start the Describing practice. This scan will last 2.5 min.'
16.2150 	DATA 	Keypress: v
16.8351 	DATA 	Keypress: space
16.8419 	EXP 	waiting_for_trigger_text: autoDraw = True
17.0115 	DATA 	Keypress: space
17.1954 	DATA 	Keypress: space
17.9465 	DATA 	Keypress: 5
17.9622 	EXP 	waiting_for_trigger_text: autoDraw = False
17.9622 	EXP 	text_2: autoDraw = True
17.9622 	EXP 	text_relax: autoDraw = True
47.9722 	EXP 	text_2: autoDraw = False
47.9722 	EXP 	text_relax: autoDraw = False
47.9722 	EXP 	text_2: autoDraw = False
48.1225 	EXP 	unnamed Circle: fillColor = <class 'numpy.ndarray'>
48.1225 	EXP 	unnamed Circle: fillColor = <class 'numpy.ndarray'>
49.3242 	EXP 	unnamed Circle: fillColor = <class 'numpy.ndarray'>
49.3242 	EXP 	unnamed Circle: fillColor = <class 'numpy.ndarray'>
50.5260 	EXP 	unnamed Circle: fillColor = <class 'numpy.ndarray'>
50.5260 	EXP 	unnamed Circle: fillColor = <class 'numpy.ndarray'>
51.7277 	EXP 	unnamed Circle: fillColor = <class 'numpy.ndarray'>
51.7277 	EXP 	unnamed Circle: fillColor = <class 'numpy.ndarray'>
52.9295 	EXP 	unnamed Circle: fillColor = <class 'numpy.ndarray'>
52.9295 	EXP 	unnamed Circle: fillColor = <class 'numpy.ndarray'>
54.1312 	EXP 	unnamed Circle: fillColor = <class 'numpy.ndarray'>
54.1312 	EXP 	unnamed Circle: fillColor = <class 'numpy.ndarray'>
55.3330 	EXP 	unnamed Circle: fillColor = <class 'numpy.ndarray'>
55.3330 	EXP 	unnamed Circle: fillColor = <class 'numpy.ndarray'>
56.5348 	EXP 	unnamed Circle: fillColor = <class 'numpy.ndarray'>
56.5348 	EXP 	unnamed Circle: fillColor = <class 'numpy.ndarray'>
57.7365 	EXP 	unnamed Circle: fillColor = <class 'numpy.ndarray'>
57.7365 	EXP 	unnamed Circle: fillColor = <class 'numpy.ndarray'>
58.9384 	EXP 	unnamed Circle: fillColor = <class 'numpy.ndarray'>
58.9384 	EXP 	unnamed Circle: fillColor = <class 'numpy.ndarray'>
60.1400 	EXP 	unnamed Circle: fillColor = <class 'numpy.ndarray'>
60.1400 	EXP 	unnamed Circle: fillColor = <class 'numpy.ndarray'>
61.3420 	EXP 	unnamed Circle: fillColor = <class 'numpy.ndarray'>
61.3420 	EXP 	unnamed Circle: fillColor = <class 'numpy.ndarray'>
62.5436 	EXP 	unnamed Circle: fillColor = <class 'numpy.ndarray'>
62.5436 	EXP 	unnamed Circle: fillColor = <class 'numpy.ndarray'>
63.7453 	EXP 	unnamed Circle: fillColor = <class 'numpy.ndarray'>
63.7453 	EXP 	unnamed Circle: fillColor = <class 'numpy.ndarray'>
64.9473 	EXP 	unnamed Circle: fillColor = <class 'numpy.ndarray'>
64.9473 	EXP 	unnamed Circle: fillColor = <class 'numpy.ndarray'>
66.1490 	EXP 	unnamed Circle: fillColor = <class 'numpy.ndarray'>
66.1490 	EXP 	unnamed Circle: fillColor = <class 'numpy.ndarray'>
67.3508 	EXP 	unnamed Circle: fillColor = <class 'numpy.ndarray'>
67.3508 	EXP 	unnamed Circle: fillColor = <class 'numpy.ndarray'>
68.5525 	EXP 	unnamed Circle: fillColor = <class 'numpy.ndarray'>
68.5525 	EXP 	unnamed Circle: fillColor = <class 'numpy.ndarray'>
69.7545 	EXP 	unnamed Circle: fillColor = <class 'numpy.ndarray'>
69.7545 	EXP 	unnamed Circle: fillColor = <class 'numpy.ndarray'>
70.9561 	EXP 	unnamed Circle: fillColor = <class 'numpy.ndarray'>
70.9561 	EXP 	unnamed Circle: fillColor = <class 'numpy.ndarray'>
72.1578 	EXP 	unnamed Circle: fillColor = <class 'numpy.ndarray'>
72.1578 	EXP 	unnamed Circle: fillColor = <class 'numpy.ndarray'>
73.3597 	EXP 	unnamed Circle: fillColor = <class 'numpy.ndarray'>
73.3597 	EXP 	unnamed Circle: fillColor = <class 'numpy.ndarray'>
74.5615 	EXP 	unnamed Circle: fillColor = <class 'numpy.ndarray'>
74.5615 	EXP 	unnamed Circle: fillColor = <class 'numpy.ndarray'>
75.7633 	EXP 	unnamed Circle: fillColor = <class 'numpy.ndarray'>
75.7633 	EXP 	unnamed Circle: fillColor = <class 'numpy.ndarray'>
76.9650 	EXP 	unnamed Circle: fillColor = <class 'numpy.ndarray'>
76.9650 	EXP 	unnamed Circle: fillColor = <class 'numpy.ndarray'>
78.1666 	EXP 	unnamed Circle: fillColor = <class 'numpy.ndarray'>
78.1666 	EXP 	unnamed Circle: fillColor = <class 'numpy.ndarray'>
79.3686 	EXP 	unnamed Circle: fillColor = <class 'numpy.ndarray'>
79.3686 	EXP 	unnamed Circle: fillColor = <class 'numpy.ndarray'>
80.5703 	EXP 	unnamed Circle: fillColor = <class 'numpy.ndarray'>
80.5703 	EXP 	unnamed Circle: fillColor = <class 'numpy.ndarray'>
81.7721 	EXP 	unnamed Circle: fillColor = <class 'numpy.ndarray'>
81.7721 	EXP 	unnamed Circle: fillColor = <class 'numpy.ndarray'>
82.9739 	EXP 	unnamed Circle: fillColor = <class 'numpy.ndarray'>
82.9739 	EXP 	unnamed Circle: fillColor = <class 'numpy.ndarray'>
84.1758 	EXP 	unnamed Circle: fillColor = <class 'numpy.ndarray'>
84.1758 	EXP 	unnamed Circle: fillColor = <class 'numpy.ndarray'>
85.3774 	EXP 	unnamed Circle: fillColor = <class 'numpy.ndarray'>
85.3774 	EXP 	unnamed Circle: fillColor = <class 'numpy.ndarray'>
86.5791 	EXP 	unnamed Circle: fillColor = <class 'numpy.ndarray'>
86.5791 	EXP 	unnamed Circle: fillColor = <class 'numpy.ndarray'>
87.7811 	EXP 	unnamed Circle: fillColor = <class 'numpy.ndarray'>
87.7811 	EXP 	unnamed Circle: fillColor = <class 'numpy.ndarray'>
88.9827 	EXP 	unnamed Circle: fillColor = <class 'numpy.ndarray'>
88.9827 	EXP 	unnamed Circle: fillColor = <class 'numpy.ndarray'>
90.1846 	EXP 	unnamed Circle: fillColor = <class 'numpy.ndarray'>
90.1846 	EXP 	unnamed Circle: fillColor = <class 'numpy.ndarray'>
91.3863 	EXP 	unnamed Circle: fillColor = <class 'numpy.ndarray'>
91.3863 	EXP 	unnamed Circle: fillColor = <class 'numpy.ndarray'>
92.5880 	EXP 	unnamed Circle: fillColor = <class 'numpy.ndarray'>
92.5880 	EXP 	unnamed Circle: fillColor = <class 'numpy.ndarray'>
93.7899 	EXP 	unnamed Circle: fillColor = <class 'numpy.ndarray'>
93.7899 	EXP 	unnamed Circle: fillColor = <class 'numpy.ndarray'>
94.9917 	EXP 	unnamed Circle: fillColor = <class 'numpy.ndarray'>
94.9917 	EXP 	unnamed Circle: fillColor = <class 'numpy.ndarray'>
96.1936 	EXP 	unnamed Circle: fillColor = <class 'numpy.ndarray'>
96.1936 	EXP 	unnamed Circle: fillColor = <class 'numpy.ndarray'>
97.3952 	EXP 	unnamed Circle: fillColor = <class 'numpy.ndarray'>
97.3952 	EXP 	unnamed Circle: fillColor = <class 'numpy.ndarray'>
98.5972 	EXP 	unnamed Circle: fillColor = <class 'numpy.ndarray'>
98.5972 	EXP 	unnamed Circle: fillColor = <class 'numpy.ndarray'>
99.7988 	EXP 	unnamed Circle: fillColor = <class 'numpy.ndarray'>
99.7988 	EXP 	unnamed Circle: fillColor = <class 'numpy.ndarray'>
101.0005 	EXP 	unnamed Circle: fillColor = <class 'numpy.ndarray'>
101.0005 	EXP 	unnamed Circle: fillColor = <class 'numpy.ndarray'>
102.2023 	EXP 	unnamed Circle: fillColor = <class 'numpy.ndarray'>
102.2023 	EXP 	unnamed Circle: fillColor = <class 'numpy.ndarray'>
103.4040 	EXP 	unnamed Circle: fillColor = <class 'numpy.ndarray'>
103.4040 	EXP 	unnamed Circle: fillColor = <class 'numpy.ndarray'>
104.6059 	EXP 	unnamed Circle: fillColor = <class 'numpy.ndarray'>
104.6059 	EXP 	unnamed Circle: fillColor = <class 'numpy.ndarray'>
105.8076 	EXP 	unnamed Circle: fillColor = <class 'numpy.ndarray'>
105.8076 	EXP 	unnamed Circle: fillColor = <class 'numpy.ndarray'>
107.0093 	EXP 	unnamed Circle: fillColor = <class 'numpy.ndarray'>
107.0093 	EXP 	unnamed Circle: fillColor = <class 'numpy.ndarray'>
108.2112 	EXP 	unnamed Circle: fillColor = <class 'numpy.ndarray'>
108.2112 	EXP 	unnamed Circle: fillColor = <class 'numpy.ndarray'>
109.4128 	EXP 	unnamed Circle: fillColor = <class 'numpy.ndarray'>
109.4128 	EXP 	unnamed Circle: fillColor = <class 'numpy.ndarray'>
110.6148 	EXP 	unnamed Circle: fillColor = <class 'numpy.ndarray'>
110.6148 	EXP 	unnamed Circle: fillColor = <class 'numpy.ndarray'>
111.8167 	EXP 	unnamed Circle: fillColor = <class 'numpy.ndarray'>
111.8167 	EXP 	unnamed Circle: fillColor = <class 'numpy.ndarray'>
113.0184 	EXP 	unnamed Circle: fillColor = <class 'numpy.ndarray'>
113.0184 	EXP 	unnamed Circle: fillColor = <class 'numpy.ndarray'>
114.2200 	EXP 	unnamed Circle: fillColor = <class 'numpy.ndarray'>
114.2200 	EXP 	unnamed Circle: fillColor = <class 'numpy.ndarray'>
115.4221 	EXP 	unnamed Circle: fillColor = <class 'numpy.ndarray'>
115.4221 	EXP 	unnamed Circle: fillColor = <class 'numpy.ndarray'>
116.6236 	EXP 	unnamed Circle: fillColor = <class 'numpy.ndarray'>
116.6236 	EXP 	unnamed Circle: fillColor = <class 'numpy.ndarray'>
117.8268 	EXP 	unnamed Circle: fillColor = <class 'numpy.ndarray'>
117.8268 	EXP 	unnamed Circle: fillColor = <class 'numpy.ndarray'>
117.8268 	EXP 	unnamed Circle: radius = 0.135
117.8268 	EXP 	unnamed Circle: fillColor = 'white'
119.0272 	EXP 	unnamed Circle: fillColor = <class 'numpy.ndarray'>
119.0272 	EXP 	unnamed Circle: fillColor = <class 'numpy.ndarray'>
120.2290 	EXP 	unnamed Circle: fillColor = <class 'numpy.ndarray'>
120.2290 	EXP 	unnamed Circle: fillColor = <class 'numpy.ndarray'>
121.4309 	EXP 	unnamed Circle: fillColor = <class 'numpy.ndarray'>
121.4309 	EXP 	unnamed Circle: fillColor = <class 'numpy.ndarray'>
122.6384 	EXP 	unnamed Circle: fillColor = <class 'numpy.ndarray'>
122.6384 	EXP 	unnamed Circle: radius = 0.135
122.6384 	EXP 	unnamed Circle: fillColor = 'white'
122.6384 	EXP 	unnamed Circle: fillColor = <class 'numpy.ndarray'>
123.8346 	EXP 	unnamed Circle: fillColor = <class 'numpy.ndarray'>
123.8346 	EXP 	unnamed Circle: fillColor = <class 'numpy.ndarray'>
125.0365 	EXP 	unnamed Circle: fillColor = <class 'numpy.ndarray'>
125.0365 	EXP 	unnamed Circle: fillColor = <class 'numpy.ndarray'>
126.2379 	EXP 	unnamed Circle: fillColor = <class 'numpy.ndarray'>
126.2379 	EXP 	unnamed Circle: fillColor = <class 'numpy.ndarray'>
127.4398 	EXP 	unnamed Circle: fillColor = <class 'numpy.ndarray'>
127.4398 	EXP 	unnamed Circle: fillColor = <class 'numpy.ndarray'>
128.6416 	EXP 	unnamed Circle: fillColor = <class 'numpy.ndarray'>
128.6416 	EXP 	unnamed Circle: fillColor = <class 'numpy.ndarray'>
129.8428 	EXP 	unnamed Circle: fillColor = <class 'numpy.ndarray'>
129.8428 	EXP 	unnamed Circle: fillColor = <class 'numpy.ndarray'>
129.8428 	EXP 	unnamed Circle: radius = 0.12150000000000001
129.8428 	EXP 	unnamed Circle: fillColor = 'white'
131.0618 	EXP 	unnamed Circle: fillColor = <class 'numpy.ndarray'>
131.0618 	EXP 	unnamed Circle: fillColor = <class 'numpy.ndarray'>
132.2650 	EXP 	unnamed Circle: fillColor = <class 'numpy.ndarray'>
132.2650 	EXP 	unnamed Circle: fillColor = <class 'numpy.ndarray'>
133.4666 	EXP 	unnamed Circle: fillColor = <class 'numpy.ndarray'>
133.4666 	EXP 	unnamed Circle: fillColor = <class 'numpy.ndarray'>
134.6672 	EXP 	unnamed Circle: fillColor = <class 'numpy.ndarray'>
134.6672 	EXP 	unnamed Circle: fillColor = <class 'numpy.ndarray'>
135.8690 	EXP 	unnamed Circle: fillColor = <class 'numpy.ndarray'>
135.8690 	EXP 	unnamed Circle: fillColor = <class 'numpy.ndarray'>
137.0706 	EXP 	unnamed Circle: fillColor = <class 'numpy.ndarray'>
137.0706 	EXP 	unnamed Circle: fillColor = <class 'numpy.ndarray'>
138.2723 	EXP 	unnamed Circle: fillColor = <class 'numpy.ndarray'>
138.2723 	EXP 	unnamed Circle: fillColor = <class 'numpy.ndarray'>
139.4742 	EXP 	unnamed Circle: fillColor = <class 'numpy.ndarray'>
139.4742 	EXP 	unnamed Circle: fillColor = <class 'numpy.ndarray'>
140.6760 	EXP 	unnamed Circle: fillColor = <class 'numpy.ndarray'>
140.6760 	EXP 	unnamed Circle: fillColor = <class 'numpy.ndarray'>
141.8777 	EXP 	unnamed Circle: fillColor = <class 'numpy.ndarray'>
141.8777 	EXP 	unnamed Circle: fillColor = <class 'numpy.ndarray'>
143.0795 	EXP 	unnamed Circle: fillColor = <class 'numpy.ndarray'>
143.0795 	EXP 	unnamed Circle: fillColor = <class 'numpy.ndarray'>
144.2811 	EXP 	unnamed Circle: fillColor = <class 'numpy.ndarray'>
144.2811 	EXP 	unnamed Circle: fillColor = <class 'numpy.ndarray'>
145.4830 	EXP 	unnamed Circle: fillColor = <class 'numpy.ndarray'>
145.4830 	EXP 	unnamed Circle: fillColor = <class 'numpy.ndarray'>
146.6899 	EXP 	unnamed Circle: fillColor = <class 'numpy.ndarray'>
146.6899 	EXP 	unnamed Circle: fillColor = <class 'numpy.ndarray'>
146.6899 	EXP 	unnamed Circle: radius = 0.10935000000000002
146.6899 	EXP 	unnamed Circle: fillColor = 'white'
147.8868 	EXP 	unnamed Circle: fillColor = <class 'numpy.ndarray'>
147.8868 	EXP 	unnamed Circle: fillColor = <class 'numpy.ndarray'>
149.0883 	EXP 	unnamed Circle: fillColor = <class 'numpy.ndarray'>
149.0883 	EXP 	unnamed Circle: fillColor = <class 'numpy.ndarray'>
150.2901 	EXP 	unnamed Circle: fillColor = <class 'numpy.ndarray'>
150.2901 	EXP 	unnamed Circle: fillColor = <class 'numpy.ndarray'>
151.4990 	EXP 	unnamed Circle: fillColor = <class 'numpy.ndarray'>
151.4990 	EXP 	unnamed Circle: radius = 0.12150000000000001
151.4990 	EXP 	unnamed Circle: fillColor = 'white'
151.4990 	EXP 	unnamed Circle: fillColor = <class 'numpy.ndarray'>
152.7105 	EXP 	unnamed Circle: fillColor = <class 'numpy.ndarray'>
152.7105 	EXP 	unnamed Circle: fillColor = <class 'numpy.ndarray'>
153.9121 	EXP 	unnamed Circle: fillColor = <class 'numpy.ndarray'>
153.9121 	EXP 	unnamed Circle: fillColor = <class 'numpy.ndarray'>
155.1139 	EXP 	unnamed Circle: fillColor = <class 'numpy.ndarray'>
155.1139 	EXP 	unnamed Circle: fillColor = <class 'numpy.ndarray'>
156.3157 	EXP 	unnamed Circle: fillColor = <class 'numpy.ndarray'>
156.3157 	EXP 	unnamed Circle: fillColor = <class 'numpy.ndarray'>
157.5175 	EXP 	unnamed Circle: fillColor = <class 'numpy.ndarray'>
157.5175 	EXP 	unnamed Circle: fillColor = <class 'numpy.ndarray'>
158.7192 	EXP 	unnamed Circle: fillColor = <class 'numpy.ndarray'>
158.7192 	EXP 	unnamed Circle: fillColor = <class 'numpy.ndarray'>
159.9211 	EXP 	unnamed Circle: fillColor = <class 'numpy.ndarray'>
159.9211 	EXP 	unnamed Circle: fillColor = <class 'numpy.ndarray'>
161.1228 	EXP 	unnamed Circle: fillColor = <class 'numpy.ndarray'>
161.1228 	EXP 	unnamed Circle: fillColor = <class 'numpy.ndarray'>
162.3248 	EXP 	unnamed Circle: fillColor = <class 'numpy.ndarray'>
162.3248 	EXP 	unnamed Circle: fillColor = <class 'numpy.ndarray'>
163.5263 	EXP 	unnamed Circle: fillColor = <class 'numpy.ndarray'>
163.5263 	EXP 	unnamed Circle: fillColor = <class 'numpy.ndarray'>
164.7280 	EXP 	unnamed Circle: fillColor = <class 'numpy.ndarray'>
164.7280 	EXP 	unnamed Circle: fillColor = <class 'numpy.ndarray'>
165.9300 	EXP 	unnamed Circle: fillColor = <class 'numpy.ndarray'>
165.9300 	EXP 	unnamed Circle: fillColor = <class 'numpy.ndarray'>
167.1316 	EXP 	unnamed Circle: fillColor = <class 'numpy.ndarray'>
167.1316 	EXP 	unnamed Circle: fillColor = <class 'numpy.ndarray'>
168.3336 	EXP 	unnamed Circle: fillColor = <class 'numpy.ndarray'>
168.3336 	EXP 	unnamed Circle: fillColor = <class 'numpy.ndarray'>
169.5358 	EXP 	unnamed Circle: fillColor = <class 'numpy.ndarray'>
169.5358 	EXP 	unnamed Circle: fillColor = <class 'numpy.ndarray'>
170.7371 	EXP 	unnamed Circle: fillColor = <class 'numpy.ndarray'>
170.7371 	EXP 	unnamed Circle: fillColor = <class 'numpy.ndarray'>
171.9388 	EXP 	unnamed Circle: fillColor = <class 'numpy.ndarray'>
171.9388 	EXP 	unnamed Circle: fillColor = <class 'numpy.ndarray'>
173.1405 	EXP 	unnamed Circle: fillColor = <class 'numpy.ndarray'>
173.1405 	EXP 	unnamed Circle: fillColor = <class 'numpy.ndarray'>
174.3424 	EXP 	unnamed Circle: fillColor = <class 'numpy.ndarray'>
174.3424 	EXP 	unnamed Circle: fillColor = <class 'numpy.ndarray'>
175.5442 	EXP 	unnamed Circle: fillColor = <class 'numpy.ndarray'>
175.5442 	EXP 	unnamed Circle: fillColor = <class 'numpy.ndarray'>
176.7460 	EXP 	unnamed Circle: fillColor = <class 'numpy.ndarray'>
176.7460 	EXP 	unnamed Circle: fillColor = <class 'numpy.ndarray'>
177.9478 	EXP 	unnamed Circle: fillColor = <class 'numpy.ndarray'>
177.9478 	EXP 	unnamed Circle: fillColor = <class 'numpy.ndarray'>
179.1495 	EXP 	unnamed Circle: fillColor = <class 'numpy.ndarray'>
179.1495 	EXP 	unnamed Circle: fillColor = <class 'numpy.ndarray'>
180.3512 	EXP 	unnamed Circle: fillColor = <class 'numpy.ndarray'>
180.3512 	EXP 	unnamed Circle: fillColor = <class 'numpy.ndarray'>
181.5533 	EXP 	unnamed Circle: fillColor = <class 'numpy.ndarray'>
181.5533 	EXP 	unnamed Circle: fillColor = <class 'numpy.ndarray'>
182.7548 	EXP 	unnamed Circle: fillColor = <class 'numpy.ndarray'>
182.7548 	EXP 	unnamed Circle: fillColor = <class 'numpy.ndarray'>
183.9566 	EXP 	unnamed Circle: fillColor = <class 'numpy.ndarray'>
183.9566 	EXP 	unnamed Circle: fillColor = <class 'numpy.ndarray'>
185.1586 	EXP 	unnamed Circle: fillColor = <class 'numpy.ndarray'>
185.1586 	EXP 	unnamed Circle: fillColor = <class 'numpy.ndarray'>
186.3600 	EXP 	unnamed Circle: fillColor = <class 'numpy.ndarray'>
186.3600 	EXP 	unnamed Circle: fillColor = <class 'numpy.ndarray'>
187.5622 	EXP 	unnamed Circle: fillColor = <class 'numpy.ndarray'>
187.5622 	EXP 	unnamed Circle: fillColor = <class 'numpy.ndarray'>
188.7638 	EXP 	unnamed Circle: fillColor = <class 'numpy.ndarray'>
188.7638 	EXP 	unnamed Circle: fillColor = <class 'numpy.ndarray'>
189.9654 	EXP 	unnamed Circle: fillColor = <class 'numpy.ndarray'>
189.9654 	EXP 	unnamed Circle: fillColor = <class 'numpy.ndarray'>
191.1673 	EXP 	unnamed Circle: fillColor = <class 'numpy.ndarray'>
191.1673 	EXP 	unnamed Circle: fillColor = <class 'numpy.ndarray'>
192.3690 	EXP 	unnamed Circle: fillColor = <class 'numpy.ndarray'>
192.3690 	EXP 	unnamed Circle: fillColor = <class 'numpy.ndarray'>
193.5708 	EXP 	unnamed Circle: fillColor = <class 'numpy.ndarray'>
193.5708 	EXP 	unnamed Circle: fillColor = <class 'numpy.ndarray'>
194.7726 	EXP 	unnamed Circle: fillColor = <class 'numpy.ndarray'>
194.7726 	EXP 	unnamed Circle: fillColor = <class 'numpy.ndarray'>
195.9745 	EXP 	unnamed Circle: fillColor = <class 'numpy.ndarray'>
195.9745 	EXP 	unnamed Circle: fillColor = <class 'numpy.ndarray'>
197.1761 	EXP 	unnamed Circle: fillColor = <class 'numpy.ndarray'>
197.1761 	EXP 	unnamed Circle: fillColor = <class 'numpy.ndarray'>
198.3999 	EXP 	text_2: autoDraw = True
198.9687 	EXP 	text_2: autoDraw = False
391.5599 	DATA 	Keypress: 2
391.5663 	EXP 	Created text = TextStim(__class__=<class 'psychopy.visual.text.TextStim'>, alignHoriz=method-wrapper(...), alignText='center', alignVert=method-wrapper(...), anchorHoriz='center', anchorVert='center', antialias=True, autoDraw=False, autoLog=True, bold=False, color=array([1., 1., 1.]), colorSpace='rgb', contrast=1.0, depth=0.0, draggable=False, flipHoriz=False, flipVert=False, font='Arial', fontFiles=[], height=0.06, italic=False, languageStyle='LTR', name='text', opacity=1, ori=0, pos=array([0. , 0.2]), rgb=UNKNOWN, text=str(...), units='norm', win=Window(...), wrapWidth=1.2)
391.6224 	EXP 	Created None = Slider(__class__=<class 'psychopy.visual.slider.Slider'>, autoDraw=False, autoLog=True, borderColor=None, color=None, colorSpace='rgb', depth=0, fillColor=None, flip=False, font='Arial', granularity=1, labelColor=None, labelHeight=0.06, labelWrapWidth=None, labels=('Never', 'Always'), lineColor=None, markerColor=None, name=None, opacity=None, ori=0, pos=array([0., 0.]), readOnly=False, self=UNKNOWN, size=array([0.85, 0.1 ]), startValue=None, style='rating', styleTweaks=[], ticks=array([1, 9]), units='norm', win=Window(...))
391.6351 	EXP 	None: autoLog = True
391.6351 	EXP 	None: styleTweaks = []
391.6351 	EXP 	None: styleTweaks = []
391.6351 	EXP 	None: styleTweaks = []
391.6351 	EXP 	None: styleTweaks = []
391.6351 	EXP 	None: contrast = 1.0
391.6351 	EXP 	None: markerPos = None
391.6351 	EXP 	None: autoLog = True
391.6351 	EXP 	None: markerPos = 5
391.7267 	DATA 	Keypress: 0
391.7358 	EXP 	None: markerPos = 5
391.7416 	EXP 	Created text = TextStim(__class__=<class 'psychopy.visual.text.TextStim'>, alignHoriz=method-wrapper(...), alignText='center', alignVert=method-wrapper(...), anchorHoriz='center', anchorVert='center', antialias=True, autoDraw=False, autoLog=True, bold=False, color=array([1., 1., 1.]), colorSpace='rgb', contrast=1.0, depth=0.0, draggable=False, flipHoriz=False, flipVert=False, font='Arial', fontFiles=[], height=0.06, italic=False, languageStyle='LTR', name='text', opacity=1, ori=0, pos=array([0. , 0.2]), rgb=UNKNOWN, text=str(...), units='norm', win=Window(...), wrapWidth=1.2)
391.7910 	EXP 	Created None = Slider(__class__=<class 'psychopy.visual.slider.Slider'>, autoDraw=False, autoLog=True, borderColor=None, color=None, colorSpace='rgb', depth=0, fillColor=None, flip=False, font='Arial', granularity=1, labelColor=None, labelHeight=0.06, labelWrapWidth=None, labels=('Never', 'All the time'), lineColor=None, markerColor=None, name=None, opacity=None, ori=0, pos=array([0., 0.]), readOnly=False, self=UNKNOWN, size=array([0.85, 0.1 ]), startValue=None, style='rating', styleTweaks=[], ticks=array([1, 9]), units='norm', win=Window(...))
391.8019 	EXP 	None: autoLog = True
391.8019 	EXP 	None: styleTweaks = []
391.8019 	EXP 	None: styleTweaks = []
391.8019 	EXP 	None: styleTweaks = []
391.8019 	EXP 	None: styleTweaks = []
391.8019 	EXP 	None: contrast = 1.0
391.8019 	EXP 	None: markerPos = None
391.8019 	EXP 	None: autoLog = True
391.8019 	EXP 	None: markerPos = 5
391.8487 	DATA 	Keypress: 2
391.8566 	EXP 	None: markerPos = 6
391.9656 	DATA 	Keypress: 0
391.9738 	EXP 	None: markerPos = 6
391.9796 	EXP 	Created text = TextStim(__class__=<class 'psychopy.visual.text.TextStim'>, alignHoriz=method-wrapper(...), alignText='center', alignVert=method-wrapper(...), anchorHoriz='center', anchorVert='center', antialias=True, autoDraw=False, autoLog=True, bold=False, color=array([1., 1., 1.]), colorSpace='rgb', contrast=1.0, depth=0.0, draggable=False, flipHoriz=False, flipVert=False, font='Arial', fontFiles=[], height=0.06, italic=False, languageStyle='LTR', name='text', opacity=1, ori=0, pos=array([0. , 0.2]), rgb=UNKNOWN, text=str(...), units='norm', win=Window(...), wrapWidth=1.2)
392.0246 	EXP 	Created None = Slider(__class__=<class 'psychopy.visual.slider.Slider'>, autoDraw=False, autoLog=True, borderColor=None, color=None, colorSpace='rgb', depth=0, fillColor=None, flip=False, font='Arial', granularity=1, labelColor=None, labelHeight=0.06, labelWrapWidth=None, labels=('Not at all', 'Very Difficult'), lineColor=None, markerColor=None, name=None, opacity=None, ori=0, pos=array([0., 0.]), readOnly=False, self=UNKNOWN, size=array([0.85, 0.1 ]), startValue=None, style='rating', styleTweaks=[], ticks=array([1, 9]), units='norm', win=Window(...))
392.0351 	EXP 	None: autoLog = True
392.0351 	EXP 	None: styleTweaks = []
392.0351 	EXP 	None: styleTweaks = []
392.0351 	EXP 	None: styleTweaks = []
392.0351 	EXP 	None: styleTweaks = []
392.0351 	EXP 	None: contrast = 1.0
392.0351 	EXP 	None: markerPos = None
392.0351 	EXP 	None: autoLog = True
392.0351 	EXP 	None: markerPos = 5
392.0707 	DATA 	Keypress: 2
392.0805 	EXP 	None: markerPos = 6
392.1914 	DATA 	Keypress: 0
392.1992 	EXP 	None: markerPos = 6
392.2050 	EXP 	Created text = TextStim(__class__=<class 'psychopy.visual.text.TextStim'>, alignHoriz=method-wrapper(...), alignText='center', alignVert=method-wrapper(...), anchorHoriz='center', anchorVert='center', antialias=True, autoDraw=False, autoLog=True, bold=False, color=array([1., 1., 1.]), colorSpace='rgb', contrast=1.0, depth=0.0, draggable=False, flipHoriz=False, flipVert=False, font='Arial', fontFiles=[], height=0.06, italic=False, languageStyle='LTR', name='text', opacity=1, ori=0, pos=array([0. , 0.2]), rgb=UNKNOWN, text='How calm do you feel right now?', units='norm', win=Window(...), wrapWidth=1.2)
392.2403 	EXP 	Created None = Slider(__class__=<class 'psychopy.visual.slider.Slider'>, autoDraw=False, autoLog=True, borderColor=None, color=None, colorSpace='rgb', depth=0, fillColor=None, flip=False, font='Arial', granularity=1, labelColor=None, labelHeight=0.06, labelWrapWidth=None, labels=('Not at all', 'Very calm'), lineColor=None, markerColor=None, name=None, opacity=None, ori=0, pos=array([0., 0.]), readOnly=False, self=UNKNOWN, size=array([0.85, 0.1 ]), startValue=None, style='rating', styleTweaks=[], ticks=array([1, 9]), units='norm', win=Window(...))
392.2490 	EXP 	None: autoLog = True
392.2490 	EXP 	None: styleTweaks = []
392.2490 	EXP 	None: styleTweaks = []
392.2490 	EXP 	None: styleTweaks = []
392.2490 	EXP 	None: styleTweaks = []
392.2490 	EXP 	None: contrast = 1.0
392.2490 	EXP 	None: markerPos = None
392.2490 	EXP 	None: autoLog = True
392.2490 	EXP 	None: markerPos = 5
392.2883 	DATA 	Keypress: 2
392.2958 	EXP 	None: markerPos = 6
392.3922 	DATA 	Keypress: 0
392.4005 	EXP 	None: markerPos = 6
392.4926 	DATA 	Keypress: 2
