12.2947 	EXP 	DMN_BallTask: status = NOT_STARTED
12.2980 	WARNING 	Requested an unavailable screen number - using first available.
12.2992 	WARNING 	User requested fullscreen with size [1080 1080], but screen is actually [1920, 1200]. Using actual size
13.1788 	EXP 	Created window1 = Window(allowGUI=False, allowStencil=False, autoLog=True, backendConf=UNKNOWN, backgroundFit=<method-wrapper '__getattribute__' of attributeSetter object at 0x00000266705C88B0>, backgroundImage=<method-wrapper '__getattribute__' of attributeSetter object at 0x00000266705C8850>, bitsMode=UNKNOWN, blendMode='avg', bpc=(8, 8, 8), color=array([-1, -1, -1]), colorSpace='rgb', depthBits=8, fullscr=True, gamma=None, gammaErrorPolicy='raise', infoMsg=UNKNOWN, lms=UNKNOWN, monitor=<psychopy.monitors.calibTools.Monitor object at 0x0000026675B50A90>, multiSample=False, name='window1', numSamples=2, pos=(0, 0), screen=1, size=array([1920, 1200]), stencilBits=0, stereo=False, title='PsychoPy', units='norm', useFBO=True, useRetina=False, viewOri=0.0, viewPos=None, viewScale=None, waitBlanking=True, winType='pyglet')
13.1789 	EXP 	window1: backgroundImage = None
13.1789 	EXP 	window1: backgroundFit = 'cover'
13.1810 	EXP 	window1: Attempting to measure frame rate of screen (1) ...
13.1810 	EXP 	window1: recordFrameIntervals = False
13.3441 	EXP 	window1: recordFrameIntervals = True
13.5280 	EXP 	Screen (1) actual frame rate measured at 59.94Hz
13.5280 	EXP 	window1: recordFrameIntervals = False
13.5786 	EXP 	Created text = TextStim(__class__=<class 'psychopy.visual.text.TextStim'>, alignHoriz=method-wrapper(...), alignText='center', alignVert=method-wrapper(...), anchorHoriz='center', anchorVert='center', antialias=True, autoDraw=False, autoLog=True, bold=False, color=array([1., 1., 1.]), colorSpace='rgb', contrast=1.0, depth=0.0, draggable=False, flipHoriz=False, flipVert=False, font='Arial', fontFiles=[], height=0.06, italic=False, languageStyle='LTR', name='text', opacity=1, ori=0, pos=array([0. , 0.2]), rgb=UNKNOWN, text=str(...), units='norm', win=Window(...), wrapWidth=1.2)
13.5794 	EXP 	Created text = TextStim(__class__=<class 'psychopy.visual.text.TextStim'>, alignHoriz=method-wrapper(...), alignText='center', alignVert=method-wrapper(...), anchorHoriz='center', anchorVert='center', antialias=True, autoDraw=False, autoLog=True, bold=False, color=array([1., 1., 1.]), colorSpace='rgb', contrast=1.0, depth=0.0, draggable=False, flipHoriz=False, flipVert=False, font='Arial', fontFiles=[], height=0.06, italic=False, languageStyle='LTR', name='text', opacity=1, ori=0, pos=array([0., 0.]), rgb=UNKNOWN, text='', units='norm', win=Window(...), wrapWidth=1.2)
13.5851 	EXP 	Created waiting_for_trigger_text = TextStim(__class__=<class 'psychopy.visual.text.TextStim'>, alignHoriz=method-wrapper(...), alignText='center', alignVert=method-wrapper(...), anchorHoriz='center', anchorVert='center', antialias=True, autoDraw=False, autoLog=True, bold=False, color=array([1., 1., 1.]), colorSpace='rgb', contrast=1.0, depth=0.0, draggable=False, flipHoriz=False, flipVert=False, font='Arial', fontFiles=[], height=0.1, italic=False, languageStyle='LTR', name='waiting_for_trigger_text', opacity=1, ori=0, pos=array([0., 0.]), rgb=UNKNOWN, text='waiting for scanner', units='norm', win=Window(...), wrapWidth=2)
13.5896 	EXP 	Created text_2 = TextStim(__class__=<class 'psychopy.visual.text.TextStim'>, alignHoriz=method-wrapper(...), alignText='center', alignVert=method-wrapper(...), anchorHoriz='center', anchorVert='center', antialias=True, autoDraw=False, autoLog=True, bold=False, color=array([1., 1., 1.]), colorSpace='rgb', contrast=1.0, depth=0.0, draggable=False, flipHoriz=False, flipVert=False, font='Arial', fontFiles=[], height=0.3, italic=False, languageStyle='LTR', name='text_2', opacity=1, ori=0, pos=array([0., 0.]), rgb=UNKNOWN, text='+', units='norm', win=Window(...), wrapWidth=1)
13.5935 	EXP 	Created text_relax = TextStim(__class__=<class 'psychopy.visual.text.TextStim'>, alignHoriz=method-wrapper(...), alignText='center', alignVert=method-wrapper(...), anchorHoriz='center', anchorVert='center', antialias=True, autoDraw=False, autoLog=True, bold=False, color=array([1., 1., 1.]), colorSpace='rgb', contrast=1.0, depth=0.0, draggable=False, flipHoriz=False, flipVert=False, font='Arial', fontFiles=[], height=0.07, italic=False, languageStyle='LTR', name='text_relax', opacity=1, ori=0, pos=array([ 0. , -0.2]), rgb=UNKNOWN, text='Relax', units='norm', win=Window(...), wrapWidth=1)
13.5980 	EXP 	Created text_4 = TextStim(__class__=<class 'psychopy.visual.text.TextStim'>, alignHoriz=method-wrapper(...), alignText='center', alignVert=method-wrapper(...), anchorHoriz='center', anchorVert='center', antialias=True, autoDraw=False, autoLog=True, bold=False, color=array([1., 1., 1.]), colorSpace='rgb', contrast=1.0, depth=-3.0, draggable=False, flipHoriz=False, flipVert=False, font='Arial', fontFiles=[], height=0.1, italic=False, languageStyle='LTR', name='text_4', opacity=1, ori=0, pos=array([0., 0.]), rgb=UNKNOWN, text='default text', units='norm', win=Window(...), wrapWidth=1)
13.6175 	EXP 	Created unnamed Circle = Circle(__class__=<class 'psychopy.visual.circle.Circle'>, anchor=('center', 'center'), autoDraw=False, autoLog=True, closeShape=True, color=method-wrapper(...), colorSpace='rgb', contrast=None, depth=0, draggable=False, fillColor=array([0, 0, 0]), fillColorSpace='rgb', fillRGB=array([0, 0, 0]), interpolate=True, lineColor=array([ 1.,  1., -1.]), lineColorSpace='rgb', lineRGB=array([ 1,  1, -1]), lineWidth=3, name='unnamed Circle', opacity=1, ori=0.0, pos=array([0.        , 0.33333333]), size=array([1., 1.]), units='norm', vertices=ndarray(...), win=Window(...), windingRule=None)
13.6320 	EXP 	Created unnamed Circle = Circle(__class__=<class 'psychopy.visual.circle.Circle'>, anchor=('center', 'center'), autoDraw=False, autoLog=True, closeShape=True, color=method-wrapper(...), colorSpace='rgb', contrast=None, depth=0, draggable=False, fillColor=array([0, 0, 0]), fillColorSpace='rgb', fillRGB=array([0, 0, 0]), interpolate=True, lineColor=array([0.35686275, 0.69411765, 0.80392157]), lineColorSpace='rgb', lineRGB=array([0.35686275, 0.69411765, 0.80392157]), lineWidth=3, name='unnamed Circle', opacity=1, ori=0.0, pos=array([ 0.        , -0.33333333]), size=array([1., 1.]), units='norm', vertices=ndarray(...), win=Window(...), windingRule=None)
13.6453 	EXP 	Created unnamed Circle = Circle(__class__=<class 'psychopy.visual.circle.Circle'>, anchor=('center', 'center'), autoDraw=False, autoLog=True, closeShape=True, color=method-wrapper(...), colorSpace='rgb', contrast=None, depth=0, draggable=False, fillColor=array([1, 1, 1]), fillColorSpace='rgb', fillRGB=array([1, 1, 1]), interpolate=True, lineColor=array([1., 1., 1.]), lineColorSpace='rgb', lineRGB=array([1, 1, 1]), lineWidth=1.5, name='unnamed Circle', opacity=1, ori=0.0, pos=array([0., 0.]), size=array([1., 1.]), units='norm', vertices=ndarray(...), win=Window(...), windingRule=None)
13.6586 	EXP 	Created unnamed Circle = Circle(__class__=<class 'psychopy.visual.circle.Circle'>, anchor=('center', 'center'), autoDraw=False, autoLog=True, closeShape=True, color=method-wrapper(...), colorSpace='rgb', contrast=None, depth=0, draggable=False, fillColor=array([1, 1, 1]), fillColorSpace='rgb', fillRGB=array([1, 1, 1]), interpolate=True, lineColor=array([1., 1., 1.]), lineColorSpace='rgb', lineRGB=array([1, 1, 1]), lineWidth=3, name='unnamed Circle', opacity=1, ori=0.0, pos=array([0., 0.]), size=array([1., 1.]), units='norm', vertices=ndarray(...), win=Window(...), windingRule=None)
13.6635 	EXP 	Created instruct_text = TextStim(__class__=<class 'psychopy.visual.text.TextStim'>, alignHoriz=method-wrapper(...), alignText='center', alignVert=method-wrapper(...), anchorHoriz='center', anchorVert='center', antialias=True, autoDraw=False, autoLog=True, bold=False, color=array([1., 1., 1.]), colorSpace='rgb', contrast=1.0, depth=0.0, draggable=False, flipHoriz=False, flipVert=False, font='Arial', fontFiles=[], height=0.06, italic=False, languageStyle='LTR', name='instruct_text', opacity=1, ori=0, pos=array([0., 0.]), rgb=UNKNOWN, text='replace me', units='norm', win=Window(...), wrapWidth=1.2)
13.6670 	EXP 	Created thank_you_end_run_text = TextStim(__class__=<class 'psychopy.visual.text.TextStim'>, alignHoriz=method-wrapper(...), alignText='center', alignVert=method-wrapper(...), anchorHoriz='center', anchorVert='center', antialias=True, autoDraw=False, autoLog=True, bold=False, color=array([1., 1., 1.]), colorSpace='rgb', contrast=1.0, depth=0.0, draggable=False, flipHoriz=False, flipVert=False, font='Arial', fontFiles=[], height=0.1, italic=False, languageStyle='LTR', name='thank_you_end_run_text', opacity=1, ori=0, pos=array([0., 0.]), rgb=UNKNOWN, text='thank you!', units='norm', win=Window(...), wrapWidth=1)
13.6842 	EXP 	instruct_text: height = 0.06
13.6842 	EXP 	instruct_text: height = 0.06
13.6842 	EXP 	instruct_text: height = 0.06
13.6842 	EXP 	instruct_text: text = "Great job! Now, you'll get to try moving the ball with your mindful describing practice! \n\nYou will see the 2 circles and white ball again. When the white ball moves up towards the top yellow circle, this means you are in a mindful brain state with your describing practice. \nIf the ball reaches either of the circles, it will move back to the center."
14.0048 	DATA 	Keypress: space
14.0130 	EXP 	instruct_text: height = 0.06
14.0130 	EXP 	instruct_text: height = 0.06
14.0130 	EXP 	instruct_text: height = 0.06
14.0130 	EXP 	instruct_text: text = 'When you see the plus sign (+), just relax.\n\nOnce the circles appear, please start the Describing practice. This scan will last 2.5 min.'
14.1840 	DATA 	Keypress: space
14.1892 	EXP 	waiting_for_trigger_text: autoDraw = True
14.3129 	DATA 	Keypress: space
15.1475 	DATA 	Keypress: 5
15.1641 	EXP 	waiting_for_trigger_text: autoDraw = False
15.1641 	EXP 	text_2: autoDraw = True
15.1641 	EXP 	text_relax: autoDraw = True
45.1884 	EXP 	text_2: autoDraw = False
45.1884 	EXP 	text_relax: autoDraw = False
45.1884 	EXP 	text_2: autoDraw = False
45.4745 	EXP 	unnamed Circle: fillColor = <class 'numpy.ndarray'>
45.4745 	EXP 	unnamed Circle: fillColor = <class 'numpy.ndarray'>
46.6778 	EXP 	unnamed Circle: fillColor = <class 'numpy.ndarray'>
46.6778 	EXP 	unnamed Circle: fillColor = <class 'numpy.ndarray'>
47.8789 	EXP 	unnamed Circle: fillColor = <class 'numpy.ndarray'>
47.8789 	EXP 	unnamed Circle: fillColor = <class 'numpy.ndarray'>
49.0816 	EXP 	unnamed Circle: fillColor = <class 'numpy.ndarray'>
49.0816 	EXP 	unnamed Circle: fillColor = <class 'numpy.ndarray'>
50.2817 	EXP 	unnamed Circle: fillColor = <class 'numpy.ndarray'>
50.2817 	EXP 	unnamed Circle: fillColor = <class 'numpy.ndarray'>
51.4834 	EXP 	unnamed Circle: fillColor = <class 'numpy.ndarray'>
51.4834 	EXP 	unnamed Circle: fillColor = <class 'numpy.ndarray'>
52.6868 	EXP 	unnamed Circle: fillColor = <class 'numpy.ndarray'>
52.6868 	EXP 	unnamed Circle: fillColor = <class 'numpy.ndarray'>
53.8870 	EXP 	unnamed Circle: fillColor = <class 'numpy.ndarray'>
53.8870 	EXP 	unnamed Circle: fillColor = <class 'numpy.ndarray'>
55.0901 	EXP 	unnamed Circle: fillColor = <class 'numpy.ndarray'>
55.0901 	EXP 	unnamed Circle: fillColor = <class 'numpy.ndarray'>
56.2906 	EXP 	unnamed Circle: fillColor = <class 'numpy.ndarray'>
56.2906 	EXP 	unnamed Circle: fillColor = <class 'numpy.ndarray'>
57.4938 	EXP 	unnamed Circle: fillColor = <class 'numpy.ndarray'>
57.4938 	EXP 	unnamed Circle: fillColor = <class 'numpy.ndarray'>
58.6952 	EXP 	unnamed Circle: fillColor = <class 'numpy.ndarray'>
58.6952 	EXP 	unnamed Circle: fillColor = <class 'numpy.ndarray'>
59.8980 	EXP 	unnamed Circle: fillColor = <class 'numpy.ndarray'>
59.8980 	EXP 	unnamed Circle: fillColor = <class 'numpy.ndarray'>
61.0978 	EXP 	unnamed Circle: fillColor = <class 'numpy.ndarray'>
61.0978 	EXP 	unnamed Circle: fillColor = <class 'numpy.ndarray'>
62.2994 	EXP 	unnamed Circle: fillColor = <class 'numpy.ndarray'>
62.2994 	EXP 	unnamed Circle: fillColor = <class 'numpy.ndarray'>
62.2994 	EXP 	unnamed Circle: radius = 0.135
62.2994 	EXP 	unnamed Circle: fillColor = 'white'
63.5011 	EXP 	unnamed Circle: fillColor = <class 'numpy.ndarray'>
63.5011 	EXP 	unnamed Circle: fillColor = <class 'numpy.ndarray'>
64.7044 	EXP 	unnamed Circle: fillColor = <class 'numpy.ndarray'>
64.7044 	EXP 	unnamed Circle: fillColor = <class 'numpy.ndarray'>
65.9049 	EXP 	unnamed Circle: fillColor = <class 'numpy.ndarray'>
65.9049 	EXP 	unnamed Circle: fillColor = <class 'numpy.ndarray'>
67.1066 	EXP 	unnamed Circle: fillColor = <class 'numpy.ndarray'>
67.1066 	EXP 	unnamed Circle: fillColor = <class 'numpy.ndarray'>
68.3102 	EXP 	unnamed Circle: fillColor = <class 'numpy.ndarray'>
68.3102 	EXP 	unnamed Circle: fillColor = <class 'numpy.ndarray'>
69.5111 	EXP 	unnamed Circle: fillColor = <class 'numpy.ndarray'>
69.5111 	EXP 	unnamed Circle: fillColor = <class 'numpy.ndarray'>
70.7130 	EXP 	unnamed Circle: fillColor = <class 'numpy.ndarray'>
70.7130 	EXP 	unnamed Circle: fillColor = <class 'numpy.ndarray'>
71.9150 	EXP 	unnamed Circle: fillColor = <class 'numpy.ndarray'>
71.9150 	EXP 	unnamed Circle: fillColor = <class 'numpy.ndarray'>
73.1165 	EXP 	unnamed Circle: fillColor = <class 'numpy.ndarray'>
73.1165 	EXP 	unnamed Circle: fillColor = <class 'numpy.ndarray'>
74.3184 	EXP 	unnamed Circle: fillColor = <class 'numpy.ndarray'>
74.3184 	EXP 	unnamed Circle: fillColor = <class 'numpy.ndarray'>
75.5199 	EXP 	unnamed Circle: fillColor = <class 'numpy.ndarray'>
75.5199 	EXP 	unnamed Circle: fillColor = <class 'numpy.ndarray'>
76.7220 	EXP 	unnamed Circle: fillColor = <class 'numpy.ndarray'>
76.7220 	EXP 	unnamed Circle: fillColor = <class 'numpy.ndarray'>
77.9238 	EXP 	unnamed Circle: fillColor = <class 'numpy.ndarray'>
77.9238 	EXP 	unnamed Circle: fillColor = <class 'numpy.ndarray'>
79.1253 	EXP 	unnamed Circle: fillColor = <class 'numpy.ndarray'>
79.1253 	EXP 	unnamed Circle: fillColor = <class 'numpy.ndarray'>
80.3273 	EXP 	unnamed Circle: fillColor = <class 'numpy.ndarray'>
80.3273 	EXP 	unnamed Circle: fillColor = <class 'numpy.ndarray'>
81.5288 	EXP 	unnamed Circle: fillColor = <class 'numpy.ndarray'>
81.5288 	EXP 	unnamed Circle: fillColor = <class 'numpy.ndarray'>
82.7293 	EXP 	unnamed Circle: fillColor = <class 'numpy.ndarray'>
82.7293 	EXP 	unnamed Circle: radius = 0.135
82.7293 	EXP 	unnamed Circle: fillColor = 'white'
82.7293 	EXP 	unnamed Circle: fillColor = <class 'numpy.ndarray'>
83.9315 	EXP 	unnamed Circle: fillColor = <class 'numpy.ndarray'>
83.9315 	EXP 	unnamed Circle: fillColor = <class 'numpy.ndarray'>
85.1333 	EXP 	unnamed Circle: fillColor = <class 'numpy.ndarray'>
85.1333 	EXP 	unnamed Circle: fillColor = <class 'numpy.ndarray'>
86.3363 	EXP 	unnamed Circle: fillColor = <class 'numpy.ndarray'>
86.3363 	EXP 	unnamed Circle: fillColor = <class 'numpy.ndarray'>
87.5377 	EXP 	unnamed Circle: fillColor = <class 'numpy.ndarray'>
87.5377 	EXP 	unnamed Circle: fillColor = <class 'numpy.ndarray'>
88.7395 	EXP 	unnamed Circle: fillColor = <class 'numpy.ndarray'>
88.7395 	EXP 	unnamed Circle: fillColor = <class 'numpy.ndarray'>
89.9413 	EXP 	unnamed Circle: fillColor = <class 'numpy.ndarray'>
89.9413 	EXP 	unnamed Circle: fillColor = <class 'numpy.ndarray'>
89.9413 	EXP 	unnamed Circle: radius = 0.12150000000000001
89.9413 	EXP 	unnamed Circle: fillColor = 'white'
91.1430 	EXP 	unnamed Circle: fillColor = <class 'numpy.ndarray'>
91.1430 	EXP 	unnamed Circle: fillColor = <class 'numpy.ndarray'>
91.1430 	EXP 	unnamed Circle: radius = 0.10935000000000002
91.1430 	EXP 	unnamed Circle: fillColor = 'white'
92.3450 	EXP 	unnamed Circle: fillColor = <class 'numpy.ndarray'>
92.3450 	EXP 	unnamed Circle: fillColor = <class 'numpy.ndarray'>
93.5466 	EXP 	unnamed Circle: fillColor = <class 'numpy.ndarray'>
93.5466 	EXP 	unnamed Circle: fillColor = <class 'numpy.ndarray'>
94.7485 	EXP 	unnamed Circle: fillColor = <class 'numpy.ndarray'>
94.7485 	EXP 	unnamed Circle: fillColor = <class 'numpy.ndarray'>
95.9501 	EXP 	unnamed Circle: fillColor = <class 'numpy.ndarray'>
95.9501 	EXP 	unnamed Circle: fillColor = <class 'numpy.ndarray'>
97.1520 	EXP 	unnamed Circle: fillColor = <class 'numpy.ndarray'>
97.1520 	EXP 	unnamed Circle: fillColor = <class 'numpy.ndarray'>
97.1520 	EXP 	unnamed Circle: radius = 0.09841500000000002
97.1520 	EXP 	unnamed Circle: fillColor = 'white'
98.3540 	EXP 	unnamed Circle: fillColor = <class 'numpy.ndarray'>
98.3540 	EXP 	unnamed Circle: fillColor = <class 'numpy.ndarray'>
99.5555 	EXP 	unnamed Circle: fillColor = <class 'numpy.ndarray'>
99.5555 	EXP 	unnamed Circle: fillColor = <class 'numpy.ndarray'>
100.7573 	EXP 	unnamed Circle: fillColor = <class 'numpy.ndarray'>
100.7573 	EXP 	unnamed Circle: fillColor = <class 'numpy.ndarray'>
101.9592 	EXP 	unnamed Circle: fillColor = <class 'numpy.ndarray'>
101.9592 	EXP 	unnamed Circle: fillColor = <class 'numpy.ndarray'>
103.1611 	EXP 	unnamed Circle: fillColor = <class 'numpy.ndarray'>
103.1611 	EXP 	unnamed Circle: fillColor = <class 'numpy.ndarray'>
104.3626 	EXP 	unnamed Circle: fillColor = <class 'numpy.ndarray'>
104.3626 	EXP 	unnamed Circle: fillColor = <class 'numpy.ndarray'>
105.5644 	EXP 	unnamed Circle: fillColor = <class 'numpy.ndarray'>
105.5644 	EXP 	unnamed Circle: fillColor = <class 'numpy.ndarray'>
106.7663 	EXP 	unnamed Circle: fillColor = <class 'numpy.ndarray'>
106.7663 	EXP 	unnamed Circle: fillColor = <class 'numpy.ndarray'>
107.9679 	EXP 	unnamed Circle: fillColor = <class 'numpy.ndarray'>
107.9679 	EXP 	unnamed Circle: fillColor = <class 'numpy.ndarray'>
109.1699 	EXP 	unnamed Circle: fillColor = <class 'numpy.ndarray'>
109.1699 	EXP 	unnamed Circle: fillColor = <class 'numpy.ndarray'>
109.1699 	EXP 	unnamed Circle: radius = 0.08857350000000001
109.1699 	EXP 	unnamed Circle: fillColor = 'white'
110.3706 	EXP 	unnamed Circle: fillColor = <class 'numpy.ndarray'>
110.3706 	EXP 	unnamed Circle: fillColor = <class 'numpy.ndarray'>
111.5739 	EXP 	unnamed Circle: fillColor = <class 'numpy.ndarray'>
111.5739 	EXP 	unnamed Circle: fillColor = <class 'numpy.ndarray'>
112.7742 	EXP 	unnamed Circle: fillColor = <class 'numpy.ndarray'>
112.7742 	EXP 	unnamed Circle: fillColor = <class 'numpy.ndarray'>
113.9768 	EXP 	unnamed Circle: fillColor = <class 'numpy.ndarray'>
113.9768 	EXP 	unnamed Circle: fillColor = <class 'numpy.ndarray'>
115.1773 	EXP 	unnamed Circle: fillColor = <class 'numpy.ndarray'>
115.1773 	EXP 	unnamed Circle: fillColor = <class 'numpy.ndarray'>
115.1773 	EXP 	unnamed Circle: radius = 0.07971615000000001
115.1773 	EXP 	unnamed Circle: fillColor = 'white'
116.3815 	EXP 	unnamed Circle: fillColor = <class 'numpy.ndarray'>
116.3815 	EXP 	unnamed Circle: fillColor = <class 'numpy.ndarray'>
117.5827 	EXP 	unnamed Circle: fillColor = <class 'numpy.ndarray'>
117.5827 	EXP 	unnamed Circle: fillColor = <class 'numpy.ndarray'>
118.7831 	EXP 	unnamed Circle: fillColor = <class 'numpy.ndarray'>
118.7831 	EXP 	unnamed Circle: fillColor = <class 'numpy.ndarray'>
119.9847 	EXP 	unnamed Circle: fillColor = <class 'numpy.ndarray'>
119.9847 	EXP 	unnamed Circle: fillColor = <class 'numpy.ndarray'>
121.1867 	EXP 	unnamed Circle: fillColor = <class 'numpy.ndarray'>
121.1867 	EXP 	unnamed Circle: fillColor = <class 'numpy.ndarray'>
122.3902 	EXP 	unnamed Circle: fillColor = <class 'numpy.ndarray'>
122.3902 	EXP 	unnamed Circle: fillColor = <class 'numpy.ndarray'>
123.5912 	EXP 	unnamed Circle: fillColor = <class 'numpy.ndarray'>
123.5912 	EXP 	unnamed Circle: fillColor = <class 'numpy.ndarray'>
124.7928 	EXP 	unnamed Circle: fillColor = <class 'numpy.ndarray'>
124.7928 	EXP 	unnamed Circle: fillColor = <class 'numpy.ndarray'>
125.9947 	EXP 	unnamed Circle: fillColor = <class 'numpy.ndarray'>
125.9947 	EXP 	unnamed Circle: fillColor = <class 'numpy.ndarray'>
127.1963 	EXP 	unnamed Circle: fillColor = <class 'numpy.ndarray'>
127.1963 	EXP 	unnamed Circle: fillColor = <class 'numpy.ndarray'>
128.3984 	EXP 	unnamed Circle: fillColor = <class 'numpy.ndarray'>
128.3984 	EXP 	unnamed Circle: fillColor = <class 'numpy.ndarray'>
129.5999 	EXP 	unnamed Circle: fillColor = <class 'numpy.ndarray'>
129.5999 	EXP 	unnamed Circle: fillColor = <class 'numpy.ndarray'>
130.8017 	EXP 	unnamed Circle: fillColor = <class 'numpy.ndarray'>
130.8017 	EXP 	unnamed Circle: fillColor = <class 'numpy.ndarray'>
132.0036 	EXP 	unnamed Circle: fillColor = <class 'numpy.ndarray'>
132.0036 	EXP 	unnamed Circle: fillColor = <class 'numpy.ndarray'>
133.2054 	EXP 	unnamed Circle: fillColor = <class 'numpy.ndarray'>
133.2054 	EXP 	unnamed Circle: fillColor = <class 'numpy.ndarray'>
134.4072 	EXP 	unnamed Circle: fillColor = <class 'numpy.ndarray'>
134.4072 	EXP 	unnamed Circle: fillColor = <class 'numpy.ndarray'>
135.6079 	EXP 	unnamed Circle: fillColor = <class 'numpy.ndarray'>
135.6079 	EXP 	unnamed Circle: radius = 0.12150000000000001
135.6079 	EXP 	unnamed Circle: fillColor = 'white'
135.6079 	EXP 	unnamed Circle: fillColor = <class 'numpy.ndarray'>
136.8281 	EXP 	unnamed Circle: fillColor = <class 'numpy.ndarray'>
136.8281 	EXP 	unnamed Circle: fillColor = <class 'numpy.ndarray'>
138.0281 	EXP 	unnamed Circle: fillColor = <class 'numpy.ndarray'>
138.0281 	EXP 	unnamed Circle: fillColor = <class 'numpy.ndarray'>
139.2300 	EXP 	unnamed Circle: fillColor = <class 'numpy.ndarray'>
139.2300 	EXP 	unnamed Circle: fillColor = <class 'numpy.ndarray'>
140.4317 	EXP 	unnamed Circle: fillColor = <class 'numpy.ndarray'>
140.4317 	EXP 	unnamed Circle: fillColor = <class 'numpy.ndarray'>
141.6335 	EXP 	unnamed Circle: fillColor = <class 'numpy.ndarray'>
141.6335 	EXP 	unnamed Circle: fillColor = <class 'numpy.ndarray'>
142.8370 	EXP 	unnamed Circle: fillColor = <class 'numpy.ndarray'>
142.8370 	EXP 	unnamed Circle: fillColor = <class 'numpy.ndarray'>
144.0380 	EXP 	unnamed Circle: fillColor = <class 'numpy.ndarray'>
144.0380 	EXP 	unnamed Circle: fillColor = <class 'numpy.ndarray'>
145.2399 	EXP 	unnamed Circle: fillColor = <class 'numpy.ndarray'>
145.2399 	EXP 	unnamed Circle: fillColor = <class 'numpy.ndarray'>
146.4401 	EXP 	unnamed Circle: fillColor = <class 'numpy.ndarray'>
146.4401 	EXP 	unnamed Circle: fillColor = <class 'numpy.ndarray'>
146.4401 	EXP 	unnamed Circle: radius = 0.07174453500000001
146.4401 	EXP 	unnamed Circle: fillColor = 'white'
147.6433 	EXP 	unnamed Circle: fillColor = <class 'numpy.ndarray'>
147.6433 	EXP 	unnamed Circle: fillColor = <class 'numpy.ndarray'>
148.8441 	EXP 	unnamed Circle: fillColor = <class 'numpy.ndarray'>
148.8441 	EXP 	unnamed Circle: fillColor = <class 'numpy.ndarray'>
150.0468 	EXP 	unnamed Circle: fillColor = <class 'numpy.ndarray'>
150.0468 	EXP 	unnamed Circle: fillColor = <class 'numpy.ndarray'>
151.2476 	EXP 	unnamed Circle: fillColor = <class 'numpy.ndarray'>
151.2476 	EXP 	unnamed Circle: radius = 0.10935000000000002
151.2476 	EXP 	unnamed Circle: fillColor = 'white'
151.2476 	EXP 	unnamed Circle: fillColor = <class 'numpy.ndarray'>
152.4676 	EXP 	unnamed Circle: fillColor = <class 'numpy.ndarray'>
152.4676 	EXP 	unnamed Circle: fillColor = <class 'numpy.ndarray'>
153.6681 	EXP 	unnamed Circle: fillColor = <class 'numpy.ndarray'>
153.6681 	EXP 	unnamed Circle: fillColor = <class 'numpy.ndarray'>
154.8716 	EXP 	unnamed Circle: fillColor = <class 'numpy.ndarray'>
154.8716 	EXP 	unnamed Circle: fillColor = <class 'numpy.ndarray'>
156.0732 	EXP 	unnamed Circle: fillColor = <class 'numpy.ndarray'>
156.0732 	EXP 	unnamed Circle: fillColor = <class 'numpy.ndarray'>
157.2743 	EXP 	unnamed Circle: fillColor = <class 'numpy.ndarray'>
157.2743 	EXP 	unnamed Circle: fillColor = <class 'numpy.ndarray'>
158.4760 	EXP 	unnamed Circle: fillColor = <class 'numpy.ndarray'>
158.4760 	EXP 	unnamed Circle: fillColor = <class 'numpy.ndarray'>
159.6779 	EXP 	unnamed Circle: fillColor = <class 'numpy.ndarray'>
159.6779 	EXP 	unnamed Circle: fillColor = <class 'numpy.ndarray'>
160.8798 	EXP 	unnamed Circle: fillColor = <class 'numpy.ndarray'>
160.8798 	EXP 	unnamed Circle: fillColor = <class 'numpy.ndarray'>
162.0806 	EXP 	unnamed Circle: fillColor = <class 'numpy.ndarray'>
162.0806 	EXP 	unnamed Circle: radius = 0.09841500000000002
162.0806 	EXP 	unnamed Circle: fillColor = 'white'
162.0806 	EXP 	unnamed Circle: fillColor = <class 'numpy.ndarray'>
163.2838 	EXP 	unnamed Circle: fillColor = <class 'numpy.ndarray'>
163.2838 	EXP 	unnamed Circle: fillColor = <class 'numpy.ndarray'>
164.4852 	EXP 	unnamed Circle: fillColor = <class 'numpy.ndarray'>
164.4852 	EXP 	unnamed Circle: fillColor = <class 'numpy.ndarray'>
165.6875 	EXP 	unnamed Circle: fillColor = <class 'numpy.ndarray'>
165.6875 	EXP 	unnamed Circle: fillColor = <class 'numpy.ndarray'>
166.8874 	EXP 	unnamed Circle: fillColor = <class 'numpy.ndarray'>
166.8874 	EXP 	unnamed Circle: fillColor = <class 'numpy.ndarray'>
168.0913 	EXP 	unnamed Circle: fillColor = <class 'numpy.ndarray'>
168.0913 	EXP 	unnamed Circle: fillColor = <class 'numpy.ndarray'>
169.2922 	EXP 	unnamed Circle: fillColor = <class 'numpy.ndarray'>
169.2922 	EXP 	unnamed Circle: fillColor = <class 'numpy.ndarray'>
170.4940 	EXP 	unnamed Circle: fillColor = <class 'numpy.ndarray'>
170.4940 	EXP 	unnamed Circle: fillColor = <class 'numpy.ndarray'>
171.6956 	EXP 	unnamed Circle: fillColor = <class 'numpy.ndarray'>
171.6956 	EXP 	unnamed Circle: fillColor = <class 'numpy.ndarray'>
172.8973 	EXP 	unnamed Circle: fillColor = <class 'numpy.ndarray'>
172.8973 	EXP 	unnamed Circle: fillColor = <class 'numpy.ndarray'>
174.0994 	EXP 	unnamed Circle: fillColor = <class 'numpy.ndarray'>
174.0994 	EXP 	unnamed Circle: fillColor = <class 'numpy.ndarray'>
174.0994 	EXP 	unnamed Circle: radius = 0.06457008150000002
174.0994 	EXP 	unnamed Circle: fillColor = 'white'
175.3011 	EXP 	unnamed Circle: fillColor = <class 'numpy.ndarray'>
175.3011 	EXP 	unnamed Circle: fillColor = <class 'numpy.ndarray'>
176.5026 	EXP 	unnamed Circle: fillColor = <class 'numpy.ndarray'>
176.5026 	EXP 	unnamed Circle: fillColor = <class 'numpy.ndarray'>
177.7046 	EXP 	unnamed Circle: fillColor = <class 'numpy.ndarray'>
177.7046 	EXP 	unnamed Circle: fillColor = <class 'numpy.ndarray'>
178.9063 	EXP 	unnamed Circle: fillColor = <class 'numpy.ndarray'>
178.9063 	EXP 	unnamed Circle: fillColor = <class 'numpy.ndarray'>
180.1083 	EXP 	unnamed Circle: fillColor = <class 'numpy.ndarray'>
180.1083 	EXP 	unnamed Circle: fillColor = <class 'numpy.ndarray'>
181.3098 	EXP 	unnamed Circle: fillColor = <class 'numpy.ndarray'>
181.3098 	EXP 	unnamed Circle: fillColor = <class 'numpy.ndarray'>
182.5116 	EXP 	unnamed Circle: fillColor = <class 'numpy.ndarray'>
182.5116 	EXP 	unnamed Circle: fillColor = <class 'numpy.ndarray'>
183.7135 	EXP 	unnamed Circle: fillColor = <class 'numpy.ndarray'>
183.7135 	EXP 	unnamed Circle: fillColor = <class 'numpy.ndarray'>
184.9152 	EXP 	unnamed Circle: fillColor = <class 'numpy.ndarray'>
184.9152 	EXP 	unnamed Circle: fillColor = <class 'numpy.ndarray'>
186.1170 	EXP 	unnamed Circle: fillColor = <class 'numpy.ndarray'>
186.1170 	EXP 	unnamed Circle: fillColor = <class 'numpy.ndarray'>
187.3186 	EXP 	unnamed Circle: fillColor = <class 'numpy.ndarray'>
187.3186 	EXP 	unnamed Circle: fillColor = <class 'numpy.ndarray'>
188.5204 	EXP 	unnamed Circle: fillColor = <class 'numpy.ndarray'>
188.5204 	EXP 	unnamed Circle: fillColor = <class 'numpy.ndarray'>
189.7222 	EXP 	unnamed Circle: fillColor = <class 'numpy.ndarray'>
189.7222 	EXP 	unnamed Circle: fillColor = <class 'numpy.ndarray'>
190.9240 	EXP 	unnamed Circle: fillColor = <class 'numpy.ndarray'>
190.9240 	EXP 	unnamed Circle: fillColor = <class 'numpy.ndarray'>
192.1260 	EXP 	unnamed Circle: fillColor = <class 'numpy.ndarray'>
192.1260 	EXP 	unnamed Circle: fillColor = <class 'numpy.ndarray'>
193.3275 	EXP 	unnamed Circle: fillColor = <class 'numpy.ndarray'>
193.3275 	EXP 	unnamed Circle: fillColor = <class 'numpy.ndarray'>
194.5282 	EXP 	unnamed Circle: fillColor = <class 'numpy.ndarray'>
194.5282 	EXP 	unnamed Circle: radius = 0.08857350000000001
194.5282 	EXP 	unnamed Circle: fillColor = 'white'
194.5282 	EXP 	unnamed Circle: fillColor = <class 'numpy.ndarray'>
195.5463 	EXP 	text_2: autoDraw = True
196.1750 	EXP 	text_2: autoDraw = False
198.2182 	DATA 	Keypress: 3
198.5025 	DATA 	Keypress: 4
199.5560 	DATA 	Keypress: 1
199.5619 	EXP 	Created text = TextStim(__class__=<class 'psychopy.visual.text.TextStim'>, alignHoriz=method-wrapper(...), alignText='center', alignVert=method-wrapper(...), anchorHoriz='center', anchorVert='center', antialias=True, autoDraw=False, autoLog=True, bold=False, color=array([1., 1., 1.]), colorSpace='rgb', contrast=1.0, depth=0.0, draggable=False, flipHoriz=False, flipVert=False, font='Arial', fontFiles=[], height=0.06, italic=False, languageStyle='LTR', name='text', opacity=1, ori=0, pos=array([0. , 0.2]), rgb=UNKNOWN, text=str(...), units='norm', win=Window(...), wrapWidth=1.2)
199.6154 	EXP 	Created None = Slider(__class__=<class 'psychopy.visual.slider.Slider'>, autoDraw=False, autoLog=True, borderColor=None, color=None, colorSpace='rgb', depth=0, fillColor=None, flip=False, font='Arial', granularity=1, labelColor=None, labelHeight=0.06, labelWrapWidth=None, labels=('Never', 'Always'), lineColor=None, markerColor=None, name=None, opacity=None, ori=0, pos=array([0., 0.]), readOnly=False, self=UNKNOWN, size=array([0.85, 0.1 ]), startValue=None, style='rating', styleTweaks=[], ticks=array([1, 9]), units='norm', win=Window(...))
199.6415 	EXP 	None: autoLog = True
199.6415 	EXP 	None: styleTweaks = []
199.6415 	EXP 	None: styleTweaks = []
199.6415 	EXP 	None: styleTweaks = []
199.6415 	EXP 	None: styleTweaks = []
199.6415 	EXP 	None: contrast = 1.0
199.6415 	EXP 	None: markerPos = None
199.6415 	EXP 	None: autoLog = True
199.6415 	EXP 	None: markerPos = 5
199.6704 	DATA 	Keypress: 0
199.6775 	EXP 	None: markerPos = 5
199.6833 	EXP 	Created text = TextStim(__class__=<class 'psychopy.visual.text.TextStim'>, alignHoriz=method-wrapper(...), alignText='center', alignVert=method-wrapper(...), anchorHoriz='center', anchorVert='center', antialias=True, autoDraw=False, autoLog=True, bold=False, color=array([1., 1., 1.]), colorSpace='rgb', contrast=1.0, depth=0.0, draggable=False, flipHoriz=False, flipVert=False, font='Arial', fontFiles=[], height=0.06, italic=False, languageStyle='LTR', name='text', opacity=1, ori=0, pos=array([0. , 0.2]), rgb=UNKNOWN, text=str(...), units='norm', win=Window(...), wrapWidth=1.2)
199.7273 	EXP 	Created None = Slider(__class__=<class 'psychopy.visual.slider.Slider'>, autoDraw=False, autoLog=True, borderColor=None, color=None, colorSpace='rgb', depth=0, fillColor=None, flip=False, font='Arial', granularity=1, labelColor=None, labelHeight=0.06, labelWrapWidth=None, labels=('Never', 'All the time'), lineColor=None, markerColor=None, name=None, opacity=None, ori=0, pos=array([0., 0.]), readOnly=False, self=UNKNOWN, size=array([0.85, 0.1 ]), startValue=None, style='rating', styleTweaks=[], ticks=array([1, 9]), units='norm', win=Window(...))
199.7354 	EXP 	None: autoLog = True
199.7354 	EXP 	None: styleTweaks = []
199.7354 	EXP 	None: styleTweaks = []
199.7354 	EXP 	None: styleTweaks = []
199.7354 	EXP 	None: styleTweaks = []
199.7354 	EXP 	None: contrast = 1.0
199.7354 	EXP 	None: markerPos = None
199.7354 	EXP 	None: autoLog = True
199.7354 	EXP 	None: markerPos = 5
199.8459 	DATA 	Keypress: 1
199.8521 	EXP 	None: markerPos = 4
199.9416 	DATA 	Keypress: 0
199.9473 	EXP 	None: markerPos = 4
199.9518 	EXP 	Created text = TextStim(__class__=<class 'psychopy.visual.text.TextStim'>, alignHoriz=method-wrapper(...), alignText='center', alignVert=method-wrapper(...), anchorHoriz='center', anchorVert='center', antialias=True, autoDraw=False, autoLog=True, bold=False, color=array([1., 1., 1.]), colorSpace='rgb', contrast=1.0, depth=0.0, draggable=False, flipHoriz=False, flipVert=False, font='Arial', fontFiles=[], height=0.06, italic=False, languageStyle='LTR', name='text', opacity=1, ori=0, pos=array([0. , 0.2]), rgb=UNKNOWN, text=str(...), units='norm', win=Window(...), wrapWidth=1.2)
199.9915 	EXP 	Created None = Slider(__class__=<class 'psychopy.visual.slider.Slider'>, autoDraw=False, autoLog=True, borderColor=None, color=None, colorSpace='rgb', depth=0, fillColor=None, flip=False, font='Arial', granularity=1, labelColor=None, labelHeight=0.06, labelWrapWidth=None, labels=('Not at all', 'Very Difficult'), lineColor=None, markerColor=None, name=None, opacity=None, ori=0, pos=array([0., 0.]), readOnly=False, self=UNKNOWN, size=array([0.85, 0.1 ]), startValue=None, style='rating', styleTweaks=[], ticks=array([1, 9]), units='norm', win=Window(...))
199.9987 	EXP 	None: autoLog = True
199.9987 	EXP 	None: styleTweaks = []
199.9987 	EXP 	None: styleTweaks = []
199.9987 	EXP 	None: styleTweaks = []
199.9987 	EXP 	None: styleTweaks = []
199.9987 	EXP 	None: contrast = 1.0
199.9987 	EXP 	None: markerPos = None
199.9987 	EXP 	None: autoLog = True
199.9987 	EXP 	None: markerPos = 5
200.0739 	DATA 	Keypress: 1
200.0802 	EXP 	None: markerPos = 4
200.1511 	DATA 	Keypress: 0
200.1583 	EXP 	None: markerPos = 4
200.1629 	EXP 	Created text = TextStim(__class__=<class 'psychopy.visual.text.TextStim'>, alignHoriz=method-wrapper(...), alignText='center', alignVert=method-wrapper(...), anchorHoriz='center', anchorVert='center', antialias=True, autoDraw=False, autoLog=True, bold=False, color=array([1., 1., 1.]), colorSpace='rgb', contrast=1.0, depth=0.0, draggable=False, flipHoriz=False, flipVert=False, font='Arial', fontFiles=[], height=0.06, italic=False, languageStyle='LTR', name='text', opacity=1, ori=0, pos=array([0. , 0.2]), rgb=UNKNOWN, text='How calm do you feel right now?', units='norm', win=Window(...), wrapWidth=1.2)
200.1991 	EXP 	Created None = Slider(__class__=<class 'psychopy.visual.slider.Slider'>, autoDraw=False, autoLog=True, borderColor=None, color=None, colorSpace='rgb', depth=0, fillColor=None, flip=False, font='Arial', granularity=1, labelColor=None, labelHeight=0.06, labelWrapWidth=None, labels=('Not at all', 'Very calm'), lineColor=None, markerColor=None, name=None, opacity=None, ori=0, pos=array([0., 0.]), readOnly=False, self=UNKNOWN, size=array([0.85, 0.1 ]), startValue=None, style='rating', styleTweaks=[], ticks=array([1, 9]), units='norm', win=Window(...))
200.2101 	EXP 	None: autoLog = True
200.2101 	EXP 	None: styleTweaks = []
200.2101 	EXP 	None: styleTweaks = []
200.2101 	EXP 	None: styleTweaks = []
200.2101 	EXP 	None: styleTweaks = []
200.2101 	EXP 	None: contrast = 1.0
200.2101 	EXP 	None: markerPos = None
200.2101 	EXP 	None: autoLog = True
200.2101 	EXP 	None: markerPos = 5
200.2737 	DATA 	Keypress: 1
200.2819 	EXP 	None: markerPos = 4
200.3758 	DATA 	Keypress: 0
200.3845 	EXP 	None: markerPos = 4
200.4812 	DATA 	Keypress: 1
200.5657 	DATA 	Keypress: 0
12.2947 	EXP 	DMN_BallTask: status = NOT_STARTED
12.2980 	WARNING 	Requested an unavailable screen number - using first available.
12.2992 	WARNING 	User requested fullscreen with size [1080 1080], but screen is actually [1920, 1200]. Using actual size
13.1788 	EXP 	Created window1 = Window(allowGUI=False, allowStencil=False, autoLog=True, backendConf=UNKNOWN, backgroundFit=<method-wrapper '__getattribute__' of attributeSetter object at 0x00000266705C88B0>, backgroundImage=<method-wrapper '__getattribute__' of attributeSetter object at 0x00000266705C8850>, bitsMode=UNKNOWN, blendMode='avg', bpc=(8, 8, 8), color=array([-1, -1, -1]), colorSpace='rgb', depthBits=8, fullscr=True, gamma=None, gammaErrorPolicy='raise', infoMsg=UNKNOWN, lms=UNKNOWN, monitor=<psychopy.monitors.calibTools.Monitor object at 0x0000026675B50A90>, multiSample=False, name='window1', numSamples=2, pos=(0, 0), screen=1, size=array([1920, 1200]), stencilBits=0, stereo=False, title='PsychoPy', units='norm', useFBO=True, useRetina=False, viewOri=0.0, viewPos=None, viewScale=None, waitBlanking=True, winType='pyglet')
13.1789 	EXP 	window1: backgroundImage = None
13.1789 	EXP 	window1: backgroundFit = 'cover'
13.1810 	EXP 	window1: Attempting to measure frame rate of screen (1) ...
13.1810 	EXP 	window1: recordFrameIntervals = False
13.3441 	EXP 	window1: recordFrameIntervals = True
13.5280 	EXP 	Screen (1) actual frame rate measured at 59.94Hz
13.5280 	EXP 	window1: recordFrameIntervals = False
13.5786 	EXP 	Created text = TextStim(__class__=<class 'psychopy.visual.text.TextStim'>, alignHoriz=method-wrapper(...), alignText='center', alignVert=method-wrapper(...), anchorHoriz='center', anchorVert='center', antialias=True, autoDraw=False, autoLog=True, bold=False, color=array([1., 1., 1.]), colorSpace='rgb', contrast=1.0, depth=0.0, draggable=False, flipHoriz=False, flipVert=False, font='Arial', fontFiles=[], height=0.06, italic=False, languageStyle='LTR', name='text', opacity=1, ori=0, pos=array([0. , 0.2]), rgb=UNKNOWN, text=str(...), units='norm', win=Window(...), wrapWidth=1.2)
13.5794 	EXP 	Created text = TextStim(__class__=<class 'psychopy.visual.text.TextStim'>, alignHoriz=method-wrapper(...), alignText='center', alignVert=method-wrapper(...), anchorHoriz='center', anchorVert='center', antialias=True, autoDraw=False, autoLog=True, bold=False, color=array([1., 1., 1.]), colorSpace='rgb', contrast=1.0, depth=0.0, draggable=False, flipHoriz=False, flipVert=False, font='Arial', fontFiles=[], height=0.06, italic=False, languageStyle='LTR', name='text', opacity=1, ori=0, pos=array([0., 0.]), rgb=UNKNOWN, text='', units='norm', win=Window(...), wrapWidth=1.2)
13.5851 	EXP 	Created waiting_for_trigger_text = TextStim(__class__=<class 'psychopy.visual.text.TextStim'>, alignHoriz=method-wrapper(...), alignText='center', alignVert=method-wrapper(...), anchorHoriz='center', anchorVert='center', antialias=True, autoDraw=False, autoLog=True, bold=False, color=array([1., 1., 1.]), colorSpace='rgb', contrast=1.0, depth=0.0, draggable=False, flipHoriz=False, flipVert=False, font='Arial', fontFiles=[], height=0.1, italic=False, languageStyle='LTR', name='waiting_for_trigger_text', opacity=1, ori=0, pos=array([0., 0.]), rgb=UNKNOWN, text='waiting for scanner', units='norm', win=Window(...), wrapWidth=2)
13.5896 	EXP 	Created text_2 = TextStim(__class__=<class 'psychopy.visual.text.TextStim'>, alignHoriz=method-wrapper(...), alignText='center', alignVert=method-wrapper(...), anchorHoriz='center', anchorVert='center', antialias=True, autoDraw=False, autoLog=True, bold=False, color=array([1., 1., 1.]), colorSpace='rgb', contrast=1.0, depth=0.0, draggable=False, flipHoriz=False, flipVert=False, font='Arial', fontFiles=[], height=0.3, italic=False, languageStyle='LTR', name='text_2', opacity=1, ori=0, pos=array([0., 0.]), rgb=UNKNOWN, text='+', units='norm', win=Window(...), wrapWidth=1)
13.5935 	EXP 	Created text_relax = TextStim(__class__=<class 'psychopy.visual.text.TextStim'>, alignHoriz=method-wrapper(...), alignText='center', alignVert=method-wrapper(...), anchorHoriz='center', anchorVert='center', antialias=True, autoDraw=False, autoLog=True, bold=False, color=array([1., 1., 1.]), colorSpace='rgb', contrast=1.0, depth=0.0, draggable=False, flipHoriz=False, flipVert=False, font='Arial', fontFiles=[], height=0.07, italic=False, languageStyle='LTR', name='text_relax', opacity=1, ori=0, pos=array([ 0. , -0.2]), rgb=UNKNOWN, text='Relax', units='norm', win=Window(...), wrapWidth=1)
13.5980 	EXP 	Created text_4 = TextStim(__class__=<class 'psychopy.visual.text.TextStim'>, alignHoriz=method-wrapper(...), alignText='center', alignVert=method-wrapper(...), anchorHoriz='center', anchorVert='center', antialias=True, autoDraw=False, autoLog=True, bold=False, color=array([1., 1., 1.]), colorSpace='rgb', contrast=1.0, depth=-3.0, draggable=False, flipHoriz=False, flipVert=False, font='Arial', fontFiles=[], height=0.1, italic=False, languageStyle='LTR', name='text_4', opacity=1, ori=0, pos=array([0., 0.]), rgb=UNKNOWN, text='default text', units='norm', win=Window(...), wrapWidth=1)
13.6175 	EXP 	Created unnamed Circle = Circle(__class__=<class 'psychopy.visual.circle.Circle'>, anchor=('center', 'center'), autoDraw=False, autoLog=True, closeShape=True, color=method-wrapper(...), colorSpace='rgb', contrast=None, depth=0, draggable=False, fillColor=array([0, 0, 0]), fillColorSpace='rgb', fillRGB=array([0, 0, 0]), interpolate=True, lineColor=array([ 1.,  1., -1.]), lineColorSpace='rgb', lineRGB=array([ 1,  1, -1]), lineWidth=3, name='unnamed Circle', opacity=1, ori=0.0, pos=array([0.        , 0.33333333]), size=array([1., 1.]), units='norm', vertices=ndarray(...), win=Window(...), windingRule=None)
13.6320 	EXP 	Created unnamed Circle = Circle(__class__=<class 'psychopy.visual.circle.Circle'>, anchor=('center', 'center'), autoDraw=False, autoLog=True, closeShape=True, color=method-wrapper(...), colorSpace='rgb', contrast=None, depth=0, draggable=False, fillColor=array([0, 0, 0]), fillColorSpace='rgb', fillRGB=array([0, 0, 0]), interpolate=True, lineColor=array([0.35686275, 0.69411765, 0.80392157]), lineColorSpace='rgb', lineRGB=array([0.35686275, 0.69411765, 0.80392157]), lineWidth=3, name='unnamed Circle', opacity=1, ori=0.0, pos=array([ 0.        , -0.33333333]), size=array([1., 1.]), units='norm', vertices=ndarray(...), win=Window(...), windingRule=None)
13.6453 	EXP 	Created unnamed Circle = Circle(__class__=<class 'psychopy.visual.circle.Circle'>, anchor=('center', 'center'), autoDraw=False, autoLog=True, closeShape=True, color=method-wrapper(...), colorSpace='rgb', contrast=None, depth=0, draggable=False, fillColor=array([1, 1, 1]), fillColorSpace='rgb', fillRGB=array([1, 1, 1]), interpolate=True, lineColor=array([1., 1., 1.]), lineColorSpace='rgb', lineRGB=array([1, 1, 1]), lineWidth=1.5, name='unnamed Circle', opacity=1, ori=0.0, pos=array([0., 0.]), size=array([1., 1.]), units='norm', vertices=ndarray(...), win=Window(...), windingRule=None)
13.6586 	EXP 	Created unnamed Circle = Circle(__class__=<class 'psychopy.visual.circle.Circle'>, anchor=('center', 'center'), autoDraw=False, autoLog=True, closeShape=True, color=method-wrapper(...), colorSpace='rgb', contrast=None, depth=0, draggable=False, fillColor=array([1, 1, 1]), fillColorSpace='rgb', fillRGB=array([1, 1, 1]), interpolate=True, lineColor=array([1., 1., 1.]), lineColorSpace='rgb', lineRGB=array([1, 1, 1]), lineWidth=3, name='unnamed Circle', opacity=1, ori=0.0, pos=array([0., 0.]), size=array([1., 1.]), units='norm', vertices=ndarray(...), win=Window(...), windingRule=None)
13.6635 	EXP 	Created instruct_text = TextStim(__class__=<class 'psychopy.visual.text.TextStim'>, alignHoriz=method-wrapper(...), alignText='center', alignVert=method-wrapper(...), anchorHoriz='center', anchorVert='center', antialias=True, autoDraw=False, autoLog=True, bold=False, color=array([1., 1., 1.]), colorSpace='rgb', contrast=1.0, depth=0.0, draggable=False, flipHoriz=False, flipVert=False, font='Arial', fontFiles=[], height=0.06, italic=False, languageStyle='LTR', name='instruct_text', opacity=1, ori=0, pos=array([0., 0.]), rgb=UNKNOWN, text='replace me', units='norm', win=Window(...), wrapWidth=1.2)
13.6670 	EXP 	Created thank_you_end_run_text = TextStim(__class__=<class 'psychopy.visual.text.TextStim'>, alignHoriz=method-wrapper(...), alignText='center', alignVert=method-wrapper(...), anchorHoriz='center', anchorVert='center', antialias=True, autoDraw=False, autoLog=True, bold=False, color=array([1., 1., 1.]), colorSpace='rgb', contrast=1.0, depth=0.0, draggable=False, flipHoriz=False, flipVert=False, font='Arial', fontFiles=[], height=0.1, italic=False, languageStyle='LTR', name='thank_you_end_run_text', opacity=1, ori=0, pos=array([0., 0.]), rgb=UNKNOWN, text='thank you!', units='norm', win=Window(...), wrapWidth=1)
13.6842 	EXP 	instruct_text: height = 0.06
13.6842 	EXP 	instruct_text: height = 0.06
13.6842 	EXP 	instruct_text: height = 0.06
13.6842 	EXP 	instruct_text: text = "Great job! Now, you'll get to try moving the ball with your mindful describing practice! \n\nYou will see the 2 circles and white ball again. When the white ball moves up towards the top yellow circle, this means you are in a mindful brain state with your describing practice. \nIf the ball reaches either of the circles, it will move back to the center."
14.0048 	DATA 	Keypress: space
14.0130 	EXP 	instruct_text: height = 0.06
14.0130 	EXP 	instruct_text: height = 0.06
14.0130 	EXP 	instruct_text: height = 0.06
14.0130 	EXP 	instruct_text: text = 'When you see the plus sign (+), just relax.\n\nOnce the circles appear, please start the Describing practice. This scan will last 2.5 min.'
14.1840 	DATA 	Keypress: space
14.1892 	EXP 	waiting_for_trigger_text: autoDraw = True
14.3129 	DATA 	Keypress: space
15.1475 	DATA 	Keypress: 5
15.1641 	EXP 	waiting_for_trigger_text: autoDraw = False
15.1641 	EXP 	text_2: autoDraw = True
15.1641 	EXP 	text_relax: autoDraw = True
45.1884 	EXP 	text_2: autoDraw = False
45.1884 	EXP 	text_relax: autoDraw = False
45.1884 	EXP 	text_2: autoDraw = False
45.4745 	EXP 	unnamed Circle: fillColor = <class 'numpy.ndarray'>
45.4745 	EXP 	unnamed Circle: fillColor = <class 'numpy.ndarray'>
46.6778 	EXP 	unnamed Circle: fillColor = <class 'numpy.ndarray'>
46.6778 	EXP 	unnamed Circle: fillColor = <class 'numpy.ndarray'>
47.8789 	EXP 	unnamed Circle: fillColor = <class 'numpy.ndarray'>
47.8789 	EXP 	unnamed Circle: fillColor = <class 'numpy.ndarray'>
49.0816 	EXP 	unnamed Circle: fillColor = <class 'numpy.ndarray'>
49.0816 	EXP 	unnamed Circle: fillColor = <class 'numpy.ndarray'>
50.2817 	EXP 	unnamed Circle: fillColor = <class 'numpy.ndarray'>
50.2817 	EXP 	unnamed Circle: fillColor = <class 'numpy.ndarray'>
51.4834 	EXP 	unnamed Circle: fillColor = <class 'numpy.ndarray'>
51.4834 	EXP 	unnamed Circle: fillColor = <class 'numpy.ndarray'>
52.6868 	EXP 	unnamed Circle: fillColor = <class 'numpy.ndarray'>
52.6868 	EXP 	unnamed Circle: fillColor = <class 'numpy.ndarray'>
53.8870 	EXP 	unnamed Circle: fillColor = <class 'numpy.ndarray'>
53.8870 	EXP 	unnamed Circle: fillColor = <class 'numpy.ndarray'>
55.0901 	EXP 	unnamed Circle: fillColor = <class 'numpy.ndarray'>
55.0901 	EXP 	unnamed Circle: fillColor = <class 'numpy.ndarray'>
56.2906 	EXP 	unnamed Circle: fillColor = <class 'numpy.ndarray'>
56.2906 	EXP 	unnamed Circle: fillColor = <class 'numpy.ndarray'>
57.4938 	EXP 	unnamed Circle: fillColor = <class 'numpy.ndarray'>
57.4938 	EXP 	unnamed Circle: fillColor = <class 'numpy.ndarray'>
58.6952 	EXP 	unnamed Circle: fillColor = <class 'numpy.ndarray'>
58.6952 	EXP 	unnamed Circle: fillColor = <class 'numpy.ndarray'>
59.8980 	EXP 	unnamed Circle: fillColor = <class 'numpy.ndarray'>
59.8980 	EXP 	unnamed Circle: fillColor = <class 'numpy.ndarray'>
61.0978 	EXP 	unnamed Circle: fillColor = <class 'numpy.ndarray'>
61.0978 	EXP 	unnamed Circle: fillColor = <class 'numpy.ndarray'>
62.2994 	EXP 	unnamed Circle: fillColor = <class 'numpy.ndarray'>
62.2994 	EXP 	unnamed Circle: fillColor = <class 'numpy.ndarray'>
62.2994 	EXP 	unnamed Circle: radius = 0.135
62.2994 	EXP 	unnamed Circle: fillColor = 'white'
63.5011 	EXP 	unnamed Circle: fillColor = <class 'numpy.ndarray'>
63.5011 	EXP 	unnamed Circle: fillColor = <class 'numpy.ndarray'>
64.7044 	EXP 	unnamed Circle: fillColor = <class 'numpy.ndarray'>
64.7044 	EXP 	unnamed Circle: fillColor = <class 'numpy.ndarray'>
65.9049 	EXP 	unnamed Circle: fillColor = <class 'numpy.ndarray'>
65.9049 	EXP 	unnamed Circle: fillColor = <class 'numpy.ndarray'>
67.1066 	EXP 	unnamed Circle: fillColor = <class 'numpy.ndarray'>
67.1066 	EXP 	unnamed Circle: fillColor = <class 'numpy.ndarray'>
68.3102 	EXP 	unnamed Circle: fillColor = <class 'numpy.ndarray'>
68.3102 	EXP 	unnamed Circle: fillColor = <class 'numpy.ndarray'>
69.5111 	EXP 	unnamed Circle: fillColor = <class 'numpy.ndarray'>
69.5111 	EXP 	unnamed Circle: fillColor = <class 'numpy.ndarray'>
70.7130 	EXP 	unnamed Circle: fillColor = <class 'numpy.ndarray'>
70.7130 	EXP 	unnamed Circle: fillColor = <class 'numpy.ndarray'>
71.9150 	EXP 	unnamed Circle: fillColor = <class 'numpy.ndarray'>
71.9150 	EXP 	unnamed Circle: fillColor = <class 'numpy.ndarray'>
73.1165 	EXP 	unnamed Circle: fillColor = <class 'numpy.ndarray'>
73.1165 	EXP 	unnamed Circle: fillColor = <class 'numpy.ndarray'>
74.3184 	EXP 	unnamed Circle: fillColor = <class 'numpy.ndarray'>
74.3184 	EXP 	unnamed Circle: fillColor = <class 'numpy.ndarray'>
75.5199 	EXP 	unnamed Circle: fillColor = <class 'numpy.ndarray'>
75.5199 	EXP 	unnamed Circle: fillColor = <class 'numpy.ndarray'>
76.7220 	EXP 	unnamed Circle: fillColor = <class 'numpy.ndarray'>
76.7220 	EXP 	unnamed Circle: fillColor = <class 'numpy.ndarray'>
77.9238 	EXP 	unnamed Circle: fillColor = <class 'numpy.ndarray'>
77.9238 	EXP 	unnamed Circle: fillColor = <class 'numpy.ndarray'>
79.1253 	EXP 	unnamed Circle: fillColor = <class 'numpy.ndarray'>
79.1253 	EXP 	unnamed Circle: fillColor = <class 'numpy.ndarray'>
80.3273 	EXP 	unnamed Circle: fillColor = <class 'numpy.ndarray'>
80.3273 	EXP 	unnamed Circle: fillColor = <class 'numpy.ndarray'>
81.5288 	EXP 	unnamed Circle: fillColor = <class 'numpy.ndarray'>
81.5288 	EXP 	unnamed Circle: fillColor = <class 'numpy.ndarray'>
82.7293 	EXP 	unnamed Circle: fillColor = <class 'numpy.ndarray'>
82.7293 	EXP 	unnamed Circle: radius = 0.135
82.7293 	EXP 	unnamed Circle: fillColor = 'white'
82.7293 	EXP 	unnamed Circle: fillColor = <class 'numpy.ndarray'>
83.9315 	EXP 	unnamed Circle: fillColor = <class 'numpy.ndarray'>
83.9315 	EXP 	unnamed Circle: fillColor = <class 'numpy.ndarray'>
85.1333 	EXP 	unnamed Circle: fillColor = <class 'numpy.ndarray'>
85.1333 	EXP 	unnamed Circle: fillColor = <class 'numpy.ndarray'>
86.3363 	EXP 	unnamed Circle: fillColor = <class 'numpy.ndarray'>
86.3363 	EXP 	unnamed Circle: fillColor = <class 'numpy.ndarray'>
87.5377 	EXP 	unnamed Circle: fillColor = <class 'numpy.ndarray'>
87.5377 	EXP 	unnamed Circle: fillColor = <class 'numpy.ndarray'>
88.7395 	EXP 	unnamed Circle: fillColor = <class 'numpy.ndarray'>
88.7395 	EXP 	unnamed Circle: fillColor = <class 'numpy.ndarray'>
89.9413 	EXP 	unnamed Circle: fillColor = <class 'numpy.ndarray'>
89.9413 	EXP 	unnamed Circle: fillColor = <class 'numpy.ndarray'>
89.9413 	EXP 	unnamed Circle: radius = 0.12150000000000001
89.9413 	EXP 	unnamed Circle: fillColor = 'white'
91.1430 	EXP 	unnamed Circle: fillColor = <class 'numpy.ndarray'>
91.1430 	EXP 	unnamed Circle: fillColor = <class 'numpy.ndarray'>
91.1430 	EXP 	unnamed Circle: radius = 0.10935000000000002
91.1430 	EXP 	unnamed Circle: fillColor = 'white'
92.3450 	EXP 	unnamed Circle: fillColor = <class 'numpy.ndarray'>
92.3450 	EXP 	unnamed Circle: fillColor = <class 'numpy.ndarray'>
93.5466 	EXP 	unnamed Circle: fillColor = <class 'numpy.ndarray'>
93.5466 	EXP 	unnamed Circle: fillColor = <class 'numpy.ndarray'>
94.7485 	EXP 	unnamed Circle: fillColor = <class 'numpy.ndarray'>
94.7485 	EXP 	unnamed Circle: fillColor = <class 'numpy.ndarray'>
95.9501 	EXP 	unnamed Circle: fillColor = <class 'numpy.ndarray'>
95.9501 	EXP 	unnamed Circle: fillColor = <class 'numpy.ndarray'>
97.1520 	EXP 	unnamed Circle: fillColor = <class 'numpy.ndarray'>
97.1520 	EXP 	unnamed Circle: fillColor = <class 'numpy.ndarray'>
97.1520 	EXP 	unnamed Circle: radius = 0.09841500000000002
97.1520 	EXP 	unnamed Circle: fillColor = 'white'
98.3540 	EXP 	unnamed Circle: fillColor = <class 'numpy.ndarray'>
98.3540 	EXP 	unnamed Circle: fillColor = <class 'numpy.ndarray'>
99.5555 	EXP 	unnamed Circle: fillColor = <class 'numpy.ndarray'>
99.5555 	EXP 	unnamed Circle: fillColor = <class 'numpy.ndarray'>
100.7573 	EXP 	unnamed Circle: fillColor = <class 'numpy.ndarray'>
100.7573 	EXP 	unnamed Circle: fillColor = <class 'numpy.ndarray'>
101.9592 	EXP 	unnamed Circle: fillColor = <class 'numpy.ndarray'>
101.9592 	EXP 	unnamed Circle: fillColor = <class 'numpy.ndarray'>
103.1611 	EXP 	unnamed Circle: fillColor = <class 'numpy.ndarray'>
103.1611 	EXP 	unnamed Circle: fillColor = <class 'numpy.ndarray'>
104.3626 	EXP 	unnamed Circle: fillColor = <class 'numpy.ndarray'>
104.3626 	EXP 	unnamed Circle: fillColor = <class 'numpy.ndarray'>
105.5644 	EXP 	unnamed Circle: fillColor = <class 'numpy.ndarray'>
105.5644 	EXP 	unnamed Circle: fillColor = <class 'numpy.ndarray'>
106.7663 	EXP 	unnamed Circle: fillColor = <class 'numpy.ndarray'>
106.7663 	EXP 	unnamed Circle: fillColor = <class 'numpy.ndarray'>
107.9679 	EXP 	unnamed Circle: fillColor = <class 'numpy.ndarray'>
107.9679 	EXP 	unnamed Circle: fillColor = <class 'numpy.ndarray'>
109.1699 	EXP 	unnamed Circle: fillColor = <class 'numpy.ndarray'>
109.1699 	EXP 	unnamed Circle: fillColor = <class 'numpy.ndarray'>
109.1699 	EXP 	unnamed Circle: radius = 0.08857350000000001
109.1699 	EXP 	unnamed Circle: fillColor = 'white'
110.3706 	EXP 	unnamed Circle: fillColor = <class 'numpy.ndarray'>
110.3706 	EXP 	unnamed Circle: fillColor = <class 'numpy.ndarray'>
111.5739 	EXP 	unnamed Circle: fillColor = <class 'numpy.ndarray'>
111.5739 	EXP 	unnamed Circle: fillColor = <class 'numpy.ndarray'>
112.7742 	EXP 	unnamed Circle: fillColor = <class 'numpy.ndarray'>
112.7742 	EXP 	unnamed Circle: fillColor = <class 'numpy.ndarray'>
113.9768 	EXP 	unnamed Circle: fillColor = <class 'numpy.ndarray'>
113.9768 	EXP 	unnamed Circle: fillColor = <class 'numpy.ndarray'>
115.1773 	EXP 	unnamed Circle: fillColor = <class 'numpy.ndarray'>
115.1773 	EXP 	unnamed Circle: fillColor = <class 'numpy.ndarray'>
115.1773 	EXP 	unnamed Circle: radius = 0.07971615000000001
115.1773 	EXP 	unnamed Circle: fillColor = 'white'
116.3815 	EXP 	unnamed Circle: fillColor = <class 'numpy.ndarray'>
116.3815 	EXP 	unnamed Circle: fillColor = <class 'numpy.ndarray'>
117.5827 	EXP 	unnamed Circle: fillColor = <class 'numpy.ndarray'>
117.5827 	EXP 	unnamed Circle: fillColor = <class 'numpy.ndarray'>
118.7831 	EXP 	unnamed Circle: fillColor = <class 'numpy.ndarray'>
118.7831 	EXP 	unnamed Circle: fillColor = <class 'numpy.ndarray'>
119.9847 	EXP 	unnamed Circle: fillColor = <class 'numpy.ndarray'>
119.9847 	EXP 	unnamed Circle: fillColor = <class 'numpy.ndarray'>
121.1867 	EXP 	unnamed Circle: fillColor = <class 'numpy.ndarray'>
121.1867 	EXP 	unnamed Circle: fillColor = <class 'numpy.ndarray'>
122.3902 	EXP 	unnamed Circle: fillColor = <class 'numpy.ndarray'>
122.3902 	EXP 	unnamed Circle: fillColor = <class 'numpy.ndarray'>
123.5912 	EXP 	unnamed Circle: fillColor = <class 'numpy.ndarray'>
123.5912 	EXP 	unnamed Circle: fillColor = <class 'numpy.ndarray'>
124.7928 	EXP 	unnamed Circle: fillColor = <class 'numpy.ndarray'>
124.7928 	EXP 	unnamed Circle: fillColor = <class 'numpy.ndarray'>
125.9947 	EXP 	unnamed Circle: fillColor = <class 'numpy.ndarray'>
125.9947 	EXP 	unnamed Circle: fillColor = <class 'numpy.ndarray'>
127.1963 	EXP 	unnamed Circle: fillColor = <class 'numpy.ndarray'>
127.1963 	EXP 	unnamed Circle: fillColor = <class 'numpy.ndarray'>
128.3984 	EXP 	unnamed Circle: fillColor = <class 'numpy.ndarray'>
128.3984 	EXP 	unnamed Circle: fillColor = <class 'numpy.ndarray'>
129.5999 	EXP 	unnamed Circle: fillColor = <class 'numpy.ndarray'>
129.5999 	EXP 	unnamed Circle: fillColor = <class 'numpy.ndarray'>
130.8017 	EXP 	unnamed Circle: fillColor = <class 'numpy.ndarray'>
130.8017 	EXP 	unnamed Circle: fillColor = <class 'numpy.ndarray'>
132.0036 	EXP 	unnamed Circle: fillColor = <class 'numpy.ndarray'>
132.0036 	EXP 	unnamed Circle: fillColor = <class 'numpy.ndarray'>
133.2054 	EXP 	unnamed Circle: fillColor = <class 'numpy.ndarray'>
133.2054 	EXP 	unnamed Circle: fillColor = <class 'numpy.ndarray'>
134.4072 	EXP 	unnamed Circle: fillColor = <class 'numpy.ndarray'>
134.4072 	EXP 	unnamed Circle: fillColor = <class 'numpy.ndarray'>
135.6079 	EXP 	unnamed Circle: fillColor = <class 'numpy.ndarray'>
135.6079 	EXP 	unnamed Circle: radius = 0.12150000000000001
135.6079 	EXP 	unnamed Circle: fillColor = 'white'
135.6079 	EXP 	unnamed Circle: fillColor = <class 'numpy.ndarray'>
136.8281 	EXP 	unnamed Circle: fillColor = <class 'numpy.ndarray'>
136.8281 	EXP 	unnamed Circle: fillColor = <class 'numpy.ndarray'>
138.0281 	EXP 	unnamed Circle: fillColor = <class 'numpy.ndarray'>
138.0281 	EXP 	unnamed Circle: fillColor = <class 'numpy.ndarray'>
139.2300 	EXP 	unnamed Circle: fillColor = <class 'numpy.ndarray'>
139.2300 	EXP 	unnamed Circle: fillColor = <class 'numpy.ndarray'>
140.4317 	EXP 	unnamed Circle: fillColor = <class 'numpy.ndarray'>
140.4317 	EXP 	unnamed Circle: fillColor = <class 'numpy.ndarray'>
141.6335 	EXP 	unnamed Circle: fillColor = <class 'numpy.ndarray'>
141.6335 	EXP 	unnamed Circle: fillColor = <class 'numpy.ndarray'>
142.8370 	EXP 	unnamed Circle: fillColor = <class 'numpy.ndarray'>
142.8370 	EXP 	unnamed Circle: fillColor = <class 'numpy.ndarray'>
144.0380 	EXP 	unnamed Circle: fillColor = <class 'numpy.ndarray'>
144.0380 	EXP 	unnamed Circle: fillColor = <class 'numpy.ndarray'>
145.2399 	EXP 	unnamed Circle: fillColor = <class 'numpy.ndarray'>
145.2399 	EXP 	unnamed Circle: fillColor = <class 'numpy.ndarray'>
146.4401 	EXP 	unnamed Circle: fillColor = <class 'numpy.ndarray'>
146.4401 	EXP 	unnamed Circle: fillColor = <class 'numpy.ndarray'>
146.4401 	EXP 	unnamed Circle: radius = 0.07174453500000001
146.4401 	EXP 	unnamed Circle: fillColor = 'white'
147.6433 	EXP 	unnamed Circle: fillColor = <class 'numpy.ndarray'>
147.6433 	EXP 	unnamed Circle: fillColor = <class 'numpy.ndarray'>
148.8441 	EXP 	unnamed Circle: fillColor = <class 'numpy.ndarray'>
148.8441 	EXP 	unnamed Circle: fillColor = <class 'numpy.ndarray'>
150.0468 	EXP 	unnamed Circle: fillColor = <class 'numpy.ndarray'>
150.0468 	EXP 	unnamed Circle: fillColor = <class 'numpy.ndarray'>
151.2476 	EXP 	unnamed Circle: fillColor = <class 'numpy.ndarray'>
151.2476 	EXP 	unnamed Circle: radius = 0.10935000000000002
151.2476 	EXP 	unnamed Circle: fillColor = 'white'
151.2476 	EXP 	unnamed Circle: fillColor = <class 'numpy.ndarray'>
152.4676 	EXP 	unnamed Circle: fillColor = <class 'numpy.ndarray'>
152.4676 	EXP 	unnamed Circle: fillColor = <class 'numpy.ndarray'>
153.6681 	EXP 	unnamed Circle: fillColor = <class 'numpy.ndarray'>
153.6681 	EXP 	unnamed Circle: fillColor = <class 'numpy.ndarray'>
154.8716 	EXP 	unnamed Circle: fillColor = <class 'numpy.ndarray'>
154.8716 	EXP 	unnamed Circle: fillColor = <class 'numpy.ndarray'>
156.0732 	EXP 	unnamed Circle: fillColor = <class 'numpy.ndarray'>
156.0732 	EXP 	unnamed Circle: fillColor = <class 'numpy.ndarray'>
157.2743 	EXP 	unnamed Circle: fillColor = <class 'numpy.ndarray'>
157.2743 	EXP 	unnamed Circle: fillColor = <class 'numpy.ndarray'>
158.4760 	EXP 	unnamed Circle: fillColor = <class 'numpy.ndarray'>
158.4760 	EXP 	unnamed Circle: fillColor = <class 'numpy.ndarray'>
159.6779 	EXP 	unnamed Circle: fillColor = <class 'numpy.ndarray'>
159.6779 	EXP 	unnamed Circle: fillColor = <class 'numpy.ndarray'>
160.8798 	EXP 	unnamed Circle: fillColor = <class 'numpy.ndarray'>
160.8798 	EXP 	unnamed Circle: fillColor = <class 'numpy.ndarray'>
162.0806 	EXP 	unnamed Circle: fillColor = <class 'numpy.ndarray'>
162.0806 	EXP 	unnamed Circle: radius = 0.09841500000000002
162.0806 	EXP 	unnamed Circle: fillColor = 'white'
162.0806 	EXP 	unnamed Circle: fillColor = <class 'numpy.ndarray'>
163.2838 	EXP 	unnamed Circle: fillColor = <class 'numpy.ndarray'>
163.2838 	EXP 	unnamed Circle: fillColor = <class 'numpy.ndarray'>
164.4852 	EXP 	unnamed Circle: fillColor = <class 'numpy.ndarray'>
164.4852 	EXP 	unnamed Circle: fillColor = <class 'numpy.ndarray'>
165.6875 	EXP 	unnamed Circle: fillColor = <class 'numpy.ndarray'>
165.6875 	EXP 	unnamed Circle: fillColor = <class 'numpy.ndarray'>
166.8874 	EXP 	unnamed Circle: fillColor = <class 'numpy.ndarray'>
166.8874 	EXP 	unnamed Circle: fillColor = <class 'numpy.ndarray'>
168.0913 	EXP 	unnamed Circle: fillColor = <class 'numpy.ndarray'>
168.0913 	EXP 	unnamed Circle: fillColor = <class 'numpy.ndarray'>
169.2922 	EXP 	unnamed Circle: fillColor = <class 'numpy.ndarray'>
169.2922 	EXP 	unnamed Circle: fillColor = <class 'numpy.ndarray'>
170.4940 	EXP 	unnamed Circle: fillColor = <class 'numpy.ndarray'>
170.4940 	EXP 	unnamed Circle: fillColor = <class 'numpy.ndarray'>
171.6956 	EXP 	unnamed Circle: fillColor = <class 'numpy.ndarray'>
171.6956 	EXP 	unnamed Circle: fillColor = <class 'numpy.ndarray'>
172.8973 	EXP 	unnamed Circle: fillColor = <class 'numpy.ndarray'>
172.8973 	EXP 	unnamed Circle: fillColor = <class 'numpy.ndarray'>
174.0994 	EXP 	unnamed Circle: fillColor = <class 'numpy.ndarray'>
174.0994 	EXP 	unnamed Circle: fillColor = <class 'numpy.ndarray'>
174.0994 	EXP 	unnamed Circle: radius = 0.06457008150000002
174.0994 	EXP 	unnamed Circle: fillColor = 'white'
175.3011 	EXP 	unnamed Circle: fillColor = <class 'numpy.ndarray'>
175.3011 	EXP 	unnamed Circle: fillColor = <class 'numpy.ndarray'>
176.5026 	EXP 	unnamed Circle: fillColor = <class 'numpy.ndarray'>
176.5026 	EXP 	unnamed Circle: fillColor = <class 'numpy.ndarray'>
177.7046 	EXP 	unnamed Circle: fillColor = <class 'numpy.ndarray'>
177.7046 	EXP 	unnamed Circle: fillColor = <class 'numpy.ndarray'>
178.9063 	EXP 	unnamed Circle: fillColor = <class 'numpy.ndarray'>
178.9063 	EXP 	unnamed Circle: fillColor = <class 'numpy.ndarray'>
180.1083 	EXP 	unnamed Circle: fillColor = <class 'numpy.ndarray'>
180.1083 	EXP 	unnamed Circle: fillColor = <class 'numpy.ndarray'>
181.3098 	EXP 	unnamed Circle: fillColor = <class 'numpy.ndarray'>
181.3098 	EXP 	unnamed Circle: fillColor = <class 'numpy.ndarray'>
182.5116 	EXP 	unnamed Circle: fillColor = <class 'numpy.ndarray'>
182.5116 	EXP 	unnamed Circle: fillColor = <class 'numpy.ndarray'>
183.7135 	EXP 	unnamed Circle: fillColor = <class 'numpy.ndarray'>
183.7135 	EXP 	unnamed Circle: fillColor = <class 'numpy.ndarray'>
184.9152 	EXP 	unnamed Circle: fillColor = <class 'numpy.ndarray'>
184.9152 	EXP 	unnamed Circle: fillColor = <class 'numpy.ndarray'>
186.1170 	EXP 	unnamed Circle: fillColor = <class 'numpy.ndarray'>
186.1170 	EXP 	unnamed Circle: fillColor = <class 'numpy.ndarray'>
187.3186 	EXP 	unnamed Circle: fillColor = <class 'numpy.ndarray'>
187.3186 	EXP 	unnamed Circle: fillColor = <class 'numpy.ndarray'>
188.5204 	EXP 	unnamed Circle: fillColor = <class 'numpy.ndarray'>
188.5204 	EXP 	unnamed Circle: fillColor = <class 'numpy.ndarray'>
189.7222 	EXP 	unnamed Circle: fillColor = <class 'numpy.ndarray'>
189.7222 	EXP 	unnamed Circle: fillColor = <class 'numpy.ndarray'>
190.9240 	EXP 	unnamed Circle: fillColor = <class 'numpy.ndarray'>
190.9240 	EXP 	unnamed Circle: fillColor = <class 'numpy.ndarray'>
192.1260 	EXP 	unnamed Circle: fillColor = <class 'numpy.ndarray'>
192.1260 	EXP 	unnamed Circle: fillColor = <class 'numpy.ndarray'>
193.3275 	EXP 	unnamed Circle: fillColor = <class 'numpy.ndarray'>
193.3275 	EXP 	unnamed Circle: fillColor = <class 'numpy.ndarray'>
194.5282 	EXP 	unnamed Circle: fillColor = <class 'numpy.ndarray'>
194.5282 	EXP 	unnamed Circle: radius = 0.08857350000000001
194.5282 	EXP 	unnamed Circle: fillColor = 'white'
194.5282 	EXP 	unnamed Circle: fillColor = <class 'numpy.ndarray'>
195.5463 	EXP 	text_2: autoDraw = True
196.1750 	EXP 	text_2: autoDraw = False
198.2182 	DATA 	Keypress: 3
198.5025 	DATA 	Keypress: 4
199.5560 	DATA 	Keypress: 1
199.5619 	EXP 	Created text = TextStim(__class__=<class 'psychopy.visual.text.TextStim'>, alignHoriz=method-wrapper(...), alignText='center', alignVert=method-wrapper(...), anchorHoriz='center', anchorVert='center', antialias=True, autoDraw=False, autoLog=True, bold=False, color=array([1., 1., 1.]), colorSpace='rgb', contrast=1.0, depth=0.0, draggable=False, flipHoriz=False, flipVert=False, font='Arial', fontFiles=[], height=0.06, italic=False, languageStyle='LTR', name='text', opacity=1, ori=0, pos=array([0. , 0.2]), rgb=UNKNOWN, text=str(...), units='norm', win=Window(...), wrapWidth=1.2)
199.6154 	EXP 	Created None = Slider(__class__=<class 'psychopy.visual.slider.Slider'>, autoDraw=False, autoLog=True, borderColor=None, color=None, colorSpace='rgb', depth=0, fillColor=None, flip=False, font='Arial', granularity=1, labelColor=None, labelHeight=0.06, labelWrapWidth=None, labels=('Never', 'Always'), lineColor=None, markerColor=None, name=None, opacity=None, ori=0, pos=array([0., 0.]), readOnly=False, self=UNKNOWN, size=array([0.85, 0.1 ]), startValue=None, style='rating', styleTweaks=[], ticks=array([1, 9]), units='norm', win=Window(...))
199.6415 	EXP 	None: autoLog = True
199.6415 	EXP 	None: styleTweaks = []
199.6415 	EXP 	None: styleTweaks = []
199.6415 	EXP 	None: styleTweaks = []
199.6415 	EXP 	None: styleTweaks = []
199.6415 	EXP 	None: contrast = 1.0
199.6415 	EXP 	None: markerPos = None
199.6415 	EXP 	None: autoLog = True
199.6415 	EXP 	None: markerPos = 5
199.6704 	DATA 	Keypress: 0
199.6775 	EXP 	None: markerPos = 5
199.6833 	EXP 	Created text = TextStim(__class__=<class 'psychopy.visual.text.TextStim'>, alignHoriz=method-wrapper(...), alignText='center', alignVert=method-wrapper(...), anchorHoriz='center', anchorVert='center', antialias=True, autoDraw=False, autoLog=True, bold=False, color=array([1., 1., 1.]), colorSpace='rgb', contrast=1.0, depth=0.0, draggable=False, flipHoriz=False, flipVert=False, font='Arial', fontFiles=[], height=0.06, italic=False, languageStyle='LTR', name='text', opacity=1, ori=0, pos=array([0. , 0.2]), rgb=UNKNOWN, text=str(...), units='norm', win=Window(...), wrapWidth=1.2)
199.7273 	EXP 	Created None = Slider(__class__=<class 'psychopy.visual.slider.Slider'>, autoDraw=False, autoLog=True, borderColor=None, color=None, colorSpace='rgb', depth=0, fillColor=None, flip=False, font='Arial', granularity=1, labelColor=None, labelHeight=0.06, labelWrapWidth=None, labels=('Never', 'All the time'), lineColor=None, markerColor=None, name=None, opacity=None, ori=0, pos=array([0., 0.]), readOnly=False, self=UNKNOWN, size=array([0.85, 0.1 ]), startValue=None, style='rating', styleTweaks=[], ticks=array([1, 9]), units='norm', win=Window(...))
199.7354 	EXP 	None: autoLog = True
199.7354 	EXP 	None: styleTweaks = []
199.7354 	EXP 	None: styleTweaks = []
199.7354 	EXP 	None: styleTweaks = []
199.7354 	EXP 	None: styleTweaks = []
199.7354 	EXP 	None: contrast = 1.0
199.7354 	EXP 	None: markerPos = None
199.7354 	EXP 	None: autoLog = True
199.7354 	EXP 	None: markerPos = 5
199.8459 	DATA 	Keypress: 1
199.8521 	EXP 	None: markerPos = 4
199.9416 	DATA 	Keypress: 0
199.9473 	EXP 	None: markerPos = 4
199.9518 	EXP 	Created text = TextStim(__class__=<class 'psychopy.visual.text.TextStim'>, alignHoriz=method-wrapper(...), alignText='center', alignVert=method-wrapper(...), anchorHoriz='center', anchorVert='center', antialias=True, autoDraw=False, autoLog=True, bold=False, color=array([1., 1., 1.]), colorSpace='rgb', contrast=1.0, depth=0.0, draggable=False, flipHoriz=False, flipVert=False, font='Arial', fontFiles=[], height=0.06, italic=False, languageStyle='LTR', name='text', opacity=1, ori=0, pos=array([0. , 0.2]), rgb=UNKNOWN, text=str(...), units='norm', win=Window(...), wrapWidth=1.2)
199.9915 	EXP 	Created None = Slider(__class__=<class 'psychopy.visual.slider.Slider'>, autoDraw=False, autoLog=True, borderColor=None, color=None, colorSpace='rgb', depth=0, fillColor=None, flip=False, font='Arial', granularity=1, labelColor=None, labelHeight=0.06, labelWrapWidth=None, labels=('Not at all', 'Very Difficult'), lineColor=None, markerColor=None, name=None, opacity=None, ori=0, pos=array([0., 0.]), readOnly=False, self=UNKNOWN, size=array([0.85, 0.1 ]), startValue=None, style='rating', styleTweaks=[], ticks=array([1, 9]), units='norm', win=Window(...))
199.9987 	EXP 	None: autoLog = True
199.9987 	EXP 	None: styleTweaks = []
199.9987 	EXP 	None: styleTweaks = []
199.9987 	EXP 	None: styleTweaks = []
199.9987 	EXP 	None: styleTweaks = []
199.9987 	EXP 	None: contrast = 1.0
199.9987 	EXP 	None: markerPos = None
199.9987 	EXP 	None: autoLog = True
199.9987 	EXP 	None: markerPos = 5
200.0739 	DATA 	Keypress: 1
200.0802 	EXP 	None: markerPos = 4
200.1511 	DATA 	Keypress: 0
200.1583 	EXP 	None: markerPos = 4
200.1629 	EXP 	Created text = TextStim(__class__=<class 'psychopy.visual.text.TextStim'>, alignHoriz=method-wrapper(...), alignText='center', alignVert=method-wrapper(...), anchorHoriz='center', anchorVert='center', antialias=True, autoDraw=False, autoLog=True, bold=False, color=array([1., 1., 1.]), colorSpace='rgb', contrast=1.0, depth=0.0, draggable=False, flipHoriz=False, flipVert=False, font='Arial', fontFiles=[], height=0.06, italic=False, languageStyle='LTR', name='text', opacity=1, ori=0, pos=array([0. , 0.2]), rgb=UNKNOWN, text='How calm do you feel right now?', units='norm', win=Window(...), wrapWidth=1.2)
200.1991 	EXP 	Created None = Slider(__class__=<class 'psychopy.visual.slider.Slider'>, autoDraw=False, autoLog=True, borderColor=None, color=None, colorSpace='rgb', depth=0, fillColor=None, flip=False, font='Arial', granularity=1, labelColor=None, labelHeight=0.06, labelWrapWidth=None, labels=('Not at all', 'Very calm'), lineColor=None, markerColor=None, name=None, opacity=None, ori=0, pos=array([0., 0.]), readOnly=False, self=UNKNOWN, size=array([0.85, 0.1 ]), startValue=None, style='rating', styleTweaks=[], ticks=array([1, 9]), units='norm', win=Window(...))
200.2101 	EXP 	None: autoLog = True
200.2101 	EXP 	None: styleTweaks = []
200.2101 	EXP 	None: styleTweaks = []
200.2101 	EXP 	None: styleTweaks = []
200.2101 	EXP 	None: styleTweaks = []
200.2101 	EXP 	None: contrast = 1.0
200.2101 	EXP 	None: markerPos = None
200.2101 	EXP 	None: autoLog = True
200.2101 	EXP 	None: markerPos = 5
200.2737 	DATA 	Keypress: 1
200.2819 	EXP 	None: markerPos = 4
200.3758 	DATA 	Keypress: 0
200.3845 	EXP 	None: markerPos = 4
200.4812 	DATA 	Keypress: 1
200.5657 	DATA 	Keypress: 0
