4.1986 	EXP 	DMN_BallTask: status = NOT_STARTED
4.2094 	WARNING 	Requested an unavailable screen number - using first available.
4.5329 	EXP 	Created window1 = Window(allowGUI=False, allowStencil=False, autoLog=True, backendConf=UNKNOWN, backgroundFit=<method-wrapper '__getattribute__' of attributeSetter object at 0x73db9fcd2ad0>, backgroundImage=<method-wrapper '__getattribute__' of attributeSetter object at 0x73db9fcd2a70>, bitsMode=UNKNOWN, blendMode='avg', bpc=(8, 8, 8), color=array([-1, -1, -1]), colorSpace='rgb', depthBits=8, fullscr=False, gamma=None, gammaErrorPolicy='raise', infoMsg=UNKNOWN, lms=UNKNOWN, monitor=<psychopy.monitors.calibTools.Monitor object at 0x73db940d6b30>, multiSample=False, name='window1', numSamples=2, pos=(420, 32), screen=1, size=array([1080, 1080]), stencilBits=0, stereo=False, title='PsychoPy', units='norm', useFBO=True, useRetina=False, viewOri=0.0, viewPos=None, viewScale=None, waitBlanking=True, winType='pyglet')
4.5329 	EXP 	window1: backgroundImage = None
4.5330 	EXP 	window1: backgroundFit = 'cover'
4.5351 	EXP 	window1: Attempting to measure frame rate of screen (1) ...
4.5351 	EXP 	window1: recordFrameIntervals = False
4.6018 	EXP 	window1: recordFrameIntervals = True
4.6784 	EXP 	Screen (1) actual frame rate measured at 143.74Hz
4.6784 	EXP 	window1: recordFrameIntervals = False
4.7198 	EXP 	Created text = TextStim(__class__=<class 'psychopy.visual.text.TextStim'>, alignHoriz=method-wrapper(...), alignText='center', alignVert=method-wrapper(...), anchorHoriz='center', anchorVert='center', antialias=True, autoDraw=False, autoLog=True, bold=False, color=array([1., 1., 1.]), colorSpace='rgb', contrast=1.0, depth=0.0, draggable=False, flipHoriz=False, flipVert=False, font='Arial', fontFiles=[], height=np.float64(0.06), italic=False, languageStyle='LTR', name='text', opacity=1, ori=0, pos=array([0. , 0.2]), rgb=UNKNOWN, text=str(...), units='norm', win=Window(...), wrapWidth=1.2)
4.7204 	EXP 	Created text = TextStim(__class__=<class 'psychopy.visual.text.TextStim'>, alignHoriz=method-wrapper(...), alignText='center', alignVert=method-wrapper(...), anchorHoriz='center', anchorVert='center', antialias=True, autoDraw=False, autoLog=True, bold=False, color=array([1., 1., 1.]), colorSpace='rgb', contrast=1.0, depth=0.0, draggable=False, flipHoriz=False, flipVert=False, font='Arial', fontFiles=[], height=0.06, italic=False, languageStyle='LTR', name='text', opacity=1, ori=0, pos=array([0., 0.]), rgb=UNKNOWN, text='', units='norm', win=Window(...), wrapWidth=1.2)
4.7233 	EXP 	Created waiting_for_trigger_text = TextStim(__class__=<class 'psychopy.visual.text.TextStim'>, alignHoriz=method-wrapper(...), alignText='center', alignVert=method-wrapper(...), anchorHoriz='center', anchorVert='center', antialias=True, autoDraw=False, autoLog=True, bold=False, color=array([1., 1., 1.]), colorSpace='rgb', contrast=1.0, depth=0.0, draggable=False, flipHoriz=False, flipVert=False, font='Arial', fontFiles=[], height=np.float64(0.1), italic=False, languageStyle='LTR', name='waiting_for_trigger_text', opacity=1, ori=0, pos=array([0., 0.]), rgb=UNKNOWN, text='waiting for scanner', units='norm', win=Window(...), wrapWidth=2)
4.7254 	EXP 	Created text_2 = TextStim(__class__=<class 'psychopy.visual.text.TextStim'>, alignHoriz=method-wrapper(...), alignText='center', alignVert=method-wrapper(...), anchorHoriz='center', anchorVert='center', antialias=True, autoDraw=False, autoLog=True, bold=False, color=array([1., 1., 1.]), colorSpace='rgb', contrast=1.0, depth=0.0, draggable=False, flipHoriz=False, flipVert=False, font='Arial', fontFiles=[], height=np.float64(0.3), italic=False, languageStyle='LTR', name='text_2', opacity=1, ori=0, pos=array([0., 0.]), rgb=UNKNOWN, text='+', units='norm', win=Window(...), wrapWidth=1)
4.7279 	EXP 	Created text_relax = TextStim(__class__=<class 'psychopy.visual.text.TextStim'>, alignHoriz=method-wrapper(...), alignText='center', alignVert=method-wrapper(...), anchorHoriz='center', anchorVert='center', antialias=True, autoDraw=False, autoLog=True, bold=False, color=array([1., 1., 1.]), colorSpace='rgb', contrast=1.0, depth=0.0, draggable=False, flipHoriz=False, flipVert=False, font='Arial', fontFiles=[], height=np.float64(0.07), italic=False, languageStyle='LTR', name='text_relax', opacity=1, ori=0, pos=array([ 0. , -0.2]), rgb=UNKNOWN, text='Relax', units='norm', win=Window(...), wrapWidth=1)
4.7306 	EXP 	Created text_4 = TextStim(__class__=<class 'psychopy.visual.text.TextStim'>, alignHoriz=method-wrapper(...), alignText='center', alignVert=method-wrapper(...), anchorHoriz='center', anchorVert='center', antialias=True, autoDraw=False, autoLog=True, bold=False, color=array([1., 1., 1.]), colorSpace='rgb', contrast=1.0, depth=-3.0, draggable=False, flipHoriz=False, flipVert=False, font='Arial', fontFiles=[], height=np.float64(0.1), italic=False, languageStyle='LTR', name='text_4', opacity=1, ori=0, pos=array([0., 0.]), rgb=UNKNOWN, text='default text', units='norm', win=Window(...), wrapWidth=1)
4.7343 	EXP 	Created unnamed Circle = Circle(__class__=<class 'psychopy.visual.circle.Circle'>, anchor=('center', 'center'), autoDraw=False, autoLog=True, closeShape=True, color=method-wrapper(...), colorSpace='rgb', contrast=None, depth=0, draggable=False, fillColor=array([0, 0, 0]), fillColorSpace='rgb', fillRGB=array([0, 0, 0]), interpolate=True, lineColor=array([ 1.,  1., -1.]), lineColorSpace='rgb', lineRGB=array([ 1,  1, -1]), lineWidth=3, name='unnamed Circle', opacity=1, ori=0.0, pos=array([0.        , 0.33333333]), size=array([1., 1.]), units='norm', vertices=ndarray(...), win=Window(...))
4.7373 	EXP 	Created unnamed Circle = Circle(__class__=<class 'psychopy.visual.circle.Circle'>, anchor=('center', 'center'), autoDraw=False, autoLog=True, closeShape=True, color=method-wrapper(...), colorSpace='rgb', contrast=None, depth=0, draggable=False, fillColor=array([0, 0, 0]), fillColorSpace='rgb', fillRGB=array([0, 0, 0]), interpolate=True, lineColor=array([0.35686275, 0.69411765, 0.80392157]), lineColorSpace='rgb', lineRGB=array([0.35686275, 0.69411765, 0.80392157]), lineWidth=3, name='unnamed Circle', opacity=1, ori=0.0, pos=array([ 0.        , -0.33333333]), size=array([1., 1.]), units='norm', vertices=ndarray(...), win=Window(...))
4.7403 	EXP 	Created unnamed Circle = Circle(__class__=<class 'psychopy.visual.circle.Circle'>, anchor=('center', 'center'), autoDraw=False, autoLog=True, closeShape=True, color=method-wrapper(...), colorSpace='rgb', contrast=None, depth=0, draggable=False, fillColor=array([1, 1, 1]), fillColorSpace='rgb', fillRGB=array([1, 1, 1]), interpolate=True, lineColor=array([1., 1., 1.]), lineColorSpace='rgb', lineRGB=array([1, 1, 1]), lineWidth=1.5, name='unnamed Circle', opacity=1, ori=0.0, pos=array([0., 0.]), size=array([1., 1.]), units='norm', vertices=ndarray(...), win=Window(...))
4.7432 	EXP 	Created unnamed Circle = Circle(__class__=<class 'psychopy.visual.circle.Circle'>, anchor=('center', 'center'), autoDraw=False, autoLog=True, closeShape=True, color=method-wrapper(...), colorSpace='rgb', contrast=None, depth=0, draggable=False, fillColor=array([1, 1, 1]), fillColorSpace='rgb', fillRGB=array([1, 1, 1]), interpolate=True, lineColor=array([1., 1., 1.]), lineColorSpace='rgb', lineRGB=array([1, 1, 1]), lineWidth=3, name='unnamed Circle', opacity=1, ori=0.0, pos=array([0., 0.]), size=array([1., 1.]), units='norm', vertices=ndarray(...), win=Window(...))
4.7458 	EXP 	Created instruct_text = TextStim(__class__=<class 'psychopy.visual.text.TextStim'>, alignHoriz=method-wrapper(...), alignText='center', alignVert=method-wrapper(...), anchorHoriz='center', anchorVert='center', antialias=True, autoDraw=False, autoLog=True, bold=False, color=array([1., 1., 1.]), colorSpace='rgb', contrast=1.0, depth=0.0, draggable=False, flipHoriz=False, flipVert=False, font='Arial', fontFiles=[], height=np.float64(0.06), italic=False, languageStyle='LTR', name='instruct_text', opacity=1, ori=0, pos=array([0., 0.]), rgb=UNKNOWN, text='replace me', units='norm', win=Window(...), wrapWidth=1.2)
4.7478 	EXP 	Created thank_you_end_run_text = TextStim(__class__=<class 'psychopy.visual.text.TextStim'>, alignHoriz=method-wrapper(...), alignText='center', alignVert=method-wrapper(...), anchorHoriz='center', anchorVert='center', antialias=True, autoDraw=False, autoLog=True, bold=False, color=array([1., 1., 1.]), colorSpace='rgb', contrast=1.0, depth=0.0, draggable=False, flipHoriz=False, flipVert=False, font='Arial', fontFiles=[], height=np.float64(0.1), italic=False, languageStyle='LTR', name='thank_you_end_run_text', opacity=1, ori=0, pos=array([0., 0.]), rgb=UNKNOWN, text='thank you!', units='norm', win=Window(...), wrapWidth=1)
4.7550 	EXP 	instruct_text: height = np.float64(0.06)
4.7550 	EXP 	instruct_text: height = np.float64(0.06)
4.7550 	EXP 	instruct_text: height = np.float64(0.06)
4.7550 	EXP 	instruct_text: text = "Great job! Now, you're going practice Mindful Describing for another 2.5min with more brain feedback from the ball. \n\nWhen the ball moves upwards, that corresponds to the describing practice."
5.7322 	DATA 	Keypress: space
5.7369 	EXP 	instruct_text: height = np.float64(0.06)
5.7369 	EXP 	instruct_text: height = np.float64(0.06)
5.7369 	EXP 	instruct_text: height = np.float64(0.06)
5.7369 	EXP 	instruct_text: text = 'When you see the plus sign (+), just relax.\n\nOnce the circles appear, please start the Describing practice. This scan will last 2.5 min.'
5.8796 	DATA 	Keypress: space
5.8816 	EXP 	waiting_for_trigger_text: autoDraw = True
6.0259 	DATA 	Keypress: 5
6.0326 	EXP 	waiting_for_trigger_text: autoDraw = False
6.0326 	EXP 	text_2: autoDraw = True
6.0326 	EXP 	text_relax: autoDraw = True
7.3251 	DATA 	Keypress: lalt
36.0395 	EXP 	text_2: autoDraw = False
36.0395 	EXP 	text_relax: autoDraw = False
36.0395 	EXP 	text_2: autoDraw = False
37.1226 	EXP 	unnamed Circle: fillColor = <class 'numpy.ndarray'>
37.1226 	EXP 	unnamed Circle: fillColor = <class 'numpy.ndarray'>
38.3238 	EXP 	unnamed Circle: fillColor = <class 'numpy.ndarray'>
38.3238 	EXP 	unnamed Circle: fillColor = <class 'numpy.ndarray'>
39.5252 	EXP 	unnamed Circle: fillColor = <class 'numpy.ndarray'>
39.5252 	EXP 	unnamed Circle: fillColor = <class 'numpy.ndarray'>
40.7265 	EXP 	unnamed Circle: fillColor = <class 'numpy.ndarray'>
40.7265 	EXP 	unnamed Circle: fillColor = <class 'numpy.ndarray'>
41.9282 	EXP 	unnamed Circle: fillColor = <class 'numpy.ndarray'>
41.9282 	EXP 	unnamed Circle: fillColor = <class 'numpy.ndarray'>
43.1294 	EXP 	unnamed Circle: fillColor = <class 'numpy.ndarray'>
43.1294 	EXP 	unnamed Circle: fillColor = <class 'numpy.ndarray'>
44.3308 	EXP 	unnamed Circle: fillColor = <class 'numpy.ndarray'>
44.3308 	EXP 	unnamed Circle: fillColor = <class 'numpy.ndarray'>
45.5321 	EXP 	unnamed Circle: fillColor = <class 'numpy.ndarray'>
45.5321 	EXP 	unnamed Circle: fillColor = <class 'numpy.ndarray'>
46.7336 	EXP 	unnamed Circle: fillColor = <class 'numpy.ndarray'>
46.7336 	EXP 	unnamed Circle: fillColor = <class 'numpy.ndarray'>
47.9348 	EXP 	unnamed Circle: fillColor = <class 'numpy.ndarray'>
47.9348 	EXP 	unnamed Circle: fillColor = <class 'numpy.ndarray'>
49.1370 	EXP 	unnamed Circle: fillColor = <class 'numpy.ndarray'>
49.1370 	EXP 	unnamed Circle: fillColor = <class 'numpy.ndarray'>
50.3376 	EXP 	unnamed Circle: fillColor = <class 'numpy.ndarray'>
50.3376 	EXP 	unnamed Circle: fillColor = <class 'numpy.ndarray'>
51.5392 	EXP 	unnamed Circle: fillColor = <class 'numpy.ndarray'>
51.5392 	EXP 	unnamed Circle: fillColor = <class 'numpy.ndarray'>
51.5392 	EXP 	unnamed Circle: radius = np.float64(0.135)
51.5392 	EXP 	unnamed Circle: fillColor = 'white'
52.7406 	EXP 	unnamed Circle: fillColor = <class 'numpy.ndarray'>
52.7406 	EXP 	unnamed Circle: fillColor = <class 'numpy.ndarray'>
53.9420 	EXP 	unnamed Circle: fillColor = <class 'numpy.ndarray'>
53.9420 	EXP 	unnamed Circle: fillColor = <class 'numpy.ndarray'>
55.1432 	EXP 	unnamed Circle: fillColor = <class 'numpy.ndarray'>
55.1432 	EXP 	unnamed Circle: fillColor = <class 'numpy.ndarray'>
56.3446 	EXP 	unnamed Circle: fillColor = <class 'numpy.ndarray'>
56.3446 	EXP 	unnamed Circle: fillColor = <class 'numpy.ndarray'>
57.5459 	EXP 	unnamed Circle: fillColor = <class 'numpy.ndarray'>
57.5459 	EXP 	unnamed Circle: fillColor = <class 'numpy.ndarray'>
58.7473 	EXP 	unnamed Circle: fillColor = <class 'numpy.ndarray'>
58.7473 	EXP 	unnamed Circle: fillColor = <class 'numpy.ndarray'>
59.9487 	EXP 	unnamed Circle: fillColor = <class 'numpy.ndarray'>
59.9487 	EXP 	unnamed Circle: fillColor = <class 'numpy.ndarray'>
61.1500 	EXP 	unnamed Circle: fillColor = <class 'numpy.ndarray'>
61.1500 	EXP 	unnamed Circle: fillColor = <class 'numpy.ndarray'>
62.3514 	EXP 	unnamed Circle: fillColor = <class 'numpy.ndarray'>
62.3514 	EXP 	unnamed Circle: fillColor = <class 'numpy.ndarray'>
63.5529 	EXP 	unnamed Circle: fillColor = <class 'numpy.ndarray'>
63.5529 	EXP 	unnamed Circle: fillColor = <class 'numpy.ndarray'>
64.7543 	EXP 	unnamed Circle: fillColor = <class 'numpy.ndarray'>
64.7543 	EXP 	unnamed Circle: fillColor = <class 'numpy.ndarray'>
65.9555 	EXP 	unnamed Circle: fillColor = <class 'numpy.ndarray'>
65.9555 	EXP 	unnamed Circle: radius = np.float64(0.135)
65.9555 	EXP 	unnamed Circle: fillColor = 'white'
65.9555 	EXP 	unnamed Circle: fillColor = <class 'numpy.ndarray'>
67.1568 	EXP 	unnamed Circle: fillColor = <class 'numpy.ndarray'>
67.1568 	EXP 	unnamed Circle: fillColor = <class 'numpy.ndarray'>
68.3583 	EXP 	unnamed Circle: fillColor = <class 'numpy.ndarray'>
68.3583 	EXP 	unnamed Circle: fillColor = <class 'numpy.ndarray'>
69.5597 	EXP 	unnamed Circle: fillColor = <class 'numpy.ndarray'>
69.5597 	EXP 	unnamed Circle: fillColor = <class 'numpy.ndarray'>
70.7610 	EXP 	unnamed Circle: fillColor = <class 'numpy.ndarray'>
70.7610 	EXP 	unnamed Circle: fillColor = <class 'numpy.ndarray'>
71.9624 	EXP 	unnamed Circle: fillColor = <class 'numpy.ndarray'>
71.9624 	EXP 	unnamed Circle: fillColor = <class 'numpy.ndarray'>
73.1637 	EXP 	unnamed Circle: fillColor = <class 'numpy.ndarray'>
73.1637 	EXP 	unnamed Circle: fillColor = <class 'numpy.ndarray'>
74.3652 	EXP 	unnamed Circle: fillColor = <class 'numpy.ndarray'>
74.3652 	EXP 	unnamed Circle: fillColor = <class 'numpy.ndarray'>
75.5666 	EXP 	unnamed Circle: fillColor = <class 'numpy.ndarray'>
75.5666 	EXP 	unnamed Circle: fillColor = <class 'numpy.ndarray'>
76.7680 	EXP 	unnamed Circle: fillColor = <class 'numpy.ndarray'>
76.7680 	EXP 	unnamed Circle: fillColor = <class 'numpy.ndarray'>
77.9702 	EXP 	unnamed Circle: fillColor = <class 'numpy.ndarray'>
77.9702 	EXP 	unnamed Circle: radius = np.float64(0.12150000000000001)
77.9702 	EXP 	unnamed Circle: fillColor = 'white'
77.9702 	EXP 	unnamed Circle: fillColor = <class 'numpy.ndarray'>
79.1708 	EXP 	unnamed Circle: fillColor = <class 'numpy.ndarray'>
79.1708 	EXP 	unnamed Circle: fillColor = <class 'numpy.ndarray'>
80.3721 	EXP 	unnamed Circle: fillColor = <class 'numpy.ndarray'>
80.3721 	EXP 	unnamed Circle: fillColor = <class 'numpy.ndarray'>
81.5735 	EXP 	unnamed Circle: fillColor = <class 'numpy.ndarray'>
81.5735 	EXP 	unnamed Circle: fillColor = <class 'numpy.ndarray'>
82.7749 	EXP 	unnamed Circle: fillColor = <class 'numpy.ndarray'>
82.7749 	EXP 	unnamed Circle: fillColor = <class 'numpy.ndarray'>
83.9762 	EXP 	unnamed Circle: fillColor = <class 'numpy.ndarray'>
83.9762 	EXP 	unnamed Circle: fillColor = <class 'numpy.ndarray'>
85.1778 	EXP 	unnamed Circle: fillColor = <class 'numpy.ndarray'>
85.1778 	EXP 	unnamed Circle: fillColor = <class 'numpy.ndarray'>
86.3791 	EXP 	unnamed Circle: fillColor = <class 'numpy.ndarray'>
86.3791 	EXP 	unnamed Circle: fillColor = <class 'numpy.ndarray'>
87.5804 	EXP 	unnamed Circle: fillColor = <class 'numpy.ndarray'>
87.5804 	EXP 	unnamed Circle: fillColor = <class 'numpy.ndarray'>
87.5804 	EXP 	unnamed Circle: radius = np.float64(0.12150000000000001)
87.5804 	EXP 	unnamed Circle: fillColor = 'white'
88.7817 	EXP 	unnamed Circle: fillColor = <class 'numpy.ndarray'>
88.7817 	EXP 	unnamed Circle: fillColor = <class 'numpy.ndarray'>
89.9831 	EXP 	unnamed Circle: fillColor = <class 'numpy.ndarray'>
89.9831 	EXP 	unnamed Circle: fillColor = <class 'numpy.ndarray'>
91.1845 	EXP 	unnamed Circle: fillColor = <class 'numpy.ndarray'>
91.1845 	EXP 	unnamed Circle: fillColor = <class 'numpy.ndarray'>
92.3858 	EXP 	unnamed Circle: fillColor = <class 'numpy.ndarray'>
92.3858 	EXP 	unnamed Circle: fillColor = <class 'numpy.ndarray'>
93.5871 	EXP 	unnamed Circle: fillColor = <class 'numpy.ndarray'>
93.5871 	EXP 	unnamed Circle: fillColor = <class 'numpy.ndarray'>
94.7887 	EXP 	unnamed Circle: fillColor = <class 'numpy.ndarray'>
94.7887 	EXP 	unnamed Circle: fillColor = <class 'numpy.ndarray'>
95.9900 	EXP 	unnamed Circle: fillColor = <class 'numpy.ndarray'>
95.9900 	EXP 	unnamed Circle: fillColor = <class 'numpy.ndarray'>
97.1916 	EXP 	unnamed Circle: fillColor = <class 'numpy.ndarray'>
97.1916 	EXP 	unnamed Circle: fillColor = <class 'numpy.ndarray'>
98.3929 	EXP 	unnamed Circle: fillColor = <class 'numpy.ndarray'>
98.3929 	EXP 	unnamed Circle: fillColor = <class 'numpy.ndarray'>
99.5952 	EXP 	unnamed Circle: fillColor = <class 'numpy.ndarray'>
99.5952 	EXP 	unnamed Circle: fillColor = <class 'numpy.ndarray'>
100.7957 	EXP 	unnamed Circle: fillColor = <class 'numpy.ndarray'>
100.7957 	EXP 	unnamed Circle: fillColor = <class 'numpy.ndarray'>
101.9993 	EXP 	unnamed Circle: fillColor = <class 'numpy.ndarray'>
101.9993 	EXP 	unnamed Circle: fillColor = <class 'numpy.ndarray'>
103.1988 	EXP 	unnamed Circle: fillColor = <class 'numpy.ndarray'>
103.1988 	EXP 	unnamed Circle: fillColor = <class 'numpy.ndarray'>
104.3999 	EXP 	unnamed Circle: fillColor = <class 'numpy.ndarray'>
104.3999 	EXP 	unnamed Circle: fillColor = <class 'numpy.ndarray'>
105.6009 	EXP 	unnamed Circle: fillColor = <class 'numpy.ndarray'>
105.6009 	EXP 	unnamed Circle: fillColor = <class 'numpy.ndarray'>
106.8025 	EXP 	unnamed Circle: fillColor = <class 'numpy.ndarray'>
106.8025 	EXP 	unnamed Circle: fillColor = <class 'numpy.ndarray'>
108.0036 	EXP 	unnamed Circle: fillColor = <class 'numpy.ndarray'>
108.0036 	EXP 	unnamed Circle: fillColor = <class 'numpy.ndarray'>
109.2056 	EXP 	unnamed Circle: fillColor = <class 'numpy.ndarray'>
109.2056 	EXP 	unnamed Circle: fillColor = <class 'numpy.ndarray'>
110.4066 	EXP 	unnamed Circle: fillColor = <class 'numpy.ndarray'>
110.4066 	EXP 	unnamed Circle: fillColor = <class 'numpy.ndarray'>
111.6084 	EXP 	unnamed Circle: fillColor = <class 'numpy.ndarray'>
111.6084 	EXP 	unnamed Circle: fillColor = <class 'numpy.ndarray'>
112.8095 	EXP 	unnamed Circle: fillColor = <class 'numpy.ndarray'>
112.8095 	EXP 	unnamed Circle: fillColor = <class 'numpy.ndarray'>
114.0145 	EXP 	unnamed Circle: fillColor = <class 'numpy.ndarray'>
114.0145 	EXP 	unnamed Circle: fillColor = <class 'numpy.ndarray'>
115.2122 	EXP 	unnamed Circle: fillColor = <class 'numpy.ndarray'>
115.2122 	EXP 	unnamed Circle: fillColor = <class 'numpy.ndarray'>
116.4134 	EXP 	unnamed Circle: fillColor = <class 'numpy.ndarray'>
116.4134 	EXP 	unnamed Circle: fillColor = <class 'numpy.ndarray'>
117.6182 	EXP 	unnamed Circle: fillColor = <class 'numpy.ndarray'>
117.6182 	EXP 	unnamed Circle: fillColor = <class 'numpy.ndarray'>
118.8232 	EXP 	unnamed Circle: fillColor = <class 'numpy.ndarray'>
118.8232 	EXP 	unnamed Circle: radius = np.float64(0.10935000000000002)
118.8232 	EXP 	unnamed Circle: fillColor = 'white'
118.8232 	EXP 	unnamed Circle: fillColor = <class 'numpy.ndarray'>
120.0293 	EXP 	unnamed Circle: fillColor = <class 'numpy.ndarray'>
120.0293 	EXP 	unnamed Circle: fillColor = <class 'numpy.ndarray'>
121.2261 	EXP 	unnamed Circle: fillColor = <class 'numpy.ndarray'>
121.2261 	EXP 	unnamed Circle: fillColor = <class 'numpy.ndarray'>
122.4274 	EXP 	unnamed Circle: fillColor = <class 'numpy.ndarray'>
122.4274 	EXP 	unnamed Circle: fillColor = <class 'numpy.ndarray'>
123.6287 	EXP 	unnamed Circle: fillColor = <class 'numpy.ndarray'>
123.6287 	EXP 	unnamed Circle: fillColor = <class 'numpy.ndarray'>
124.8303 	EXP 	unnamed Circle: fillColor = <class 'numpy.ndarray'>
124.8303 	EXP 	unnamed Circle: fillColor = <class 'numpy.ndarray'>
126.0331 	EXP 	unnamed Circle: fillColor = <class 'numpy.ndarray'>
126.0331 	EXP 	unnamed Circle: fillColor = <class 'numpy.ndarray'>
127.2329 	EXP 	unnamed Circle: fillColor = <class 'numpy.ndarray'>
127.2329 	EXP 	unnamed Circle: fillColor = <class 'numpy.ndarray'>
128.4349 	EXP 	unnamed Circle: fillColor = <class 'numpy.ndarray'>
128.4349 	EXP 	unnamed Circle: fillColor = <class 'numpy.ndarray'>
129.6356 	EXP 	unnamed Circle: fillColor = <class 'numpy.ndarray'>
129.6356 	EXP 	unnamed Circle: fillColor = <class 'numpy.ndarray'>
130.8383 	EXP 	unnamed Circle: fillColor = <class 'numpy.ndarray'>
130.8383 	EXP 	unnamed Circle: radius = np.float64(0.09841500000000002)
130.8383 	EXP 	unnamed Circle: fillColor = 'white'
130.8383 	EXP 	unnamed Circle: fillColor = <class 'numpy.ndarray'>
132.0403 	EXP 	unnamed Circle: fillColor = <class 'numpy.ndarray'>
132.0403 	EXP 	unnamed Circle: fillColor = <class 'numpy.ndarray'>
133.2403 	EXP 	unnamed Circle: fillColor = <class 'numpy.ndarray'>
133.2403 	EXP 	unnamed Circle: fillColor = <class 'numpy.ndarray'>
134.4415 	EXP 	unnamed Circle: fillColor = <class 'numpy.ndarray'>
134.4415 	EXP 	unnamed Circle: fillColor = <class 'numpy.ndarray'>
135.6429 	EXP 	unnamed Circle: fillColor = <class 'numpy.ndarray'>
135.6429 	EXP 	unnamed Circle: fillColor = <class 'numpy.ndarray'>
136.8444 	EXP 	unnamed Circle: fillColor = <class 'numpy.ndarray'>
136.8444 	EXP 	unnamed Circle: fillColor = <class 'numpy.ndarray'>
138.0476 	EXP 	unnamed Circle: fillColor = <class 'numpy.ndarray'>
138.0476 	EXP 	unnamed Circle: fillColor = <class 'numpy.ndarray'>
139.2467 	EXP 	unnamed Circle: fillColor = <class 'numpy.ndarray'>
139.2467 	EXP 	unnamed Circle: fillColor = <class 'numpy.ndarray'>
140.4480 	EXP 	unnamed Circle: fillColor = <class 'numpy.ndarray'>
140.4480 	EXP 	unnamed Circle: fillColor = <class 'numpy.ndarray'>
141.6493 	EXP 	unnamed Circle: fillColor = <class 'numpy.ndarray'>
141.6493 	EXP 	unnamed Circle: fillColor = <class 'numpy.ndarray'>
142.8509 	EXP 	unnamed Circle: fillColor = <class 'numpy.ndarray'>
142.8509 	EXP 	unnamed Circle: fillColor = <class 'numpy.ndarray'>
144.0553 	EXP 	unnamed Circle: fillColor = <class 'numpy.ndarray'>
144.0553 	EXP 	unnamed Circle: fillColor = <class 'numpy.ndarray'>
145.2536 	EXP 	unnamed Circle: fillColor = <class 'numpy.ndarray'>
145.2536 	EXP 	unnamed Circle: fillColor = <class 'numpy.ndarray'>
146.4551 	EXP 	unnamed Circle: fillColor = <class 'numpy.ndarray'>
146.4551 	EXP 	unnamed Circle: fillColor = <class 'numpy.ndarray'>
147.6563 	EXP 	unnamed Circle: fillColor = <class 'numpy.ndarray'>
147.6563 	EXP 	unnamed Circle: fillColor = <class 'numpy.ndarray'>
148.8580 	EXP 	unnamed Circle: fillColor = <class 'numpy.ndarray'>
148.8580 	EXP 	unnamed Circle: fillColor = <class 'numpy.ndarray'>
150.0591 	EXP 	unnamed Circle: fillColor = <class 'numpy.ndarray'>
150.0591 	EXP 	unnamed Circle: fillColor = <class 'numpy.ndarray'>
151.2612 	EXP 	unnamed Circle: fillColor = <class 'numpy.ndarray'>
151.2612 	EXP 	unnamed Circle: fillColor = <class 'numpy.ndarray'>
152.4619 	EXP 	unnamed Circle: fillColor = <class 'numpy.ndarray'>
152.4619 	EXP 	unnamed Circle: fillColor = <class 'numpy.ndarray'>
153.6633 	EXP 	unnamed Circle: fillColor = <class 'numpy.ndarray'>
153.6633 	EXP 	unnamed Circle: fillColor = <class 'numpy.ndarray'>
154.8644 	EXP 	unnamed Circle: fillColor = <class 'numpy.ndarray'>
154.8644 	EXP 	unnamed Circle: fillColor = <class 'numpy.ndarray'>
156.0689 	EXP 	unnamed Circle: fillColor = <class 'numpy.ndarray'>
156.0689 	EXP 	unnamed Circle: fillColor = <class 'numpy.ndarray'>
157.2674 	EXP 	unnamed Circle: fillColor = <class 'numpy.ndarray'>
157.2674 	EXP 	unnamed Circle: fillColor = <class 'numpy.ndarray'>
158.4687 	EXP 	unnamed Circle: fillColor = <class 'numpy.ndarray'>
158.4687 	EXP 	unnamed Circle: fillColor = <class 'numpy.ndarray'>
159.6700 	EXP 	unnamed Circle: fillColor = <class 'numpy.ndarray'>
159.6700 	EXP 	unnamed Circle: fillColor = <class 'numpy.ndarray'>
159.6700 	EXP 	unnamed Circle: radius = np.float64(0.10935000000000002)
159.6700 	EXP 	unnamed Circle: fillColor = 'white'
160.8715 	EXP 	unnamed Circle: fillColor = <class 'numpy.ndarray'>
160.8715 	EXP 	unnamed Circle: fillColor = <class 'numpy.ndarray'>
162.0744 	EXP 	unnamed Circle: fillColor = <class 'numpy.ndarray'>
162.0744 	EXP 	unnamed Circle: fillColor = <class 'numpy.ndarray'>
163.2782 	EXP 	unnamed Circle: fillColor = <class 'numpy.ndarray'>
163.2782 	EXP 	unnamed Circle: fillColor = <class 'numpy.ndarray'>
164.4762 	EXP 	unnamed Circle: fillColor = <class 'numpy.ndarray'>
164.4762 	EXP 	unnamed Circle: fillColor = <class 'numpy.ndarray'>
164.4762 	EXP 	unnamed Circle: radius = np.float64(0.09841500000000002)
164.4762 	EXP 	unnamed Circle: fillColor = 'white'
165.6778 	EXP 	unnamed Circle: fillColor = <class 'numpy.ndarray'>
165.6778 	EXP 	unnamed Circle: fillColor = <class 'numpy.ndarray'>
166.8787 	EXP 	unnamed Circle: fillColor = <class 'numpy.ndarray'>
166.8787 	EXP 	unnamed Circle: fillColor = <class 'numpy.ndarray'>
168.0797 	EXP 	unnamed Circle: fillColor = <class 'numpy.ndarray'>
168.0797 	EXP 	unnamed Circle: fillColor = <class 'numpy.ndarray'>
169.2810 	EXP 	unnamed Circle: fillColor = <class 'numpy.ndarray'>
169.2810 	EXP 	unnamed Circle: fillColor = <class 'numpy.ndarray'>
170.4825 	EXP 	unnamed Circle: fillColor = <class 'numpy.ndarray'>
170.4825 	EXP 	unnamed Circle: fillColor = <class 'numpy.ndarray'>
171.6839 	EXP 	unnamed Circle: fillColor = <class 'numpy.ndarray'>
171.6839 	EXP 	unnamed Circle: fillColor = <class 'numpy.ndarray'>
172.8880 	EXP 	unnamed Circle: fillColor = <class 'numpy.ndarray'>
172.8880 	EXP 	unnamed Circle: fillColor = <class 'numpy.ndarray'>
174.0867 	EXP 	unnamed Circle: fillColor = <class 'numpy.ndarray'>
174.0867 	EXP 	unnamed Circle: fillColor = <class 'numpy.ndarray'>
175.2880 	EXP 	unnamed Circle: fillColor = <class 'numpy.ndarray'>
175.2880 	EXP 	unnamed Circle: fillColor = <class 'numpy.ndarray'>
176.4894 	EXP 	unnamed Circle: fillColor = <class 'numpy.ndarray'>
176.4894 	EXP 	unnamed Circle: fillColor = <class 'numpy.ndarray'>
176.4894 	EXP 	unnamed Circle: radius = np.float64(0.08857350000000001)
176.4894 	EXP 	unnamed Circle: fillColor = 'white'
177.6913 	EXP 	unnamed Circle: fillColor = <class 'numpy.ndarray'>
177.6913 	EXP 	unnamed Circle: fillColor = <class 'numpy.ndarray'>
178.8963 	EXP 	unnamed Circle: fillColor = <class 'numpy.ndarray'>
178.8963 	EXP 	unnamed Circle: fillColor = <class 'numpy.ndarray'>
180.0937 	EXP 	unnamed Circle: fillColor = <class 'numpy.ndarray'>
180.0937 	EXP 	unnamed Circle: fillColor = <class 'numpy.ndarray'>
181.2950 	EXP 	unnamed Circle: fillColor = <class 'numpy.ndarray'>
181.2950 	EXP 	unnamed Circle: fillColor = <class 'numpy.ndarray'>
182.4965 	EXP 	unnamed Circle: fillColor = <class 'numpy.ndarray'>
182.4965 	EXP 	unnamed Circle: fillColor = <class 'numpy.ndarray'>
183.6977 	EXP 	unnamed Circle: fillColor = <class 'numpy.ndarray'>
183.6977 	EXP 	unnamed Circle: fillColor = <class 'numpy.ndarray'>
184.9006 	EXP 	unnamed Circle: fillColor = <class 'numpy.ndarray'>
184.9006 	EXP 	unnamed Circle: fillColor = <class 'numpy.ndarray'>
186.0844 	EXP 	text_2: autoDraw = True
187.0383 	EXP 	text_2: autoDraw = False
240.3733 	DATA 	Keypress: 2
240.3767 	EXP 	Created text = TextStim(__class__=<class 'psychopy.visual.text.TextStim'>, alignHoriz=method-wrapper(...), alignText='center', alignVert=method-wrapper(...), anchorHoriz='center', anchorVert='center', antialias=True, autoDraw=False, autoLog=True, bold=False, color=array([1., 1., 1.]), colorSpace='rgb', contrast=1.0, depth=0.0, draggable=False, flipHoriz=False, flipVert=False, font='Arial', fontFiles=[], height=np.float64(0.06), italic=False, languageStyle='LTR', name='text', opacity=1, ori=0, pos=array([0. , 0.2]), rgb=UNKNOWN, text=str(...), units='norm', win=Window(...), wrapWidth=1.2)
240.4072 	EXP 	Created None = Slider(__class__=<class 'psychopy.visual.slider.Slider'>, autoDraw=False, autoLog=True, borderColor=None, color=None, colorSpace='rgb', depth=0, fillColor=None, flip=False, font='Arial', granularity=1, labelColor=None, labelHeight=np.float64(0.06), labelWrapWidth=None, labels=('Never', 'Always'), lineColor=None, markerColor=None, name=None, opacity=None, ori=0, pos=array([0., 0.]), readOnly=False, self=UNKNOWN, size=array([0.85, 0.1 ]), startValue=None, style='rating', styleTweaks=[], ticks=array([1, 9]), units='norm', win=Window(...))
240.4140 	EXP 	None: autoLog = True
240.4140 	EXP 	None: styleTweaks = []
240.4140 	EXP 	None: styleTweaks = []
240.4140 	EXP 	None: styleTweaks = []
240.4140 	EXP 	None: styleTweaks = []
240.4140 	EXP 	None: contrast = 1.0
240.4140 	EXP 	None: markerPos = None
240.4140 	EXP 	None: autoLog = True
240.4140 	EXP 	None: markerPos = 5
240.4968 	DATA 	Keypress: 0
240.4999 	EXP 	None: markerPos = 5
240.5018 	EXP 	Created text = TextStim(__class__=<class 'psychopy.visual.text.TextStim'>, alignHoriz=method-wrapper(...), alignText='center', alignVert=method-wrapper(...), anchorHoriz='center', anchorVert='center', antialias=True, autoDraw=False, autoLog=True, bold=False, color=array([1., 1., 1.]), colorSpace='rgb', contrast=1.0, depth=0.0, draggable=False, flipHoriz=False, flipVert=False, font='Arial', fontFiles=[], height=np.float64(0.06), italic=False, languageStyle='LTR', name='text', opacity=1, ori=0, pos=array([0. , 0.2]), rgb=UNKNOWN, text=str(...), units='norm', win=Window(...), wrapWidth=1.2)
240.5221 	EXP 	Created None = Slider(__class__=<class 'psychopy.visual.slider.Slider'>, autoDraw=False, autoLog=True, borderColor=None, color=None, colorSpace='rgb', depth=0, fillColor=None, flip=False, font='Arial', granularity=1, labelColor=None, labelHeight=np.float64(0.06), labelWrapWidth=None, labels=('Never', 'All the time'), lineColor=None, markerColor=None, name=None, opacity=None, ori=0, pos=array([0., 0.]), readOnly=False, self=UNKNOWN, size=array([0.85, 0.1 ]), startValue=None, style='rating', styleTweaks=[], ticks=array([1, 9]), units='norm', win=Window(...))
240.5280 	EXP 	None: autoLog = True
240.5280 	EXP 	None: styleTweaks = []
240.5280 	EXP 	None: styleTweaks = []
240.5280 	EXP 	None: styleTweaks = []
240.5280 	EXP 	None: styleTweaks = []
240.5280 	EXP 	None: contrast = 1.0
240.5280 	EXP 	None: markerPos = None
240.5280 	EXP 	None: autoLog = True
240.5280 	EXP 	None: markerPos = 5
240.5428 	DATA 	Keypress: 2
240.5456 	EXP 	None: markerPos = 6
240.6417 	DATA 	Keypress: 0
240.6448 	EXP 	None: markerPos = 6
240.6466 	EXP 	Created text = TextStim(__class__=<class 'psychopy.visual.text.TextStim'>, alignHoriz=method-wrapper(...), alignText='center', alignVert=method-wrapper(...), anchorHoriz='center', anchorVert='center', antialias=True, autoDraw=False, autoLog=True, bold=False, color=array([1., 1., 1.]), colorSpace='rgb', contrast=1.0, depth=0.0, draggable=False, flipHoriz=False, flipVert=False, font='Arial', fontFiles=[], height=np.float64(0.06), italic=False, languageStyle='LTR', name='text', opacity=1, ori=0, pos=array([0. , 0.2]), rgb=UNKNOWN, text=str(...), units='norm', win=Window(...), wrapWidth=1.2)
240.6688 	EXP 	Created None = Slider(__class__=<class 'psychopy.visual.slider.Slider'>, autoDraw=False, autoLog=True, borderColor=None, color=None, colorSpace='rgb', depth=0, fillColor=None, flip=False, font='Arial', granularity=1, labelColor=None, labelHeight=np.float64(0.06), labelWrapWidth=None, labels=('Not at all', 'Very Difficult'), lineColor=None, markerColor=None, name=None, opacity=None, ori=0, pos=array([0., 0.]), readOnly=False, self=UNKNOWN, size=array([0.85, 0.1 ]), startValue=None, style='rating', styleTweaks=[], ticks=array([1, 9]), units='norm', win=Window(...))
240.6736 	EXP 	None: autoLog = True
240.6736 	EXP 	None: styleTweaks = []
240.6736 	EXP 	None: styleTweaks = []
240.6736 	EXP 	None: styleTweaks = []
240.6736 	EXP 	None: styleTweaks = []
240.6736 	EXP 	None: contrast = 1.0
240.6736 	EXP 	None: markerPos = None
240.6736 	EXP 	None: autoLog = True
240.6736 	EXP 	None: markerPos = 5
240.7063 	DATA 	Keypress: 2
240.7093 	EXP 	None: markerPos = 6
240.7970 	DATA 	Keypress: 0
240.7993 	EXP 	None: markerPos = 6
240.8011 	EXP 	Created text = TextStim(__class__=<class 'psychopy.visual.text.TextStim'>, alignHoriz=method-wrapper(...), alignText='center', alignVert=method-wrapper(...), anchorHoriz='center', anchorVert='center', antialias=True, autoDraw=False, autoLog=True, bold=False, color=array([1., 1., 1.]), colorSpace='rgb', contrast=1.0, depth=0.0, draggable=False, flipHoriz=False, flipVert=False, font='Arial', fontFiles=[], height=np.float64(0.06), italic=False, languageStyle='LTR', name='text', opacity=1, ori=0, pos=array([0. , 0.2]), rgb=UNKNOWN, text='How calm do you feel right now?', units='norm', win=Window(...), wrapWidth=1.2)
240.8251 	EXP 	Created None = Slider(__class__=<class 'psychopy.visual.slider.Slider'>, autoDraw=False, autoLog=True, borderColor=None, color=None, colorSpace='rgb', depth=0, fillColor=None, flip=False, font='Arial', granularity=1, labelColor=None, labelHeight=np.float64(0.06), labelWrapWidth=None, labels=('Not at all', 'Very calm'), lineColor=None, markerColor=None, name=None, opacity=None, ori=0, pos=array([0., 0.]), readOnly=False, self=UNKNOWN, size=array([0.85, 0.1 ]), startValue=None, style='rating', styleTweaks=[], ticks=array([1, 9]), units='norm', win=Window(...))
240.8292 	EXP 	None: autoLog = True
240.8292 	EXP 	None: styleTweaks = []
240.8292 	EXP 	None: styleTweaks = []
240.8292 	EXP 	None: styleTweaks = []
240.8292 	EXP 	None: styleTweaks = []
240.8292 	EXP 	None: contrast = 1.0
240.8292 	EXP 	None: markerPos = None
240.8292 	EXP 	None: autoLog = True
240.8292 	EXP 	None: markerPos = 5
240.8910 	DATA 	Keypress: 2
240.8942 	EXP 	None: markerPos = 6
240.9512 	DATA 	Keypress: 0
240.9543 	EXP 	None: markerPos = 6
241.0650 	DATA 	Keypress: 2
241.1060 	DATA 	Keypress: 0
4.1986 	EXP 	DMN_BallTask: status = NOT_STARTED
4.2094 	WARNING 	Requested an unavailable screen number - using first available.
4.5329 	EXP 	Created window1 = Window(allowGUI=False, allowStencil=False, autoLog=True, backendConf=UNKNOWN, backgroundFit=<method-wrapper '__getattribute__' of attributeSetter object at 0x73db9fcd2ad0>, backgroundImage=<method-wrapper '__getattribute__' of attributeSetter object at 0x73db9fcd2a70>, bitsMode=UNKNOWN, blendMode='avg', bpc=(8, 8, 8), color=array([-1, -1, -1]), colorSpace='rgb', depthBits=8, fullscr=False, gamma=None, gammaErrorPolicy='raise', infoMsg=UNKNOWN, lms=UNKNOWN, monitor=<psychopy.monitors.calibTools.Monitor object at 0x73db940d6b30>, multiSample=False, name='window1', numSamples=2, pos=(420, 32), screen=1, size=array([1080, 1080]), stencilBits=0, stereo=False, title='PsychoPy', units='norm', useFBO=True, useRetina=False, viewOri=0.0, viewPos=None, viewScale=None, waitBlanking=True, winType='pyglet')
4.5329 	EXP 	window1: backgroundImage = None
4.5330 	EXP 	window1: backgroundFit = 'cover'
4.5351 	EXP 	window1: Attempting to measure frame rate of screen (1) ...
4.5351 	EXP 	window1: recordFrameIntervals = False
4.6018 	EXP 	window1: recordFrameIntervals = True
4.6784 	EXP 	Screen (1) actual frame rate measured at 143.74Hz
4.6784 	EXP 	window1: recordFrameIntervals = False
4.7198 	EXP 	Created text = TextStim(__class__=<class 'psychopy.visual.text.TextStim'>, alignHoriz=method-wrapper(...), alignText='center', alignVert=method-wrapper(...), anchorHoriz='center', anchorVert='center', antialias=True, autoDraw=False, autoLog=True, bold=False, color=array([1., 1., 1.]), colorSpace='rgb', contrast=1.0, depth=0.0, draggable=False, flipHoriz=False, flipVert=False, font='Arial', fontFiles=[], height=np.float64(0.06), italic=False, languageStyle='LTR', name='text', opacity=1, ori=0, pos=array([0. , 0.2]), rgb=UNKNOWN, text=str(...), units='norm', win=Window(...), wrapWidth=1.2)
4.7204 	EXP 	Created text = TextStim(__class__=<class 'psychopy.visual.text.TextStim'>, alignHoriz=method-wrapper(...), alignText='center', alignVert=method-wrapper(...), anchorHoriz='center', anchorVert='center', antialias=True, autoDraw=False, autoLog=True, bold=False, color=array([1., 1., 1.]), colorSpace='rgb', contrast=1.0, depth=0.0, draggable=False, flipHoriz=False, flipVert=False, font='Arial', fontFiles=[], height=0.06, italic=False, languageStyle='LTR', name='text', opacity=1, ori=0, pos=array([0., 0.]), rgb=UNKNOWN, text='', units='norm', win=Window(...), wrapWidth=1.2)
4.7233 	EXP 	Created waiting_for_trigger_text = TextStim(__class__=<class 'psychopy.visual.text.TextStim'>, alignHoriz=method-wrapper(...), alignText='center', alignVert=method-wrapper(...), anchorHoriz='center', anchorVert='center', antialias=True, autoDraw=False, autoLog=True, bold=False, color=array([1., 1., 1.]), colorSpace='rgb', contrast=1.0, depth=0.0, draggable=False, flipHoriz=False, flipVert=False, font='Arial', fontFiles=[], height=np.float64(0.1), italic=False, languageStyle='LTR', name='waiting_for_trigger_text', opacity=1, ori=0, pos=array([0., 0.]), rgb=UNKNOWN, text='waiting for scanner', units='norm', win=Window(...), wrapWidth=2)
4.7254 	EXP 	Created text_2 = TextStim(__class__=<class 'psychopy.visual.text.TextStim'>, alignHoriz=method-wrapper(...), alignText='center', alignVert=method-wrapper(...), anchorHoriz='center', anchorVert='center', antialias=True, autoDraw=False, autoLog=True, bold=False, color=array([1., 1., 1.]), colorSpace='rgb', contrast=1.0, depth=0.0, draggable=False, flipHoriz=False, flipVert=False, font='Arial', fontFiles=[], height=np.float64(0.3), italic=False, languageStyle='LTR', name='text_2', opacity=1, ori=0, pos=array([0., 0.]), rgb=UNKNOWN, text='+', units='norm', win=Window(...), wrapWidth=1)
4.7279 	EXP 	Created text_relax = TextStim(__class__=<class 'psychopy.visual.text.TextStim'>, alignHoriz=method-wrapper(...), alignText='center', alignVert=method-wrapper(...), anchorHoriz='center', anchorVert='center', antialias=True, autoDraw=False, autoLog=True, bold=False, color=array([1., 1., 1.]), colorSpace='rgb', contrast=1.0, depth=0.0, draggable=False, flipHoriz=False, flipVert=False, font='Arial', fontFiles=[], height=np.float64(0.07), italic=False, languageStyle='LTR', name='text_relax', opacity=1, ori=0, pos=array([ 0. , -0.2]), rgb=UNKNOWN, text='Relax', units='norm', win=Window(...), wrapWidth=1)
4.7306 	EXP 	Created text_4 = TextStim(__class__=<class 'psychopy.visual.text.TextStim'>, alignHoriz=method-wrapper(...), alignText='center', alignVert=method-wrapper(...), anchorHoriz='center', anchorVert='center', antialias=True, autoDraw=False, autoLog=True, bold=False, color=array([1., 1., 1.]), colorSpace='rgb', contrast=1.0, depth=-3.0, draggable=False, flipHoriz=False, flipVert=False, font='Arial', fontFiles=[], height=np.float64(0.1), italic=False, languageStyle='LTR', name='text_4', opacity=1, ori=0, pos=array([0., 0.]), rgb=UNKNOWN, text='default text', units='norm', win=Window(...), wrapWidth=1)
4.7343 	EXP 	Created unnamed Circle = Circle(__class__=<class 'psychopy.visual.circle.Circle'>, anchor=('center', 'center'), autoDraw=False, autoLog=True, closeShape=True, color=method-wrapper(...), colorSpace='rgb', contrast=None, depth=0, draggable=False, fillColor=array([0, 0, 0]), fillColorSpace='rgb', fillRGB=array([0, 0, 0]), interpolate=True, lineColor=array([ 1.,  1., -1.]), lineColorSpace='rgb', lineRGB=array([ 1,  1, -1]), lineWidth=3, name='unnamed Circle', opacity=1, ori=0.0, pos=array([0.        , 0.33333333]), size=array([1., 1.]), units='norm', vertices=ndarray(...), win=Window(...))
4.7373 	EXP 	Created unnamed Circle = Circle(__class__=<class 'psychopy.visual.circle.Circle'>, anchor=('center', 'center'), autoDraw=False, autoLog=True, closeShape=True, color=method-wrapper(...), colorSpace='rgb', contrast=None, depth=0, draggable=False, fillColor=array([0, 0, 0]), fillColorSpace='rgb', fillRGB=array([0, 0, 0]), interpolate=True, lineColor=array([0.35686275, 0.69411765, 0.80392157]), lineColorSpace='rgb', lineRGB=array([0.35686275, 0.69411765, 0.80392157]), lineWidth=3, name='unnamed Circle', opacity=1, ori=0.0, pos=array([ 0.        , -0.33333333]), size=array([1., 1.]), units='norm', vertices=ndarray(...), win=Window(...))
4.7403 	EXP 	Created unnamed Circle = Circle(__class__=<class 'psychopy.visual.circle.Circle'>, anchor=('center', 'center'), autoDraw=False, autoLog=True, closeShape=True, color=method-wrapper(...), colorSpace='rgb', contrast=None, depth=0, draggable=False, fillColor=array([1, 1, 1]), fillColorSpace='rgb', fillRGB=array([1, 1, 1]), interpolate=True, lineColor=array([1., 1., 1.]), lineColorSpace='rgb', lineRGB=array([1, 1, 1]), lineWidth=1.5, name='unnamed Circle', opacity=1, ori=0.0, pos=array([0., 0.]), size=array([1., 1.]), units='norm', vertices=ndarray(...), win=Window(...))
4.7432 	EXP 	Created unnamed Circle = Circle(__class__=<class 'psychopy.visual.circle.Circle'>, anchor=('center', 'center'), autoDraw=False, autoLog=True, closeShape=True, color=method-wrapper(...), colorSpace='rgb', contrast=None, depth=0, draggable=False, fillColor=array([1, 1, 1]), fillColorSpace='rgb', fillRGB=array([1, 1, 1]), interpolate=True, lineColor=array([1., 1., 1.]), lineColorSpace='rgb', lineRGB=array([1, 1, 1]), lineWidth=3, name='unnamed Circle', opacity=1, ori=0.0, pos=array([0., 0.]), size=array([1., 1.]), units='norm', vertices=ndarray(...), win=Window(...))
4.7458 	EXP 	Created instruct_text = TextStim(__class__=<class 'psychopy.visual.text.TextStim'>, alignHoriz=method-wrapper(...), alignText='center', alignVert=method-wrapper(...), anchorHoriz='center', anchorVert='center', antialias=True, autoDraw=False, autoLog=True, bold=False, color=array([1., 1., 1.]), colorSpace='rgb', contrast=1.0, depth=0.0, draggable=False, flipHoriz=False, flipVert=False, font='Arial', fontFiles=[], height=np.float64(0.06), italic=False, languageStyle='LTR', name='instruct_text', opacity=1, ori=0, pos=array([0., 0.]), rgb=UNKNOWN, text='replace me', units='norm', win=Window(...), wrapWidth=1.2)
4.7478 	EXP 	Created thank_you_end_run_text = TextStim(__class__=<class 'psychopy.visual.text.TextStim'>, alignHoriz=method-wrapper(...), alignText='center', alignVert=method-wrapper(...), anchorHoriz='center', anchorVert='center', antialias=True, autoDraw=False, autoLog=True, bold=False, color=array([1., 1., 1.]), colorSpace='rgb', contrast=1.0, depth=0.0, draggable=False, flipHoriz=False, flipVert=False, font='Arial', fontFiles=[], height=np.float64(0.1), italic=False, languageStyle='LTR', name='thank_you_end_run_text', opacity=1, ori=0, pos=array([0., 0.]), rgb=UNKNOWN, text='thank you!', units='norm', win=Window(...), wrapWidth=1)
4.7550 	EXP 	instruct_text: height = np.float64(0.06)
4.7550 	EXP 	instruct_text: height = np.float64(0.06)
4.7550 	EXP 	instruct_text: height = np.float64(0.06)
4.7550 	EXP 	instruct_text: text = "Great job! Now, you're going practice Mindful Describing for another 2.5min with more brain feedback from the ball. \n\nWhen the ball moves upwards, that corresponds to the describing practice."
5.7322 	DATA 	Keypress: space
5.7369 	EXP 	instruct_text: height = np.float64(0.06)
5.7369 	EXP 	instruct_text: height = np.float64(0.06)
5.7369 	EXP 	instruct_text: height = np.float64(0.06)
5.7369 	EXP 	instruct_text: text = 'When you see the plus sign (+), just relax.\n\nOnce the circles appear, please start the Describing practice. This scan will last 2.5 min.'
5.8796 	DATA 	Keypress: space
5.8816 	EXP 	waiting_for_trigger_text: autoDraw = True
6.0259 	DATA 	Keypress: 5
6.0326 	EXP 	waiting_for_trigger_text: autoDraw = False
6.0326 	EXP 	text_2: autoDraw = True
6.0326 	EXP 	text_relax: autoDraw = True
7.3251 	DATA 	Keypress: lalt
36.0395 	EXP 	text_2: autoDraw = False
36.0395 	EXP 	text_relax: autoDraw = False
36.0395 	EXP 	text_2: autoDraw = False
37.1226 	EXP 	unnamed Circle: fillColor = <class 'numpy.ndarray'>
37.1226 	EXP 	unnamed Circle: fillColor = <class 'numpy.ndarray'>
38.3238 	EXP 	unnamed Circle: fillColor = <class 'numpy.ndarray'>
38.3238 	EXP 	unnamed Circle: fillColor = <class 'numpy.ndarray'>
39.5252 	EXP 	unnamed Circle: fillColor = <class 'numpy.ndarray'>
39.5252 	EXP 	unnamed Circle: fillColor = <class 'numpy.ndarray'>
40.7265 	EXP 	unnamed Circle: fillColor = <class 'numpy.ndarray'>
40.7265 	EXP 	unnamed Circle: fillColor = <class 'numpy.ndarray'>
41.9282 	EXP 	unnamed Circle: fillColor = <class 'numpy.ndarray'>
41.9282 	EXP 	unnamed Circle: fillColor = <class 'numpy.ndarray'>
43.1294 	EXP 	unnamed Circle: fillColor = <class 'numpy.ndarray'>
43.1294 	EXP 	unnamed Circle: fillColor = <class 'numpy.ndarray'>
44.3308 	EXP 	unnamed Circle: fillColor = <class 'numpy.ndarray'>
44.3308 	EXP 	unnamed Circle: fillColor = <class 'numpy.ndarray'>
45.5321 	EXP 	unnamed Circle: fillColor = <class 'numpy.ndarray'>
45.5321 	EXP 	unnamed Circle: fillColor = <class 'numpy.ndarray'>
46.7336 	EXP 	unnamed Circle: fillColor = <class 'numpy.ndarray'>
46.7336 	EXP 	unnamed Circle: fillColor = <class 'numpy.ndarray'>
47.9348 	EXP 	unnamed Circle: fillColor = <class 'numpy.ndarray'>
47.9348 	EXP 	unnamed Circle: fillColor = <class 'numpy.ndarray'>
49.1370 	EXP 	unnamed Circle: fillColor = <class 'numpy.ndarray'>
49.1370 	EXP 	unnamed Circle: fillColor = <class 'numpy.ndarray'>
50.3376 	EXP 	unnamed Circle: fillColor = <class 'numpy.ndarray'>
50.3376 	EXP 	unnamed Circle: fillColor = <class 'numpy.ndarray'>
51.5392 	EXP 	unnamed Circle: fillColor = <class 'numpy.ndarray'>
51.5392 	EXP 	unnamed Circle: fillColor = <class 'numpy.ndarray'>
51.5392 	EXP 	unnamed Circle: radius = np.float64(0.135)
51.5392 	EXP 	unnamed Circle: fillColor = 'white'
52.7406 	EXP 	unnamed Circle: fillColor = <class 'numpy.ndarray'>
52.7406 	EXP 	unnamed Circle: fillColor = <class 'numpy.ndarray'>
53.9420 	EXP 	unnamed Circle: fillColor = <class 'numpy.ndarray'>
53.9420 	EXP 	unnamed Circle: fillColor = <class 'numpy.ndarray'>
55.1432 	EXP 	unnamed Circle: fillColor = <class 'numpy.ndarray'>
55.1432 	EXP 	unnamed Circle: fillColor = <class 'numpy.ndarray'>
56.3446 	EXP 	unnamed Circle: fillColor = <class 'numpy.ndarray'>
56.3446 	EXP 	unnamed Circle: fillColor = <class 'numpy.ndarray'>
57.5459 	EXP 	unnamed Circle: fillColor = <class 'numpy.ndarray'>
57.5459 	EXP 	unnamed Circle: fillColor = <class 'numpy.ndarray'>
58.7473 	EXP 	unnamed Circle: fillColor = <class 'numpy.ndarray'>
58.7473 	EXP 	unnamed Circle: fillColor = <class 'numpy.ndarray'>
59.9487 	EXP 	unnamed Circle: fillColor = <class 'numpy.ndarray'>
59.9487 	EXP 	unnamed Circle: fillColor = <class 'numpy.ndarray'>
61.1500 	EXP 	unnamed Circle: fillColor = <class 'numpy.ndarray'>
61.1500 	EXP 	unnamed Circle: fillColor = <class 'numpy.ndarray'>
62.3514 	EXP 	unnamed Circle: fillColor = <class 'numpy.ndarray'>
62.3514 	EXP 	unnamed Circle: fillColor = <class 'numpy.ndarray'>
63.5529 	EXP 	unnamed Circle: fillColor = <class 'numpy.ndarray'>
63.5529 	EXP 	unnamed Circle: fillColor = <class 'numpy.ndarray'>
64.7543 	EXP 	unnamed Circle: fillColor = <class 'numpy.ndarray'>
64.7543 	EXP 	unnamed Circle: fillColor = <class 'numpy.ndarray'>
65.9555 	EXP 	unnamed Circle: fillColor = <class 'numpy.ndarray'>
65.9555 	EXP 	unnamed Circle: radius = np.float64(0.135)
65.9555 	EXP 	unnamed Circle: fillColor = 'white'
65.9555 	EXP 	unnamed Circle: fillColor = <class 'numpy.ndarray'>
67.1568 	EXP 	unnamed Circle: fillColor = <class 'numpy.ndarray'>
67.1568 	EXP 	unnamed Circle: fillColor = <class 'numpy.ndarray'>
68.3583 	EXP 	unnamed Circle: fillColor = <class 'numpy.ndarray'>
68.3583 	EXP 	unnamed Circle: fillColor = <class 'numpy.ndarray'>
69.5597 	EXP 	unnamed Circle: fillColor = <class 'numpy.ndarray'>
69.5597 	EXP 	unnamed Circle: fillColor = <class 'numpy.ndarray'>
70.7610 	EXP 	unnamed Circle: fillColor = <class 'numpy.ndarray'>
70.7610 	EXP 	unnamed Circle: fillColor = <class 'numpy.ndarray'>
71.9624 	EXP 	unnamed Circle: fillColor = <class 'numpy.ndarray'>
71.9624 	EXP 	unnamed Circle: fillColor = <class 'numpy.ndarray'>
73.1637 	EXP 	unnamed Circle: fillColor = <class 'numpy.ndarray'>
73.1637 	EXP 	unnamed Circle: fillColor = <class 'numpy.ndarray'>
74.3652 	EXP 	unnamed Circle: fillColor = <class 'numpy.ndarray'>
74.3652 	EXP 	unnamed Circle: fillColor = <class 'numpy.ndarray'>
75.5666 	EXP 	unnamed Circle: fillColor = <class 'numpy.ndarray'>
75.5666 	EXP 	unnamed Circle: fillColor = <class 'numpy.ndarray'>
76.7680 	EXP 	unnamed Circle: fillColor = <class 'numpy.ndarray'>
76.7680 	EXP 	unnamed Circle: fillColor = <class 'numpy.ndarray'>
77.9702 	EXP 	unnamed Circle: fillColor = <class 'numpy.ndarray'>
77.9702 	EXP 	unnamed Circle: radius = np.float64(0.12150000000000001)
77.9702 	EXP 	unnamed Circle: fillColor = 'white'
77.9702 	EXP 	unnamed Circle: fillColor = <class 'numpy.ndarray'>
79.1708 	EXP 	unnamed Circle: fillColor = <class 'numpy.ndarray'>
79.1708 	EXP 	unnamed Circle: fillColor = <class 'numpy.ndarray'>
80.3721 	EXP 	unnamed Circle: fillColor = <class 'numpy.ndarray'>
80.3721 	EXP 	unnamed Circle: fillColor = <class 'numpy.ndarray'>
81.5735 	EXP 	unnamed Circle: fillColor = <class 'numpy.ndarray'>
81.5735 	EXP 	unnamed Circle: fillColor = <class 'numpy.ndarray'>
82.7749 	EXP 	unnamed Circle: fillColor = <class 'numpy.ndarray'>
82.7749 	EXP 	unnamed Circle: fillColor = <class 'numpy.ndarray'>
83.9762 	EXP 	unnamed Circle: fillColor = <class 'numpy.ndarray'>
83.9762 	EXP 	unnamed Circle: fillColor = <class 'numpy.ndarray'>
85.1778 	EXP 	unnamed Circle: fillColor = <class 'numpy.ndarray'>
85.1778 	EXP 	unnamed Circle: fillColor = <class 'numpy.ndarray'>
86.3791 	EXP 	unnamed Circle: fillColor = <class 'numpy.ndarray'>
86.3791 	EXP 	unnamed Circle: fillColor = <class 'numpy.ndarray'>
87.5804 	EXP 	unnamed Circle: fillColor = <class 'numpy.ndarray'>
87.5804 	EXP 	unnamed Circle: fillColor = <class 'numpy.ndarray'>
87.5804 	EXP 	unnamed Circle: radius = np.float64(0.12150000000000001)
87.5804 	EXP 	unnamed Circle: fillColor = 'white'
88.7817 	EXP 	unnamed Circle: fillColor = <class 'numpy.ndarray'>
88.7817 	EXP 	unnamed Circle: fillColor = <class 'numpy.ndarray'>
89.9831 	EXP 	unnamed Circle: fillColor = <class 'numpy.ndarray'>
89.9831 	EXP 	unnamed Circle: fillColor = <class 'numpy.ndarray'>
91.1845 	EXP 	unnamed Circle: fillColor = <class 'numpy.ndarray'>
91.1845 	EXP 	unnamed Circle: fillColor = <class 'numpy.ndarray'>
92.3858 	EXP 	unnamed Circle: fillColor = <class 'numpy.ndarray'>
92.3858 	EXP 	unnamed Circle: fillColor = <class 'numpy.ndarray'>
93.5871 	EXP 	unnamed Circle: fillColor = <class 'numpy.ndarray'>
93.5871 	EXP 	unnamed Circle: fillColor = <class 'numpy.ndarray'>
94.7887 	EXP 	unnamed Circle: fillColor = <class 'numpy.ndarray'>
94.7887 	EXP 	unnamed Circle: fillColor = <class 'numpy.ndarray'>
95.9900 	EXP 	unnamed Circle: fillColor = <class 'numpy.ndarray'>
95.9900 	EXP 	unnamed Circle: fillColor = <class 'numpy.ndarray'>
97.1916 	EXP 	unnamed Circle: fillColor = <class 'numpy.ndarray'>
97.1916 	EXP 	unnamed Circle: fillColor = <class 'numpy.ndarray'>
98.3929 	EXP 	unnamed Circle: fillColor = <class 'numpy.ndarray'>
98.3929 	EXP 	unnamed Circle: fillColor = <class 'numpy.ndarray'>
99.5952 	EXP 	unnamed Circle: fillColor = <class 'numpy.ndarray'>
99.5952 	EXP 	unnamed Circle: fillColor = <class 'numpy.ndarray'>
100.7957 	EXP 	unnamed Circle: fillColor = <class 'numpy.ndarray'>
100.7957 	EXP 	unnamed Circle: fillColor = <class 'numpy.ndarray'>
101.9993 	EXP 	unnamed Circle: fillColor = <class 'numpy.ndarray'>
101.9993 	EXP 	unnamed Circle: fillColor = <class 'numpy.ndarray'>
103.1988 	EXP 	unnamed Circle: fillColor = <class 'numpy.ndarray'>
103.1988 	EXP 	unnamed Circle: fillColor = <class 'numpy.ndarray'>
104.3999 	EXP 	unnamed Circle: fillColor = <class 'numpy.ndarray'>
104.3999 	EXP 	unnamed Circle: fillColor = <class 'numpy.ndarray'>
105.6009 	EXP 	unnamed Circle: fillColor = <class 'numpy.ndarray'>
105.6009 	EXP 	unnamed Circle: fillColor = <class 'numpy.ndarray'>
106.8025 	EXP 	unnamed Circle: fillColor = <class 'numpy.ndarray'>
106.8025 	EXP 	unnamed Circle: fillColor = <class 'numpy.ndarray'>
108.0036 	EXP 	unnamed Circle: fillColor = <class 'numpy.ndarray'>
108.0036 	EXP 	unnamed Circle: fillColor = <class 'numpy.ndarray'>
109.2056 	EXP 	unnamed Circle: fillColor = <class 'numpy.ndarray'>
109.2056 	EXP 	unnamed Circle: fillColor = <class 'numpy.ndarray'>
110.4066 	EXP 	unnamed Circle: fillColor = <class 'numpy.ndarray'>
110.4066 	EXP 	unnamed Circle: fillColor = <class 'numpy.ndarray'>
111.6084 	EXP 	unnamed Circle: fillColor = <class 'numpy.ndarray'>
111.6084 	EXP 	unnamed Circle: fillColor = <class 'numpy.ndarray'>
112.8095 	EXP 	unnamed Circle: fillColor = <class 'numpy.ndarray'>
112.8095 	EXP 	unnamed Circle: fillColor = <class 'numpy.ndarray'>
114.0145 	EXP 	unnamed Circle: fillColor = <class 'numpy.ndarray'>
114.0145 	EXP 	unnamed Circle: fillColor = <class 'numpy.ndarray'>
115.2122 	EXP 	unnamed Circle: fillColor = <class 'numpy.ndarray'>
115.2122 	EXP 	unnamed Circle: fillColor = <class 'numpy.ndarray'>
116.4134 	EXP 	unnamed Circle: fillColor = <class 'numpy.ndarray'>
116.4134 	EXP 	unnamed Circle: fillColor = <class 'numpy.ndarray'>
117.6182 	EXP 	unnamed Circle: fillColor = <class 'numpy.ndarray'>
117.6182 	EXP 	unnamed Circle: fillColor = <class 'numpy.ndarray'>
118.8232 	EXP 	unnamed Circle: fillColor = <class 'numpy.ndarray'>
118.8232 	EXP 	unnamed Circle: radius = np.float64(0.10935000000000002)
118.8232 	EXP 	unnamed Circle: fillColor = 'white'
118.8232 	EXP 	unnamed Circle: fillColor = <class 'numpy.ndarray'>
120.0293 	EXP 	unnamed Circle: fillColor = <class 'numpy.ndarray'>
120.0293 	EXP 	unnamed Circle: fillColor = <class 'numpy.ndarray'>
121.2261 	EXP 	unnamed Circle: fillColor = <class 'numpy.ndarray'>
121.2261 	EXP 	unnamed Circle: fillColor = <class 'numpy.ndarray'>
122.4274 	EXP 	unnamed Circle: fillColor = <class 'numpy.ndarray'>
122.4274 	EXP 	unnamed Circle: fillColor = <class 'numpy.ndarray'>
123.6287 	EXP 	unnamed Circle: fillColor = <class 'numpy.ndarray'>
123.6287 	EXP 	unnamed Circle: fillColor = <class 'numpy.ndarray'>
124.8303 	EXP 	unnamed Circle: fillColor = <class 'numpy.ndarray'>
124.8303 	EXP 	unnamed Circle: fillColor = <class 'numpy.ndarray'>
126.0331 	EXP 	unnamed Circle: fillColor = <class 'numpy.ndarray'>
126.0331 	EXP 	unnamed Circle: fillColor = <class 'numpy.ndarray'>
127.2329 	EXP 	unnamed Circle: fillColor = <class 'numpy.ndarray'>
127.2329 	EXP 	unnamed Circle: fillColor = <class 'numpy.ndarray'>
128.4349 	EXP 	unnamed Circle: fillColor = <class 'numpy.ndarray'>
128.4349 	EXP 	unnamed Circle: fillColor = <class 'numpy.ndarray'>
129.6356 	EXP 	unnamed Circle: fillColor = <class 'numpy.ndarray'>
129.6356 	EXP 	unnamed Circle: fillColor = <class 'numpy.ndarray'>
130.8383 	EXP 	unnamed Circle: fillColor = <class 'numpy.ndarray'>
130.8383 	EXP 	unnamed Circle: radius = np.float64(0.09841500000000002)
130.8383 	EXP 	unnamed Circle: fillColor = 'white'
130.8383 	EXP 	unnamed Circle: fillColor = <class 'numpy.ndarray'>
132.0403 	EXP 	unnamed Circle: fillColor = <class 'numpy.ndarray'>
132.0403 	EXP 	unnamed Circle: fillColor = <class 'numpy.ndarray'>
133.2403 	EXP 	unnamed Circle: fillColor = <class 'numpy.ndarray'>
133.2403 	EXP 	unnamed Circle: fillColor = <class 'numpy.ndarray'>
134.4415 	EXP 	unnamed Circle: fillColor = <class 'numpy.ndarray'>
134.4415 	EXP 	unnamed Circle: fillColor = <class 'numpy.ndarray'>
135.6429 	EXP 	unnamed Circle: fillColor = <class 'numpy.ndarray'>
135.6429 	EXP 	unnamed Circle: fillColor = <class 'numpy.ndarray'>
136.8444 	EXP 	unnamed Circle: fillColor = <class 'numpy.ndarray'>
136.8444 	EXP 	unnamed Circle: fillColor = <class 'numpy.ndarray'>
138.0476 	EXP 	unnamed Circle: fillColor = <class 'numpy.ndarray'>
138.0476 	EXP 	unnamed Circle: fillColor = <class 'numpy.ndarray'>
139.2467 	EXP 	unnamed Circle: fillColor = <class 'numpy.ndarray'>
139.2467 	EXP 	unnamed Circle: fillColor = <class 'numpy.ndarray'>
140.4480 	EXP 	unnamed Circle: fillColor = <class 'numpy.ndarray'>
140.4480 	EXP 	unnamed Circle: fillColor = <class 'numpy.ndarray'>
141.6493 	EXP 	unnamed Circle: fillColor = <class 'numpy.ndarray'>
141.6493 	EXP 	unnamed Circle: fillColor = <class 'numpy.ndarray'>
142.8509 	EXP 	unnamed Circle: fillColor = <class 'numpy.ndarray'>
142.8509 	EXP 	unnamed Circle: fillColor = <class 'numpy.ndarray'>
144.0553 	EXP 	unnamed Circle: fillColor = <class 'numpy.ndarray'>
144.0553 	EXP 	unnamed Circle: fillColor = <class 'numpy.ndarray'>
145.2536 	EXP 	unnamed Circle: fillColor = <class 'numpy.ndarray'>
145.2536 	EXP 	unnamed Circle: fillColor = <class 'numpy.ndarray'>
146.4551 	EXP 	unnamed Circle: fillColor = <class 'numpy.ndarray'>
146.4551 	EXP 	unnamed Circle: fillColor = <class 'numpy.ndarray'>
147.6563 	EXP 	unnamed Circle: fillColor = <class 'numpy.ndarray'>
147.6563 	EXP 	unnamed Circle: fillColor = <class 'numpy.ndarray'>
148.8580 	EXP 	unnamed Circle: fillColor = <class 'numpy.ndarray'>
148.8580 	EXP 	unnamed Circle: fillColor = <class 'numpy.ndarray'>
150.0591 	EXP 	unnamed Circle: fillColor = <class 'numpy.ndarray'>
150.0591 	EXP 	unnamed Circle: fillColor = <class 'numpy.ndarray'>
151.2612 	EXP 	unnamed Circle: fillColor = <class 'numpy.ndarray'>
151.2612 	EXP 	unnamed Circle: fillColor = <class 'numpy.ndarray'>
152.4619 	EXP 	unnamed Circle: fillColor = <class 'numpy.ndarray'>
152.4619 	EXP 	unnamed Circle: fillColor = <class 'numpy.ndarray'>
153.6633 	EXP 	unnamed Circle: fillColor = <class 'numpy.ndarray'>
153.6633 	EXP 	unnamed Circle: fillColor = <class 'numpy.ndarray'>
154.8644 	EXP 	unnamed Circle: fillColor = <class 'numpy.ndarray'>
154.8644 	EXP 	unnamed Circle: fillColor = <class 'numpy.ndarray'>
156.0689 	EXP 	unnamed Circle: fillColor = <class 'numpy.ndarray'>
156.0689 	EXP 	unnamed Circle: fillColor = <class 'numpy.ndarray'>
157.2674 	EXP 	unnamed Circle: fillColor = <class 'numpy.ndarray'>
157.2674 	EXP 	unnamed Circle: fillColor = <class 'numpy.ndarray'>
158.4687 	EXP 	unnamed Circle: fillColor = <class 'numpy.ndarray'>
158.4687 	EXP 	unnamed Circle: fillColor = <class 'numpy.ndarray'>
159.6700 	EXP 	unnamed Circle: fillColor = <class 'numpy.ndarray'>
159.6700 	EXP 	unnamed Circle: fillColor = <class 'numpy.ndarray'>
159.6700 	EXP 	unnamed Circle: radius = np.float64(0.10935000000000002)
159.6700 	EXP 	unnamed Circle: fillColor = 'white'
160.8715 	EXP 	unnamed Circle: fillColor = <class 'numpy.ndarray'>
160.8715 	EXP 	unnamed Circle: fillColor = <class 'numpy.ndarray'>
162.0744 	EXP 	unnamed Circle: fillColor = <class 'numpy.ndarray'>
162.0744 	EXP 	unnamed Circle: fillColor = <class 'numpy.ndarray'>
163.2782 	EXP 	unnamed Circle: fillColor = <class 'numpy.ndarray'>
163.2782 	EXP 	unnamed Circle: fillColor = <class 'numpy.ndarray'>
164.4762 	EXP 	unnamed Circle: fillColor = <class 'numpy.ndarray'>
164.4762 	EXP 	unnamed Circle: fillColor = <class 'numpy.ndarray'>
164.4762 	EXP 	unnamed Circle: radius = np.float64(0.09841500000000002)
164.4762 	EXP 	unnamed Circle: fillColor = 'white'
165.6778 	EXP 	unnamed Circle: fillColor = <class 'numpy.ndarray'>
165.6778 	EXP 	unnamed Circle: fillColor = <class 'numpy.ndarray'>
166.8787 	EXP 	unnamed Circle: fillColor = <class 'numpy.ndarray'>
166.8787 	EXP 	unnamed Circle: fillColor = <class 'numpy.ndarray'>
168.0797 	EXP 	unnamed Circle: fillColor = <class 'numpy.ndarray'>
168.0797 	EXP 	unnamed Circle: fillColor = <class 'numpy.ndarray'>
169.2810 	EXP 	unnamed Circle: fillColor = <class 'numpy.ndarray'>
169.2810 	EXP 	unnamed Circle: fillColor = <class 'numpy.ndarray'>
170.4825 	EXP 	unnamed Circle: fillColor = <class 'numpy.ndarray'>
170.4825 	EXP 	unnamed Circle: fillColor = <class 'numpy.ndarray'>
171.6839 	EXP 	unnamed Circle: fillColor = <class 'numpy.ndarray'>
171.6839 	EXP 	unnamed Circle: fillColor = <class 'numpy.ndarray'>
172.8880 	EXP 	unnamed Circle: fillColor = <class 'numpy.ndarray'>
172.8880 	EXP 	unnamed Circle: fillColor = <class 'numpy.ndarray'>
174.0867 	EXP 	unnamed Circle: fillColor = <class 'numpy.ndarray'>
174.0867 	EXP 	unnamed Circle: fillColor = <class 'numpy.ndarray'>
175.2880 	EXP 	unnamed Circle: fillColor = <class 'numpy.ndarray'>
175.2880 	EXP 	unnamed Circle: fillColor = <class 'numpy.ndarray'>
176.4894 	EXP 	unnamed Circle: fillColor = <class 'numpy.ndarray'>
176.4894 	EXP 	unnamed Circle: fillColor = <class 'numpy.ndarray'>
176.4894 	EXP 	unnamed Circle: radius = np.float64(0.08857350000000001)
176.4894 	EXP 	unnamed Circle: fillColor = 'white'
177.6913 	EXP 	unnamed Circle: fillColor = <class 'numpy.ndarray'>
177.6913 	EXP 	unnamed Circle: fillColor = <class 'numpy.ndarray'>
178.8963 	EXP 	unnamed Circle: fillColor = <class 'numpy.ndarray'>
178.8963 	EXP 	unnamed Circle: fillColor = <class 'numpy.ndarray'>
180.0937 	EXP 	unnamed Circle: fillColor = <class 'numpy.ndarray'>
180.0937 	EXP 	unnamed Circle: fillColor = <class 'numpy.ndarray'>
181.2950 	EXP 	unnamed Circle: fillColor = <class 'numpy.ndarray'>
181.2950 	EXP 	unnamed Circle: fillColor = <class 'numpy.ndarray'>
182.4965 	EXP 	unnamed Circle: fillColor = <class 'numpy.ndarray'>
182.4965 	EXP 	unnamed Circle: fillColor = <class 'numpy.ndarray'>
183.6977 	EXP 	unnamed Circle: fillColor = <class 'numpy.ndarray'>
183.6977 	EXP 	unnamed Circle: fillColor = <class 'numpy.ndarray'>
184.9006 	EXP 	unnamed Circle: fillColor = <class 'numpy.ndarray'>
184.9006 	EXP 	unnamed Circle: fillColor = <class 'numpy.ndarray'>
186.0844 	EXP 	text_2: autoDraw = True
187.0383 	EXP 	text_2: autoDraw = False
240.3733 	DATA 	Keypress: 2
240.3767 	EXP 	Created text = TextStim(__class__=<class 'psychopy.visual.text.TextStim'>, alignHoriz=method-wrapper(...), alignText='center', alignVert=method-wrapper(...), anchorHoriz='center', anchorVert='center', antialias=True, autoDraw=False, autoLog=True, bold=False, color=array([1., 1., 1.]), colorSpace='rgb', contrast=1.0, depth=0.0, draggable=False, flipHoriz=False, flipVert=False, font='Arial', fontFiles=[], height=np.float64(0.06), italic=False, languageStyle='LTR', name='text', opacity=1, ori=0, pos=array([0. , 0.2]), rgb=UNKNOWN, text=str(...), units='norm', win=Window(...), wrapWidth=1.2)
240.4072 	EXP 	Created None = Slider(__class__=<class 'psychopy.visual.slider.Slider'>, autoDraw=False, autoLog=True, borderColor=None, color=None, colorSpace='rgb', depth=0, fillColor=None, flip=False, font='Arial', granularity=1, labelColor=None, labelHeight=np.float64(0.06), labelWrapWidth=None, labels=('Never', 'Always'), lineColor=None, markerColor=None, name=None, opacity=None, ori=0, pos=array([0., 0.]), readOnly=False, self=UNKNOWN, size=array([0.85, 0.1 ]), startValue=None, style='rating', styleTweaks=[], ticks=array([1, 9]), units='norm', win=Window(...))
240.4140 	EXP 	None: autoLog = True
240.4140 	EXP 	None: styleTweaks = []
240.4140 	EXP 	None: styleTweaks = []
240.4140 	EXP 	None: styleTweaks = []
240.4140 	EXP 	None: styleTweaks = []
240.4140 	EXP 	None: contrast = 1.0
240.4140 	EXP 	None: markerPos = None
240.4140 	EXP 	None: autoLog = True
240.4140 	EXP 	None: markerPos = 5
240.4968 	DATA 	Keypress: 0
240.4999 	EXP 	None: markerPos = 5
240.5018 	EXP 	Created text = TextStim(__class__=<class 'psychopy.visual.text.TextStim'>, alignHoriz=method-wrapper(...), alignText='center', alignVert=method-wrapper(...), anchorHoriz='center', anchorVert='center', antialias=True, autoDraw=False, autoLog=True, bold=False, color=array([1., 1., 1.]), colorSpace='rgb', contrast=1.0, depth=0.0, draggable=False, flipHoriz=False, flipVert=False, font='Arial', fontFiles=[], height=np.float64(0.06), italic=False, languageStyle='LTR', name='text', opacity=1, ori=0, pos=array([0. , 0.2]), rgb=UNKNOWN, text=str(...), units='norm', win=Window(...), wrapWidth=1.2)
240.5221 	EXP 	Created None = Slider(__class__=<class 'psychopy.visual.slider.Slider'>, autoDraw=False, autoLog=True, borderColor=None, color=None, colorSpace='rgb', depth=0, fillColor=None, flip=False, font='Arial', granularity=1, labelColor=None, labelHeight=np.float64(0.06), labelWrapWidth=None, labels=('Never', 'All the time'), lineColor=None, markerColor=None, name=None, opacity=None, ori=0, pos=array([0., 0.]), readOnly=False, self=UNKNOWN, size=array([0.85, 0.1 ]), startValue=None, style='rating', styleTweaks=[], ticks=array([1, 9]), units='norm', win=Window(...))
240.5280 	EXP 	None: autoLog = True
240.5280 	EXP 	None: styleTweaks = []
240.5280 	EXP 	None: styleTweaks = []
240.5280 	EXP 	None: styleTweaks = []
240.5280 	EXP 	None: styleTweaks = []
240.5280 	EXP 	None: contrast = 1.0
240.5280 	EXP 	None: markerPos = None
240.5280 	EXP 	None: autoLog = True
240.5280 	EXP 	None: markerPos = 5
240.5428 	DATA 	Keypress: 2
240.5456 	EXP 	None: markerPos = 6
240.6417 	DATA 	Keypress: 0
240.6448 	EXP 	None: markerPos = 6
240.6466 	EXP 	Created text = TextStim(__class__=<class 'psychopy.visual.text.TextStim'>, alignHoriz=method-wrapper(...), alignText='center', alignVert=method-wrapper(...), anchorHoriz='center', anchorVert='center', antialias=True, autoDraw=False, autoLog=True, bold=False, color=array([1., 1., 1.]), colorSpace='rgb', contrast=1.0, depth=0.0, draggable=False, flipHoriz=False, flipVert=False, font='Arial', fontFiles=[], height=np.float64(0.06), italic=False, languageStyle='LTR', name='text', opacity=1, ori=0, pos=array([0. , 0.2]), rgb=UNKNOWN, text=str(...), units='norm', win=Window(...), wrapWidth=1.2)
240.6688 	EXP 	Created None = Slider(__class__=<class 'psychopy.visual.slider.Slider'>, autoDraw=False, autoLog=True, borderColor=None, color=None, colorSpace='rgb', depth=0, fillColor=None, flip=False, font='Arial', granularity=1, labelColor=None, labelHeight=np.float64(0.06), labelWrapWidth=None, labels=('Not at all', 'Very Difficult'), lineColor=None, markerColor=None, name=None, opacity=None, ori=0, pos=array([0., 0.]), readOnly=False, self=UNKNOWN, size=array([0.85, 0.1 ]), startValue=None, style='rating', styleTweaks=[], ticks=array([1, 9]), units='norm', win=Window(...))
240.6736 	EXP 	None: autoLog = True
240.6736 	EXP 	None: styleTweaks = []
240.6736 	EXP 	None: styleTweaks = []
240.6736 	EXP 	None: styleTweaks = []
240.6736 	EXP 	None: styleTweaks = []
240.6736 	EXP 	None: contrast = 1.0
240.6736 	EXP 	None: markerPos = None
240.6736 	EXP 	None: autoLog = True
240.6736 	EXP 	None: markerPos = 5
240.7063 	DATA 	Keypress: 2
240.7093 	EXP 	None: markerPos = 6
240.7970 	DATA 	Keypress: 0
240.7993 	EXP 	None: markerPos = 6
240.8011 	EXP 	Created text = TextStim(__class__=<class 'psychopy.visual.text.TextStim'>, alignHoriz=method-wrapper(...), alignText='center', alignVert=method-wrapper(...), anchorHoriz='center', anchorVert='center', antialias=True, autoDraw=False, autoLog=True, bold=False, color=array([1., 1., 1.]), colorSpace='rgb', contrast=1.0, depth=0.0, draggable=False, flipHoriz=False, flipVert=False, font='Arial', fontFiles=[], height=np.float64(0.06), italic=False, languageStyle='LTR', name='text', opacity=1, ori=0, pos=array([0. , 0.2]), rgb=UNKNOWN, text='How calm do you feel right now?', units='norm', win=Window(...), wrapWidth=1.2)
240.8251 	EXP 	Created None = Slider(__class__=<class 'psychopy.visual.slider.Slider'>, autoDraw=False, autoLog=True, borderColor=None, color=None, colorSpace='rgb', depth=0, fillColor=None, flip=False, font='Arial', granularity=1, labelColor=None, labelHeight=np.float64(0.06), labelWrapWidth=None, labels=('Not at all', 'Very calm'), lineColor=None, markerColor=None, name=None, opacity=None, ori=0, pos=array([0., 0.]), readOnly=False, self=UNKNOWN, size=array([0.85, 0.1 ]), startValue=None, style='rating', styleTweaks=[], ticks=array([1, 9]), units='norm', win=Window(...))
240.8292 	EXP 	None: autoLog = True
240.8292 	EXP 	None: styleTweaks = []
240.8292 	EXP 	None: styleTweaks = []
240.8292 	EXP 	None: styleTweaks = []
240.8292 	EXP 	None: styleTweaks = []
240.8292 	EXP 	None: contrast = 1.0
240.8292 	EXP 	None: markerPos = None
240.8292 	EXP 	None: autoLog = True
240.8292 	EXP 	None: markerPos = 5
240.8910 	DATA 	Keypress: 2
240.8942 	EXP 	None: markerPos = 6
240.9512 	DATA 	Keypress: 0
240.9543 	EXP 	None: markerPos = 6
241.0650 	DATA 	Keypress: 2
241.1060 	DATA 	Keypress: 0
