28.1308 	EXP 	DMN_BallTask: status = NOT_STARTED
28.1331 	WARNING 	Requested an unavailable screen number - using first available.
28.4526 	EXP 	Created window1 = Window(allowGUI=False, allowStencil=False, autoLog=True, backendConf=UNKNOWN, backgroundFit=<method-wrapper '__getattribute__' of attributeSetter object at 0x7e3655f9e950>, backgroundImage=<method-wrapper '__getattribute__' of attributeSetter object at 0x7e3655f9e8f0>, bitsMode=UNKNOWN, blendMode='avg', bpc=(8, 8, 8), color=array([-1, -1, -1]), colorSpace='rgb', depthBits=8, fullscr=False, gamma=None, gammaErrorPolicy='raise', infoMsg=UNKNOWN, lms=UNKNOWN, monitor=<psychopy.monitors.calibTools.Monitor object at 0x7e36292d27d0>, multiSample=False, name='window1', numSamples=2, pos=(420, 32), screen=1, size=array([1080, 1080]), stencilBits=0, stereo=False, title='PsychoPy', units='norm', useFBO=True, useRetina=False, viewOri=0.0, viewPos=None, viewScale=None, waitBlanking=True, winType='pyglet')
28.4526 	EXP 	window1: backgroundImage = None
28.4526 	EXP 	window1: backgroundFit = 'cover'
28.4533 	EXP 	window1: Attempting to measure frame rate of screen (1) ...
28.4533 	EXP 	window1: recordFrameIntervals = False
28.5219 	EXP 	window1: recordFrameIntervals = True
28.5982 	EXP 	Screen (1) actual frame rate measured at 144.22Hz
28.5982 	EXP 	window1: recordFrameIntervals = False
28.6192 	EXP 	Created text = TextStim(__class__=<class 'psychopy.visual.text.TextStim'>, alignHoriz=method-wrapper(...), alignText='center', alignVert=method-wrapper(...), anchorHoriz='center', anchorVert='center', antialias=True, autoDraw=False, autoLog=True, bold=False, color=array([1., 1., 1.]), colorSpace='rgb', contrast=1.0, depth=0.0, draggable=False, flipHoriz=False, flipVert=False, font='Arial', fontFiles=[], height=np.float64(0.06), italic=False, languageStyle='LTR', name='text', opacity=1, ori=0, pos=array([0. , 0.2]), rgb=UNKNOWN, text=str(...), units='norm', win=Window(...), wrapWidth=1.2)
28.6198 	EXP 	Created text = TextStim(__class__=<class 'psychopy.visual.text.TextStim'>, alignHoriz=method-wrapper(...), alignText='center', alignVert=method-wrapper(...), anchorHoriz='center', anchorVert='center', antialias=True, autoDraw=False, autoLog=True, bold=False, color=array([1., 1., 1.]), colorSpace='rgb', contrast=1.0, depth=0.0, draggable=False, flipHoriz=False, flipVert=False, font='Arial', fontFiles=[], height=0.06, italic=False, languageStyle='LTR', name='text', opacity=1, ori=0, pos=array([0., 0.]), rgb=UNKNOWN, text='', units='norm', win=Window(...), wrapWidth=1.2)
28.6229 	EXP 	Created waiting_for_trigger_text = TextStim(__class__=<class 'psychopy.visual.text.TextStim'>, alignHoriz=method-wrapper(...), alignText='center', alignVert=method-wrapper(...), anchorHoriz='center', anchorVert='center', antialias=True, autoDraw=False, autoLog=True, bold=False, color=array([1., 1., 1.]), colorSpace='rgb', contrast=1.0, depth=0.0, draggable=False, flipHoriz=False, flipVert=False, font='Arial', fontFiles=[], height=np.float64(0.1), italic=False, languageStyle='LTR', name='waiting_for_trigger_text', opacity=1, ori=0, pos=array([0., 0.]), rgb=UNKNOWN, text='waiting for scanner', units='norm', win=Window(...), wrapWidth=2)
28.6253 	EXP 	Created text_2 = TextStim(__class__=<class 'psychopy.visual.text.TextStim'>, alignHoriz=method-wrapper(...), alignText='center', alignVert=method-wrapper(...), anchorHoriz='center', anchorVert='center', antialias=True, autoDraw=False, autoLog=True, bold=False, color=array([1., 1., 1.]), colorSpace='rgb', contrast=1.0, depth=0.0, draggable=False, flipHoriz=False, flipVert=False, font='Arial', fontFiles=[], height=np.float64(0.3), italic=False, languageStyle='LTR', name='text_2', opacity=1, ori=0, pos=array([0., 0.]), rgb=UNKNOWN, text='+', units='norm', win=Window(...), wrapWidth=1)
28.6280 	EXP 	Created text_relax = TextStim(__class__=<class 'psychopy.visual.text.TextStim'>, alignHoriz=method-wrapper(...), alignText='center', alignVert=method-wrapper(...), anchorHoriz='center', anchorVert='center', antialias=True, autoDraw=False, autoLog=True, bold=False, color=array([1., 1., 1.]), colorSpace='rgb', contrast=1.0, depth=0.0, draggable=False, flipHoriz=False, flipVert=False, font='Arial', fontFiles=[], height=np.float64(0.07), italic=False, languageStyle='LTR', name='text_relax', opacity=1, ori=0, pos=array([ 0. , -0.2]), rgb=UNKNOWN, text='Relax', units='norm', win=Window(...), wrapWidth=1)
28.6309 	EXP 	Created text_4 = TextStim(__class__=<class 'psychopy.visual.text.TextStim'>, alignHoriz=method-wrapper(...), alignText='center', alignVert=method-wrapper(...), anchorHoriz='center', anchorVert='center', antialias=True, autoDraw=False, autoLog=True, bold=False, color=array([1., 1., 1.]), colorSpace='rgb', contrast=1.0, depth=-3.0, draggable=False, flipHoriz=False, flipVert=False, font='Arial', fontFiles=[], height=np.float64(0.1), italic=False, languageStyle='LTR', name='text_4', opacity=1, ori=0, pos=array([0., 0.]), rgb=UNKNOWN, text='default text', units='norm', win=Window(...), wrapWidth=1)
28.6349 	EXP 	Created unnamed Circle = Circle(__class__=<class 'psychopy.visual.circle.Circle'>, anchor=('center', 'center'), autoDraw=False, autoLog=True, closeShape=True, color=method-wrapper(...), colorSpace='rgb', contrast=None, depth=0, draggable=False, fillColor=array([0, 0, 0]), fillColorSpace='rgb', fillRGB=array([0, 0, 0]), interpolate=True, lineColor=array([ 1.,  1., -1.]), lineColorSpace='rgb', lineRGB=array([ 1,  1, -1]), lineWidth=3, name='unnamed Circle', opacity=1, ori=0.0, pos=array([0.        , 0.33333333]), size=array([1., 1.]), units='norm', vertices=ndarray(...), win=Window(...))
28.6380 	EXP 	Created unnamed Circle = Circle(__class__=<class 'psychopy.visual.circle.Circle'>, anchor=('center', 'center'), autoDraw=False, autoLog=True, closeShape=True, color=method-wrapper(...), colorSpace='rgb', contrast=None, depth=0, draggable=False, fillColor=array([0, 0, 0]), fillColorSpace='rgb', fillRGB=array([0, 0, 0]), interpolate=True, lineColor=array([0.35686275, 0.69411765, 0.80392157]), lineColorSpace='rgb', lineRGB=array([0.35686275, 0.69411765, 0.80392157]), lineWidth=3, name='unnamed Circle', opacity=1, ori=0.0, pos=array([ 0.        , -0.33333333]), size=array([1., 1.]), units='norm', vertices=ndarray(...), win=Window(...))
28.6411 	EXP 	Created unnamed Circle = Circle(__class__=<class 'psychopy.visual.circle.Circle'>, anchor=('center', 'center'), autoDraw=False, autoLog=True, closeShape=True, color=method-wrapper(...), colorSpace='rgb', contrast=None, depth=0, draggable=False, fillColor=array([1, 1, 1]), fillColorSpace='rgb', fillRGB=array([1, 1, 1]), interpolate=True, lineColor=array([1., 1., 1.]), lineColorSpace='rgb', lineRGB=array([1, 1, 1]), lineWidth=1.5, name='unnamed Circle', opacity=1, ori=0.0, pos=array([0., 0.]), size=array([1., 1.]), units='norm', vertices=ndarray(...), win=Window(...))
28.6442 	EXP 	Created unnamed Circle = Circle(__class__=<class 'psychopy.visual.circle.Circle'>, anchor=('center', 'center'), autoDraw=False, autoLog=True, closeShape=True, color=method-wrapper(...), colorSpace='rgb', contrast=None, depth=0, draggable=False, fillColor=array([1, 1, 1]), fillColorSpace='rgb', fillRGB=array([1, 1, 1]), interpolate=True, lineColor=array([1., 1., 1.]), lineColorSpace='rgb', lineRGB=array([1, 1, 1]), lineWidth=3, name='unnamed Circle', opacity=1, ori=0.0, pos=array([0., 0.]), size=array([1., 1.]), units='norm', vertices=ndarray(...), win=Window(...))
28.6469 	EXP 	Created instruct_text = TextStim(__class__=<class 'psychopy.visual.text.TextStim'>, alignHoriz=method-wrapper(...), alignText='center', alignVert=method-wrapper(...), anchorHoriz='center', anchorVert='center', antialias=True, autoDraw=False, autoLog=True, bold=False, color=array([1., 1., 1.]), colorSpace='rgb', contrast=1.0, depth=0.0, draggable=False, flipHoriz=False, flipVert=False, font='Arial', fontFiles=[], height=np.float64(0.06), italic=False, languageStyle='LTR', name='instruct_text', opacity=1, ori=0, pos=array([0., 0.]), rgb=UNKNOWN, text='replace me', units='norm', win=Window(...), wrapWidth=1.2)
28.6492 	EXP 	Created thank_you_end_run_text = TextStim(__class__=<class 'psychopy.visual.text.TextStim'>, alignHoriz=method-wrapper(...), alignText='center', alignVert=method-wrapper(...), anchorHoriz='center', anchorVert='center', antialias=True, autoDraw=False, autoLog=True, bold=False, color=array([1., 1., 1.]), colorSpace='rgb', contrast=1.0, depth=0.0, draggable=False, flipHoriz=False, flipVert=False, font='Arial', fontFiles=[], height=np.float64(0.1), italic=False, languageStyle='LTR', name='thank_you_end_run_text', opacity=1, ori=0, pos=array([0., 0.]), rgb=UNKNOWN, text='thank you!', units='norm', win=Window(...), wrapWidth=1)
28.6580 	EXP 	instruct_text: height = np.float64(0.06)
28.6580 	EXP 	instruct_text: height = np.float64(0.06)
28.6580 	EXP 	instruct_text: height = np.float64(0.06)
28.6580 	EXP 	instruct_text: text = "Next, you will get to continue the Mindful Describing practice you just learned.    \n\nBefore, you mentioned using your test as an anchor for your Describing Practice. Try to continue using this as your anchor, but it is also okay to switch anytime.\n\nYou will see 2 circles with a white ball in the middle, but they won't move for now."
29.1052 	DATA 	Keypress: space
29.1103 	EXP 	instruct_text: height = np.float64(0.06)
29.1103 	EXP 	instruct_text: height = np.float64(0.06)
29.1103 	EXP 	instruct_text: height = np.float64(0.06)
29.1103 	EXP 	instruct_text: text = "You will see the plus sign (+) for 30 seconds at the start. Whenever you see the plus +, please don't practice Describing - just relax.\n\nOnce the circles appear, please start the Describing practice. This practice will last 2.5 min."
29.2609 	DATA 	Keypress: space
29.2634 	EXP 	waiting_for_trigger_text: autoDraw = True
30.0486 	DATA 	Keypress: 5
30.0565 	EXP 	waiting_for_trigger_text: autoDraw = False
30.0565 	EXP 	text_2: autoDraw = True
30.0565 	EXP 	text_relax: autoDraw = True
60.0638 	EXP 	text_2: autoDraw = False
60.0638 	EXP 	text_relax: autoDraw = False
60.0638 	EXP 	text_2: autoDraw = False
210.0510 	EXP 	unnamed Circle: fillColor = <class 'numpy.ndarray'>
210.0510 	EXP 	unnamed Circle: fillColor = <class 'numpy.ndarray'>
210.0510 	EXP 	unnamed Circle: fillColor = <class 'numpy.ndarray'>
210.0510 	EXP 	unnamed Circle: radius = np.float64(0.135)
210.0510 	EXP 	unnamed Circle: fillColor = 'white'
210.0510 	EXP 	unnamed Circle: fillColor = <class 'numpy.ndarray'>
210.0510 	EXP 	unnamed Circle: fillColor = <class 'numpy.ndarray'>
210.0510 	EXP 	unnamed Circle: radius = np.float64(0.12150000000000001)
210.0510 	EXP 	unnamed Circle: fillColor = 'white'
210.0510 	EXP 	unnamed Circle: fillColor = <class 'numpy.ndarray'>
210.0510 	EXP 	unnamed Circle: fillColor = <class 'numpy.ndarray'>
210.0510 	EXP 	unnamed Circle: fillColor = <class 'numpy.ndarray'>
210.0510 	EXP 	unnamed Circle: radius = np.float64(0.135)
210.0510 	EXP 	unnamed Circle: fillColor = 'white'
210.0510 	EXP 	unnamed Circle: fillColor = <class 'numpy.ndarray'>
210.0510 	EXP 	unnamed Circle: radius = np.float64(0.10935000000000002)
210.0510 	EXP 	unnamed Circle: fillColor = 'white'
210.0510 	EXP 	unnamed Circle: fillColor = <class 'numpy.ndarray'>
210.0510 	EXP 	unnamed Circle: fillColor = <class 'numpy.ndarray'>
210.0510 	EXP 	unnamed Circle: fillColor = <class 'numpy.ndarray'>
210.0510 	EXP 	unnamed Circle: radius = np.float64(0.12150000000000001)
210.0510 	EXP 	unnamed Circle: fillColor = 'white'
210.0510 	EXP 	unnamed Circle: fillColor = <class 'numpy.ndarray'>
210.0510 	EXP 	unnamed Circle: fillColor = <class 'numpy.ndarray'>
210.0510 	EXP 	unnamed Circle: radius = np.float64(0.10935000000000002)
210.0510 	EXP 	unnamed Circle: fillColor = 'white'
210.0510 	EXP 	unnamed Circle: fillColor = <class 'numpy.ndarray'>
210.0510 	EXP 	unnamed Circle: fillColor = <class 'numpy.ndarray'>
210.0510 	EXP 	unnamed Circle: radius = np.float64(0.09841500000000002)
210.0510 	EXP 	unnamed Circle: fillColor = 'white'
210.0510 	EXP 	unnamed Circle: fillColor = <class 'numpy.ndarray'>
210.0510 	EXP 	unnamed Circle: radius = np.float64(0.09841500000000002)
210.0510 	EXP 	unnamed Circle: fillColor = 'white'
210.0510 	EXP 	unnamed Circle: fillColor = <class 'numpy.ndarray'>
210.0510 	EXP 	unnamed Circle: fillColor = <class 'numpy.ndarray'>
210.0510 	EXP 	unnamed Circle: fillColor = <class 'numpy.ndarray'>
210.0510 	EXP 	unnamed Circle: fillColor = <class 'numpy.ndarray'>
210.0510 	EXP 	unnamed Circle: radius = np.float64(0.08857350000000001)
210.0510 	EXP 	unnamed Circle: fillColor = 'white'
210.0510 	EXP 	unnamed Circle: fillColor = <class 'numpy.ndarray'>
210.0510 	EXP 	unnamed Circle: fillColor = <class 'numpy.ndarray'>
210.0510 	EXP 	unnamed Circle: fillColor = <class 'numpy.ndarray'>
210.0510 	EXP 	unnamed Circle: radius = np.float64(0.08857350000000001)
210.0510 	EXP 	unnamed Circle: fillColor = 'white'
210.0510 	EXP 	unnamed Circle: fillColor = <class 'numpy.ndarray'>
210.0510 	EXP 	unnamed Circle: fillColor = <class 'numpy.ndarray'>
210.0510 	EXP 	unnamed Circle: fillColor = <class 'numpy.ndarray'>
210.0510 	EXP 	unnamed Circle: radius = np.float64(0.07971615000000001)
210.0510 	EXP 	unnamed Circle: fillColor = 'white'
210.0510 	EXP 	unnamed Circle: fillColor = <class 'numpy.ndarray'>
210.0510 	EXP 	unnamed Circle: fillColor = <class 'numpy.ndarray'>
210.0510 	EXP 	unnamed Circle: radius = np.float64(0.07174453500000001)
210.0510 	EXP 	unnamed Circle: fillColor = 'white'
210.0510 	EXP 	unnamed Circle: fillColor = <class 'numpy.ndarray'>
210.0510 	EXP 	unnamed Circle: fillColor = <class 'numpy.ndarray'>
210.0510 	EXP 	unnamed Circle: fillColor = <class 'numpy.ndarray'>
210.0510 	EXP 	unnamed Circle: radius = np.float64(0.07971615000000001)
210.0510 	EXP 	unnamed Circle: fillColor = 'white'
210.0510 	EXP 	unnamed Circle: fillColor = <class 'numpy.ndarray'>
210.0510 	EXP 	unnamed Circle: fillColor = <class 'numpy.ndarray'>
210.0510 	EXP 	unnamed Circle: radius = np.float64(0.07174453500000001)
210.0510 	EXP 	unnamed Circle: fillColor = 'white'
210.0510 	EXP 	unnamed Circle: fillColor = <class 'numpy.ndarray'>
210.0510 	EXP 	unnamed Circle: fillColor = <class 'numpy.ndarray'>
210.0510 	EXP 	unnamed Circle: fillColor = <class 'numpy.ndarray'>
210.0510 	EXP 	unnamed Circle: fillColor = <class 'numpy.ndarray'>
210.0510 	EXP 	unnamed Circle: radius = np.float64(0.06457008150000002)
210.0510 	EXP 	unnamed Circle: fillColor = 'white'
210.0510 	EXP 	unnamed Circle: fillColor = <class 'numpy.ndarray'>
210.0510 	EXP 	unnamed Circle: fillColor = <class 'numpy.ndarray'>
210.0510 	EXP 	unnamed Circle: radius = np.float64(0.058113073350000016)
210.0510 	EXP 	unnamed Circle: fillColor = 'white'
210.0510 	EXP 	unnamed Circle: fillColor = <class 'numpy.ndarray'>
210.0510 	EXP 	unnamed Circle: radius = np.float64(0.06457008150000002)
210.0510 	EXP 	unnamed Circle: fillColor = 'white'
210.0510 	EXP 	unnamed Circle: fillColor = <class 'numpy.ndarray'>
210.0510 	EXP 	unnamed Circle: fillColor = <class 'numpy.ndarray'>
210.0510 	EXP 	unnamed Circle: fillColor = <class 'numpy.ndarray'>
210.0510 	EXP 	unnamed Circle: radius = np.float64(0.052301766015000015)
210.0510 	EXP 	unnamed Circle: fillColor = 'white'
210.0510 	EXP 	unnamed Circle: fillColor = <class 'numpy.ndarray'>
210.0510 	EXP 	unnamed Circle: fillColor = <class 'numpy.ndarray'>
210.0510 	EXP 	unnamed Circle: radius = np.float64(0.047071589413500016)
210.0510 	EXP 	unnamed Circle: fillColor = 'white'
210.0510 	EXP 	unnamed Circle: fillColor = <class 'numpy.ndarray'>
210.0510 	EXP 	unnamed Circle: radius = np.float64(0.058113073350000016)
210.0510 	EXP 	unnamed Circle: fillColor = 'white'
210.0510 	EXP 	unnamed Circle: fillColor = <class 'numpy.ndarray'>
210.0510 	EXP 	unnamed Circle: fillColor = <class 'numpy.ndarray'>
210.0510 	EXP 	unnamed Circle: radius = np.float64(0.052301766015000015)
210.0510 	EXP 	unnamed Circle: fillColor = 'white'
210.0510 	EXP 	unnamed Circle: fillColor = <class 'numpy.ndarray'>
210.0510 	EXP 	unnamed Circle: fillColor = <class 'numpy.ndarray'>
210.0510 	EXP 	unnamed Circle: radius = np.float64(0.047071589413500016)
210.0510 	EXP 	unnamed Circle: fillColor = 'white'
210.0510 	EXP 	unnamed Circle: fillColor = <class 'numpy.ndarray'>
210.0510 	EXP 	unnamed Circle: fillColor = <class 'numpy.ndarray'>
210.0510 	EXP 	unnamed Circle: fillColor = <class 'numpy.ndarray'>
210.0510 	EXP 	unnamed Circle: radius = np.float64(0.042364430472150015)
210.0510 	EXP 	unnamed Circle: fillColor = 'white'
210.0510 	EXP 	unnamed Circle: fillColor = <class 'numpy.ndarray'>
210.0510 	EXP 	unnamed Circle: fillColor = <class 'numpy.ndarray'>
210.0510 	EXP 	unnamed Circle: radius = np.float64(0.03812798742493501)
210.0510 	EXP 	unnamed Circle: fillColor = 'white'
210.0510 	EXP 	unnamed Circle: fillColor = <class 'numpy.ndarray'>
210.0510 	EXP 	unnamed Circle: radius = np.float64(0.042364430472150015)
210.0510 	EXP 	unnamed Circle: fillColor = 'white'
210.0510 	EXP 	unnamed Circle: fillColor = <class 'numpy.ndarray'>
210.0510 	EXP 	unnamed Circle: fillColor = <class 'numpy.ndarray'>
210.0510 	EXP 	unnamed Circle: radius = np.float64(0.03812798742493501)
210.0510 	EXP 	unnamed Circle: fillColor = 'white'
210.0510 	EXP 	unnamed Circle: fillColor = <class 'numpy.ndarray'>
210.0510 	EXP 	unnamed Circle: fillColor = <class 'numpy.ndarray'>
210.0510 	EXP 	unnamed Circle: radius = np.float64(0.03431518868244151)
210.0510 	EXP 	unnamed Circle: fillColor = 'white'
210.0510 	EXP 	unnamed Circle: fillColor = <class 'numpy.ndarray'>
210.0510 	EXP 	unnamed Circle: fillColor = <class 'numpy.ndarray'>
210.0510 	EXP 	unnamed Circle: fillColor = <class 'numpy.ndarray'>
210.0510 	EXP 	unnamed Circle: radius = np.float64(0.03431518868244151)
210.0510 	EXP 	unnamed Circle: fillColor = 'white'
210.0510 	EXP 	unnamed Circle: fillColor = <class 'numpy.ndarray'>
210.0510 	EXP 	unnamed Circle: radius = np.float64(0.030883669814197358)
210.0510 	EXP 	unnamed Circle: fillColor = 'white'
210.0510 	EXP 	unnamed Circle: fillColor = <class 'numpy.ndarray'>
210.0510 	EXP 	unnamed Circle: fillColor = <class 'numpy.ndarray'>
210.0510 	EXP 	unnamed Circle: fillColor = <class 'numpy.ndarray'>
210.0510 	EXP 	unnamed Circle: radius = np.float64(0.030883669814197358)
210.0510 	EXP 	unnamed Circle: fillColor = 'white'
210.0510 	EXP 	unnamed Circle: fillColor = <class 'numpy.ndarray'>
210.0510 	EXP 	unnamed Circle: radius = np.float64(0.03)
210.0510 	EXP 	unnamed Circle: fillColor = 'white'
210.0510 	EXP 	unnamed Circle: fillColor = <class 'numpy.ndarray'>
210.0510 	EXP 	unnamed Circle: fillColor = <class 'numpy.ndarray'>
210.0510 	EXP 	unnamed Circle: fillColor = <class 'numpy.ndarray'>
210.0510 	EXP 	unnamed Circle: radius = np.float64(0.03)
210.0510 	EXP 	unnamed Circle: fillColor = 'white'
210.0510 	EXP 	unnamed Circle: fillColor = <class 'numpy.ndarray'>
210.0510 	EXP 	unnamed Circle: radius = np.float64(0.03)
210.0510 	EXP 	unnamed Circle: fillColor = 'white'
210.0510 	EXP 	unnamed Circle: fillColor = <class 'numpy.ndarray'>
210.0510 	EXP 	unnamed Circle: fillColor = <class 'numpy.ndarray'>
210.0510 	EXP 	unnamed Circle: radius = np.float64(0.03)
210.0510 	EXP 	unnamed Circle: fillColor = 'white'
210.0510 	EXP 	unnamed Circle: fillColor = <class 'numpy.ndarray'>
210.0510 	EXP 	unnamed Circle: fillColor = <class 'numpy.ndarray'>
210.0510 	EXP 	unnamed Circle: radius = np.float64(0.03)
210.0510 	EXP 	unnamed Circle: fillColor = 'white'
210.0510 	EXP 	unnamed Circle: fillColor = <class 'numpy.ndarray'>
210.0510 	EXP 	unnamed Circle: fillColor = <class 'numpy.ndarray'>
210.0510 	EXP 	unnamed Circle: radius = np.float64(0.03)
210.0510 	EXP 	unnamed Circle: fillColor = 'white'
210.0510 	EXP 	unnamed Circle: fillColor = <class 'numpy.ndarray'>
210.0510 	EXP 	unnamed Circle: fillColor = <class 'numpy.ndarray'>
210.0510 	EXP 	unnamed Circle: radius = np.float64(0.03)
210.0510 	EXP 	unnamed Circle: fillColor = 'white'
210.0510 	EXP 	unnamed Circle: fillColor = <class 'numpy.ndarray'>
210.0510 	EXP 	unnamed Circle: fillColor = <class 'numpy.ndarray'>
210.0510 	EXP 	unnamed Circle: radius = np.float64(0.03)
210.0510 	EXP 	unnamed Circle: fillColor = 'white'
210.0510 	EXP 	unnamed Circle: fillColor = <class 'numpy.ndarray'>
210.0510 	EXP 	unnamed Circle: fillColor = <class 'numpy.ndarray'>
210.0510 	EXP 	unnamed Circle: radius = np.float64(0.03)
210.0510 	EXP 	unnamed Circle: fillColor = 'white'
210.0510 	EXP 	unnamed Circle: fillColor = <class 'numpy.ndarray'>
210.0510 	EXP 	unnamed Circle: fillColor = <class 'numpy.ndarray'>
210.0510 	EXP 	unnamed Circle: fillColor = <class 'numpy.ndarray'>
210.0510 	EXP 	unnamed Circle: radius = np.float64(0.03)
210.0510 	EXP 	unnamed Circle: fillColor = 'white'
210.0510 	EXP 	unnamed Circle: fillColor = <class 'numpy.ndarray'>
210.0510 	EXP 	unnamed Circle: fillColor = <class 'numpy.ndarray'>
210.0510 	EXP 	unnamed Circle: fillColor = <class 'numpy.ndarray'>
210.0510 	EXP 	unnamed Circle: radius = np.float64(0.03)
210.0510 	EXP 	unnamed Circle: fillColor = 'white'
210.0510 	EXP 	unnamed Circle: fillColor = <class 'numpy.ndarray'>
210.0510 	EXP 	unnamed Circle: fillColor = <class 'numpy.ndarray'>
210.0510 	EXP 	unnamed Circle: radius = np.float64(0.03)
210.0510 	EXP 	unnamed Circle: fillColor = 'white'
210.0510 	EXP 	unnamed Circle: fillColor = <class 'numpy.ndarray'>
210.0510 	EXP 	unnamed Circle: fillColor = <class 'numpy.ndarray'>
210.0510 	EXP 	unnamed Circle: fillColor = <class 'numpy.ndarray'>
210.0510 	EXP 	unnamed Circle: radius = np.float64(0.03)
210.0510 	EXP 	unnamed Circle: fillColor = 'white'
210.0510 	EXP 	unnamed Circle: fillColor = <class 'numpy.ndarray'>
210.0510 	EXP 	unnamed Circle: fillColor = <class 'numpy.ndarray'>
210.0510 	EXP 	unnamed Circle: fillColor = <class 'numpy.ndarray'>
210.0510 	EXP 	unnamed Circle: fillColor = <class 'numpy.ndarray'>
210.0510 	EXP 	unnamed Circle: radius = np.float64(0.03)
210.0510 	EXP 	unnamed Circle: fillColor = 'white'
210.0510 	EXP 	unnamed Circle: fillColor = <class 'numpy.ndarray'>
210.0510 	EXP 	unnamed Circle: radius = np.float64(0.03)
210.0510 	EXP 	unnamed Circle: fillColor = 'white'
210.0510 	EXP 	unnamed Circle: fillColor = <class 'numpy.ndarray'>
210.0510 	EXP 	unnamed Circle: fillColor = <class 'numpy.ndarray'>
210.0510 	EXP 	unnamed Circle: fillColor = <class 'numpy.ndarray'>
210.0510 	EXP 	unnamed Circle: fillColor = <class 'numpy.ndarray'>
210.0510 	EXP 	unnamed Circle: radius = np.float64(0.03)
210.0510 	EXP 	unnamed Circle: fillColor = 'white'
210.0510 	EXP 	unnamed Circle: fillColor = <class 'numpy.ndarray'>
210.0510 	EXP 	unnamed Circle: fillColor = <class 'numpy.ndarray'>
210.0510 	EXP 	unnamed Circle: radius = np.float64(0.03)
210.0510 	EXP 	unnamed Circle: fillColor = 'white'
210.0510 	EXP 	unnamed Circle: fillColor = <class 'numpy.ndarray'>
210.0510 	EXP 	unnamed Circle: fillColor = <class 'numpy.ndarray'>
210.0510 	EXP 	unnamed Circle: radius = np.float64(0.03)
210.0510 	EXP 	unnamed Circle: fillColor = 'white'
210.0510 	EXP 	unnamed Circle: fillColor = <class 'numpy.ndarray'>
210.0510 	EXP 	unnamed Circle: fillColor = <class 'numpy.ndarray'>
210.0510 	EXP 	unnamed Circle: fillColor = <class 'numpy.ndarray'>
210.0510 	EXP 	unnamed Circle: radius = np.float64(0.03)
210.0510 	EXP 	unnamed Circle: fillColor = 'white'
210.0510 	EXP 	unnamed Circle: fillColor = <class 'numpy.ndarray'>
210.0510 	EXP 	unnamed Circle: radius = np.float64(0.03)
210.0510 	EXP 	unnamed Circle: fillColor = 'white'
210.0510 	EXP 	unnamed Circle: fillColor = <class 'numpy.ndarray'>
210.0510 	EXP 	unnamed Circle: fillColor = <class 'numpy.ndarray'>
210.0510 	EXP 	unnamed Circle: radius = np.float64(0.03)
210.0510 	EXP 	unnamed Circle: fillColor = 'white'
210.0510 	EXP 	unnamed Circle: fillColor = <class 'numpy.ndarray'>
210.0510 	EXP 	unnamed Circle: fillColor = <class 'numpy.ndarray'>
210.0510 	EXP 	unnamed Circle: radius = np.float64(0.03)
210.0510 	EXP 	unnamed Circle: fillColor = 'white'
210.0510 	EXP 	unnamed Circle: fillColor = <class 'numpy.ndarray'>
210.0510 	EXP 	unnamed Circle: fillColor = <class 'numpy.ndarray'>
210.0510 	EXP 	unnamed Circle: fillColor = <class 'numpy.ndarray'>
210.0510 	EXP 	unnamed Circle: radius = np.float64(0.03)
210.0510 	EXP 	unnamed Circle: fillColor = 'white'
210.0510 	EXP 	unnamed Circle: fillColor = <class 'numpy.ndarray'>
210.0510 	EXP 	unnamed Circle: radius = np.float64(0.03)
210.0510 	EXP 	unnamed Circle: fillColor = 'white'
210.0510 	EXP 	unnamed Circle: fillColor = <class 'numpy.ndarray'>
210.0510 	EXP 	unnamed Circle: fillColor = <class 'numpy.ndarray'>
210.0510 	EXP 	unnamed Circle: fillColor = <class 'numpy.ndarray'>
210.0510 	EXP 	unnamed Circle: radius = np.float64(0.03)
210.0510 	EXP 	unnamed Circle: fillColor = 'white'
210.0510 	EXP 	unnamed Circle: fillColor = <class 'numpy.ndarray'>
210.0510 	EXP 	unnamed Circle: radius = np.float64(0.03)
210.0510 	EXP 	unnamed Circle: fillColor = 'white'
210.0510 	EXP 	unnamed Circle: fillColor = <class 'numpy.ndarray'>
210.0510 	EXP 	unnamed Circle: fillColor = <class 'numpy.ndarray'>
210.0510 	EXP 	unnamed Circle: fillColor = <class 'numpy.ndarray'>
210.0510 	EXP 	unnamed Circle: fillColor = <class 'numpy.ndarray'>
210.0510 	EXP 	unnamed Circle: fillColor = <class 'numpy.ndarray'>
210.0510 	EXP 	unnamed Circle: radius = np.float64(0.03)
210.0510 	EXP 	unnamed Circle: fillColor = 'white'
210.0510 	EXP 	unnamed Circle: fillColor = <class 'numpy.ndarray'>
210.0510 	EXP 	unnamed Circle: fillColor = <class 'numpy.ndarray'>
210.0510 	EXP 	unnamed Circle: fillColor = <class 'numpy.ndarray'>
210.0510 	EXP 	unnamed Circle: radius = np.float64(0.03)
210.0510 	EXP 	unnamed Circle: fillColor = 'white'
210.0510 	EXP 	unnamed Circle: fillColor = <class 'numpy.ndarray'>
210.0510 	EXP 	unnamed Circle: fillColor = <class 'numpy.ndarray'>
210.0510 	EXP 	unnamed Circle: fillColor = <class 'numpy.ndarray'>
210.0510 	EXP 	unnamed Circle: fillColor = <class 'numpy.ndarray'>
210.0510 	EXP 	unnamed Circle: radius = np.float64(0.03)
210.0510 	EXP 	unnamed Circle: fillColor = 'white'
210.0510 	EXP 	unnamed Circle: fillColor = <class 'numpy.ndarray'>
210.0510 	EXP 	unnamed Circle: fillColor = <class 'numpy.ndarray'>
210.0510 	EXP 	unnamed Circle: radius = np.float64(0.03)
210.0510 	EXP 	unnamed Circle: fillColor = 'white'
210.0510 	EXP 	unnamed Circle: fillColor = <class 'numpy.ndarray'>
210.0510 	EXP 	unnamed Circle: fillColor = <class 'numpy.ndarray'>
210.0510 	EXP 	unnamed Circle: radius = np.float64(0.03)
210.0510 	EXP 	unnamed Circle: fillColor = 'white'
210.0510 	EXP 	unnamed Circle: fillColor = <class 'numpy.ndarray'>
210.0510 	EXP 	unnamed Circle: fillColor = <class 'numpy.ndarray'>
210.0510 	EXP 	unnamed Circle: radius = np.float64(0.03)
210.0510 	EXP 	unnamed Circle: fillColor = 'white'
210.0510 	EXP 	unnamed Circle: fillColor = <class 'numpy.ndarray'>
210.0510 	EXP 	unnamed Circle: fillColor = <class 'numpy.ndarray'>
210.0510 	EXP 	unnamed Circle: fillColor = <class 'numpy.ndarray'>
210.0510 	EXP 	unnamed Circle: radius = np.float64(0.03)
210.0510 	EXP 	unnamed Circle: fillColor = 'white'
210.0510 	EXP 	unnamed Circle: fillColor = <class 'numpy.ndarray'>
210.0510 	EXP 	unnamed Circle: fillColor = <class 'numpy.ndarray'>
210.0510 	EXP 	unnamed Circle: radius = np.float64(0.03)
210.0510 	EXP 	unnamed Circle: fillColor = 'white'
210.0510 	EXP 	unnamed Circle: fillColor = <class 'numpy.ndarray'>
210.0510 	EXP 	unnamed Circle: radius = np.float64(0.03)
210.0510 	EXP 	unnamed Circle: fillColor = 'white'
210.0510 	EXP 	unnamed Circle: fillColor = <class 'numpy.ndarray'>
210.0510 	EXP 	unnamed Circle: fillColor = <class 'numpy.ndarray'>
210.0510 	EXP 	unnamed Circle: fillColor = <class 'numpy.ndarray'>
210.0510 	EXP 	unnamed Circle: radius = np.float64(0.03)
210.0510 	EXP 	unnamed Circle: fillColor = 'white'
210.0510 	EXP 	unnamed Circle: fillColor = <class 'numpy.ndarray'>
210.0510 	EXP 	unnamed Circle: fillColor = <class 'numpy.ndarray'>
210.0510 	EXP 	unnamed Circle: radius = np.float64(0.03)
210.0510 	EXP 	unnamed Circle: fillColor = 'white'
210.0510 	EXP 	unnamed Circle: fillColor = <class 'numpy.ndarray'>
210.0510 	EXP 	unnamed Circle: fillColor = <class 'numpy.ndarray'>
210.0510 	EXP 	unnamed Circle: fillColor = <class 'numpy.ndarray'>
210.0510 	EXP 	unnamed Circle: radius = np.float64(0.03)
210.0510 	EXP 	unnamed Circle: fillColor = 'white'
210.0510 	EXP 	unnamed Circle: fillColor = <class 'numpy.ndarray'>
210.0510 	EXP 	unnamed Circle: fillColor = <class 'numpy.ndarray'>
210.0510 	EXP 	unnamed Circle: fillColor = <class 'numpy.ndarray'>
210.0510 	EXP 	unnamed Circle: radius = np.float64(0.03)
210.0510 	EXP 	unnamed Circle: fillColor = 'white'
210.0510 	EXP 	unnamed Circle: fillColor = <class 'numpy.ndarray'>
210.0510 	EXP 	unnamed Circle: radius = np.float64(0.03)
210.0510 	EXP 	unnamed Circle: fillColor = 'white'
210.0510 	EXP 	unnamed Circle: fillColor = <class 'numpy.ndarray'>
210.0510 	EXP 	unnamed Circle: fillColor = <class 'numpy.ndarray'>
210.0510 	EXP 	unnamed Circle: fillColor = <class 'numpy.ndarray'>
210.0510 	EXP 	unnamed Circle: fillColor = <class 'numpy.ndarray'>
210.0510 	EXP 	unnamed Circle: radius = np.float64(0.03)
210.0510 	EXP 	unnamed Circle: fillColor = 'white'
210.0510 	EXP 	unnamed Circle: fillColor = <class 'numpy.ndarray'>
210.0510 	EXP 	unnamed Circle: fillColor = <class 'numpy.ndarray'>
210.0510 	EXP 	unnamed Circle: radius = np.float64(0.03)
210.0510 	EXP 	unnamed Circle: fillColor = 'white'
210.0510 	EXP 	unnamed Circle: fillColor = <class 'numpy.ndarray'>
210.0510 	EXP 	unnamed Circle: fillColor = <class 'numpy.ndarray'>
210.0510 	EXP 	unnamed Circle: radius = np.float64(0.03)
210.0510 	EXP 	unnamed Circle: fillColor = 'white'
210.0510 	EXP 	unnamed Circle: fillColor = <class 'numpy.ndarray'>
210.0510 	EXP 	unnamed Circle: fillColor = <class 'numpy.ndarray'>
210.0510 	EXP 	unnamed Circle: radius = np.float64(0.03)
210.0510 	EXP 	unnamed Circle: fillColor = 'white'
210.0510 	EXP 	unnamed Circle: fillColor = <class 'numpy.ndarray'>
210.0510 	EXP 	unnamed Circle: fillColor = <class 'numpy.ndarray'>
210.0510 	EXP 	unnamed Circle: radius = np.float64(0.03)
210.0510 	EXP 	unnamed Circle: fillColor = 'white'
210.0510 	EXP 	unnamed Circle: fillColor = <class 'numpy.ndarray'>
210.0510 	EXP 	unnamed Circle: fillColor = <class 'numpy.ndarray'>
210.0510 	EXP 	unnamed Circle: fillColor = <class 'numpy.ndarray'>
210.0510 	EXP 	unnamed Circle: fillColor = <class 'numpy.ndarray'>
210.0510 	EXP 	unnamed Circle: radius = np.float64(0.03)
210.0510 	EXP 	unnamed Circle: fillColor = 'white'
210.0510 	EXP 	unnamed Circle: fillColor = <class 'numpy.ndarray'>
210.0510 	EXP 	unnamed Circle: fillColor = <class 'numpy.ndarray'>
210.0510 	EXP 	unnamed Circle: radius = np.float64(0.03)
210.0510 	EXP 	unnamed Circle: fillColor = 'white'
210.0510 	EXP 	unnamed Circle: fillColor = <class 'numpy.ndarray'>
210.0510 	EXP 	unnamed Circle: fillColor = <class 'numpy.ndarray'>
210.0510 	EXP 	unnamed Circle: fillColor = <class 'numpy.ndarray'>
210.0510 	EXP 	unnamed Circle: radius = np.float64(0.03)
210.0510 	EXP 	unnamed Circle: fillColor = 'white'
210.0510 	EXP 	unnamed Circle: fillColor = <class 'numpy.ndarray'>
210.0510 	EXP 	unnamed Circle: fillColor = <class 'numpy.ndarray'>
210.0510 	EXP 	unnamed Circle: radius = np.float64(0.03)
210.0510 	EXP 	unnamed Circle: fillColor = 'white'
210.0510 	EXP 	unnamed Circle: fillColor = <class 'numpy.ndarray'>
210.0510 	EXP 	unnamed Circle: fillColor = <class 'numpy.ndarray'>
210.0510 	EXP 	unnamed Circle: radius = np.float64(0.03)
210.0510 	EXP 	unnamed Circle: fillColor = 'white'
210.0510 	EXP 	unnamed Circle: fillColor = <class 'numpy.ndarray'>
210.0510 	EXP 	unnamed Circle: fillColor = <class 'numpy.ndarray'>
210.0510 	EXP 	unnamed Circle: radius = np.float64(0.03)
210.0510 	EXP 	unnamed Circle: fillColor = 'white'
210.0510 	EXP 	unnamed Circle: fillColor = <class 'numpy.ndarray'>
210.0510 	EXP 	unnamed Circle: fillColor = <class 'numpy.ndarray'>
210.0510 	EXP 	unnamed Circle: radius = np.float64(0.03)
210.0510 	EXP 	unnamed Circle: fillColor = 'white'
210.0510 	EXP 	unnamed Circle: fillColor = <class 'numpy.ndarray'>
210.0510 	EXP 	unnamed Circle: fillColor = <class 'numpy.ndarray'>
210.0510 	EXP 	unnamed Circle: radius = np.float64(0.03)
210.0510 	EXP 	unnamed Circle: fillColor = 'white'
210.0510 	EXP 	unnamed Circle: fillColor = <class 'numpy.ndarray'>
210.0510 	EXP 	unnamed Circle: fillColor = <class 'numpy.ndarray'>
210.0510 	EXP 	unnamed Circle: radius = np.float64(0.03)
210.0510 	EXP 	unnamed Circle: fillColor = 'white'
210.0510 	EXP 	unnamed Circle: fillColor = <class 'numpy.ndarray'>
210.0510 	EXP 	unnamed Circle: fillColor = <class 'numpy.ndarray'>
210.0510 	EXP 	unnamed Circle: radius = np.float64(0.03)
210.0510 	EXP 	unnamed Circle: fillColor = 'white'
210.0510 	EXP 	unnamed Circle: fillColor = <class 'numpy.ndarray'>
210.0510 	EXP 	unnamed Circle: fillColor = <class 'numpy.ndarray'>
210.0510 	EXP 	unnamed Circle: fillColor = <class 'numpy.ndarray'>
210.0510 	EXP 	unnamed Circle: fillColor = <class 'numpy.ndarray'>
210.0510 	EXP 	unnamed Circle: radius = np.float64(0.03)
210.0510 	EXP 	unnamed Circle: fillColor = 'white'
210.0510 	EXP 	unnamed Circle: fillColor = <class 'numpy.ndarray'>
210.0510 	EXP 	unnamed Circle: fillColor = <class 'numpy.ndarray'>
210.0510 	EXP 	unnamed Circle: radius = np.float64(0.03)
210.0510 	EXP 	unnamed Circle: fillColor = 'white'
210.0510 	EXP 	unnamed Circle: fillColor = <class 'numpy.ndarray'>
210.0510 	EXP 	unnamed Circle: fillColor = <class 'numpy.ndarray'>
210.0510 	EXP 	unnamed Circle: radius = np.float64(0.03)
210.0510 	EXP 	unnamed Circle: fillColor = 'white'
210.0510 	EXP 	unnamed Circle: fillColor = <class 'numpy.ndarray'>
210.0510 	EXP 	unnamed Circle: radius = np.float64(0.03)
210.0510 	EXP 	unnamed Circle: fillColor = 'white'
210.0510 	EXP 	unnamed Circle: fillColor = <class 'numpy.ndarray'>
210.0510 	EXP 	unnamed Circle: fillColor = <class 'numpy.ndarray'>
210.0510 	EXP 	unnamed Circle: fillColor = <class 'numpy.ndarray'>
210.0510 	EXP 	unnamed Circle: radius = np.float64(0.03)
210.0510 	EXP 	unnamed Circle: fillColor = 'white'
210.0510 	EXP 	unnamed Circle: fillColor = <class 'numpy.ndarray'>
210.0510 	EXP 	unnamed Circle: fillColor = <class 'numpy.ndarray'>
210.0510 	EXP 	unnamed Circle: fillColor = <class 'numpy.ndarray'>
210.0510 	EXP 	unnamed Circle: fillColor = <class 'numpy.ndarray'>
210.0510 	EXP 	unnamed Circle: radius = np.float64(0.03)
210.0510 	EXP 	unnamed Circle: fillColor = 'white'
210.0510 	EXP 	unnamed Circle: fillColor = <class 'numpy.ndarray'>
210.0510 	EXP 	unnamed Circle: radius = np.float64(0.03)
210.0510 	EXP 	unnamed Circle: fillColor = 'white'
210.0510 	EXP 	unnamed Circle: fillColor = <class 'numpy.ndarray'>
210.0510 	EXP 	unnamed Circle: fillColor = <class 'numpy.ndarray'>
210.0510 	EXP 	unnamed Circle: fillColor = <class 'numpy.ndarray'>
210.0510 	EXP 	unnamed Circle: radius = np.float64(0.03)
210.0510 	EXP 	unnamed Circle: fillColor = 'white'
210.0510 	EXP 	unnamed Circle: fillColor = <class 'numpy.ndarray'>
210.0510 	EXP 	unnamed Circle: radius = np.float64(0.03)
210.0510 	EXP 	unnamed Circle: fillColor = 'white'
210.0510 	EXP 	unnamed Circle: fillColor = <class 'numpy.ndarray'>
210.0510 	EXP 	unnamed Circle: fillColor = <class 'numpy.ndarray'>
210.0510 	EXP 	unnamed Circle: radius = np.float64(0.03)
210.0510 	EXP 	unnamed Circle: fillColor = 'white'
210.0510 	EXP 	unnamed Circle: fillColor = <class 'numpy.ndarray'>
210.0510 	EXP 	unnamed Circle: fillColor = <class 'numpy.ndarray'>
210.0510 	EXP 	unnamed Circle: fillColor = <class 'numpy.ndarray'>
210.0510 	EXP 	unnamed Circle: radius = np.float64(0.03)
210.0510 	EXP 	unnamed Circle: fillColor = 'white'
210.0510 	EXP 	unnamed Circle: fillColor = <class 'numpy.ndarray'>
210.0510 	EXP 	unnamed Circle: fillColor = <class 'numpy.ndarray'>
210.0510 	EXP 	unnamed Circle: radius = np.float64(0.03)
210.0510 	EXP 	unnamed Circle: fillColor = 'white'
210.0510 	EXP 	unnamed Circle: fillColor = <class 'numpy.ndarray'>
210.0510 	EXP 	unnamed Circle: radius = np.float64(0.03)
210.0510 	EXP 	unnamed Circle: fillColor = 'white'
210.0510 	EXP 	unnamed Circle: fillColor = <class 'numpy.ndarray'>
210.0510 	EXP 	unnamed Circle: fillColor = <class 'numpy.ndarray'>
210.0510 	EXP 	unnamed Circle: radius = np.float64(0.03)
210.0510 	EXP 	unnamed Circle: fillColor = 'white'
210.0510 	EXP 	unnamed Circle: fillColor = <class 'numpy.ndarray'>
210.0510 	EXP 	unnamed Circle: fillColor = <class 'numpy.ndarray'>
210.0510 	EXP 	unnamed Circle: radius = np.float64(0.03)
210.0510 	EXP 	unnamed Circle: fillColor = 'white'
210.0510 	EXP 	unnamed Circle: fillColor = <class 'numpy.ndarray'>
210.0510 	EXP 	unnamed Circle: fillColor = <class 'numpy.ndarray'>
210.0510 	EXP 	unnamed Circle: radius = np.float64(0.03)
210.0510 	EXP 	unnamed Circle: fillColor = 'white'
210.0510 	EXP 	unnamed Circle: fillColor = <class 'numpy.ndarray'>
210.0510 	EXP 	unnamed Circle: fillColor = <class 'numpy.ndarray'>
210.0510 	EXP 	unnamed Circle: radius = np.float64(0.03)
210.0510 	EXP 	unnamed Circle: fillColor = 'white'
210.0510 	EXP 	unnamed Circle: fillColor = <class 'numpy.ndarray'>
210.0510 	EXP 	unnamed Circle: fillColor = <class 'numpy.ndarray'>
210.0510 	EXP 	unnamed Circle: fillColor = <class 'numpy.ndarray'>
210.0510 	EXP 	unnamed Circle: radius = np.float64(0.03)
210.0510 	EXP 	unnamed Circle: fillColor = 'white'
210.0510 	EXP 	unnamed Circle: fillColor = <class 'numpy.ndarray'>
210.0510 	EXP 	unnamed Circle: radius = np.float64(0.03)
210.0510 	EXP 	unnamed Circle: fillColor = 'white'
210.0510 	EXP 	unnamed Circle: fillColor = <class 'numpy.ndarray'>
210.0510 	EXP 	unnamed Circle: fillColor = <class 'numpy.ndarray'>
210.0510 	EXP 	unnamed Circle: radius = np.float64(0.03)
210.0510 	EXP 	unnamed Circle: fillColor = 'white'
210.0510 	EXP 	unnamed Circle: fillColor = <class 'numpy.ndarray'>
210.0510 	EXP 	unnamed Circle: fillColor = <class 'numpy.ndarray'>
210.0510 	EXP 	unnamed Circle: radius = np.float64(0.03)
210.0510 	EXP 	unnamed Circle: fillColor = 'white'
210.0510 	EXP 	unnamed Circle: fillColor = <class 'numpy.ndarray'>
210.0510 	EXP 	unnamed Circle: fillColor = <class 'numpy.ndarray'>
210.0510 	EXP 	unnamed Circle: radius = np.float64(0.03)
210.0510 	EXP 	unnamed Circle: fillColor = 'white'
210.0510 	EXP 	unnamed Circle: fillColor = <class 'numpy.ndarray'>
210.0510 	EXP 	unnamed Circle: fillColor = <class 'numpy.ndarray'>
210.0510 	EXP 	unnamed Circle: fillColor = <class 'numpy.ndarray'>
210.0510 	EXP 	unnamed Circle: fillColor = <class 'numpy.ndarray'>
210.0510 	EXP 	unnamed Circle: radius = np.float64(0.03)
210.0510 	EXP 	unnamed Circle: fillColor = 'white'
210.0510 	EXP 	unnamed Circle: fillColor = <class 'numpy.ndarray'>
210.0510 	EXP 	unnamed Circle: fillColor = <class 'numpy.ndarray'>
210.0510 	EXP 	unnamed Circle: fillColor = <class 'numpy.ndarray'>
210.0510 	EXP 	unnamed Circle: radius = np.float64(0.03)
210.0510 	EXP 	unnamed Circle: fillColor = 'white'
210.0510 	EXP 	text_2: autoDraw = True
211.0560 	EXP 	text_2: autoDraw = False
211.0560 	EXP 	text_2: autoDraw = False
274.2851 	DATA 	Keypress: 2
274.2883 	EXP 	Created text = TextStim(__class__=<class 'psychopy.visual.text.TextStim'>, alignHoriz=method-wrapper(...), alignText='center', alignVert=method-wrapper(...), anchorHoriz='center', anchorVert='center', antialias=True, autoDraw=False, autoLog=True, bold=False, color=array([1., 1., 1.]), colorSpace='rgb', contrast=1.0, depth=0.0, draggable=False, flipHoriz=False, flipVert=False, font='Arial', fontFiles=[], height=np.float64(0.06), italic=False, languageStyle='LTR', name='text', opacity=1, ori=0, pos=array([0. , 0.2]), rgb=UNKNOWN, text=str(...), units='norm', win=Window(...), wrapWidth=1.2)
274.3183 	EXP 	Created None = Slider(__class__=<class 'psychopy.visual.slider.Slider'>, autoDraw=False, autoLog=True, borderColor=None, color=None, colorSpace='rgb', depth=0, fillColor=None, flip=False, font='Arial', granularity=1, labelColor=None, labelHeight=np.float64(0.06), labelWrapWidth=None, labels=('Never', 'Always'), lineColor=None, markerColor=None, name=None, opacity=None, ori=0, pos=array([0., 0.]), readOnly=False, self=UNKNOWN, size=array([0.85, 0.1 ]), startValue=None, style='rating', styleTweaks=[], ticks=array([1, 9]), units='norm', win=Window(...))
274.3263 	EXP 	None: autoLog = True
274.3263 	EXP 	None: styleTweaks = []
274.3263 	EXP 	None: styleTweaks = []
274.3263 	EXP 	None: styleTweaks = []
274.3263 	EXP 	None: styleTweaks = []
274.3263 	EXP 	None: contrast = 1.0
274.3263 	EXP 	None: markerPos = None
274.3263 	EXP 	None: autoLog = True
274.3263 	EXP 	None: markerPos = 5
274.5347 	DATA 	Keypress: minus
274.6197 	DATA 	Keypress: 2
274.6229 	EXP 	None: markerPos = 6
274.7188 	DATA 	Keypress: minus
274.7900 	DATA 	Keypress: 2
274.7932 	EXP 	None: markerPos = 7
274.8733 	DATA 	Keypress: minus
274.9629 	DATA 	Keypress: 2
274.9662 	EXP 	None: markerPos = 8
275.0295 	DATA 	Keypress: minus
276.1702 	DATA 	Keypress: 2
276.1736 	EXP 	None: markerPos = 9
276.3141 	DATA 	Keypress: 9
276.5279 	DATA 	Keypress: 0
276.5310 	EXP 	None: markerPos = 9
276.5329 	EXP 	Created text = TextStim(__class__=<class 'psychopy.visual.text.TextStim'>, alignHoriz=method-wrapper(...), alignText='center', alignVert=method-wrapper(...), anchorHoriz='center', anchorVert='center', antialias=True, autoDraw=False, autoLog=True, bold=False, color=array([1., 1., 1.]), colorSpace='rgb', contrast=1.0, depth=0.0, draggable=False, flipHoriz=False, flipVert=False, font='Arial', fontFiles=[], height=np.float64(0.06), italic=False, languageStyle='LTR', name='text', opacity=1, ori=0, pos=array([0. , 0.2]), rgb=UNKNOWN, text=str(...), units='norm', win=Window(...), wrapWidth=1.2)
276.5544 	EXP 	Created None = Slider(__class__=<class 'psychopy.visual.slider.Slider'>, autoDraw=False, autoLog=True, borderColor=None, color=None, colorSpace='rgb', depth=0, fillColor=None, flip=False, font='Arial', granularity=1, labelColor=None, labelHeight=np.float64(0.06), labelWrapWidth=None, labels=('Never', 'All the time'), lineColor=None, markerColor=None, name=None, opacity=None, ori=0, pos=array([0., 0.]), readOnly=False, self=UNKNOWN, size=array([0.85, 0.1 ]), startValue=None, style='rating', styleTweaks=[], ticks=array([1, 9]), units='norm', win=Window(...))
276.5601 	EXP 	None: autoLog = True
276.5601 	EXP 	None: styleTweaks = []
276.5601 	EXP 	None: styleTweaks = []
276.5601 	EXP 	None: styleTweaks = []
276.5601 	EXP 	None: styleTweaks = []
276.5601 	EXP 	None: contrast = 1.0
276.5601 	EXP 	None: markerPos = None
276.5601 	EXP 	None: autoLog = True
276.5601 	EXP 	None: markerPos = 5
276.5740 	DATA 	Keypress: 2
276.5769 	EXP 	None: markerPos = 6
276.7145 	DATA 	Keypress: 0
276.7176 	EXP 	None: markerPos = 6
276.7194 	EXP 	Created text = TextStim(__class__=<class 'psychopy.visual.text.TextStim'>, alignHoriz=method-wrapper(...), alignText='center', alignVert=method-wrapper(...), anchorHoriz='center', anchorVert='center', antialias=True, autoDraw=False, autoLog=True, bold=False, color=array([1., 1., 1.]), colorSpace='rgb', contrast=1.0, depth=0.0, draggable=False, flipHoriz=False, flipVert=False, font='Arial', fontFiles=[], height=np.float64(0.06), italic=False, languageStyle='LTR', name='text', opacity=1, ori=0, pos=array([0. , 0.2]), rgb=UNKNOWN, text=str(...), units='norm', win=Window(...), wrapWidth=1.2)
276.7420 	EXP 	Created None = Slider(__class__=<class 'psychopy.visual.slider.Slider'>, autoDraw=False, autoLog=True, borderColor=None, color=None, colorSpace='rgb', depth=0, fillColor=None, flip=False, font='Arial', granularity=1, labelColor=None, labelHeight=np.float64(0.06), labelWrapWidth=None, labels=('Not at all', 'Very Difficult'), lineColor=None, markerColor=None, name=None, opacity=None, ori=0, pos=array([0., 0.]), readOnly=False, self=UNKNOWN, size=array([0.85, 0.1 ]), startValue=None, style='rating', styleTweaks=[], ticks=array([1, 9]), units='norm', win=Window(...))
276.7494 	EXP 	None: autoLog = True
276.7494 	EXP 	None: styleTweaks = []
276.7494 	EXP 	None: styleTweaks = []
276.7494 	EXP 	None: styleTweaks = []
276.7494 	EXP 	None: styleTweaks = []
276.7494 	EXP 	None: contrast = 1.0
276.7494 	EXP 	None: markerPos = None
276.7494 	EXP 	None: autoLog = True
276.7494 	EXP 	None: markerPos = 5
276.7637 	DATA 	Keypress: 2
276.7667 	EXP 	None: markerPos = 6
276.8923 	DATA 	Keypress: 0
276.8951 	EXP 	None: markerPos = 6
276.8969 	EXP 	Created text = TextStim(__class__=<class 'psychopy.visual.text.TextStim'>, alignHoriz=method-wrapper(...), alignText='center', alignVert=method-wrapper(...), anchorHoriz='center', anchorVert='center', antialias=True, autoDraw=False, autoLog=True, bold=False, color=array([1., 1., 1.]), colorSpace='rgb', contrast=1.0, depth=0.0, draggable=False, flipHoriz=False, flipVert=False, font='Arial', fontFiles=[], height=np.float64(0.06), italic=False, languageStyle='LTR', name='text', opacity=1, ori=0, pos=array([0. , 0.2]), rgb=UNKNOWN, text='How calm do you feel right now?', units='norm', win=Window(...), wrapWidth=1.2)
276.9167 	EXP 	Created None = Slider(__class__=<class 'psychopy.visual.slider.Slider'>, autoDraw=False, autoLog=True, borderColor=None, color=None, colorSpace='rgb', depth=0, fillColor=None, flip=False, font='Arial', granularity=1, labelColor=None, labelHeight=np.float64(0.06), labelWrapWidth=None, labels=('Not at all', 'Very calm'), lineColor=None, markerColor=None, name=None, opacity=None, ori=0, pos=array([0., 0.]), readOnly=False, self=UNKNOWN, size=array([0.85, 0.1 ]), startValue=None, style='rating', styleTweaks=[], ticks=array([1, 9]), units='norm', win=Window(...))
276.9199 	EXP 	None: autoLog = True
276.9199 	EXP 	None: styleTweaks = []
276.9199 	EXP 	None: styleTweaks = []
276.9199 	EXP 	None: styleTweaks = []
276.9199 	EXP 	None: styleTweaks = []
276.9199 	EXP 	None: contrast = 1.0
276.9199 	EXP 	None: markerPos = None
276.9199 	EXP 	None: autoLog = True
276.9199 	EXP 	None: markerPos = 5
276.9369 	DATA 	Keypress: 2
276.9399 	EXP 	None: markerPos = 6
277.0558 	DATA 	Keypress: 0
277.0588 	EXP 	None: markerPos = 6
277.1077 	DATA 	Keypress: 2
277.2324 	DATA 	Keypress: 0
28.1308 	EXP 	DMN_BallTask: status = NOT_STARTED
28.1331 	WARNING 	Requested an unavailable screen number - using first available.
28.4526 	EXP 	Created window1 = Window(allowGUI=False, allowStencil=False, autoLog=True, backendConf=UNKNOWN, backgroundFit=<method-wrapper '__getattribute__' of attributeSetter object at 0x7e3655f9e950>, backgroundImage=<method-wrapper '__getattribute__' of attributeSetter object at 0x7e3655f9e8f0>, bitsMode=UNKNOWN, blendMode='avg', bpc=(8, 8, 8), color=array([-1, -1, -1]), colorSpace='rgb', depthBits=8, fullscr=False, gamma=None, gammaErrorPolicy='raise', infoMsg=UNKNOWN, lms=UNKNOWN, monitor=<psychopy.monitors.calibTools.Monitor object at 0x7e36292d27d0>, multiSample=False, name='window1', numSamples=2, pos=(420, 32), screen=1, size=array([1080, 1080]), stencilBits=0, stereo=False, title='PsychoPy', units='norm', useFBO=True, useRetina=False, viewOri=0.0, viewPos=None, viewScale=None, waitBlanking=True, winType='pyglet')
28.4526 	EXP 	window1: backgroundImage = None
28.4526 	EXP 	window1: backgroundFit = 'cover'
28.4533 	EXP 	window1: Attempting to measure frame rate of screen (1) ...
28.4533 	EXP 	window1: recordFrameIntervals = False
28.5219 	EXP 	window1: recordFrameIntervals = True
28.5982 	EXP 	Screen (1) actual frame rate measured at 144.22Hz
28.5982 	EXP 	window1: recordFrameIntervals = False
28.6192 	EXP 	Created text = TextStim(__class__=<class 'psychopy.visual.text.TextStim'>, alignHoriz=method-wrapper(...), alignText='center', alignVert=method-wrapper(...), anchorHoriz='center', anchorVert='center', antialias=True, autoDraw=False, autoLog=True, bold=False, color=array([1., 1., 1.]), colorSpace='rgb', contrast=1.0, depth=0.0, draggable=False, flipHoriz=False, flipVert=False, font='Arial', fontFiles=[], height=np.float64(0.06), italic=False, languageStyle='LTR', name='text', opacity=1, ori=0, pos=array([0. , 0.2]), rgb=UNKNOWN, text=str(...), units='norm', win=Window(...), wrapWidth=1.2)
28.6198 	EXP 	Created text = TextStim(__class__=<class 'psychopy.visual.text.TextStim'>, alignHoriz=method-wrapper(...), alignText='center', alignVert=method-wrapper(...), anchorHoriz='center', anchorVert='center', antialias=True, autoDraw=False, autoLog=True, bold=False, color=array([1., 1., 1.]), colorSpace='rgb', contrast=1.0, depth=0.0, draggable=False, flipHoriz=False, flipVert=False, font='Arial', fontFiles=[], height=0.06, italic=False, languageStyle='LTR', name='text', opacity=1, ori=0, pos=array([0., 0.]), rgb=UNKNOWN, text='', units='norm', win=Window(...), wrapWidth=1.2)
28.6229 	EXP 	Created waiting_for_trigger_text = TextStim(__class__=<class 'psychopy.visual.text.TextStim'>, alignHoriz=method-wrapper(...), alignText='center', alignVert=method-wrapper(...), anchorHoriz='center', anchorVert='center', antialias=True, autoDraw=False, autoLog=True, bold=False, color=array([1., 1., 1.]), colorSpace='rgb', contrast=1.0, depth=0.0, draggable=False, flipHoriz=False, flipVert=False, font='Arial', fontFiles=[], height=np.float64(0.1), italic=False, languageStyle='LTR', name='waiting_for_trigger_text', opacity=1, ori=0, pos=array([0., 0.]), rgb=UNKNOWN, text='waiting for scanner', units='norm', win=Window(...), wrapWidth=2)
28.6253 	EXP 	Created text_2 = TextStim(__class__=<class 'psychopy.visual.text.TextStim'>, alignHoriz=method-wrapper(...), alignText='center', alignVert=method-wrapper(...), anchorHoriz='center', anchorVert='center', antialias=True, autoDraw=False, autoLog=True, bold=False, color=array([1., 1., 1.]), colorSpace='rgb', contrast=1.0, depth=0.0, draggable=False, flipHoriz=False, flipVert=False, font='Arial', fontFiles=[], height=np.float64(0.3), italic=False, languageStyle='LTR', name='text_2', opacity=1, ori=0, pos=array([0., 0.]), rgb=UNKNOWN, text='+', units='norm', win=Window(...), wrapWidth=1)
28.6280 	EXP 	Created text_relax = TextStim(__class__=<class 'psychopy.visual.text.TextStim'>, alignHoriz=method-wrapper(...), alignText='center', alignVert=method-wrapper(...), anchorHoriz='center', anchorVert='center', antialias=True, autoDraw=False, autoLog=True, bold=False, color=array([1., 1., 1.]), colorSpace='rgb', contrast=1.0, depth=0.0, draggable=False, flipHoriz=False, flipVert=False, font='Arial', fontFiles=[], height=np.float64(0.07), italic=False, languageStyle='LTR', name='text_relax', opacity=1, ori=0, pos=array([ 0. , -0.2]), rgb=UNKNOWN, text='Relax', units='norm', win=Window(...), wrapWidth=1)
28.6309 	EXP 	Created text_4 = TextStim(__class__=<class 'psychopy.visual.text.TextStim'>, alignHoriz=method-wrapper(...), alignText='center', alignVert=method-wrapper(...), anchorHoriz='center', anchorVert='center', antialias=True, autoDraw=False, autoLog=True, bold=False, color=array([1., 1., 1.]), colorSpace='rgb', contrast=1.0, depth=-3.0, draggable=False, flipHoriz=False, flipVert=False, font='Arial', fontFiles=[], height=np.float64(0.1), italic=False, languageStyle='LTR', name='text_4', opacity=1, ori=0, pos=array([0., 0.]), rgb=UNKNOWN, text='default text', units='norm', win=Window(...), wrapWidth=1)
28.6349 	EXP 	Created unnamed Circle = Circle(__class__=<class 'psychopy.visual.circle.Circle'>, anchor=('center', 'center'), autoDraw=False, autoLog=True, closeShape=True, color=method-wrapper(...), colorSpace='rgb', contrast=None, depth=0, draggable=False, fillColor=array([0, 0, 0]), fillColorSpace='rgb', fillRGB=array([0, 0, 0]), interpolate=True, lineColor=array([ 1.,  1., -1.]), lineColorSpace='rgb', lineRGB=array([ 1,  1, -1]), lineWidth=3, name='unnamed Circle', opacity=1, ori=0.0, pos=array([0.        , 0.33333333]), size=array([1., 1.]), units='norm', vertices=ndarray(...), win=Window(...))
28.6380 	EXP 	Created unnamed Circle = Circle(__class__=<class 'psychopy.visual.circle.Circle'>, anchor=('center', 'center'), autoDraw=False, autoLog=True, closeShape=True, color=method-wrapper(...), colorSpace='rgb', contrast=None, depth=0, draggable=False, fillColor=array([0, 0, 0]), fillColorSpace='rgb', fillRGB=array([0, 0, 0]), interpolate=True, lineColor=array([0.35686275, 0.69411765, 0.80392157]), lineColorSpace='rgb', lineRGB=array([0.35686275, 0.69411765, 0.80392157]), lineWidth=3, name='unnamed Circle', opacity=1, ori=0.0, pos=array([ 0.        , -0.33333333]), size=array([1., 1.]), units='norm', vertices=ndarray(...), win=Window(...))
28.6411 	EXP 	Created unnamed Circle = Circle(__class__=<class 'psychopy.visual.circle.Circle'>, anchor=('center', 'center'), autoDraw=False, autoLog=True, closeShape=True, color=method-wrapper(...), colorSpace='rgb', contrast=None, depth=0, draggable=False, fillColor=array([1, 1, 1]), fillColorSpace='rgb', fillRGB=array([1, 1, 1]), interpolate=True, lineColor=array([1., 1., 1.]), lineColorSpace='rgb', lineRGB=array([1, 1, 1]), lineWidth=1.5, name='unnamed Circle', opacity=1, ori=0.0, pos=array([0., 0.]), size=array([1., 1.]), units='norm', vertices=ndarray(...), win=Window(...))
28.6442 	EXP 	Created unnamed Circle = Circle(__class__=<class 'psychopy.visual.circle.Circle'>, anchor=('center', 'center'), autoDraw=False, autoLog=True, closeShape=True, color=method-wrapper(...), colorSpace='rgb', contrast=None, depth=0, draggable=False, fillColor=array([1, 1, 1]), fillColorSpace='rgb', fillRGB=array([1, 1, 1]), interpolate=True, lineColor=array([1., 1., 1.]), lineColorSpace='rgb', lineRGB=array([1, 1, 1]), lineWidth=3, name='unnamed Circle', opacity=1, ori=0.0, pos=array([0., 0.]), size=array([1., 1.]), units='norm', vertices=ndarray(...), win=Window(...))
28.6469 	EXP 	Created instruct_text = TextStim(__class__=<class 'psychopy.visual.text.TextStim'>, alignHoriz=method-wrapper(...), alignText='center', alignVert=method-wrapper(...), anchorHoriz='center', anchorVert='center', antialias=True, autoDraw=False, autoLog=True, bold=False, color=array([1., 1., 1.]), colorSpace='rgb', contrast=1.0, depth=0.0, draggable=False, flipHoriz=False, flipVert=False, font='Arial', fontFiles=[], height=np.float64(0.06), italic=False, languageStyle='LTR', name='instruct_text', opacity=1, ori=0, pos=array([0., 0.]), rgb=UNKNOWN, text='replace me', units='norm', win=Window(...), wrapWidth=1.2)
28.6492 	EXP 	Created thank_you_end_run_text = TextStim(__class__=<class 'psychopy.visual.text.TextStim'>, alignHoriz=method-wrapper(...), alignText='center', alignVert=method-wrapper(...), anchorHoriz='center', anchorVert='center', antialias=True, autoDraw=False, autoLog=True, bold=False, color=array([1., 1., 1.]), colorSpace='rgb', contrast=1.0, depth=0.0, draggable=False, flipHoriz=False, flipVert=False, font='Arial', fontFiles=[], height=np.float64(0.1), italic=False, languageStyle='LTR', name='thank_you_end_run_text', opacity=1, ori=0, pos=array([0., 0.]), rgb=UNKNOWN, text='thank you!', units='norm', win=Window(...), wrapWidth=1)
28.6580 	EXP 	instruct_text: height = np.float64(0.06)
28.6580 	EXP 	instruct_text: height = np.float64(0.06)
28.6580 	EXP 	instruct_text: height = np.float64(0.06)
28.6580 	EXP 	instruct_text: text = "Next, you will get to continue the Mindful Describing practice you just learned.    \n\nBefore, you mentioned using your test as an anchor for your Describing Practice. Try to continue using this as your anchor, but it is also okay to switch anytime.\n\nYou will see 2 circles with a white ball in the middle, but they won't move for now."
29.1052 	DATA 	Keypress: space
29.1103 	EXP 	instruct_text: height = np.float64(0.06)
29.1103 	EXP 	instruct_text: height = np.float64(0.06)
29.1103 	EXP 	instruct_text: height = np.float64(0.06)
29.1103 	EXP 	instruct_text: text = "You will see the plus sign (+) for 30 seconds at the start. Whenever you see the plus +, please don't practice Describing - just relax.\n\nOnce the circles appear, please start the Describing practice. This practice will last 2.5 min."
29.2609 	DATA 	Keypress: space
29.2634 	EXP 	waiting_for_trigger_text: autoDraw = True
30.0486 	DATA 	Keypress: 5
30.0565 	EXP 	waiting_for_trigger_text: autoDraw = False
30.0565 	EXP 	text_2: autoDraw = True
30.0565 	EXP 	text_relax: autoDraw = True
60.0638 	EXP 	text_2: autoDraw = False
60.0638 	EXP 	text_relax: autoDraw = False
60.0638 	EXP 	text_2: autoDraw = False
210.0510 	EXP 	unnamed Circle: fillColor = <class 'numpy.ndarray'>
210.0510 	EXP 	unnamed Circle: fillColor = <class 'numpy.ndarray'>
210.0510 	EXP 	unnamed Circle: fillColor = <class 'numpy.ndarray'>
210.0510 	EXP 	unnamed Circle: radius = np.float64(0.135)
210.0510 	EXP 	unnamed Circle: fillColor = 'white'
210.0510 	EXP 	unnamed Circle: fillColor = <class 'numpy.ndarray'>
210.0510 	EXP 	unnamed Circle: fillColor = <class 'numpy.ndarray'>
210.0510 	EXP 	unnamed Circle: radius = np.float64(0.12150000000000001)
210.0510 	EXP 	unnamed Circle: fillColor = 'white'
210.0510 	EXP 	unnamed Circle: fillColor = <class 'numpy.ndarray'>
210.0510 	EXP 	unnamed Circle: fillColor = <class 'numpy.ndarray'>
210.0510 	EXP 	unnamed Circle: fillColor = <class 'numpy.ndarray'>
210.0510 	EXP 	unnamed Circle: radius = np.float64(0.135)
210.0510 	EXP 	unnamed Circle: fillColor = 'white'
210.0510 	EXP 	unnamed Circle: fillColor = <class 'numpy.ndarray'>
210.0510 	EXP 	unnamed Circle: radius = np.float64(0.10935000000000002)
210.0510 	EXP 	unnamed Circle: fillColor = 'white'
210.0510 	EXP 	unnamed Circle: fillColor = <class 'numpy.ndarray'>
210.0510 	EXP 	unnamed Circle: fillColor = <class 'numpy.ndarray'>
210.0510 	EXP 	unnamed Circle: fillColor = <class 'numpy.ndarray'>
210.0510 	EXP 	unnamed Circle: radius = np.float64(0.12150000000000001)
210.0510 	EXP 	unnamed Circle: fillColor = 'white'
210.0510 	EXP 	unnamed Circle: fillColor = <class 'numpy.ndarray'>
210.0510 	EXP 	unnamed Circle: fillColor = <class 'numpy.ndarray'>
210.0510 	EXP 	unnamed Circle: radius = np.float64(0.10935000000000002)
210.0510 	EXP 	unnamed Circle: fillColor = 'white'
210.0510 	EXP 	unnamed Circle: fillColor = <class 'numpy.ndarray'>
210.0510 	EXP 	unnamed Circle: fillColor = <class 'numpy.ndarray'>
210.0510 	EXP 	unnamed Circle: radius = np.float64(0.09841500000000002)
210.0510 	EXP 	unnamed Circle: fillColor = 'white'
210.0510 	EXP 	unnamed Circle: fillColor = <class 'numpy.ndarray'>
210.0510 	EXP 	unnamed Circle: radius = np.float64(0.09841500000000002)
210.0510 	EXP 	unnamed Circle: fillColor = 'white'
210.0510 	EXP 	unnamed Circle: fillColor = <class 'numpy.ndarray'>
210.0510 	EXP 	unnamed Circle: fillColor = <class 'numpy.ndarray'>
210.0510 	EXP 	unnamed Circle: fillColor = <class 'numpy.ndarray'>
210.0510 	EXP 	unnamed Circle: fillColor = <class 'numpy.ndarray'>
210.0510 	EXP 	unnamed Circle: radius = np.float64(0.08857350000000001)
210.0510 	EXP 	unnamed Circle: fillColor = 'white'
210.0510 	EXP 	unnamed Circle: fillColor = <class 'numpy.ndarray'>
210.0510 	EXP 	unnamed Circle: fillColor = <class 'numpy.ndarray'>
210.0510 	EXP 	unnamed Circle: fillColor = <class 'numpy.ndarray'>
210.0510 	EXP 	unnamed Circle: radius = np.float64(0.08857350000000001)
210.0510 	EXP 	unnamed Circle: fillColor = 'white'
210.0510 	EXP 	unnamed Circle: fillColor = <class 'numpy.ndarray'>
210.0510 	EXP 	unnamed Circle: fillColor = <class 'numpy.ndarray'>
210.0510 	EXP 	unnamed Circle: fillColor = <class 'numpy.ndarray'>
210.0510 	EXP 	unnamed Circle: radius = np.float64(0.07971615000000001)
210.0510 	EXP 	unnamed Circle: fillColor = 'white'
210.0510 	EXP 	unnamed Circle: fillColor = <class 'numpy.ndarray'>
210.0510 	EXP 	unnamed Circle: fillColor = <class 'numpy.ndarray'>
210.0510 	EXP 	unnamed Circle: radius = np.float64(0.07174453500000001)
210.0510 	EXP 	unnamed Circle: fillColor = 'white'
210.0510 	EXP 	unnamed Circle: fillColor = <class 'numpy.ndarray'>
210.0510 	EXP 	unnamed Circle: fillColor = <class 'numpy.ndarray'>
210.0510 	EXP 	unnamed Circle: fillColor = <class 'numpy.ndarray'>
210.0510 	EXP 	unnamed Circle: radius = np.float64(0.07971615000000001)
210.0510 	EXP 	unnamed Circle: fillColor = 'white'
210.0510 	EXP 	unnamed Circle: fillColor = <class 'numpy.ndarray'>
210.0510 	EXP 	unnamed Circle: fillColor = <class 'numpy.ndarray'>
210.0510 	EXP 	unnamed Circle: radius = np.float64(0.07174453500000001)
210.0510 	EXP 	unnamed Circle: fillColor = 'white'
210.0510 	EXP 	unnamed Circle: fillColor = <class 'numpy.ndarray'>
210.0510 	EXP 	unnamed Circle: fillColor = <class 'numpy.ndarray'>
210.0510 	EXP 	unnamed Circle: fillColor = <class 'numpy.ndarray'>
210.0510 	EXP 	unnamed Circle: fillColor = <class 'numpy.ndarray'>
210.0510 	EXP 	unnamed Circle: radius = np.float64(0.06457008150000002)
210.0510 	EXP 	unnamed Circle: fillColor = 'white'
210.0510 	EXP 	unnamed Circle: fillColor = <class 'numpy.ndarray'>
210.0510 	EXP 	unnamed Circle: fillColor = <class 'numpy.ndarray'>
210.0510 	EXP 	unnamed Circle: radius = np.float64(0.058113073350000016)
210.0510 	EXP 	unnamed Circle: fillColor = 'white'
210.0510 	EXP 	unnamed Circle: fillColor = <class 'numpy.ndarray'>
210.0510 	EXP 	unnamed Circle: radius = np.float64(0.06457008150000002)
210.0510 	EXP 	unnamed Circle: fillColor = 'white'
210.0510 	EXP 	unnamed Circle: fillColor = <class 'numpy.ndarray'>
210.0510 	EXP 	unnamed Circle: fillColor = <class 'numpy.ndarray'>
210.0510 	EXP 	unnamed Circle: fillColor = <class 'numpy.ndarray'>
210.0510 	EXP 	unnamed Circle: radius = np.float64(0.052301766015000015)
210.0510 	EXP 	unnamed Circle: fillColor = 'white'
210.0510 	EXP 	unnamed Circle: fillColor = <class 'numpy.ndarray'>
210.0510 	EXP 	unnamed Circle: fillColor = <class 'numpy.ndarray'>
210.0510 	EXP 	unnamed Circle: radius = np.float64(0.047071589413500016)
210.0510 	EXP 	unnamed Circle: fillColor = 'white'
210.0510 	EXP 	unnamed Circle: fillColor = <class 'numpy.ndarray'>
210.0510 	EXP 	unnamed Circle: radius = np.float64(0.058113073350000016)
210.0510 	EXP 	unnamed Circle: fillColor = 'white'
210.0510 	EXP 	unnamed Circle: fillColor = <class 'numpy.ndarray'>
210.0510 	EXP 	unnamed Circle: fillColor = <class 'numpy.ndarray'>
210.0510 	EXP 	unnamed Circle: radius = np.float64(0.052301766015000015)
210.0510 	EXP 	unnamed Circle: fillColor = 'white'
210.0510 	EXP 	unnamed Circle: fillColor = <class 'numpy.ndarray'>
210.0510 	EXP 	unnamed Circle: fillColor = <class 'numpy.ndarray'>
210.0510 	EXP 	unnamed Circle: radius = np.float64(0.047071589413500016)
210.0510 	EXP 	unnamed Circle: fillColor = 'white'
210.0510 	EXP 	unnamed Circle: fillColor = <class 'numpy.ndarray'>
210.0510 	EXP 	unnamed Circle: fillColor = <class 'numpy.ndarray'>
210.0510 	EXP 	unnamed Circle: fillColor = <class 'numpy.ndarray'>
210.0510 	EXP 	unnamed Circle: radius = np.float64(0.042364430472150015)
210.0510 	EXP 	unnamed Circle: fillColor = 'white'
210.0510 	EXP 	unnamed Circle: fillColor = <class 'numpy.ndarray'>
210.0510 	EXP 	unnamed Circle: fillColor = <class 'numpy.ndarray'>
210.0510 	EXP 	unnamed Circle: radius = np.float64(0.03812798742493501)
210.0510 	EXP 	unnamed Circle: fillColor = 'white'
210.0510 	EXP 	unnamed Circle: fillColor = <class 'numpy.ndarray'>
210.0510 	EXP 	unnamed Circle: radius = np.float64(0.042364430472150015)
210.0510 	EXP 	unnamed Circle: fillColor = 'white'
210.0510 	EXP 	unnamed Circle: fillColor = <class 'numpy.ndarray'>
210.0510 	EXP 	unnamed Circle: fillColor = <class 'numpy.ndarray'>
210.0510 	EXP 	unnamed Circle: radius = np.float64(0.03812798742493501)
210.0510 	EXP 	unnamed Circle: fillColor = 'white'
210.0510 	EXP 	unnamed Circle: fillColor = <class 'numpy.ndarray'>
210.0510 	EXP 	unnamed Circle: fillColor = <class 'numpy.ndarray'>
210.0510 	EXP 	unnamed Circle: radius = np.float64(0.03431518868244151)
210.0510 	EXP 	unnamed Circle: fillColor = 'white'
210.0510 	EXP 	unnamed Circle: fillColor = <class 'numpy.ndarray'>
210.0510 	EXP 	unnamed Circle: fillColor = <class 'numpy.ndarray'>
210.0510 	EXP 	unnamed Circle: fillColor = <class 'numpy.ndarray'>
210.0510 	EXP 	unnamed Circle: radius = np.float64(0.03431518868244151)
210.0510 	EXP 	unnamed Circle: fillColor = 'white'
210.0510 	EXP 	unnamed Circle: fillColor = <class 'numpy.ndarray'>
210.0510 	EXP 	unnamed Circle: radius = np.float64(0.030883669814197358)
210.0510 	EXP 	unnamed Circle: fillColor = 'white'
210.0510 	EXP 	unnamed Circle: fillColor = <class 'numpy.ndarray'>
210.0510 	EXP 	unnamed Circle: fillColor = <class 'numpy.ndarray'>
210.0510 	EXP 	unnamed Circle: fillColor = <class 'numpy.ndarray'>
210.0510 	EXP 	unnamed Circle: radius = np.float64(0.030883669814197358)
210.0510 	EXP 	unnamed Circle: fillColor = 'white'
210.0510 	EXP 	unnamed Circle: fillColor = <class 'numpy.ndarray'>
210.0510 	EXP 	unnamed Circle: radius = np.float64(0.03)
210.0510 	EXP 	unnamed Circle: fillColor = 'white'
210.0510 	EXP 	unnamed Circle: fillColor = <class 'numpy.ndarray'>
210.0510 	EXP 	unnamed Circle: fillColor = <class 'numpy.ndarray'>
210.0510 	EXP 	unnamed Circle: fillColor = <class 'numpy.ndarray'>
210.0510 	EXP 	unnamed Circle: radius = np.float64(0.03)
210.0510 	EXP 	unnamed Circle: fillColor = 'white'
210.0510 	EXP 	unnamed Circle: fillColor = <class 'numpy.ndarray'>
210.0510 	EXP 	unnamed Circle: radius = np.float64(0.03)
210.0510 	EXP 	unnamed Circle: fillColor = 'white'
210.0510 	EXP 	unnamed Circle: fillColor = <class 'numpy.ndarray'>
210.0510 	EXP 	unnamed Circle: fillColor = <class 'numpy.ndarray'>
210.0510 	EXP 	unnamed Circle: radius = np.float64(0.03)
210.0510 	EXP 	unnamed Circle: fillColor = 'white'
210.0510 	EXP 	unnamed Circle: fillColor = <class 'numpy.ndarray'>
210.0510 	EXP 	unnamed Circle: fillColor = <class 'numpy.ndarray'>
210.0510 	EXP 	unnamed Circle: radius = np.float64(0.03)
210.0510 	EXP 	unnamed Circle: fillColor = 'white'
210.0510 	EXP 	unnamed Circle: fillColor = <class 'numpy.ndarray'>
210.0510 	EXP 	unnamed Circle: fillColor = <class 'numpy.ndarray'>
210.0510 	EXP 	unnamed Circle: radius = np.float64(0.03)
210.0510 	EXP 	unnamed Circle: fillColor = 'white'
210.0510 	EXP 	unnamed Circle: fillColor = <class 'numpy.ndarray'>
210.0510 	EXP 	unnamed Circle: fillColor = <class 'numpy.ndarray'>
210.0510 	EXP 	unnamed Circle: radius = np.float64(0.03)
210.0510 	EXP 	unnamed Circle: fillColor = 'white'
210.0510 	EXP 	unnamed Circle: fillColor = <class 'numpy.ndarray'>
210.0510 	EXP 	unnamed Circle: fillColor = <class 'numpy.ndarray'>
210.0510 	EXP 	unnamed Circle: radius = np.float64(0.03)
210.0510 	EXP 	unnamed Circle: fillColor = 'white'
210.0510 	EXP 	unnamed Circle: fillColor = <class 'numpy.ndarray'>
210.0510 	EXP 	unnamed Circle: fillColor = <class 'numpy.ndarray'>
210.0510 	EXP 	unnamed Circle: radius = np.float64(0.03)
210.0510 	EXP 	unnamed Circle: fillColor = 'white'
210.0510 	EXP 	unnamed Circle: fillColor = <class 'numpy.ndarray'>
210.0510 	EXP 	unnamed Circle: fillColor = <class 'numpy.ndarray'>
210.0510 	EXP 	unnamed Circle: fillColor = <class 'numpy.ndarray'>
210.0510 	EXP 	unnamed Circle: radius = np.float64(0.03)
210.0510 	EXP 	unnamed Circle: fillColor = 'white'
210.0510 	EXP 	unnamed Circle: fillColor = <class 'numpy.ndarray'>
210.0510 	EXP 	unnamed Circle: fillColor = <class 'numpy.ndarray'>
210.0510 	EXP 	unnamed Circle: fillColor = <class 'numpy.ndarray'>
210.0510 	EXP 	unnamed Circle: radius = np.float64(0.03)
210.0510 	EXP 	unnamed Circle: fillColor = 'white'
210.0510 	EXP 	unnamed Circle: fillColor = <class 'numpy.ndarray'>
210.0510 	EXP 	unnamed Circle: fillColor = <class 'numpy.ndarray'>
210.0510 	EXP 	unnamed Circle: radius = np.float64(0.03)
210.0510 	EXP 	unnamed Circle: fillColor = 'white'
210.0510 	EXP 	unnamed Circle: fillColor = <class 'numpy.ndarray'>
210.0510 	EXP 	unnamed Circle: fillColor = <class 'numpy.ndarray'>
210.0510 	EXP 	unnamed Circle: fillColor = <class 'numpy.ndarray'>
210.0510 	EXP 	unnamed Circle: radius = np.float64(0.03)
210.0510 	EXP 	unnamed Circle: fillColor = 'white'
210.0510 	EXP 	unnamed Circle: fillColor = <class 'numpy.ndarray'>
210.0510 	EXP 	unnamed Circle: fillColor = <class 'numpy.ndarray'>
210.0510 	EXP 	unnamed Circle: fillColor = <class 'numpy.ndarray'>
210.0510 	EXP 	unnamed Circle: fillColor = <class 'numpy.ndarray'>
210.0510 	EXP 	unnamed Circle: radius = np.float64(0.03)
210.0510 	EXP 	unnamed Circle: fillColor = 'white'
210.0510 	EXP 	unnamed Circle: fillColor = <class 'numpy.ndarray'>
210.0510 	EXP 	unnamed Circle: radius = np.float64(0.03)
210.0510 	EXP 	unnamed Circle: fillColor = 'white'
210.0510 	EXP 	unnamed Circle: fillColor = <class 'numpy.ndarray'>
210.0510 	EXP 	unnamed Circle: fillColor = <class 'numpy.ndarray'>
210.0510 	EXP 	unnamed Circle: fillColor = <class 'numpy.ndarray'>
210.0510 	EXP 	unnamed Circle: fillColor = <class 'numpy.ndarray'>
210.0510 	EXP 	unnamed Circle: radius = np.float64(0.03)
210.0510 	EXP 	unnamed Circle: fillColor = 'white'
210.0510 	EXP 	unnamed Circle: fillColor = <class 'numpy.ndarray'>
210.0510 	EXP 	unnamed Circle: fillColor = <class 'numpy.ndarray'>
210.0510 	EXP 	unnamed Circle: radius = np.float64(0.03)
210.0510 	EXP 	unnamed Circle: fillColor = 'white'
210.0510 	EXP 	unnamed Circle: fillColor = <class 'numpy.ndarray'>
210.0510 	EXP 	unnamed Circle: fillColor = <class 'numpy.ndarray'>
210.0510 	EXP 	unnamed Circle: radius = np.float64(0.03)
210.0510 	EXP 	unnamed Circle: fillColor = 'white'
210.0510 	EXP 	unnamed Circle: fillColor = <class 'numpy.ndarray'>
210.0510 	EXP 	unnamed Circle: fillColor = <class 'numpy.ndarray'>
210.0510 	EXP 	unnamed Circle: fillColor = <class 'numpy.ndarray'>
210.0510 	EXP 	unnamed Circle: radius = np.float64(0.03)
210.0510 	EXP 	unnamed Circle: fillColor = 'white'
210.0510 	EXP 	unnamed Circle: fillColor = <class 'numpy.ndarray'>
210.0510 	EXP 	unnamed Circle: radius = np.float64(0.03)
210.0510 	EXP 	unnamed Circle: fillColor = 'white'
210.0510 	EXP 	unnamed Circle: fillColor = <class 'numpy.ndarray'>
210.0510 	EXP 	unnamed Circle: fillColor = <class 'numpy.ndarray'>
210.0510 	EXP 	unnamed Circle: radius = np.float64(0.03)
210.0510 	EXP 	unnamed Circle: fillColor = 'white'
210.0510 	EXP 	unnamed Circle: fillColor = <class 'numpy.ndarray'>
210.0510 	EXP 	unnamed Circle: fillColor = <class 'numpy.ndarray'>
210.0510 	EXP 	unnamed Circle: radius = np.float64(0.03)
210.0510 	EXP 	unnamed Circle: fillColor = 'white'
210.0510 	EXP 	unnamed Circle: fillColor = <class 'numpy.ndarray'>
210.0510 	EXP 	unnamed Circle: fillColor = <class 'numpy.ndarray'>
210.0510 	EXP 	unnamed Circle: fillColor = <class 'numpy.ndarray'>
210.0510 	EXP 	unnamed Circle: radius = np.float64(0.03)
210.0510 	EXP 	unnamed Circle: fillColor = 'white'
210.0510 	EXP 	unnamed Circle: fillColor = <class 'numpy.ndarray'>
210.0510 	EXP 	unnamed Circle: radius = np.float64(0.03)
210.0510 	EXP 	unnamed Circle: fillColor = 'white'
210.0510 	EXP 	unnamed Circle: fillColor = <class 'numpy.ndarray'>
210.0510 	EXP 	unnamed Circle: fillColor = <class 'numpy.ndarray'>
210.0510 	EXP 	unnamed Circle: fillColor = <class 'numpy.ndarray'>
210.0510 	EXP 	unnamed Circle: radius = np.float64(0.03)
210.0510 	EXP 	unnamed Circle: fillColor = 'white'
210.0510 	EXP 	unnamed Circle: fillColor = <class 'numpy.ndarray'>
210.0510 	EXP 	unnamed Circle: radius = np.float64(0.03)
210.0510 	EXP 	unnamed Circle: fillColor = 'white'
210.0510 	EXP 	unnamed Circle: fillColor = <class 'numpy.ndarray'>
210.0510 	EXP 	unnamed Circle: fillColor = <class 'numpy.ndarray'>
210.0510 	EXP 	unnamed Circle: fillColor = <class 'numpy.ndarray'>
210.0510 	EXP 	unnamed Circle: fillColor = <class 'numpy.ndarray'>
210.0510 	EXP 	unnamed Circle: fillColor = <class 'numpy.ndarray'>
210.0510 	EXP 	unnamed Circle: radius = np.float64(0.03)
210.0510 	EXP 	unnamed Circle: fillColor = 'white'
210.0510 	EXP 	unnamed Circle: fillColor = <class 'numpy.ndarray'>
210.0510 	EXP 	unnamed Circle: fillColor = <class 'numpy.ndarray'>
210.0510 	EXP 	unnamed Circle: fillColor = <class 'numpy.ndarray'>
210.0510 	EXP 	unnamed Circle: radius = np.float64(0.03)
210.0510 	EXP 	unnamed Circle: fillColor = 'white'
210.0510 	EXP 	unnamed Circle: fillColor = <class 'numpy.ndarray'>
210.0510 	EXP 	unnamed Circle: fillColor = <class 'numpy.ndarray'>
210.0510 	EXP 	unnamed Circle: fillColor = <class 'numpy.ndarray'>
210.0510 	EXP 	unnamed Circle: fillColor = <class 'numpy.ndarray'>
210.0510 	EXP 	unnamed Circle: radius = np.float64(0.03)
210.0510 	EXP 	unnamed Circle: fillColor = 'white'
210.0510 	EXP 	unnamed Circle: fillColor = <class 'numpy.ndarray'>
210.0510 	EXP 	unnamed Circle: fillColor = <class 'numpy.ndarray'>
210.0510 	EXP 	unnamed Circle: radius = np.float64(0.03)
210.0510 	EXP 	unnamed Circle: fillColor = 'white'
210.0510 	EXP 	unnamed Circle: fillColor = <class 'numpy.ndarray'>
210.0510 	EXP 	unnamed Circle: fillColor = <class 'numpy.ndarray'>
210.0510 	EXP 	unnamed Circle: radius = np.float64(0.03)
210.0510 	EXP 	unnamed Circle: fillColor = 'white'
210.0510 	EXP 	unnamed Circle: fillColor = <class 'numpy.ndarray'>
210.0510 	EXP 	unnamed Circle: fillColor = <class 'numpy.ndarray'>
210.0510 	EXP 	unnamed Circle: radius = np.float64(0.03)
210.0510 	EXP 	unnamed Circle: fillColor = 'white'
210.0510 	EXP 	unnamed Circle: fillColor = <class 'numpy.ndarray'>
210.0510 	EXP 	unnamed Circle: fillColor = <class 'numpy.ndarray'>
210.0510 	EXP 	unnamed Circle: fillColor = <class 'numpy.ndarray'>
210.0510 	EXP 	unnamed Circle: radius = np.float64(0.03)
210.0510 	EXP 	unnamed Circle: fillColor = 'white'
210.0510 	EXP 	unnamed Circle: fillColor = <class 'numpy.ndarray'>
210.0510 	EXP 	unnamed Circle: fillColor = <class 'numpy.ndarray'>
210.0510 	EXP 	unnamed Circle: radius = np.float64(0.03)
210.0510 	EXP 	unnamed Circle: fillColor = 'white'
210.0510 	EXP 	unnamed Circle: fillColor = <class 'numpy.ndarray'>
210.0510 	EXP 	unnamed Circle: radius = np.float64(0.03)
210.0510 	EXP 	unnamed Circle: fillColor = 'white'
210.0510 	EXP 	unnamed Circle: fillColor = <class 'numpy.ndarray'>
210.0510 	EXP 	unnamed Circle: fillColor = <class 'numpy.ndarray'>
210.0510 	EXP 	unnamed Circle: fillColor = <class 'numpy.ndarray'>
210.0510 	EXP 	unnamed Circle: radius = np.float64(0.03)
210.0510 	EXP 	unnamed Circle: fillColor = 'white'
210.0510 	EXP 	unnamed Circle: fillColor = <class 'numpy.ndarray'>
210.0510 	EXP 	unnamed Circle: fillColor = <class 'numpy.ndarray'>
210.0510 	EXP 	unnamed Circle: radius = np.float64(0.03)
210.0510 	EXP 	unnamed Circle: fillColor = 'white'
210.0510 	EXP 	unnamed Circle: fillColor = <class 'numpy.ndarray'>
210.0510 	EXP 	unnamed Circle: fillColor = <class 'numpy.ndarray'>
210.0510 	EXP 	unnamed Circle: fillColor = <class 'numpy.ndarray'>
210.0510 	EXP 	unnamed Circle: radius = np.float64(0.03)
210.0510 	EXP 	unnamed Circle: fillColor = 'white'
210.0510 	EXP 	unnamed Circle: fillColor = <class 'numpy.ndarray'>
210.0510 	EXP 	unnamed Circle: fillColor = <class 'numpy.ndarray'>
210.0510 	EXP 	unnamed Circle: fillColor = <class 'numpy.ndarray'>
210.0510 	EXP 	unnamed Circle: radius = np.float64(0.03)
210.0510 	EXP 	unnamed Circle: fillColor = 'white'
210.0510 	EXP 	unnamed Circle: fillColor = <class 'numpy.ndarray'>
210.0510 	EXP 	unnamed Circle: radius = np.float64(0.03)
210.0510 	EXP 	unnamed Circle: fillColor = 'white'
210.0510 	EXP 	unnamed Circle: fillColor = <class 'numpy.ndarray'>
210.0510 	EXP 	unnamed Circle: fillColor = <class 'numpy.ndarray'>
210.0510 	EXP 	unnamed Circle: fillColor = <class 'numpy.ndarray'>
210.0510 	EXP 	unnamed Circle: fillColor = <class 'numpy.ndarray'>
210.0510 	EXP 	unnamed Circle: radius = np.float64(0.03)
210.0510 	EXP 	unnamed Circle: fillColor = 'white'
210.0510 	EXP 	unnamed Circle: fillColor = <class 'numpy.ndarray'>
210.0510 	EXP 	unnamed Circle: fillColor = <class 'numpy.ndarray'>
210.0510 	EXP 	unnamed Circle: radius = np.float64(0.03)
210.0510 	EXP 	unnamed Circle: fillColor = 'white'
210.0510 	EXP 	unnamed Circle: fillColor = <class 'numpy.ndarray'>
210.0510 	EXP 	unnamed Circle: fillColor = <class 'numpy.ndarray'>
210.0510 	EXP 	unnamed Circle: radius = np.float64(0.03)
210.0510 	EXP 	unnamed Circle: fillColor = 'white'
210.0510 	EXP 	unnamed Circle: fillColor = <class 'numpy.ndarray'>
210.0510 	EXP 	unnamed Circle: fillColor = <class 'numpy.ndarray'>
210.0510 	EXP 	unnamed Circle: radius = np.float64(0.03)
210.0510 	EXP 	unnamed Circle: fillColor = 'white'
210.0510 	EXP 	unnamed Circle: fillColor = <class 'numpy.ndarray'>
210.0510 	EXP 	unnamed Circle: fillColor = <class 'numpy.ndarray'>
210.0510 	EXP 	unnamed Circle: radius = np.float64(0.03)
210.0510 	EXP 	unnamed Circle: fillColor = 'white'
210.0510 	EXP 	unnamed Circle: fillColor = <class 'numpy.ndarray'>
210.0510 	EXP 	unnamed Circle: fillColor = <class 'numpy.ndarray'>
210.0510 	EXP 	unnamed Circle: fillColor = <class 'numpy.ndarray'>
210.0510 	EXP 	unnamed Circle: fillColor = <class 'numpy.ndarray'>
210.0510 	EXP 	unnamed Circle: radius = np.float64(0.03)
210.0510 	EXP 	unnamed Circle: fillColor = 'white'
210.0510 	EXP 	unnamed Circle: fillColor = <class 'numpy.ndarray'>
210.0510 	EXP 	unnamed Circle: fillColor = <class 'numpy.ndarray'>
210.0510 	EXP 	unnamed Circle: radius = np.float64(0.03)
210.0510 	EXP 	unnamed Circle: fillColor = 'white'
210.0510 	EXP 	unnamed Circle: fillColor = <class 'numpy.ndarray'>
210.0510 	EXP 	unnamed Circle: fillColor = <class 'numpy.ndarray'>
210.0510 	EXP 	unnamed Circle: fillColor = <class 'numpy.ndarray'>
210.0510 	EXP 	unnamed Circle: radius = np.float64(0.03)
210.0510 	EXP 	unnamed Circle: fillColor = 'white'
210.0510 	EXP 	unnamed Circle: fillColor = <class 'numpy.ndarray'>
210.0510 	EXP 	unnamed Circle: fillColor = <class 'numpy.ndarray'>
210.0510 	EXP 	unnamed Circle: radius = np.float64(0.03)
210.0510 	EXP 	unnamed Circle: fillColor = 'white'
210.0510 	EXP 	unnamed Circle: fillColor = <class 'numpy.ndarray'>
210.0510 	EXP 	unnamed Circle: fillColor = <class 'numpy.ndarray'>
210.0510 	EXP 	unnamed Circle: radius = np.float64(0.03)
210.0510 	EXP 	unnamed Circle: fillColor = 'white'
210.0510 	EXP 	unnamed Circle: fillColor = <class 'numpy.ndarray'>
210.0510 	EXP 	unnamed Circle: fillColor = <class 'numpy.ndarray'>
210.0510 	EXP 	unnamed Circle: radius = np.float64(0.03)
210.0510 	EXP 	unnamed Circle: fillColor = 'white'
210.0510 	EXP 	unnamed Circle: fillColor = <class 'numpy.ndarray'>
210.0510 	EXP 	unnamed Circle: fillColor = <class 'numpy.ndarray'>
210.0510 	EXP 	unnamed Circle: radius = np.float64(0.03)
210.0510 	EXP 	unnamed Circle: fillColor = 'white'
210.0510 	EXP 	unnamed Circle: fillColor = <class 'numpy.ndarray'>
210.0510 	EXP 	unnamed Circle: fillColor = <class 'numpy.ndarray'>
210.0510 	EXP 	unnamed Circle: radius = np.float64(0.03)
210.0510 	EXP 	unnamed Circle: fillColor = 'white'
210.0510 	EXP 	unnamed Circle: fillColor = <class 'numpy.ndarray'>
210.0510 	EXP 	unnamed Circle: fillColor = <class 'numpy.ndarray'>
210.0510 	EXP 	unnamed Circle: radius = np.float64(0.03)
210.0510 	EXP 	unnamed Circle: fillColor = 'white'
210.0510 	EXP 	unnamed Circle: fillColor = <class 'numpy.ndarray'>
210.0510 	EXP 	unnamed Circle: fillColor = <class 'numpy.ndarray'>
210.0510 	EXP 	unnamed Circle: radius = np.float64(0.03)
210.0510 	EXP 	unnamed Circle: fillColor = 'white'
210.0510 	EXP 	unnamed Circle: fillColor = <class 'numpy.ndarray'>
210.0510 	EXP 	unnamed Circle: fillColor = <class 'numpy.ndarray'>
210.0510 	EXP 	unnamed Circle: fillColor = <class 'numpy.ndarray'>
210.0510 	EXP 	unnamed Circle: fillColor = <class 'numpy.ndarray'>
210.0510 	EXP 	unnamed Circle: radius = np.float64(0.03)
210.0510 	EXP 	unnamed Circle: fillColor = 'white'
210.0510 	EXP 	unnamed Circle: fillColor = <class 'numpy.ndarray'>
210.0510 	EXP 	unnamed Circle: fillColor = <class 'numpy.ndarray'>
210.0510 	EXP 	unnamed Circle: radius = np.float64(0.03)
210.0510 	EXP 	unnamed Circle: fillColor = 'white'
210.0510 	EXP 	unnamed Circle: fillColor = <class 'numpy.ndarray'>
210.0510 	EXP 	unnamed Circle: fillColor = <class 'numpy.ndarray'>
210.0510 	EXP 	unnamed Circle: radius = np.float64(0.03)
210.0510 	EXP 	unnamed Circle: fillColor = 'white'
210.0510 	EXP 	unnamed Circle: fillColor = <class 'numpy.ndarray'>
210.0510 	EXP 	unnamed Circle: radius = np.float64(0.03)
210.0510 	EXP 	unnamed Circle: fillColor = 'white'
210.0510 	EXP 	unnamed Circle: fillColor = <class 'numpy.ndarray'>
210.0510 	EXP 	unnamed Circle: fillColor = <class 'numpy.ndarray'>
210.0510 	EXP 	unnamed Circle: fillColor = <class 'numpy.ndarray'>
210.0510 	EXP 	unnamed Circle: radius = np.float64(0.03)
210.0510 	EXP 	unnamed Circle: fillColor = 'white'
210.0510 	EXP 	unnamed Circle: fillColor = <class 'numpy.ndarray'>
210.0510 	EXP 	unnamed Circle: fillColor = <class 'numpy.ndarray'>
210.0510 	EXP 	unnamed Circle: fillColor = <class 'numpy.ndarray'>
210.0510 	EXP 	unnamed Circle: fillColor = <class 'numpy.ndarray'>
210.0510 	EXP 	unnamed Circle: radius = np.float64(0.03)
210.0510 	EXP 	unnamed Circle: fillColor = 'white'
210.0510 	EXP 	unnamed Circle: fillColor = <class 'numpy.ndarray'>
210.0510 	EXP 	unnamed Circle: radius = np.float64(0.03)
210.0510 	EXP 	unnamed Circle: fillColor = 'white'
210.0510 	EXP 	unnamed Circle: fillColor = <class 'numpy.ndarray'>
210.0510 	EXP 	unnamed Circle: fillColor = <class 'numpy.ndarray'>
210.0510 	EXP 	unnamed Circle: fillColor = <class 'numpy.ndarray'>
210.0510 	EXP 	unnamed Circle: radius = np.float64(0.03)
210.0510 	EXP 	unnamed Circle: fillColor = 'white'
210.0510 	EXP 	unnamed Circle: fillColor = <class 'numpy.ndarray'>
210.0510 	EXP 	unnamed Circle: radius = np.float64(0.03)
210.0510 	EXP 	unnamed Circle: fillColor = 'white'
210.0510 	EXP 	unnamed Circle: fillColor = <class 'numpy.ndarray'>
210.0510 	EXP 	unnamed Circle: fillColor = <class 'numpy.ndarray'>
210.0510 	EXP 	unnamed Circle: radius = np.float64(0.03)
210.0510 	EXP 	unnamed Circle: fillColor = 'white'
210.0510 	EXP 	unnamed Circle: fillColor = <class 'numpy.ndarray'>
210.0510 	EXP 	unnamed Circle: fillColor = <class 'numpy.ndarray'>
210.0510 	EXP 	unnamed Circle: fillColor = <class 'numpy.ndarray'>
210.0510 	EXP 	unnamed Circle: radius = np.float64(0.03)
210.0510 	EXP 	unnamed Circle: fillColor = 'white'
210.0510 	EXP 	unnamed Circle: fillColor = <class 'numpy.ndarray'>
210.0510 	EXP 	unnamed Circle: fillColor = <class 'numpy.ndarray'>
210.0510 	EXP 	unnamed Circle: radius = np.float64(0.03)
210.0510 	EXP 	unnamed Circle: fillColor = 'white'
210.0510 	EXP 	unnamed Circle: fillColor = <class 'numpy.ndarray'>
210.0510 	EXP 	unnamed Circle: radius = np.float64(0.03)
210.0510 	EXP 	unnamed Circle: fillColor = 'white'
210.0510 	EXP 	unnamed Circle: fillColor = <class 'numpy.ndarray'>
210.0510 	EXP 	unnamed Circle: fillColor = <class 'numpy.ndarray'>
210.0510 	EXP 	unnamed Circle: radius = np.float64(0.03)
210.0510 	EXP 	unnamed Circle: fillColor = 'white'
210.0510 	EXP 	unnamed Circle: fillColor = <class 'numpy.ndarray'>
210.0510 	EXP 	unnamed Circle: fillColor = <class 'numpy.ndarray'>
210.0510 	EXP 	unnamed Circle: radius = np.float64(0.03)
210.0510 	EXP 	unnamed Circle: fillColor = 'white'
210.0510 	EXP 	unnamed Circle: fillColor = <class 'numpy.ndarray'>
210.0510 	EXP 	unnamed Circle: fillColor = <class 'numpy.ndarray'>
210.0510 	EXP 	unnamed Circle: radius = np.float64(0.03)
210.0510 	EXP 	unnamed Circle: fillColor = 'white'
210.0510 	EXP 	unnamed Circle: fillColor = <class 'numpy.ndarray'>
210.0510 	EXP 	unnamed Circle: fillColor = <class 'numpy.ndarray'>
210.0510 	EXP 	unnamed Circle: radius = np.float64(0.03)
210.0510 	EXP 	unnamed Circle: fillColor = 'white'
210.0510 	EXP 	unnamed Circle: fillColor = <class 'numpy.ndarray'>
210.0510 	EXP 	unnamed Circle: fillColor = <class 'numpy.ndarray'>
210.0510 	EXP 	unnamed Circle: fillColor = <class 'numpy.ndarray'>
210.0510 	EXP 	unnamed Circle: radius = np.float64(0.03)
210.0510 	EXP 	unnamed Circle: fillColor = 'white'
210.0510 	EXP 	unnamed Circle: fillColor = <class 'numpy.ndarray'>
210.0510 	EXP 	unnamed Circle: radius = np.float64(0.03)
210.0510 	EXP 	unnamed Circle: fillColor = 'white'
210.0510 	EXP 	unnamed Circle: fillColor = <class 'numpy.ndarray'>
210.0510 	EXP 	unnamed Circle: fillColor = <class 'numpy.ndarray'>
210.0510 	EXP 	unnamed Circle: radius = np.float64(0.03)
210.0510 	EXP 	unnamed Circle: fillColor = 'white'
210.0510 	EXP 	unnamed Circle: fillColor = <class 'numpy.ndarray'>
210.0510 	EXP 	unnamed Circle: fillColor = <class 'numpy.ndarray'>
210.0510 	EXP 	unnamed Circle: radius = np.float64(0.03)
210.0510 	EXP 	unnamed Circle: fillColor = 'white'
210.0510 	EXP 	unnamed Circle: fillColor = <class 'numpy.ndarray'>
210.0510 	EXP 	unnamed Circle: fillColor = <class 'numpy.ndarray'>
210.0510 	EXP 	unnamed Circle: radius = np.float64(0.03)
210.0510 	EXP 	unnamed Circle: fillColor = 'white'
210.0510 	EXP 	unnamed Circle: fillColor = <class 'numpy.ndarray'>
210.0510 	EXP 	unnamed Circle: fillColor = <class 'numpy.ndarray'>
210.0510 	EXP 	unnamed Circle: fillColor = <class 'numpy.ndarray'>
210.0510 	EXP 	unnamed Circle: fillColor = <class 'numpy.ndarray'>
210.0510 	EXP 	unnamed Circle: radius = np.float64(0.03)
210.0510 	EXP 	unnamed Circle: fillColor = 'white'
210.0510 	EXP 	unnamed Circle: fillColor = <class 'numpy.ndarray'>
210.0510 	EXP 	unnamed Circle: fillColor = <class 'numpy.ndarray'>
210.0510 	EXP 	unnamed Circle: fillColor = <class 'numpy.ndarray'>
210.0510 	EXP 	unnamed Circle: radius = np.float64(0.03)
210.0510 	EXP 	unnamed Circle: fillColor = 'white'
210.0510 	EXP 	text_2: autoDraw = True
211.0560 	EXP 	text_2: autoDraw = False
211.0560 	EXP 	text_2: autoDraw = False
274.2851 	DATA 	Keypress: 2
274.2883 	EXP 	Created text = TextStim(__class__=<class 'psychopy.visual.text.TextStim'>, alignHoriz=method-wrapper(...), alignText='center', alignVert=method-wrapper(...), anchorHoriz='center', anchorVert='center', antialias=True, autoDraw=False, autoLog=True, bold=False, color=array([1., 1., 1.]), colorSpace='rgb', contrast=1.0, depth=0.0, draggable=False, flipHoriz=False, flipVert=False, font='Arial', fontFiles=[], height=np.float64(0.06), italic=False, languageStyle='LTR', name='text', opacity=1, ori=0, pos=array([0. , 0.2]), rgb=UNKNOWN, text=str(...), units='norm', win=Window(...), wrapWidth=1.2)
274.3183 	EXP 	Created None = Slider(__class__=<class 'psychopy.visual.slider.Slider'>, autoDraw=False, autoLog=True, borderColor=None, color=None, colorSpace='rgb', depth=0, fillColor=None, flip=False, font='Arial', granularity=1, labelColor=None, labelHeight=np.float64(0.06), labelWrapWidth=None, labels=('Never', 'Always'), lineColor=None, markerColor=None, name=None, opacity=None, ori=0, pos=array([0., 0.]), readOnly=False, self=UNKNOWN, size=array([0.85, 0.1 ]), startValue=None, style='rating', styleTweaks=[], ticks=array([1, 9]), units='norm', win=Window(...))
274.3263 	EXP 	None: autoLog = True
274.3263 	EXP 	None: styleTweaks = []
274.3263 	EXP 	None: styleTweaks = []
274.3263 	EXP 	None: styleTweaks = []
274.3263 	EXP 	None: styleTweaks = []
274.3263 	EXP 	None: contrast = 1.0
274.3263 	EXP 	None: markerPos = None
274.3263 	EXP 	None: autoLog = True
274.3263 	EXP 	None: markerPos = 5
274.5347 	DATA 	Keypress: minus
274.6197 	DATA 	Keypress: 2
274.6229 	EXP 	None: markerPos = 6
274.7188 	DATA 	Keypress: minus
274.7900 	DATA 	Keypress: 2
274.7932 	EXP 	None: markerPos = 7
274.8733 	DATA 	Keypress: minus
274.9629 	DATA 	Keypress: 2
274.9662 	EXP 	None: markerPos = 8
275.0295 	DATA 	Keypress: minus
276.1702 	DATA 	Keypress: 2
276.1736 	EXP 	None: markerPos = 9
276.3141 	DATA 	Keypress: 9
276.5279 	DATA 	Keypress: 0
276.5310 	EXP 	None: markerPos = 9
276.5329 	EXP 	Created text = TextStim(__class__=<class 'psychopy.visual.text.TextStim'>, alignHoriz=method-wrapper(...), alignText='center', alignVert=method-wrapper(...), anchorHoriz='center', anchorVert='center', antialias=True, autoDraw=False, autoLog=True, bold=False, color=array([1., 1., 1.]), colorSpace='rgb', contrast=1.0, depth=0.0, draggable=False, flipHoriz=False, flipVert=False, font='Arial', fontFiles=[], height=np.float64(0.06), italic=False, languageStyle='LTR', name='text', opacity=1, ori=0, pos=array([0. , 0.2]), rgb=UNKNOWN, text=str(...), units='norm', win=Window(...), wrapWidth=1.2)
276.5544 	EXP 	Created None = Slider(__class__=<class 'psychopy.visual.slider.Slider'>, autoDraw=False, autoLog=True, borderColor=None, color=None, colorSpace='rgb', depth=0, fillColor=None, flip=False, font='Arial', granularity=1, labelColor=None, labelHeight=np.float64(0.06), labelWrapWidth=None, labels=('Never', 'All the time'), lineColor=None, markerColor=None, name=None, opacity=None, ori=0, pos=array([0., 0.]), readOnly=False, self=UNKNOWN, size=array([0.85, 0.1 ]), startValue=None, style='rating', styleTweaks=[], ticks=array([1, 9]), units='norm', win=Window(...))
276.5601 	EXP 	None: autoLog = True
276.5601 	EXP 	None: styleTweaks = []
276.5601 	EXP 	None: styleTweaks = []
276.5601 	EXP 	None: styleTweaks = []
276.5601 	EXP 	None: styleTweaks = []
276.5601 	EXP 	None: contrast = 1.0
276.5601 	EXP 	None: markerPos = None
276.5601 	EXP 	None: autoLog = True
276.5601 	EXP 	None: markerPos = 5
276.5740 	DATA 	Keypress: 2
276.5769 	EXP 	None: markerPos = 6
276.7145 	DATA 	Keypress: 0
276.7176 	EXP 	None: markerPos = 6
276.7194 	EXP 	Created text = TextStim(__class__=<class 'psychopy.visual.text.TextStim'>, alignHoriz=method-wrapper(...), alignText='center', alignVert=method-wrapper(...), anchorHoriz='center', anchorVert='center', antialias=True, autoDraw=False, autoLog=True, bold=False, color=array([1., 1., 1.]), colorSpace='rgb', contrast=1.0, depth=0.0, draggable=False, flipHoriz=False, flipVert=False, font='Arial', fontFiles=[], height=np.float64(0.06), italic=False, languageStyle='LTR', name='text', opacity=1, ori=0, pos=array([0. , 0.2]), rgb=UNKNOWN, text=str(...), units='norm', win=Window(...), wrapWidth=1.2)
276.7420 	EXP 	Created None = Slider(__class__=<class 'psychopy.visual.slider.Slider'>, autoDraw=False, autoLog=True, borderColor=None, color=None, colorSpace='rgb', depth=0, fillColor=None, flip=False, font='Arial', granularity=1, labelColor=None, labelHeight=np.float64(0.06), labelWrapWidth=None, labels=('Not at all', 'Very Difficult'), lineColor=None, markerColor=None, name=None, opacity=None, ori=0, pos=array([0., 0.]), readOnly=False, self=UNKNOWN, size=array([0.85, 0.1 ]), startValue=None, style='rating', styleTweaks=[], ticks=array([1, 9]), units='norm', win=Window(...))
276.7494 	EXP 	None: autoLog = True
276.7494 	EXP 	None: styleTweaks = []
276.7494 	EXP 	None: styleTweaks = []
276.7494 	EXP 	None: styleTweaks = []
276.7494 	EXP 	None: styleTweaks = []
276.7494 	EXP 	None: contrast = 1.0
276.7494 	EXP 	None: markerPos = None
276.7494 	EXP 	None: autoLog = True
276.7494 	EXP 	None: markerPos = 5
276.7637 	DATA 	Keypress: 2
276.7667 	EXP 	None: markerPos = 6
276.8923 	DATA 	Keypress: 0
276.8951 	EXP 	None: markerPos = 6
276.8969 	EXP 	Created text = TextStim(__class__=<class 'psychopy.visual.text.TextStim'>, alignHoriz=method-wrapper(...), alignText='center', alignVert=method-wrapper(...), anchorHoriz='center', anchorVert='center', antialias=True, autoDraw=False, autoLog=True, bold=False, color=array([1., 1., 1.]), colorSpace='rgb', contrast=1.0, depth=0.0, draggable=False, flipHoriz=False, flipVert=False, font='Arial', fontFiles=[], height=np.float64(0.06), italic=False, languageStyle='LTR', name='text', opacity=1, ori=0, pos=array([0. , 0.2]), rgb=UNKNOWN, text='How calm do you feel right now?', units='norm', win=Window(...), wrapWidth=1.2)
276.9167 	EXP 	Created None = Slider(__class__=<class 'psychopy.visual.slider.Slider'>, autoDraw=False, autoLog=True, borderColor=None, color=None, colorSpace='rgb', depth=0, fillColor=None, flip=False, font='Arial', granularity=1, labelColor=None, labelHeight=np.float64(0.06), labelWrapWidth=None, labels=('Not at all', 'Very calm'), lineColor=None, markerColor=None, name=None, opacity=None, ori=0, pos=array([0., 0.]), readOnly=False, self=UNKNOWN, size=array([0.85, 0.1 ]), startValue=None, style='rating', styleTweaks=[], ticks=array([1, 9]), units='norm', win=Window(...))
276.9199 	EXP 	None: autoLog = True
276.9199 	EXP 	None: styleTweaks = []
276.9199 	EXP 	None: styleTweaks = []
276.9199 	EXP 	None: styleTweaks = []
276.9199 	EXP 	None: styleTweaks = []
276.9199 	EXP 	None: contrast = 1.0
276.9199 	EXP 	None: markerPos = None
276.9199 	EXP 	None: autoLog = True
276.9199 	EXP 	None: markerPos = 5
276.9369 	DATA 	Keypress: 2
276.9399 	EXP 	None: markerPos = 6
277.0558 	DATA 	Keypress: 0
277.0588 	EXP 	None: markerPos = 6
277.1077 	DATA 	Keypress: 2
277.2324 	DATA 	Keypress: 0
