3.1911 	EXP 	DMN_BallTask: status = NOT_STARTED
3.1934 	WARNING 	Requested an unavailable screen number - using first available.
3.4905 	EXP 	Created window1 = Window(allowGUI=False, allowStencil=False, autoLog=True, backendConf=UNKNOWN, backgroundFit=<method-wrapper '__getattribute__' of attributeSetter object at 0x79e74f2a7460>, backgroundImage=<method-wrapper '__getattribute__' of attributeSetter object at 0x79e74f2a7400>, bitsMode=UNKNOWN, blendMode='avg', bpc=(8, 8, 8), color=array([-1, -1, -1]), colorSpace='rgb', depthBits=8, fullscr=False, gamma=None, gammaErrorPolicy='raise', infoMsg=UNKNOWN, lms=UNKNOWN, monitor=<psychopy.monitors.calibTools.Monitor object at 0x79e72e662a40>, multiSample=False, name='window1', numSamples=2, pos=(420, 32), screen=1, size=array([1080, 1080]), stencilBits=0, stereo=False, title='PsychoPy', units='norm', useFBO=True, useRetina=False, viewOri=0.0, viewPos=None, viewScale=None, waitBlanking=True, winType='pyglet')
3.4905 	EXP 	window1: backgroundImage = None
3.4905 	EXP 	window1: backgroundFit = 'cover'
3.4930 	EXP 	window1: Attempting to measure frame rate of screen (1) ...
3.4930 	EXP 	window1: recordFrameIntervals = False
3.5601 	EXP 	window1: recordFrameIntervals = True
3.6362 	EXP 	Screen (1) actual frame rate measured at 142.72Hz
3.6363 	EXP 	window1: recordFrameIntervals = False
3.6837 	EXP 	Created text = TextStim(__class__=<class 'psychopy.visual.text.TextStim'>, alignHoriz=method-wrapper(...), alignText='center', alignVert=method-wrapper(...), anchorHoriz='center', anchorVert='center', antialias=True, autoDraw=False, autoLog=True, bold=False, color=array([1., 1., 1.]), colorSpace='rgb', contrast=1.0, depth=0.0, draggable=False, flipHoriz=False, flipVert=False, font='Arial', fontFiles=[], height=np.float64(0.06), italic=False, languageStyle='LTR', name='text', opacity=1, ori=0, pos=array([0. , 0.2]), rgb=UNKNOWN, text=str(...), units='norm', win=Window(...), wrapWidth=1.2)
3.6844 	EXP 	Created text = TextStim(__class__=<class 'psychopy.visual.text.TextStim'>, alignHoriz=method-wrapper(...), alignText='center', alignVert=method-wrapper(...), anchorHoriz='center', anchorVert='center', antialias=True, autoDraw=False, autoLog=True, bold=False, color=array([1., 1., 1.]), colorSpace='rgb', contrast=1.0, depth=0.0, draggable=False, flipHoriz=False, flipVert=False, font='Arial', fontFiles=[], height=0.06, italic=False, languageStyle='LTR', name='text', opacity=1, ori=0, pos=array([0., 0.]), rgb=UNKNOWN, text='', units='norm', win=Window(...), wrapWidth=1.2)
3.6875 	EXP 	Created waiting_for_trigger_text = TextStim(__class__=<class 'psychopy.visual.text.TextStim'>, alignHoriz=method-wrapper(...), alignText='center', alignVert=method-wrapper(...), anchorHoriz='center', anchorVert='center', antialias=True, autoDraw=False, autoLog=True, bold=False, color=array([1., 1., 1.]), colorSpace='rgb', contrast=1.0, depth=0.0, draggable=False, flipHoriz=False, flipVert=False, font='Arial', fontFiles=[], height=np.float64(0.1), italic=False, languageStyle='LTR', name='waiting_for_trigger_text', opacity=1, ori=0, pos=array([0., 0.]), rgb=UNKNOWN, text='waiting for scanner', units='norm', win=Window(...), wrapWidth=2)
3.6898 	EXP 	Created text_2 = TextStim(__class__=<class 'psychopy.visual.text.TextStim'>, alignHoriz=method-wrapper(...), alignText='center', alignVert=method-wrapper(...), anchorHoriz='center', anchorVert='center', antialias=True, autoDraw=False, autoLog=True, bold=False, color=array([1., 1., 1.]), colorSpace='rgb', contrast=1.0, depth=0.0, draggable=False, flipHoriz=False, flipVert=False, font='Arial', fontFiles=[], height=np.float64(0.3), italic=False, languageStyle='LTR', name='text_2', opacity=1, ori=0, pos=array([0., 0.]), rgb=UNKNOWN, text='+', units='norm', win=Window(...), wrapWidth=1)
3.6926 	EXP 	Created text_relax = TextStim(__class__=<class 'psychopy.visual.text.TextStim'>, alignHoriz=method-wrapper(...), alignText='center', alignVert=method-wrapper(...), anchorHoriz='center', anchorVert='center', antialias=True, autoDraw=False, autoLog=True, bold=False, color=array([1., 1., 1.]), colorSpace='rgb', contrast=1.0, depth=0.0, draggable=False, flipHoriz=False, flipVert=False, font='Arial', fontFiles=[], height=np.float64(0.07), italic=False, languageStyle='LTR', name='text_relax', opacity=1, ori=0, pos=array([ 0. , -0.2]), rgb=UNKNOWN, text='Relax', units='norm', win=Window(...), wrapWidth=1)
3.6949 	EXP 	Created text_4 = TextStim(__class__=<class 'psychopy.visual.text.TextStim'>, alignHoriz=method-wrapper(...), alignText='center', alignVert=method-wrapper(...), anchorHoriz='center', anchorVert='center', antialias=True, autoDraw=False, autoLog=True, bold=False, color=array([1., 1., 1.]), colorSpace='rgb', contrast=1.0, depth=-3.0, draggable=False, flipHoriz=False, flipVert=False, font='Arial', fontFiles=[], height=np.float64(0.1), italic=False, languageStyle='LTR', name='text_4', opacity=1, ori=0, pos=array([0., 0.]), rgb=UNKNOWN, text='default text', units='norm', win=Window(...), wrapWidth=1)
3.7007 	WARNING 	fillRGB parameter is deprecated. Please use lineColor and colorSpace instead
3.7008 	WARNING 	lineRGB parameter is deprecated. Please use lineColor and colorSpace instead
3.7044 	EXP 	Created unnamed Circle = Circle(__class__=<class 'psychopy.visual.circle.Circle'>, anchor=('center', 'center'), autoDraw=False, autoLog=True, closeShape=True, color=method-wrapper(...), colorSpace='rgb', contrast=None, depth=0, draggable=False, fillColor=array([0, 0, 0]), fillColorSpace='rgb', fillRGB=array([0, 0, 0]), interpolate=True, lineColor=array([ 1.,  1., -1.]), lineColorSpace='rgb', lineRGB=array([ 1,  1, -1]), lineWidth=3, name='unnamed Circle', opacity=1, ori=0.0, pos=array([0.        , 0.33333333]), size=array([1., 1.]), units='norm', vertices=ndarray(...), win=Window(...), windingRule=None)
3.7088 	WARNING 	fillRGB parameter is deprecated. Please use lineColor and colorSpace instead
3.7089 	WARNING 	lineRGB parameter is deprecated. Please use lineColor and colorSpace instead
3.7123 	EXP 	Created unnamed Circle = Circle(__class__=<class 'psychopy.visual.circle.Circle'>, anchor=('center', 'center'), autoDraw=False, autoLog=True, closeShape=True, color=method-wrapper(...), colorSpace='rgb', contrast=None, depth=0, draggable=False, fillColor=array([0, 0, 0]), fillColorSpace='rgb', fillRGB=array([0, 0, 0]), interpolate=True, lineColor=array([0.35686275, 0.69411765, 0.80392157]), lineColorSpace='rgb', lineRGB=array([0.35686275, 0.69411765, 0.80392157]), lineWidth=3, name='unnamed Circle', opacity=1, ori=0.0, pos=array([ 0.        , -0.33333333]), size=array([1., 1.]), units='norm', vertices=ndarray(...), win=Window(...), windingRule=None)
3.7166 	WARNING 	fillRGB parameter is deprecated. Please use lineColor and colorSpace instead
3.7167 	WARNING 	lineRGB parameter is deprecated. Please use lineColor and colorSpace instead
3.7200 	EXP 	Created unnamed Circle = Circle(__class__=<class 'psychopy.visual.circle.Circle'>, anchor=('center', 'center'), autoDraw=False, autoLog=True, closeShape=True, color=method-wrapper(...), colorSpace='rgb', contrast=None, depth=0, draggable=False, fillColor=array([1, 1, 1]), fillColorSpace='rgb', fillRGB=array([1, 1, 1]), interpolate=True, lineColor=array([1., 1., 1.]), lineColorSpace='rgb', lineRGB=array([1, 1, 1]), lineWidth=1.5, name='unnamed Circle', opacity=1, ori=0.0, pos=array([0., 0.]), size=array([1., 1.]), units='norm', vertices=ndarray(...), win=Window(...), windingRule=None)
3.7241 	WARNING 	fillRGB parameter is deprecated. Please use lineColor and colorSpace instead
3.7242 	WARNING 	lineRGB parameter is deprecated. Please use lineColor and colorSpace instead
3.7275 	EXP 	Created unnamed Circle = Circle(__class__=<class 'psychopy.visual.circle.Circle'>, anchor=('center', 'center'), autoDraw=False, autoLog=True, closeShape=True, color=method-wrapper(...), colorSpace='rgb', contrast=None, depth=0, draggable=False, fillColor=array([1, 1, 1]), fillColorSpace='rgb', fillRGB=array([1, 1, 1]), interpolate=True, lineColor=array([1., 1., 1.]), lineColorSpace='rgb', lineRGB=array([1, 1, 1]), lineWidth=3, name='unnamed Circle', opacity=1, ori=0.0, pos=array([0., 0.]), size=array([1., 1.]), units='norm', vertices=ndarray(...), win=Window(...), windingRule=None)
3.7303 	EXP 	Created instruct_text = TextStim(__class__=<class 'psychopy.visual.text.TextStim'>, alignHoriz=method-wrapper(...), alignText='center', alignVert=method-wrapper(...), anchorHoriz='center', anchorVert='center', antialias=True, autoDraw=False, autoLog=True, bold=False, color=array([1., 1., 1.]), colorSpace='rgb', contrast=1.0, depth=0.0, draggable=False, flipHoriz=False, flipVert=False, font='Arial', fontFiles=[], height=np.float64(0.06), italic=False, languageStyle='LTR', name='instruct_text', opacity=1, ori=0, pos=array([0., 0.]), rgb=UNKNOWN, text='replace me', units='norm', win=Window(...), wrapWidth=1.2)
3.7324 	EXP 	Created thank_you_end_run_text = TextStim(__class__=<class 'psychopy.visual.text.TextStim'>, alignHoriz=method-wrapper(...), alignText='center', alignVert=method-wrapper(...), anchorHoriz='center', anchorVert='center', antialias=True, autoDraw=False, autoLog=True, bold=False, color=array([1., 1., 1.]), colorSpace='rgb', contrast=1.0, depth=0.0, draggable=False, flipHoriz=False, flipVert=False, font='Arial', fontFiles=[], height=np.float64(0.1), italic=False, languageStyle='LTR', name='thank_you_end_run_text', opacity=1, ori=0, pos=array([0., 0.]), rgb=UNKNOWN, text='thank you!', units='norm', win=Window(...), wrapWidth=1)
3.7388 	EXP 	instruct_text: height = np.float64(0.06)
3.7388 	EXP 	instruct_text: height = np.float64(0.06)
3.7388 	EXP 	instruct_text: height = np.float64(0.06)
3.7388 	EXP 	instruct_text: text = 'Great job! Next, you’ll get to practice Describing for another 2.5min. \nThis time the ball and circles will not move, so you don’t need to check them.'
4.4386 	DATA 	Keypress: space
4.4425 	EXP 	instruct_text: height = np.float64(0.06)
4.4425 	EXP 	instruct_text: height = np.float64(0.06)
4.4425 	EXP 	instruct_text: height = np.float64(0.06)
4.4425 	EXP 	instruct_text: text = 'When you see the plus sign (+), just relax.\n\nOnce the circles appear, please start the Describing practice. This scan will last 2.5 min.'
4.6102 	DATA 	Keypress: space
4.6133 	EXP 	waiting_for_trigger_text: autoDraw = True
4.7946 	DATA 	Keypress: 5
4.8026 	EXP 	waiting_for_trigger_text: autoDraw = False
4.8026 	EXP 	text_2: autoDraw = True
4.8026 	EXP 	text_relax: autoDraw = True
34.8073 	EXP 	text_2: autoDraw = False
34.8073 	EXP 	text_relax: autoDraw = False
34.8073 	EXP 	text_2: autoDraw = False
184.7968 	EXP 	unnamed Circle: fillColor = <class 'numpy.ndarray'>
184.7968 	EXP 	unnamed Circle: fillColor = <class 'numpy.ndarray'>
184.7968 	EXP 	unnamed Circle: fillColor = <class 'numpy.ndarray'>
184.7968 	EXP 	unnamed Circle: radius = np.float64(0.135)
184.7968 	EXP 	unnamed Circle: fillColor = 'white'
184.7968 	EXP 	unnamed Circle: fillColor = <class 'numpy.ndarray'>
184.7968 	EXP 	unnamed Circle: fillColor = <class 'numpy.ndarray'>
184.7968 	EXP 	unnamed Circle: radius = np.float64(0.12150000000000001)
184.7968 	EXP 	unnamed Circle: fillColor = 'white'
184.7968 	EXP 	unnamed Circle: fillColor = <class 'numpy.ndarray'>
184.7968 	EXP 	unnamed Circle: fillColor = <class 'numpy.ndarray'>
184.7968 	EXP 	unnamed Circle: fillColor = <class 'numpy.ndarray'>
184.7968 	EXP 	unnamed Circle: radius = np.float64(0.135)
184.7968 	EXP 	unnamed Circle: fillColor = 'white'
184.7968 	EXP 	unnamed Circle: fillColor = <class 'numpy.ndarray'>
184.7968 	EXP 	unnamed Circle: radius = np.float64(0.10935000000000002)
184.7968 	EXP 	unnamed Circle: fillColor = 'white'
184.7968 	EXP 	unnamed Circle: fillColor = <class 'numpy.ndarray'>
184.7968 	EXP 	unnamed Circle: fillColor = <class 'numpy.ndarray'>
184.7968 	EXP 	unnamed Circle: fillColor = <class 'numpy.ndarray'>
184.7968 	EXP 	unnamed Circle: radius = np.float64(0.12150000000000001)
184.7968 	EXP 	unnamed Circle: fillColor = 'white'
184.7968 	EXP 	unnamed Circle: fillColor = <class 'numpy.ndarray'>
184.7968 	EXP 	unnamed Circle: radius = np.float64(0.09841500000000002)
184.7968 	EXP 	unnamed Circle: fillColor = 'white'
184.7968 	EXP 	unnamed Circle: fillColor = <class 'numpy.ndarray'>
184.7968 	EXP 	unnamed Circle: fillColor = <class 'numpy.ndarray'>
184.7968 	EXP 	unnamed Circle: radius = np.float64(0.08857350000000001)
184.7968 	EXP 	unnamed Circle: fillColor = 'white'
184.7968 	EXP 	unnamed Circle: fillColor = <class 'numpy.ndarray'>
184.7968 	EXP 	unnamed Circle: fillColor = <class 'numpy.ndarray'>
184.7968 	EXP 	unnamed Circle: radius = np.float64(0.07971615000000001)
184.7968 	EXP 	unnamed Circle: fillColor = 'white'
184.7968 	EXP 	unnamed Circle: fillColor = <class 'numpy.ndarray'>
184.7968 	EXP 	unnamed Circle: fillColor = <class 'numpy.ndarray'>
184.7968 	EXP 	unnamed Circle: fillColor = <class 'numpy.ndarray'>
184.7968 	EXP 	unnamed Circle: radius = np.float64(0.10935000000000002)
184.7968 	EXP 	unnamed Circle: fillColor = 'white'
184.7968 	EXP 	unnamed Circle: fillColor = <class 'numpy.ndarray'>
184.7968 	EXP 	unnamed Circle: fillColor = <class 'numpy.ndarray'>
184.7968 	EXP 	unnamed Circle: radius = np.float64(0.09841500000000002)
184.7968 	EXP 	unnamed Circle: fillColor = 'white'
184.7968 	EXP 	unnamed Circle: fillColor = <class 'numpy.ndarray'>
184.7968 	EXP 	unnamed Circle: fillColor = <class 'numpy.ndarray'>
184.7968 	EXP 	unnamed Circle: radius = np.float64(0.08857350000000001)
184.7968 	EXP 	unnamed Circle: fillColor = 'white'
184.7968 	EXP 	unnamed Circle: fillColor = <class 'numpy.ndarray'>
184.7968 	EXP 	unnamed Circle: fillColor = <class 'numpy.ndarray'>
184.7968 	EXP 	unnamed Circle: radius = np.float64(0.07971615000000001)
184.7968 	EXP 	unnamed Circle: fillColor = 'white'
184.7968 	EXP 	unnamed Circle: fillColor = <class 'numpy.ndarray'>
184.7968 	EXP 	unnamed Circle: radius = np.float64(0.07174453500000001)
184.7968 	EXP 	unnamed Circle: fillColor = 'white'
184.7968 	EXP 	unnamed Circle: fillColor = <class 'numpy.ndarray'>
184.7968 	EXP 	unnamed Circle: fillColor = <class 'numpy.ndarray'>
184.7968 	EXP 	unnamed Circle: fillColor = <class 'numpy.ndarray'>
184.7968 	EXP 	unnamed Circle: radius = np.float64(0.07174453500000001)
184.7968 	EXP 	unnamed Circle: fillColor = 'white'
184.7968 	EXP 	unnamed Circle: fillColor = <class 'numpy.ndarray'>
184.7968 	EXP 	unnamed Circle: fillColor = <class 'numpy.ndarray'>
184.7968 	EXP 	unnamed Circle: fillColor = <class 'numpy.ndarray'>
184.7968 	EXP 	unnamed Circle: fillColor = <class 'numpy.ndarray'>
184.7968 	EXP 	unnamed Circle: radius = np.float64(0.06457008150000002)
184.7968 	EXP 	unnamed Circle: fillColor = 'white'
184.7968 	EXP 	unnamed Circle: fillColor = <class 'numpy.ndarray'>
184.7968 	EXP 	unnamed Circle: fillColor = <class 'numpy.ndarray'>
184.7968 	EXP 	unnamed Circle: radius = np.float64(0.058113073350000016)
184.7968 	EXP 	unnamed Circle: fillColor = 'white'
184.7968 	EXP 	unnamed Circle: fillColor = <class 'numpy.ndarray'>
184.7968 	EXP 	unnamed Circle: fillColor = <class 'numpy.ndarray'>
184.7968 	EXP 	unnamed Circle: radius = np.float64(0.052301766015000015)
184.7968 	EXP 	unnamed Circle: fillColor = 'white'
184.7968 	EXP 	unnamed Circle: fillColor = <class 'numpy.ndarray'>
184.7968 	EXP 	unnamed Circle: fillColor = <class 'numpy.ndarray'>
184.7968 	EXP 	unnamed Circle: radius = np.float64(0.047071589413500016)
184.7968 	EXP 	unnamed Circle: fillColor = 'white'
184.7968 	EXP 	unnamed Circle: fillColor = <class 'numpy.ndarray'>
184.7968 	EXP 	unnamed Circle: radius = np.float64(0.06457008150000002)
184.7968 	EXP 	unnamed Circle: fillColor = 'white'
184.7968 	EXP 	unnamed Circle: fillColor = <class 'numpy.ndarray'>
184.7968 	EXP 	unnamed Circle: fillColor = <class 'numpy.ndarray'>
184.7968 	EXP 	unnamed Circle: fillColor = <class 'numpy.ndarray'>
184.7968 	EXP 	unnamed Circle: radius = np.float64(0.042364430472150015)
184.7968 	EXP 	unnamed Circle: fillColor = 'white'
184.7968 	EXP 	unnamed Circle: fillColor = <class 'numpy.ndarray'>
184.7968 	EXP 	unnamed Circle: radius = np.float64(0.058113073350000016)
184.7968 	EXP 	unnamed Circle: fillColor = 'white'
184.7968 	EXP 	unnamed Circle: fillColor = <class 'numpy.ndarray'>
184.7968 	EXP 	unnamed Circle: fillColor = <class 'numpy.ndarray'>
184.7968 	EXP 	unnamed Circle: radius = np.float64(0.052301766015000015)
184.7968 	EXP 	unnamed Circle: fillColor = 'white'
184.7968 	EXP 	unnamed Circle: fillColor = <class 'numpy.ndarray'>
184.7968 	EXP 	unnamed Circle: fillColor = <class 'numpy.ndarray'>
184.7968 	EXP 	unnamed Circle: fillColor = <class 'numpy.ndarray'>
184.7968 	EXP 	unnamed Circle: radius = np.float64(0.03812798742493501)
184.7968 	EXP 	unnamed Circle: fillColor = 'white'
184.7968 	EXP 	unnamed Circle: fillColor = <class 'numpy.ndarray'>
184.7968 	EXP 	unnamed Circle: fillColor = <class 'numpy.ndarray'>
184.7968 	EXP 	unnamed Circle: radius = np.float64(0.03431518868244151)
184.7968 	EXP 	unnamed Circle: fillColor = 'white'
184.7968 	EXP 	unnamed Circle: fillColor = <class 'numpy.ndarray'>
184.7968 	EXP 	unnamed Circle: radius = np.float64(0.047071589413500016)
184.7968 	EXP 	unnamed Circle: fillColor = 'white'
184.7968 	EXP 	unnamed Circle: fillColor = <class 'numpy.ndarray'>
184.7968 	EXP 	unnamed Circle: fillColor = <class 'numpy.ndarray'>
184.7968 	EXP 	unnamed Circle: radius = np.float64(0.042364430472150015)
184.7968 	EXP 	unnamed Circle: fillColor = 'white'
184.7968 	EXP 	unnamed Circle: fillColor = <class 'numpy.ndarray'>
184.7968 	EXP 	unnamed Circle: fillColor = <class 'numpy.ndarray'>
184.7968 	EXP 	unnamed Circle: fillColor = <class 'numpy.ndarray'>
184.7968 	EXP 	unnamed Circle: radius = np.float64(0.030883669814197358)
184.7968 	EXP 	unnamed Circle: fillColor = 'white'
184.7968 	EXP 	unnamed Circle: fillColor = <class 'numpy.ndarray'>
184.7968 	EXP 	unnamed Circle: fillColor = <class 'numpy.ndarray'>
184.7968 	EXP 	unnamed Circle: radius = np.float64(0.03)
184.7968 	EXP 	unnamed Circle: fillColor = 'white'
184.7968 	EXP 	unnamed Circle: fillColor = <class 'numpy.ndarray'>
184.7968 	EXP 	unnamed Circle: radius = np.float64(0.03812798742493501)
184.7968 	EXP 	unnamed Circle: fillColor = 'white'
184.7968 	EXP 	unnamed Circle: fillColor = <class 'numpy.ndarray'>
184.7968 	EXP 	unnamed Circle: fillColor = <class 'numpy.ndarray'>
184.7968 	EXP 	unnamed Circle: fillColor = <class 'numpy.ndarray'>
184.7968 	EXP 	unnamed Circle: radius = np.float64(0.03)
184.7968 	EXP 	unnamed Circle: fillColor = 'white'
184.7968 	EXP 	unnamed Circle: fillColor = <class 'numpy.ndarray'>
184.7968 	EXP 	unnamed Circle: fillColor = <class 'numpy.ndarray'>
184.7968 	EXP 	unnamed Circle: radius = np.float64(0.03)
184.7968 	EXP 	unnamed Circle: fillColor = 'white'
184.7968 	EXP 	unnamed Circle: fillColor = <class 'numpy.ndarray'>
184.7968 	EXP 	unnamed Circle: fillColor = <class 'numpy.ndarray'>
184.7968 	EXP 	unnamed Circle: radius = np.float64(0.03)
184.7968 	EXP 	unnamed Circle: fillColor = 'white'
184.7968 	EXP 	unnamed Circle: fillColor = <class 'numpy.ndarray'>
184.7968 	EXP 	unnamed Circle: fillColor = <class 'numpy.ndarray'>
184.7968 	EXP 	unnamed Circle: radius = np.float64(0.03)
184.7968 	EXP 	unnamed Circle: fillColor = 'white'
184.7968 	EXP 	unnamed Circle: fillColor = <class 'numpy.ndarray'>
184.7968 	EXP 	unnamed Circle: radius = np.float64(0.03431518868244151)
184.7968 	EXP 	unnamed Circle: fillColor = 'white'
184.7968 	EXP 	unnamed Circle: fillColor = <class 'numpy.ndarray'>
184.7968 	EXP 	unnamed Circle: fillColor = <class 'numpy.ndarray'>
184.7968 	EXP 	unnamed Circle: fillColor = <class 'numpy.ndarray'>
184.7968 	EXP 	unnamed Circle: radius = np.float64(0.03)
184.7968 	EXP 	unnamed Circle: fillColor = 'white'
184.7968 	EXP 	unnamed Circle: fillColor = <class 'numpy.ndarray'>
184.7968 	EXP 	unnamed Circle: fillColor = <class 'numpy.ndarray'>
184.7968 	EXP 	unnamed Circle: radius = np.float64(0.03)
184.7968 	EXP 	unnamed Circle: fillColor = 'white'
184.7968 	EXP 	unnamed Circle: fillColor = <class 'numpy.ndarray'>
184.7968 	EXP 	unnamed Circle: radius = np.float64(0.030883669814197358)
184.7968 	EXP 	unnamed Circle: fillColor = 'white'
184.7968 	EXP 	unnamed Circle: fillColor = <class 'numpy.ndarray'>
184.7968 	EXP 	unnamed Circle: fillColor = <class 'numpy.ndarray'>
184.7968 	EXP 	unnamed Circle: fillColor = <class 'numpy.ndarray'>
184.7968 	EXP 	unnamed Circle: fillColor = <class 'numpy.ndarray'>
184.7968 	EXP 	unnamed Circle: fillColor = <class 'numpy.ndarray'>
184.7968 	EXP 	unnamed Circle: radius = np.float64(0.03)
184.7968 	EXP 	unnamed Circle: fillColor = 'white'
184.7968 	EXP 	unnamed Circle: fillColor = <class 'numpy.ndarray'>
184.7968 	EXP 	unnamed Circle: radius = np.float64(0.03)
184.7968 	EXP 	unnamed Circle: fillColor = 'white'
184.7968 	EXP 	unnamed Circle: fillColor = <class 'numpy.ndarray'>
184.7968 	EXP 	unnamed Circle: fillColor = <class 'numpy.ndarray'>
184.7968 	EXP 	unnamed Circle: fillColor = <class 'numpy.ndarray'>
184.7968 	EXP 	unnamed Circle: radius = np.float64(0.03)
184.7968 	EXP 	unnamed Circle: fillColor = 'white'
184.7968 	EXP 	unnamed Circle: fillColor = <class 'numpy.ndarray'>
184.7968 	EXP 	unnamed Circle: fillColor = <class 'numpy.ndarray'>
184.7968 	EXP 	unnamed Circle: fillColor = <class 'numpy.ndarray'>
184.7968 	EXP 	unnamed Circle: radius = np.float64(0.03)
184.7968 	EXP 	unnamed Circle: fillColor = 'white'
184.7968 	EXP 	unnamed Circle: fillColor = <class 'numpy.ndarray'>
184.7968 	EXP 	unnamed Circle: fillColor = <class 'numpy.ndarray'>
184.7968 	EXP 	unnamed Circle: fillColor = <class 'numpy.ndarray'>
184.7968 	EXP 	unnamed Circle: radius = np.float64(0.03)
184.7968 	EXP 	unnamed Circle: fillColor = 'white'
184.7968 	EXP 	unnamed Circle: fillColor = <class 'numpy.ndarray'>
184.7968 	EXP 	unnamed Circle: radius = np.float64(0.03)
184.7968 	EXP 	unnamed Circle: fillColor = 'white'
184.7968 	EXP 	unnamed Circle: fillColor = <class 'numpy.ndarray'>
184.7968 	EXP 	unnamed Circle: fillColor = <class 'numpy.ndarray'>
184.7968 	EXP 	unnamed Circle: fillColor = <class 'numpy.ndarray'>
184.7968 	EXP 	unnamed Circle: radius = np.float64(0.03)
184.7968 	EXP 	unnamed Circle: fillColor = 'white'
184.7968 	EXP 	unnamed Circle: fillColor = <class 'numpy.ndarray'>
184.7968 	EXP 	unnamed Circle: radius = np.float64(0.03)
184.7968 	EXP 	unnamed Circle: fillColor = 'white'
184.7968 	EXP 	unnamed Circle: fillColor = <class 'numpy.ndarray'>
184.7968 	EXP 	unnamed Circle: fillColor = <class 'numpy.ndarray'>
184.7968 	EXP 	unnamed Circle: fillColor = <class 'numpy.ndarray'>
184.7968 	EXP 	unnamed Circle: fillColor = <class 'numpy.ndarray'>
184.7968 	EXP 	unnamed Circle: radius = np.float64(0.03)
184.7968 	EXP 	unnamed Circle: fillColor = 'white'
184.7968 	EXP 	unnamed Circle: fillColor = <class 'numpy.ndarray'>
184.7968 	EXP 	unnamed Circle: fillColor = <class 'numpy.ndarray'>
184.7968 	EXP 	unnamed Circle: radius = np.float64(0.03)
184.7968 	EXP 	unnamed Circle: fillColor = 'white'
184.7968 	EXP 	unnamed Circle: fillColor = <class 'numpy.ndarray'>
184.7968 	EXP 	unnamed Circle: fillColor = <class 'numpy.ndarray'>
184.7968 	EXP 	unnamed Circle: radius = np.float64(0.03)
184.7968 	EXP 	unnamed Circle: fillColor = 'white'
184.7968 	EXP 	unnamed Circle: fillColor = <class 'numpy.ndarray'>
184.7968 	EXP 	unnamed Circle: fillColor = <class 'numpy.ndarray'>
184.7968 	EXP 	unnamed Circle: fillColor = <class 'numpy.ndarray'>
184.7968 	EXP 	unnamed Circle: radius = np.float64(0.03)
184.7968 	EXP 	unnamed Circle: fillColor = 'white'
184.7968 	EXP 	unnamed Circle: fillColor = <class 'numpy.ndarray'>
184.7968 	EXP 	unnamed Circle: radius = np.float64(0.03)
184.7968 	EXP 	unnamed Circle: fillColor = 'white'
184.7968 	EXP 	unnamed Circle: fillColor = <class 'numpy.ndarray'>
184.7968 	EXP 	unnamed Circle: fillColor = <class 'numpy.ndarray'>
184.7968 	EXP 	unnamed Circle: fillColor = <class 'numpy.ndarray'>
184.7968 	EXP 	unnamed Circle: radius = np.float64(0.03)
184.7968 	EXP 	unnamed Circle: fillColor = 'white'
184.7968 	EXP 	unnamed Circle: fillColor = <class 'numpy.ndarray'>
184.7968 	EXP 	unnamed Circle: radius = np.float64(0.03)
184.7968 	EXP 	unnamed Circle: fillColor = 'white'
184.7968 	EXP 	unnamed Circle: fillColor = <class 'numpy.ndarray'>
184.7968 	EXP 	unnamed Circle: fillColor = <class 'numpy.ndarray'>
184.7968 	EXP 	unnamed Circle: fillColor = <class 'numpy.ndarray'>
184.7968 	EXP 	unnamed Circle: radius = np.float64(0.03)
184.7968 	EXP 	unnamed Circle: fillColor = 'white'
184.7968 	EXP 	unnamed Circle: fillColor = <class 'numpy.ndarray'>
184.7968 	EXP 	unnamed Circle: radius = np.float64(0.03)
184.7968 	EXP 	unnamed Circle: fillColor = 'white'
184.7968 	EXP 	unnamed Circle: fillColor = <class 'numpy.ndarray'>
184.7968 	EXP 	unnamed Circle: fillColor = <class 'numpy.ndarray'>
184.7968 	EXP 	unnamed Circle: radius = np.float64(0.03)
184.7968 	EXP 	unnamed Circle: fillColor = 'white'
184.7968 	EXP 	unnamed Circle: fillColor = <class 'numpy.ndarray'>
184.7968 	EXP 	unnamed Circle: fillColor = <class 'numpy.ndarray'>
184.7968 	EXP 	unnamed Circle: radius = np.float64(0.03)
184.7968 	EXP 	unnamed Circle: fillColor = 'white'
184.7968 	EXP 	unnamed Circle: fillColor = <class 'numpy.ndarray'>
184.7968 	EXP 	unnamed Circle: fillColor = <class 'numpy.ndarray'>
184.7968 	EXP 	unnamed Circle: fillColor = <class 'numpy.ndarray'>
184.7968 	EXP 	unnamed Circle: fillColor = <class 'numpy.ndarray'>
184.7968 	EXP 	unnamed Circle: fillColor = <class 'numpy.ndarray'>
184.7968 	EXP 	unnamed Circle: radius = np.float64(0.03)
184.7968 	EXP 	unnamed Circle: fillColor = 'white'
184.7968 	EXP 	unnamed Circle: fillColor = <class 'numpy.ndarray'>
184.7968 	EXP 	unnamed Circle: fillColor = <class 'numpy.ndarray'>
184.7968 	EXP 	unnamed Circle: fillColor = <class 'numpy.ndarray'>
184.7968 	EXP 	unnamed Circle: radius = np.float64(0.03)
184.7968 	EXP 	unnamed Circle: fillColor = 'white'
184.7968 	EXP 	unnamed Circle: fillColor = <class 'numpy.ndarray'>
184.7968 	EXP 	unnamed Circle: fillColor = <class 'numpy.ndarray'>
184.7968 	EXP 	unnamed Circle: radius = np.float64(0.03)
184.7968 	EXP 	unnamed Circle: fillColor = 'white'
184.7968 	EXP 	unnamed Circle: fillColor = <class 'numpy.ndarray'>
184.7968 	EXP 	unnamed Circle: fillColor = <class 'numpy.ndarray'>
184.7968 	EXP 	unnamed Circle: fillColor = <class 'numpy.ndarray'>
184.7968 	EXP 	unnamed Circle: radius = np.float64(0.03)
184.7968 	EXP 	unnamed Circle: fillColor = 'white'
184.7968 	EXP 	unnamed Circle: fillColor = <class 'numpy.ndarray'>
184.7968 	EXP 	unnamed Circle: fillColor = <class 'numpy.ndarray'>
184.7968 	EXP 	unnamed Circle: radius = np.float64(0.03)
184.7968 	EXP 	unnamed Circle: fillColor = 'white'
184.7968 	EXP 	unnamed Circle: fillColor = <class 'numpy.ndarray'>
184.7968 	EXP 	unnamed Circle: fillColor = <class 'numpy.ndarray'>
184.7968 	EXP 	unnamed Circle: radius = np.float64(0.03)
184.7968 	EXP 	unnamed Circle: fillColor = 'white'
184.7968 	EXP 	unnamed Circle: fillColor = <class 'numpy.ndarray'>
184.7968 	EXP 	unnamed Circle: fillColor = <class 'numpy.ndarray'>
184.7968 	EXP 	unnamed Circle: radius = np.float64(0.03)
184.7968 	EXP 	unnamed Circle: fillColor = 'white'
184.7968 	EXP 	unnamed Circle: fillColor = <class 'numpy.ndarray'>
184.7968 	EXP 	unnamed Circle: radius = np.float64(0.03)
184.7968 	EXP 	unnamed Circle: fillColor = 'white'
184.7968 	EXP 	unnamed Circle: fillColor = <class 'numpy.ndarray'>
184.7968 	EXP 	unnamed Circle: fillColor = <class 'numpy.ndarray'>
184.7968 	EXP 	unnamed Circle: radius = np.float64(0.03)
184.7968 	EXP 	unnamed Circle: fillColor = 'white'
184.7968 	EXP 	unnamed Circle: fillColor = <class 'numpy.ndarray'>
184.7968 	EXP 	unnamed Circle: fillColor = <class 'numpy.ndarray'>
184.7968 	EXP 	unnamed Circle: fillColor = <class 'numpy.ndarray'>
184.7968 	EXP 	unnamed Circle: radius = np.float64(0.03)
184.7968 	EXP 	unnamed Circle: fillColor = 'white'
184.7968 	EXP 	unnamed Circle: fillColor = <class 'numpy.ndarray'>
184.7968 	EXP 	unnamed Circle: fillColor = <class 'numpy.ndarray'>
184.7968 	EXP 	unnamed Circle: fillColor = <class 'numpy.ndarray'>
184.7968 	EXP 	unnamed Circle: radius = np.float64(0.03)
184.7968 	EXP 	unnamed Circle: fillColor = 'white'
184.7968 	EXP 	unnamed Circle: fillColor = <class 'numpy.ndarray'>
184.7968 	EXP 	unnamed Circle: fillColor = <class 'numpy.ndarray'>
184.7968 	EXP 	unnamed Circle: radius = np.float64(0.03)
184.7968 	EXP 	unnamed Circle: fillColor = 'white'
184.7968 	EXP 	unnamed Circle: fillColor = <class 'numpy.ndarray'>
184.7968 	EXP 	unnamed Circle: fillColor = <class 'numpy.ndarray'>
184.7968 	EXP 	unnamed Circle: radius = np.float64(0.03)
184.7968 	EXP 	unnamed Circle: fillColor = 'white'
184.7968 	EXP 	unnamed Circle: fillColor = <class 'numpy.ndarray'>
184.7968 	EXP 	unnamed Circle: fillColor = <class 'numpy.ndarray'>
184.7968 	EXP 	unnamed Circle: radius = np.float64(0.03)
184.7968 	EXP 	unnamed Circle: fillColor = 'white'
184.7968 	EXP 	unnamed Circle: fillColor = <class 'numpy.ndarray'>
184.7968 	EXP 	unnamed Circle: fillColor = <class 'numpy.ndarray'>
184.7968 	EXP 	unnamed Circle: radius = np.float64(0.03)
184.7968 	EXP 	unnamed Circle: fillColor = 'white'
184.7968 	EXP 	unnamed Circle: fillColor = <class 'numpy.ndarray'>
184.7968 	EXP 	unnamed Circle: fillColor = <class 'numpy.ndarray'>
184.7968 	EXP 	unnamed Circle: fillColor = <class 'numpy.ndarray'>
184.7968 	EXP 	unnamed Circle: radius = np.float64(0.03)
184.7968 	EXP 	unnamed Circle: fillColor = 'white'
184.7968 	EXP 	unnamed Circle: fillColor = <class 'numpy.ndarray'>
184.7968 	EXP 	unnamed Circle: fillColor = <class 'numpy.ndarray'>
184.7968 	EXP 	unnamed Circle: radius = np.float64(0.03)
184.7968 	EXP 	unnamed Circle: fillColor = 'white'
184.7968 	EXP 	unnamed Circle: fillColor = <class 'numpy.ndarray'>
184.7968 	EXP 	unnamed Circle: radius = np.float64(0.03)
184.7968 	EXP 	unnamed Circle: fillColor = 'white'
184.7968 	EXP 	unnamed Circle: fillColor = <class 'numpy.ndarray'>
184.7968 	EXP 	unnamed Circle: fillColor = <class 'numpy.ndarray'>
184.7968 	EXP 	unnamed Circle: fillColor = <class 'numpy.ndarray'>
184.7968 	EXP 	unnamed Circle: radius = np.float64(0.03)
184.7968 	EXP 	unnamed Circle: fillColor = 'white'
184.7968 	EXP 	unnamed Circle: fillColor = <class 'numpy.ndarray'>
184.7968 	EXP 	unnamed Circle: fillColor = <class 'numpy.ndarray'>
184.7968 	EXP 	unnamed Circle: radius = np.float64(0.03)
184.7968 	EXP 	unnamed Circle: fillColor = 'white'
184.7968 	EXP 	unnamed Circle: fillColor = <class 'numpy.ndarray'>
184.7968 	EXP 	unnamed Circle: fillColor = <class 'numpy.ndarray'>
184.7968 	EXP 	unnamed Circle: radius = np.float64(0.03)
184.7968 	EXP 	unnamed Circle: fillColor = 'white'
184.7968 	EXP 	unnamed Circle: fillColor = <class 'numpy.ndarray'>
184.7968 	EXP 	unnamed Circle: fillColor = <class 'numpy.ndarray'>
184.7968 	EXP 	unnamed Circle: radius = np.float64(0.03)
184.7968 	EXP 	unnamed Circle: fillColor = 'white'
184.7968 	EXP 	unnamed Circle: fillColor = <class 'numpy.ndarray'>
184.7968 	EXP 	unnamed Circle: fillColor = <class 'numpy.ndarray'>
184.7968 	EXP 	unnamed Circle: fillColor = <class 'numpy.ndarray'>
184.7968 	EXP 	unnamed Circle: radius = np.float64(0.03)
184.7968 	EXP 	unnamed Circle: fillColor = 'white'
184.7968 	EXP 	unnamed Circle: fillColor = <class 'numpy.ndarray'>
184.7968 	EXP 	unnamed Circle: fillColor = <class 'numpy.ndarray'>
184.7968 	EXP 	unnamed Circle: radius = np.float64(0.03)
184.7968 	EXP 	unnamed Circle: fillColor = 'white'
184.7968 	EXP 	unnamed Circle: fillColor = <class 'numpy.ndarray'>
184.7968 	EXP 	unnamed Circle: fillColor = <class 'numpy.ndarray'>
184.7968 	EXP 	unnamed Circle: fillColor = <class 'numpy.ndarray'>
184.7968 	EXP 	unnamed Circle: radius = np.float64(0.03)
184.7968 	EXP 	unnamed Circle: fillColor = 'white'
184.7968 	EXP 	unnamed Circle: fillColor = <class 'numpy.ndarray'>
184.7968 	EXP 	unnamed Circle: fillColor = <class 'numpy.ndarray'>
184.7968 	EXP 	unnamed Circle: radius = np.float64(0.03)
184.7968 	EXP 	unnamed Circle: fillColor = 'white'
184.7968 	EXP 	unnamed Circle: fillColor = <class 'numpy.ndarray'>
184.7968 	EXP 	unnamed Circle: radius = np.float64(0.03)
184.7968 	EXP 	unnamed Circle: fillColor = 'white'
184.7968 	EXP 	unnamed Circle: fillColor = <class 'numpy.ndarray'>
184.7968 	EXP 	unnamed Circle: fillColor = <class 'numpy.ndarray'>
184.7968 	EXP 	unnamed Circle: fillColor = <class 'numpy.ndarray'>
184.7968 	EXP 	unnamed Circle: radius = np.float64(0.03)
184.7968 	EXP 	unnamed Circle: fillColor = 'white'
184.7968 	EXP 	unnamed Circle: fillColor = <class 'numpy.ndarray'>
184.7968 	EXP 	unnamed Circle: radius = np.float64(0.03)
184.7968 	EXP 	unnamed Circle: fillColor = 'white'
184.7968 	EXP 	unnamed Circle: fillColor = <class 'numpy.ndarray'>
184.7968 	EXP 	unnamed Circle: fillColor = <class 'numpy.ndarray'>
184.7968 	EXP 	unnamed Circle: fillColor = <class 'numpy.ndarray'>
184.7968 	EXP 	unnamed Circle: radius = np.float64(0.03)
184.7968 	EXP 	unnamed Circle: fillColor = 'white'
184.7968 	EXP 	unnamed Circle: fillColor = <class 'numpy.ndarray'>
184.7968 	EXP 	unnamed Circle: radius = np.float64(0.03)
184.7968 	EXP 	unnamed Circle: fillColor = 'white'
184.7968 	EXP 	unnamed Circle: fillColor = <class 'numpy.ndarray'>
184.7968 	EXP 	unnamed Circle: fillColor = <class 'numpy.ndarray'>
184.7968 	EXP 	unnamed Circle: radius = np.float64(0.03)
184.7968 	EXP 	unnamed Circle: fillColor = 'white'
184.7968 	EXP 	unnamed Circle: fillColor = <class 'numpy.ndarray'>
184.7968 	EXP 	unnamed Circle: fillColor = <class 'numpy.ndarray'>
184.7968 	EXP 	unnamed Circle: radius = np.float64(0.03)
184.7968 	EXP 	unnamed Circle: fillColor = 'white'
184.7968 	EXP 	unnamed Circle: fillColor = <class 'numpy.ndarray'>
184.7968 	EXP 	unnamed Circle: fillColor = <class 'numpy.ndarray'>
184.7968 	EXP 	unnamed Circle: fillColor = <class 'numpy.ndarray'>
184.7968 	EXP 	unnamed Circle: radius = np.float64(0.03)
184.7968 	EXP 	unnamed Circle: fillColor = 'white'
184.7968 	EXP 	unnamed Circle: fillColor = <class 'numpy.ndarray'>
184.7968 	EXP 	unnamed Circle: fillColor = <class 'numpy.ndarray'>
184.7968 	EXP 	unnamed Circle: radius = np.float64(0.03)
184.7968 	EXP 	unnamed Circle: fillColor = 'white'
184.7968 	EXP 	unnamed Circle: fillColor = <class 'numpy.ndarray'>
184.7968 	EXP 	unnamed Circle: fillColor = <class 'numpy.ndarray'>
184.7968 	EXP 	unnamed Circle: radius = np.float64(0.03)
184.7968 	EXP 	unnamed Circle: fillColor = 'white'
184.7968 	EXP 	unnamed Circle: fillColor = <class 'numpy.ndarray'>
184.7968 	EXP 	unnamed Circle: fillColor = <class 'numpy.ndarray'>
184.7968 	EXP 	unnamed Circle: radius = np.float64(0.03)
184.7968 	EXP 	unnamed Circle: fillColor = 'white'
184.7968 	EXP 	unnamed Circle: fillColor = <class 'numpy.ndarray'>
184.7968 	EXP 	unnamed Circle: fillColor = <class 'numpy.ndarray'>
184.7968 	EXP 	unnamed Circle: radius = np.float64(0.03)
184.7968 	EXP 	unnamed Circle: fillColor = 'white'
184.7968 	EXP 	unnamed Circle: fillColor = <class 'numpy.ndarray'>
184.7968 	EXP 	unnamed Circle: fillColor = <class 'numpy.ndarray'>
184.7968 	EXP 	unnamed Circle: fillColor = <class 'numpy.ndarray'>
184.7968 	EXP 	unnamed Circle: fillColor = <class 'numpy.ndarray'>
184.7968 	EXP 	unnamed Circle: fillColor = <class 'numpy.ndarray'>
184.7968 	EXP 	unnamed Circle: fillColor = <class 'numpy.ndarray'>
184.7968 	EXP 	unnamed Circle: fillColor = <class 'numpy.ndarray'>
184.7968 	EXP 	unnamed Circle: radius = np.float64(0.03)
184.7968 	EXP 	unnamed Circle: fillColor = 'white'
184.7968 	EXP 	unnamed Circle: fillColor = <class 'numpy.ndarray'>
184.7968 	EXP 	unnamed Circle: fillColor = <class 'numpy.ndarray'>
184.7968 	EXP 	unnamed Circle: radius = np.float64(0.03)
184.7968 	EXP 	unnamed Circle: fillColor = 'white'
184.7968 	EXP 	unnamed Circle: fillColor = <class 'numpy.ndarray'>
184.7968 	EXP 	unnamed Circle: fillColor = <class 'numpy.ndarray'>
184.7968 	EXP 	unnamed Circle: radius = np.float64(0.03)
184.7968 	EXP 	unnamed Circle: fillColor = 'white'
184.7968 	EXP 	unnamed Circle: fillColor = <class 'numpy.ndarray'>
184.7968 	EXP 	unnamed Circle: fillColor = <class 'numpy.ndarray'>
184.7968 	EXP 	unnamed Circle: fillColor = <class 'numpy.ndarray'>
184.7968 	EXP 	unnamed Circle: fillColor = <class 'numpy.ndarray'>
184.7968 	EXP 	unnamed Circle: fillColor = <class 'numpy.ndarray'>
184.7968 	EXP 	unnamed Circle: radius = np.float64(0.03)
184.7968 	EXP 	unnamed Circle: fillColor = 'white'
184.7968 	EXP 	unnamed Circle: fillColor = <class 'numpy.ndarray'>
184.7968 	EXP 	unnamed Circle: fillColor = <class 'numpy.ndarray'>
184.7968 	EXP 	unnamed Circle: radius = np.float64(0.03)
184.7968 	EXP 	unnamed Circle: fillColor = 'white'
184.7968 	EXP 	unnamed Circle: fillColor = <class 'numpy.ndarray'>
184.7968 	EXP 	unnamed Circle: radius = np.float64(0.03)
184.7968 	EXP 	unnamed Circle: fillColor = 'white'
184.7968 	EXP 	unnamed Circle: fillColor = <class 'numpy.ndarray'>
184.7968 	EXP 	unnamed Circle: fillColor = <class 'numpy.ndarray'>
184.7968 	EXP 	unnamed Circle: radius = np.float64(0.03)
184.7968 	EXP 	unnamed Circle: fillColor = 'white'
184.7968 	EXP 	unnamed Circle: fillColor = <class 'numpy.ndarray'>
184.7968 	EXP 	unnamed Circle: fillColor = <class 'numpy.ndarray'>
184.7968 	EXP 	unnamed Circle: radius = np.float64(0.03)
184.7968 	EXP 	unnamed Circle: fillColor = 'white'
184.7968 	EXP 	unnamed Circle: fillColor = <class 'numpy.ndarray'>
184.7968 	EXP 	unnamed Circle: fillColor = <class 'numpy.ndarray'>
184.7968 	EXP 	unnamed Circle: radius = np.float64(0.03)
184.7968 	EXP 	unnamed Circle: fillColor = 'white'
184.7968 	EXP 	unnamed Circle: fillColor = <class 'numpy.ndarray'>
184.7968 	EXP 	unnamed Circle: fillColor = <class 'numpy.ndarray'>
184.7968 	EXP 	unnamed Circle: fillColor = <class 'numpy.ndarray'>
184.7968 	EXP 	unnamed Circle: radius = np.float64(0.03)
184.7968 	EXP 	unnamed Circle: fillColor = 'white'
184.7968 	EXP 	unnamed Circle: fillColor = <class 'numpy.ndarray'>
184.7968 	EXP 	unnamed Circle: fillColor = <class 'numpy.ndarray'>
184.7968 	EXP 	unnamed Circle: radius = np.float64(0.03)
184.7968 	EXP 	unnamed Circle: fillColor = 'white'
184.7968 	EXP 	unnamed Circle: fillColor = <class 'numpy.ndarray'>
184.7968 	EXP 	unnamed Circle: radius = np.float64(0.03)
184.7968 	EXP 	unnamed Circle: fillColor = 'white'
184.7968 	EXP 	unnamed Circle: fillColor = <class 'numpy.ndarray'>
184.7968 	EXP 	unnamed Circle: fillColor = <class 'numpy.ndarray'>
184.7968 	EXP 	unnamed Circle: radius = np.float64(0.03)
184.7968 	EXP 	unnamed Circle: fillColor = 'white'
184.7968 	EXP 	unnamed Circle: fillColor = <class 'numpy.ndarray'>
184.7968 	EXP 	unnamed Circle: fillColor = <class 'numpy.ndarray'>
184.7968 	EXP 	unnamed Circle: radius = np.float64(0.03)
184.7968 	EXP 	unnamed Circle: fillColor = 'white'
184.7968 	EXP 	unnamed Circle: fillColor = <class 'numpy.ndarray'>
184.7968 	EXP 	unnamed Circle: fillColor = <class 'numpy.ndarray'>
184.7968 	EXP 	unnamed Circle: fillColor = <class 'numpy.ndarray'>
184.7968 	EXP 	unnamed Circle: radius = np.float64(0.03)
184.7968 	EXP 	unnamed Circle: fillColor = 'white'
184.7968 	EXP 	unnamed Circle: fillColor = <class 'numpy.ndarray'>
184.7968 	EXP 	unnamed Circle: radius = np.float64(0.03)
184.7968 	EXP 	unnamed Circle: fillColor = 'white'
184.7968 	EXP 	unnamed Circle: fillColor = <class 'numpy.ndarray'>
184.7968 	EXP 	unnamed Circle: fillColor = <class 'numpy.ndarray'>
184.7968 	EXP 	unnamed Circle: radius = np.float64(0.03)
184.7968 	EXP 	unnamed Circle: fillColor = 'white'
184.7968 	EXP 	unnamed Circle: fillColor = <class 'numpy.ndarray'>
184.7968 	EXP 	unnamed Circle: fillColor = <class 'numpy.ndarray'>
184.7968 	EXP 	unnamed Circle: radius = np.float64(0.03)
184.7968 	EXP 	unnamed Circle: fillColor = 'white'
184.7968 	EXP 	unnamed Circle: fillColor = <class 'numpy.ndarray'>
184.7968 	EXP 	text_2: autoDraw = True
185.7986 	EXP 	text_2: autoDraw = False
185.7986 	EXP 	text_2: autoDraw = False
186.9506 	DATA 	Keypress: 2
186.9538 	EXP 	Created text = TextStim(__class__=<class 'psychopy.visual.text.TextStim'>, alignHoriz=method-wrapper(...), alignText='center', alignVert=method-wrapper(...), anchorHoriz='center', anchorVert='center', antialias=True, autoDraw=False, autoLog=True, bold=False, color=array([1., 1., 1.]), colorSpace='rgb', contrast=1.0, depth=0.0, draggable=False, flipHoriz=False, flipVert=False, font='Arial', fontFiles=[], height=np.float64(0.06), italic=False, languageStyle='LTR', name='text', opacity=1, ori=0, pos=array([0. , 0.2]), rgb=UNKNOWN, text=str(...), units='norm', win=Window(...), wrapWidth=1.2)
186.9585 	WARNING 	Font b'Arial' was requested. No similar font found.
186.9928 	WARNING 	Font b'Arial' was requested. No similar font found.
186.9992 	WARNING 	Font b'Arial' was requested. No similar font found.
187.0049 	WARNING 	Font b'Arial' was requested. No similar font found.
187.0117 	EXP 	Created None = Slider(__class__=<class 'psychopy.visual.slider.Slider'>, autoDraw=False, autoLog=True, borderColor=None, color=None, colorSpace='rgb', depth=0, fillColor=None, flip=False, font='Arial', granularity=1, labelColor=None, labelHeight=np.float64(0.06), labelWrapWidth=None, labels=('Never', 'Always'), lineColor=None, markerColor=None, name=None, opacity=None, ori=0, pos=array([0., 0.]), readOnly=False, self=UNKNOWN, size=array([0.85, 0.1 ]), startValue=None, style='rating', styleTweaks=[], ticks=array([1, 9]), units='norm', win=Window(...))
187.0191 	EXP 	None: autoLog = True
187.0191 	EXP 	None: styleTweaks = []
187.0191 	EXP 	None: styleTweaks = []
187.0191 	EXP 	None: styleTweaks = []
187.0191 	EXP 	None: styleTweaks = []
187.0191 	EXP 	None: contrast = 1.0
187.0191 	EXP 	None: markerPos = None
187.0191 	EXP 	None: autoLog = True
187.0191 	EXP 	None: markerPos = 5
187.1072 	DATA 	Keypress: 0
187.1100 	EXP 	None: markerPos = 5
187.1121 	EXP 	Created text = TextStim(__class__=<class 'psychopy.visual.text.TextStim'>, alignHoriz=method-wrapper(...), alignText='center', alignVert=method-wrapper(...), anchorHoriz='center', anchorVert='center', antialias=True, autoDraw=False, autoLog=True, bold=False, color=array([1., 1., 1.]), colorSpace='rgb', contrast=1.0, depth=0.0, draggable=False, flipHoriz=False, flipVert=False, font='Arial', fontFiles=[], height=np.float64(0.06), italic=False, languageStyle='LTR', name='text', opacity=1, ori=0, pos=array([0. , 0.2]), rgb=UNKNOWN, text=str(...), units='norm', win=Window(...), wrapWidth=1.2)
187.1158 	WARNING 	Font b'Arial' was requested. No similar font found.
187.1190 	WARNING 	Font b'Arial' was requested. No similar font found.
187.1220 	WARNING 	Font b'Arial' was requested. No similar font found.
187.1267 	WARNING 	Font b'Arial' was requested. No similar font found.
187.1335 	EXP 	Created None = Slider(__class__=<class 'psychopy.visual.slider.Slider'>, autoDraw=False, autoLog=True, borderColor=None, color=None, colorSpace='rgb', depth=0, fillColor=None, flip=False, font='Arial', granularity=1, labelColor=None, labelHeight=np.float64(0.06), labelWrapWidth=None, labels=('Never', 'All the time'), lineColor=None, markerColor=None, name=None, opacity=None, ori=0, pos=array([0., 0.]), readOnly=False, self=UNKNOWN, size=array([0.85, 0.1 ]), startValue=None, style='rating', styleTweaks=[], ticks=array([1, 9]), units='norm', win=Window(...))
187.1384 	EXP 	None: autoLog = True
187.1384 	EXP 	None: styleTweaks = []
187.1384 	EXP 	None: styleTweaks = []
187.1384 	EXP 	None: styleTweaks = []
187.1384 	EXP 	None: styleTweaks = []
187.1384 	EXP 	None: contrast = 1.0
187.1384 	EXP 	None: markerPos = None
187.1384 	EXP 	None: autoLog = True
187.1384 	EXP 	None: markerPos = 5
187.2386 	DATA 	Keypress: 2
187.2413 	EXP 	None: markerPos = 6
187.3649 	DATA 	Keypress: 0
187.3674 	EXP 	None: markerPos = 6
187.3693 	EXP 	Created text = TextStim(__class__=<class 'psychopy.visual.text.TextStim'>, alignHoriz=method-wrapper(...), alignText='center', alignVert=method-wrapper(...), anchorHoriz='center', anchorVert='center', antialias=True, autoDraw=False, autoLog=True, bold=False, color=array([1., 1., 1.]), colorSpace='rgb', contrast=1.0, depth=0.0, draggable=False, flipHoriz=False, flipVert=False, font='Arial', fontFiles=[], height=np.float64(0.06), italic=False, languageStyle='LTR', name='text', opacity=1, ori=0, pos=array([0. , 0.2]), rgb=UNKNOWN, text=str(...), units='norm', win=Window(...), wrapWidth=1.2)
187.3729 	WARNING 	Font b'Arial' was requested. No similar font found.
187.3770 	WARNING 	Font b'Arial' was requested. No similar font found.
187.3799 	WARNING 	Font b'Arial' was requested. No similar font found.
187.3856 	WARNING 	Font b'Arial' was requested. No similar font found.
187.3926 	EXP 	Created None = Slider(__class__=<class 'psychopy.visual.slider.Slider'>, autoDraw=False, autoLog=True, borderColor=None, color=None, colorSpace='rgb', depth=0, fillColor=None, flip=False, font='Arial', granularity=1, labelColor=None, labelHeight=np.float64(0.06), labelWrapWidth=None, labels=('Not at all', 'Very Difficult'), lineColor=None, markerColor=None, name=None, opacity=None, ori=0, pos=array([0., 0.]), readOnly=False, self=UNKNOWN, size=array([0.85, 0.1 ]), startValue=None, style='rating', styleTweaks=[], ticks=array([1, 9]), units='norm', win=Window(...))
187.3985 	EXP 	None: autoLog = True
187.3985 	EXP 	None: styleTweaks = []
187.3985 	EXP 	None: styleTweaks = []
187.3985 	EXP 	None: styleTweaks = []
187.3985 	EXP 	None: styleTweaks = []
187.3985 	EXP 	None: contrast = 1.0
187.3985 	EXP 	None: markerPos = None
187.3985 	EXP 	None: autoLog = True
187.3985 	EXP 	None: markerPos = 5
187.4964 	DATA 	Keypress: 2
187.4993 	EXP 	None: markerPos = 6
187.6935 	DATA 	Keypress: 0
187.6963 	EXP 	None: markerPos = 6
187.6981 	EXP 	Created text = TextStim(__class__=<class 'psychopy.visual.text.TextStim'>, alignHoriz=method-wrapper(...), alignText='center', alignVert=method-wrapper(...), anchorHoriz='center', anchorVert='center', antialias=True, autoDraw=False, autoLog=True, bold=False, color=array([1., 1., 1.]), colorSpace='rgb', contrast=1.0, depth=0.0, draggable=False, flipHoriz=False, flipVert=False, font='Arial', fontFiles=[], height=np.float64(0.06), italic=False, languageStyle='LTR', name='text', opacity=1, ori=0, pos=array([0. , 0.2]), rgb=UNKNOWN, text='How calm do you feel right now?', units='norm', win=Window(...), wrapWidth=1.2)
187.7016 	WARNING 	Font b'Arial' was requested. No similar font found.
187.7048 	WARNING 	Font b'Arial' was requested. No similar font found.
187.7078 	WARNING 	Font b'Arial' was requested. No similar font found.
187.7107 	WARNING 	Font b'Arial' was requested. No similar font found.
187.7176 	EXP 	Created None = Slider(__class__=<class 'psychopy.visual.slider.Slider'>, autoDraw=False, autoLog=True, borderColor=None, color=None, colorSpace='rgb', depth=0, fillColor=None, flip=False, font='Arial', granularity=1, labelColor=None, labelHeight=np.float64(0.06), labelWrapWidth=None, labels=('Not at all', 'Very calm'), lineColor=None, markerColor=None, name=None, opacity=None, ori=0, pos=array([0., 0.]), readOnly=False, self=UNKNOWN, size=array([0.85, 0.1 ]), startValue=None, style='rating', styleTweaks=[], ticks=array([1, 9]), units='norm', win=Window(...))
187.7213 	EXP 	None: autoLog = True
187.7213 	EXP 	None: styleTweaks = []
187.7213 	EXP 	None: styleTweaks = []
187.7213 	EXP 	None: styleTweaks = []
187.7213 	EXP 	None: styleTweaks = []
187.7213 	EXP 	None: contrast = 1.0
187.7213 	EXP 	None: markerPos = None
187.7213 	EXP 	None: autoLog = True
187.7213 	EXP 	None: markerPos = 5
187.8754 	DATA 	Keypress: 2
187.8784 	EXP 	None: markerPos = 6
188.1382 	DATA 	Keypress: 0
188.1410 	EXP 	None: markerPos = 6
3.1911 	EXP 	DMN_BallTask: status = NOT_STARTED
3.1934 	WARNING 	Requested an unavailable screen number - using first available.
3.4905 	EXP 	Created window1 = Window(allowGUI=False, allowStencil=False, autoLog=True, backendConf=UNKNOWN, backgroundFit=<method-wrapper '__getattribute__' of attributeSetter object at 0x79e74f2a7460>, backgroundImage=<method-wrapper '__getattribute__' of attributeSetter object at 0x79e74f2a7400>, bitsMode=UNKNOWN, blendMode='avg', bpc=(8, 8, 8), color=array([-1, -1, -1]), colorSpace='rgb', depthBits=8, fullscr=False, gamma=None, gammaErrorPolicy='raise', infoMsg=UNKNOWN, lms=UNKNOWN, monitor=<psychopy.monitors.calibTools.Monitor object at 0x79e72e662a40>, multiSample=False, name='window1', numSamples=2, pos=(420, 32), screen=1, size=array([1080, 1080]), stencilBits=0, stereo=False, title='PsychoPy', units='norm', useFBO=True, useRetina=False, viewOri=0.0, viewPos=None, viewScale=None, waitBlanking=True, winType='pyglet')
3.4905 	EXP 	window1: backgroundImage = None
3.4905 	EXP 	window1: backgroundFit = 'cover'
3.4930 	EXP 	window1: Attempting to measure frame rate of screen (1) ...
3.4930 	EXP 	window1: recordFrameIntervals = False
3.5601 	EXP 	window1: recordFrameIntervals = True
3.6362 	EXP 	Screen (1) actual frame rate measured at 142.72Hz
3.6363 	EXP 	window1: recordFrameIntervals = False
3.6837 	EXP 	Created text = TextStim(__class__=<class 'psychopy.visual.text.TextStim'>, alignHoriz=method-wrapper(...), alignText='center', alignVert=method-wrapper(...), anchorHoriz='center', anchorVert='center', antialias=True, autoDraw=False, autoLog=True, bold=False, color=array([1., 1., 1.]), colorSpace='rgb', contrast=1.0, depth=0.0, draggable=False, flipHoriz=False, flipVert=False, font='Arial', fontFiles=[], height=np.float64(0.06), italic=False, languageStyle='LTR', name='text', opacity=1, ori=0, pos=array([0. , 0.2]), rgb=UNKNOWN, text=str(...), units='norm', win=Window(...), wrapWidth=1.2)
3.6844 	EXP 	Created text = TextStim(__class__=<class 'psychopy.visual.text.TextStim'>, alignHoriz=method-wrapper(...), alignText='center', alignVert=method-wrapper(...), anchorHoriz='center', anchorVert='center', antialias=True, autoDraw=False, autoLog=True, bold=False, color=array([1., 1., 1.]), colorSpace='rgb', contrast=1.0, depth=0.0, draggable=False, flipHoriz=False, flipVert=False, font='Arial', fontFiles=[], height=0.06, italic=False, languageStyle='LTR', name='text', opacity=1, ori=0, pos=array([0., 0.]), rgb=UNKNOWN, text='', units='norm', win=Window(...), wrapWidth=1.2)
3.6875 	EXP 	Created waiting_for_trigger_text = TextStim(__class__=<class 'psychopy.visual.text.TextStim'>, alignHoriz=method-wrapper(...), alignText='center', alignVert=method-wrapper(...), anchorHoriz='center', anchorVert='center', antialias=True, autoDraw=False, autoLog=True, bold=False, color=array([1., 1., 1.]), colorSpace='rgb', contrast=1.0, depth=0.0, draggable=False, flipHoriz=False, flipVert=False, font='Arial', fontFiles=[], height=np.float64(0.1), italic=False, languageStyle='LTR', name='waiting_for_trigger_text', opacity=1, ori=0, pos=array([0., 0.]), rgb=UNKNOWN, text='waiting for scanner', units='norm', win=Window(...), wrapWidth=2)
3.6898 	EXP 	Created text_2 = TextStim(__class__=<class 'psychopy.visual.text.TextStim'>, alignHoriz=method-wrapper(...), alignText='center', alignVert=method-wrapper(...), anchorHoriz='center', anchorVert='center', antialias=True, autoDraw=False, autoLog=True, bold=False, color=array([1., 1., 1.]), colorSpace='rgb', contrast=1.0, depth=0.0, draggable=False, flipHoriz=False, flipVert=False, font='Arial', fontFiles=[], height=np.float64(0.3), italic=False, languageStyle='LTR', name='text_2', opacity=1, ori=0, pos=array([0., 0.]), rgb=UNKNOWN, text='+', units='norm', win=Window(...), wrapWidth=1)
3.6926 	EXP 	Created text_relax = TextStim(__class__=<class 'psychopy.visual.text.TextStim'>, alignHoriz=method-wrapper(...), alignText='center', alignVert=method-wrapper(...), anchorHoriz='center', anchorVert='center', antialias=True, autoDraw=False, autoLog=True, bold=False, color=array([1., 1., 1.]), colorSpace='rgb', contrast=1.0, depth=0.0, draggable=False, flipHoriz=False, flipVert=False, font='Arial', fontFiles=[], height=np.float64(0.07), italic=False, languageStyle='LTR', name='text_relax', opacity=1, ori=0, pos=array([ 0. , -0.2]), rgb=UNKNOWN, text='Relax', units='norm', win=Window(...), wrapWidth=1)
3.6949 	EXP 	Created text_4 = TextStim(__class__=<class 'psychopy.visual.text.TextStim'>, alignHoriz=method-wrapper(...), alignText='center', alignVert=method-wrapper(...), anchorHoriz='center', anchorVert='center', antialias=True, autoDraw=False, autoLog=True, bold=False, color=array([1., 1., 1.]), colorSpace='rgb', contrast=1.0, depth=-3.0, draggable=False, flipHoriz=False, flipVert=False, font='Arial', fontFiles=[], height=np.float64(0.1), italic=False, languageStyle='LTR', name='text_4', opacity=1, ori=0, pos=array([0., 0.]), rgb=UNKNOWN, text='default text', units='norm', win=Window(...), wrapWidth=1)
3.7007 	WARNING 	fillRGB parameter is deprecated. Please use lineColor and colorSpace instead
3.7008 	WARNING 	lineRGB parameter is deprecated. Please use lineColor and colorSpace instead
3.7044 	EXP 	Created unnamed Circle = Circle(__class__=<class 'psychopy.visual.circle.Circle'>, anchor=('center', 'center'), autoDraw=False, autoLog=True, closeShape=True, color=method-wrapper(...), colorSpace='rgb', contrast=None, depth=0, draggable=False, fillColor=array([0, 0, 0]), fillColorSpace='rgb', fillRGB=array([0, 0, 0]), interpolate=True, lineColor=array([ 1.,  1., -1.]), lineColorSpace='rgb', lineRGB=array([ 1,  1, -1]), lineWidth=3, name='unnamed Circle', opacity=1, ori=0.0, pos=array([0.        , 0.33333333]), size=array([1., 1.]), units='norm', vertices=ndarray(...), win=Window(...), windingRule=None)
3.7088 	WARNING 	fillRGB parameter is deprecated. Please use lineColor and colorSpace instead
3.7089 	WARNING 	lineRGB parameter is deprecated. Please use lineColor and colorSpace instead
3.7123 	EXP 	Created unnamed Circle = Circle(__class__=<class 'psychopy.visual.circle.Circle'>, anchor=('center', 'center'), autoDraw=False, autoLog=True, closeShape=True, color=method-wrapper(...), colorSpace='rgb', contrast=None, depth=0, draggable=False, fillColor=array([0, 0, 0]), fillColorSpace='rgb', fillRGB=array([0, 0, 0]), interpolate=True, lineColor=array([0.35686275, 0.69411765, 0.80392157]), lineColorSpace='rgb', lineRGB=array([0.35686275, 0.69411765, 0.80392157]), lineWidth=3, name='unnamed Circle', opacity=1, ori=0.0, pos=array([ 0.        , -0.33333333]), size=array([1., 1.]), units='norm', vertices=ndarray(...), win=Window(...), windingRule=None)
3.7166 	WARNING 	fillRGB parameter is deprecated. Please use lineColor and colorSpace instead
3.7167 	WARNING 	lineRGB parameter is deprecated. Please use lineColor and colorSpace instead
3.7200 	EXP 	Created unnamed Circle = Circle(__class__=<class 'psychopy.visual.circle.Circle'>, anchor=('center', 'center'), autoDraw=False, autoLog=True, closeShape=True, color=method-wrapper(...), colorSpace='rgb', contrast=None, depth=0, draggable=False, fillColor=array([1, 1, 1]), fillColorSpace='rgb', fillRGB=array([1, 1, 1]), interpolate=True, lineColor=array([1., 1., 1.]), lineColorSpace='rgb', lineRGB=array([1, 1, 1]), lineWidth=1.5, name='unnamed Circle', opacity=1, ori=0.0, pos=array([0., 0.]), size=array([1., 1.]), units='norm', vertices=ndarray(...), win=Window(...), windingRule=None)
3.7241 	WARNING 	fillRGB parameter is deprecated. Please use lineColor and colorSpace instead
3.7242 	WARNING 	lineRGB parameter is deprecated. Please use lineColor and colorSpace instead
3.7275 	EXP 	Created unnamed Circle = Circle(__class__=<class 'psychopy.visual.circle.Circle'>, anchor=('center', 'center'), autoDraw=False, autoLog=True, closeShape=True, color=method-wrapper(...), colorSpace='rgb', contrast=None, depth=0, draggable=False, fillColor=array([1, 1, 1]), fillColorSpace='rgb', fillRGB=array([1, 1, 1]), interpolate=True, lineColor=array([1., 1., 1.]), lineColorSpace='rgb', lineRGB=array([1, 1, 1]), lineWidth=3, name='unnamed Circle', opacity=1, ori=0.0, pos=array([0., 0.]), size=array([1., 1.]), units='norm', vertices=ndarray(...), win=Window(...), windingRule=None)
3.7303 	EXP 	Created instruct_text = TextStim(__class__=<class 'psychopy.visual.text.TextStim'>, alignHoriz=method-wrapper(...), alignText='center', alignVert=method-wrapper(...), anchorHoriz='center', anchorVert='center', antialias=True, autoDraw=False, autoLog=True, bold=False, color=array([1., 1., 1.]), colorSpace='rgb', contrast=1.0, depth=0.0, draggable=False, flipHoriz=False, flipVert=False, font='Arial', fontFiles=[], height=np.float64(0.06), italic=False, languageStyle='LTR', name='instruct_text', opacity=1, ori=0, pos=array([0., 0.]), rgb=UNKNOWN, text='replace me', units='norm', win=Window(...), wrapWidth=1.2)
3.7324 	EXP 	Created thank_you_end_run_text = TextStim(__class__=<class 'psychopy.visual.text.TextStim'>, alignHoriz=method-wrapper(...), alignText='center', alignVert=method-wrapper(...), anchorHoriz='center', anchorVert='center', antialias=True, autoDraw=False, autoLog=True, bold=False, color=array([1., 1., 1.]), colorSpace='rgb', contrast=1.0, depth=0.0, draggable=False, flipHoriz=False, flipVert=False, font='Arial', fontFiles=[], height=np.float64(0.1), italic=False, languageStyle='LTR', name='thank_you_end_run_text', opacity=1, ori=0, pos=array([0., 0.]), rgb=UNKNOWN, text='thank you!', units='norm', win=Window(...), wrapWidth=1)
3.7388 	EXP 	instruct_text: height = np.float64(0.06)
3.7388 	EXP 	instruct_text: height = np.float64(0.06)
3.7388 	EXP 	instruct_text: height = np.float64(0.06)
3.7388 	EXP 	instruct_text: text = 'Great job! Next, you’ll get to practice Describing for another 2.5min. \nThis time the ball and circles will not move, so you don’t need to check them.'
4.4386 	DATA 	Keypress: space
4.4425 	EXP 	instruct_text: height = np.float64(0.06)
4.4425 	EXP 	instruct_text: height = np.float64(0.06)
4.4425 	EXP 	instruct_text: height = np.float64(0.06)
4.4425 	EXP 	instruct_text: text = 'When you see the plus sign (+), just relax.\n\nOnce the circles appear, please start the Describing practice. This scan will last 2.5 min.'
4.6102 	DATA 	Keypress: space
4.6133 	EXP 	waiting_for_trigger_text: autoDraw = True
4.7946 	DATA 	Keypress: 5
4.8026 	EXP 	waiting_for_trigger_text: autoDraw = False
4.8026 	EXP 	text_2: autoDraw = True
4.8026 	EXP 	text_relax: autoDraw = True
34.8073 	EXP 	text_2: autoDraw = False
34.8073 	EXP 	text_relax: autoDraw = False
34.8073 	EXP 	text_2: autoDraw = False
184.7968 	EXP 	unnamed Circle: fillColor = <class 'numpy.ndarray'>
184.7968 	EXP 	unnamed Circle: fillColor = <class 'numpy.ndarray'>
184.7968 	EXP 	unnamed Circle: fillColor = <class 'numpy.ndarray'>
184.7968 	EXP 	unnamed Circle: radius = np.float64(0.135)
184.7968 	EXP 	unnamed Circle: fillColor = 'white'
184.7968 	EXP 	unnamed Circle: fillColor = <class 'numpy.ndarray'>
184.7968 	EXP 	unnamed Circle: fillColor = <class 'numpy.ndarray'>
184.7968 	EXP 	unnamed Circle: radius = np.float64(0.12150000000000001)
184.7968 	EXP 	unnamed Circle: fillColor = 'white'
184.7968 	EXP 	unnamed Circle: fillColor = <class 'numpy.ndarray'>
184.7968 	EXP 	unnamed Circle: fillColor = <class 'numpy.ndarray'>
184.7968 	EXP 	unnamed Circle: fillColor = <class 'numpy.ndarray'>
184.7968 	EXP 	unnamed Circle: radius = np.float64(0.135)
184.7968 	EXP 	unnamed Circle: fillColor = 'white'
184.7968 	EXP 	unnamed Circle: fillColor = <class 'numpy.ndarray'>
184.7968 	EXP 	unnamed Circle: radius = np.float64(0.10935000000000002)
184.7968 	EXP 	unnamed Circle: fillColor = 'white'
184.7968 	EXP 	unnamed Circle: fillColor = <class 'numpy.ndarray'>
184.7968 	EXP 	unnamed Circle: fillColor = <class 'numpy.ndarray'>
184.7968 	EXP 	unnamed Circle: fillColor = <class 'numpy.ndarray'>
184.7968 	EXP 	unnamed Circle: radius = np.float64(0.12150000000000001)
184.7968 	EXP 	unnamed Circle: fillColor = 'white'
184.7968 	EXP 	unnamed Circle: fillColor = <class 'numpy.ndarray'>
184.7968 	EXP 	unnamed Circle: radius = np.float64(0.09841500000000002)
184.7968 	EXP 	unnamed Circle: fillColor = 'white'
184.7968 	EXP 	unnamed Circle: fillColor = <class 'numpy.ndarray'>
184.7968 	EXP 	unnamed Circle: fillColor = <class 'numpy.ndarray'>
184.7968 	EXP 	unnamed Circle: radius = np.float64(0.08857350000000001)
184.7968 	EXP 	unnamed Circle: fillColor = 'white'
184.7968 	EXP 	unnamed Circle: fillColor = <class 'numpy.ndarray'>
184.7968 	EXP 	unnamed Circle: fillColor = <class 'numpy.ndarray'>
184.7968 	EXP 	unnamed Circle: radius = np.float64(0.07971615000000001)
184.7968 	EXP 	unnamed Circle: fillColor = 'white'
184.7968 	EXP 	unnamed Circle: fillColor = <class 'numpy.ndarray'>
184.7968 	EXP 	unnamed Circle: fillColor = <class 'numpy.ndarray'>
184.7968 	EXP 	unnamed Circle: fillColor = <class 'numpy.ndarray'>
184.7968 	EXP 	unnamed Circle: radius = np.float64(0.10935000000000002)
184.7968 	EXP 	unnamed Circle: fillColor = 'white'
184.7968 	EXP 	unnamed Circle: fillColor = <class 'numpy.ndarray'>
184.7968 	EXP 	unnamed Circle: fillColor = <class 'numpy.ndarray'>
184.7968 	EXP 	unnamed Circle: radius = np.float64(0.09841500000000002)
184.7968 	EXP 	unnamed Circle: fillColor = 'white'
184.7968 	EXP 	unnamed Circle: fillColor = <class 'numpy.ndarray'>
184.7968 	EXP 	unnamed Circle: fillColor = <class 'numpy.ndarray'>
184.7968 	EXP 	unnamed Circle: radius = np.float64(0.08857350000000001)
184.7968 	EXP 	unnamed Circle: fillColor = 'white'
184.7968 	EXP 	unnamed Circle: fillColor = <class 'numpy.ndarray'>
184.7968 	EXP 	unnamed Circle: fillColor = <class 'numpy.ndarray'>
184.7968 	EXP 	unnamed Circle: radius = np.float64(0.07971615000000001)
184.7968 	EXP 	unnamed Circle: fillColor = 'white'
184.7968 	EXP 	unnamed Circle: fillColor = <class 'numpy.ndarray'>
184.7968 	EXP 	unnamed Circle: radius = np.float64(0.07174453500000001)
184.7968 	EXP 	unnamed Circle: fillColor = 'white'
184.7968 	EXP 	unnamed Circle: fillColor = <class 'numpy.ndarray'>
184.7968 	EXP 	unnamed Circle: fillColor = <class 'numpy.ndarray'>
184.7968 	EXP 	unnamed Circle: fillColor = <class 'numpy.ndarray'>
184.7968 	EXP 	unnamed Circle: radius = np.float64(0.07174453500000001)
184.7968 	EXP 	unnamed Circle: fillColor = 'white'
184.7968 	EXP 	unnamed Circle: fillColor = <class 'numpy.ndarray'>
184.7968 	EXP 	unnamed Circle: fillColor = <class 'numpy.ndarray'>
184.7968 	EXP 	unnamed Circle: fillColor = <class 'numpy.ndarray'>
184.7968 	EXP 	unnamed Circle: fillColor = <class 'numpy.ndarray'>
184.7968 	EXP 	unnamed Circle: radius = np.float64(0.06457008150000002)
184.7968 	EXP 	unnamed Circle: fillColor = 'white'
184.7968 	EXP 	unnamed Circle: fillColor = <class 'numpy.ndarray'>
184.7968 	EXP 	unnamed Circle: fillColor = <class 'numpy.ndarray'>
184.7968 	EXP 	unnamed Circle: radius = np.float64(0.058113073350000016)
184.7968 	EXP 	unnamed Circle: fillColor = 'white'
184.7968 	EXP 	unnamed Circle: fillColor = <class 'numpy.ndarray'>
184.7968 	EXP 	unnamed Circle: fillColor = <class 'numpy.ndarray'>
184.7968 	EXP 	unnamed Circle: radius = np.float64(0.052301766015000015)
184.7968 	EXP 	unnamed Circle: fillColor = 'white'
184.7968 	EXP 	unnamed Circle: fillColor = <class 'numpy.ndarray'>
184.7968 	EXP 	unnamed Circle: fillColor = <class 'numpy.ndarray'>
184.7968 	EXP 	unnamed Circle: radius = np.float64(0.047071589413500016)
184.7968 	EXP 	unnamed Circle: fillColor = 'white'
184.7968 	EXP 	unnamed Circle: fillColor = <class 'numpy.ndarray'>
184.7968 	EXP 	unnamed Circle: radius = np.float64(0.06457008150000002)
184.7968 	EXP 	unnamed Circle: fillColor = 'white'
184.7968 	EXP 	unnamed Circle: fillColor = <class 'numpy.ndarray'>
184.7968 	EXP 	unnamed Circle: fillColor = <class 'numpy.ndarray'>
184.7968 	EXP 	unnamed Circle: fillColor = <class 'numpy.ndarray'>
184.7968 	EXP 	unnamed Circle: radius = np.float64(0.042364430472150015)
184.7968 	EXP 	unnamed Circle: fillColor = 'white'
184.7968 	EXP 	unnamed Circle: fillColor = <class 'numpy.ndarray'>
184.7968 	EXP 	unnamed Circle: radius = np.float64(0.058113073350000016)
184.7968 	EXP 	unnamed Circle: fillColor = 'white'
184.7968 	EXP 	unnamed Circle: fillColor = <class 'numpy.ndarray'>
184.7968 	EXP 	unnamed Circle: fillColor = <class 'numpy.ndarray'>
184.7968 	EXP 	unnamed Circle: radius = np.float64(0.052301766015000015)
184.7968 	EXP 	unnamed Circle: fillColor = 'white'
184.7968 	EXP 	unnamed Circle: fillColor = <class 'numpy.ndarray'>
184.7968 	EXP 	unnamed Circle: fillColor = <class 'numpy.ndarray'>
184.7968 	EXP 	unnamed Circle: fillColor = <class 'numpy.ndarray'>
184.7968 	EXP 	unnamed Circle: radius = np.float64(0.03812798742493501)
184.7968 	EXP 	unnamed Circle: fillColor = 'white'
184.7968 	EXP 	unnamed Circle: fillColor = <class 'numpy.ndarray'>
184.7968 	EXP 	unnamed Circle: fillColor = <class 'numpy.ndarray'>
184.7968 	EXP 	unnamed Circle: radius = np.float64(0.03431518868244151)
184.7968 	EXP 	unnamed Circle: fillColor = 'white'
184.7968 	EXP 	unnamed Circle: fillColor = <class 'numpy.ndarray'>
184.7968 	EXP 	unnamed Circle: radius = np.float64(0.047071589413500016)
184.7968 	EXP 	unnamed Circle: fillColor = 'white'
184.7968 	EXP 	unnamed Circle: fillColor = <class 'numpy.ndarray'>
184.7968 	EXP 	unnamed Circle: fillColor = <class 'numpy.ndarray'>
184.7968 	EXP 	unnamed Circle: radius = np.float64(0.042364430472150015)
184.7968 	EXP 	unnamed Circle: fillColor = 'white'
184.7968 	EXP 	unnamed Circle: fillColor = <class 'numpy.ndarray'>
184.7968 	EXP 	unnamed Circle: fillColor = <class 'numpy.ndarray'>
184.7968 	EXP 	unnamed Circle: fillColor = <class 'numpy.ndarray'>
184.7968 	EXP 	unnamed Circle: radius = np.float64(0.030883669814197358)
184.7968 	EXP 	unnamed Circle: fillColor = 'white'
184.7968 	EXP 	unnamed Circle: fillColor = <class 'numpy.ndarray'>
184.7968 	EXP 	unnamed Circle: fillColor = <class 'numpy.ndarray'>
184.7968 	EXP 	unnamed Circle: radius = np.float64(0.03)
184.7968 	EXP 	unnamed Circle: fillColor = 'white'
184.7968 	EXP 	unnamed Circle: fillColor = <class 'numpy.ndarray'>
184.7968 	EXP 	unnamed Circle: radius = np.float64(0.03812798742493501)
184.7968 	EXP 	unnamed Circle: fillColor = 'white'
184.7968 	EXP 	unnamed Circle: fillColor = <class 'numpy.ndarray'>
184.7968 	EXP 	unnamed Circle: fillColor = <class 'numpy.ndarray'>
184.7968 	EXP 	unnamed Circle: fillColor = <class 'numpy.ndarray'>
184.7968 	EXP 	unnamed Circle: radius = np.float64(0.03)
184.7968 	EXP 	unnamed Circle: fillColor = 'white'
184.7968 	EXP 	unnamed Circle: fillColor = <class 'numpy.ndarray'>
184.7968 	EXP 	unnamed Circle: fillColor = <class 'numpy.ndarray'>
184.7968 	EXP 	unnamed Circle: radius = np.float64(0.03)
184.7968 	EXP 	unnamed Circle: fillColor = 'white'
184.7968 	EXP 	unnamed Circle: fillColor = <class 'numpy.ndarray'>
184.7968 	EXP 	unnamed Circle: fillColor = <class 'numpy.ndarray'>
184.7968 	EXP 	unnamed Circle: radius = np.float64(0.03)
184.7968 	EXP 	unnamed Circle: fillColor = 'white'
184.7968 	EXP 	unnamed Circle: fillColor = <class 'numpy.ndarray'>
184.7968 	EXP 	unnamed Circle: fillColor = <class 'numpy.ndarray'>
184.7968 	EXP 	unnamed Circle: radius = np.float64(0.03)
184.7968 	EXP 	unnamed Circle: fillColor = 'white'
184.7968 	EXP 	unnamed Circle: fillColor = <class 'numpy.ndarray'>
184.7968 	EXP 	unnamed Circle: radius = np.float64(0.03431518868244151)
184.7968 	EXP 	unnamed Circle: fillColor = 'white'
184.7968 	EXP 	unnamed Circle: fillColor = <class 'numpy.ndarray'>
184.7968 	EXP 	unnamed Circle: fillColor = <class 'numpy.ndarray'>
184.7968 	EXP 	unnamed Circle: fillColor = <class 'numpy.ndarray'>
184.7968 	EXP 	unnamed Circle: radius = np.float64(0.03)
184.7968 	EXP 	unnamed Circle: fillColor = 'white'
184.7968 	EXP 	unnamed Circle: fillColor = <class 'numpy.ndarray'>
184.7968 	EXP 	unnamed Circle: fillColor = <class 'numpy.ndarray'>
184.7968 	EXP 	unnamed Circle: radius = np.float64(0.03)
184.7968 	EXP 	unnamed Circle: fillColor = 'white'
184.7968 	EXP 	unnamed Circle: fillColor = <class 'numpy.ndarray'>
184.7968 	EXP 	unnamed Circle: radius = np.float64(0.030883669814197358)
184.7968 	EXP 	unnamed Circle: fillColor = 'white'
184.7968 	EXP 	unnamed Circle: fillColor = <class 'numpy.ndarray'>
184.7968 	EXP 	unnamed Circle: fillColor = <class 'numpy.ndarray'>
184.7968 	EXP 	unnamed Circle: fillColor = <class 'numpy.ndarray'>
184.7968 	EXP 	unnamed Circle: fillColor = <class 'numpy.ndarray'>
184.7968 	EXP 	unnamed Circle: fillColor = <class 'numpy.ndarray'>
184.7968 	EXP 	unnamed Circle: radius = np.float64(0.03)
184.7968 	EXP 	unnamed Circle: fillColor = 'white'
184.7968 	EXP 	unnamed Circle: fillColor = <class 'numpy.ndarray'>
184.7968 	EXP 	unnamed Circle: radius = np.float64(0.03)
184.7968 	EXP 	unnamed Circle: fillColor = 'white'
184.7968 	EXP 	unnamed Circle: fillColor = <class 'numpy.ndarray'>
184.7968 	EXP 	unnamed Circle: fillColor = <class 'numpy.ndarray'>
184.7968 	EXP 	unnamed Circle: fillColor = <class 'numpy.ndarray'>
184.7968 	EXP 	unnamed Circle: radius = np.float64(0.03)
184.7968 	EXP 	unnamed Circle: fillColor = 'white'
184.7968 	EXP 	unnamed Circle: fillColor = <class 'numpy.ndarray'>
184.7968 	EXP 	unnamed Circle: fillColor = <class 'numpy.ndarray'>
184.7968 	EXP 	unnamed Circle: fillColor = <class 'numpy.ndarray'>
184.7968 	EXP 	unnamed Circle: radius = np.float64(0.03)
184.7968 	EXP 	unnamed Circle: fillColor = 'white'
184.7968 	EXP 	unnamed Circle: fillColor = <class 'numpy.ndarray'>
184.7968 	EXP 	unnamed Circle: fillColor = <class 'numpy.ndarray'>
184.7968 	EXP 	unnamed Circle: fillColor = <class 'numpy.ndarray'>
184.7968 	EXP 	unnamed Circle: radius = np.float64(0.03)
184.7968 	EXP 	unnamed Circle: fillColor = 'white'
184.7968 	EXP 	unnamed Circle: fillColor = <class 'numpy.ndarray'>
184.7968 	EXP 	unnamed Circle: radius = np.float64(0.03)
184.7968 	EXP 	unnamed Circle: fillColor = 'white'
184.7968 	EXP 	unnamed Circle: fillColor = <class 'numpy.ndarray'>
184.7968 	EXP 	unnamed Circle: fillColor = <class 'numpy.ndarray'>
184.7968 	EXP 	unnamed Circle: fillColor = <class 'numpy.ndarray'>
184.7968 	EXP 	unnamed Circle: radius = np.float64(0.03)
184.7968 	EXP 	unnamed Circle: fillColor = 'white'
184.7968 	EXP 	unnamed Circle: fillColor = <class 'numpy.ndarray'>
184.7968 	EXP 	unnamed Circle: radius = np.float64(0.03)
184.7968 	EXP 	unnamed Circle: fillColor = 'white'
184.7968 	EXP 	unnamed Circle: fillColor = <class 'numpy.ndarray'>
184.7968 	EXP 	unnamed Circle: fillColor = <class 'numpy.ndarray'>
184.7968 	EXP 	unnamed Circle: fillColor = <class 'numpy.ndarray'>
184.7968 	EXP 	unnamed Circle: fillColor = <class 'numpy.ndarray'>
184.7968 	EXP 	unnamed Circle: radius = np.float64(0.03)
184.7968 	EXP 	unnamed Circle: fillColor = 'white'
184.7968 	EXP 	unnamed Circle: fillColor = <class 'numpy.ndarray'>
184.7968 	EXP 	unnamed Circle: fillColor = <class 'numpy.ndarray'>
184.7968 	EXP 	unnamed Circle: radius = np.float64(0.03)
184.7968 	EXP 	unnamed Circle: fillColor = 'white'
184.7968 	EXP 	unnamed Circle: fillColor = <class 'numpy.ndarray'>
184.7968 	EXP 	unnamed Circle: fillColor = <class 'numpy.ndarray'>
184.7968 	EXP 	unnamed Circle: radius = np.float64(0.03)
184.7968 	EXP 	unnamed Circle: fillColor = 'white'
184.7968 	EXP 	unnamed Circle: fillColor = <class 'numpy.ndarray'>
184.7968 	EXP 	unnamed Circle: fillColor = <class 'numpy.ndarray'>
184.7968 	EXP 	unnamed Circle: fillColor = <class 'numpy.ndarray'>
184.7968 	EXP 	unnamed Circle: radius = np.float64(0.03)
184.7968 	EXP 	unnamed Circle: fillColor = 'white'
184.7968 	EXP 	unnamed Circle: fillColor = <class 'numpy.ndarray'>
184.7968 	EXP 	unnamed Circle: radius = np.float64(0.03)
184.7968 	EXP 	unnamed Circle: fillColor = 'white'
184.7968 	EXP 	unnamed Circle: fillColor = <class 'numpy.ndarray'>
184.7968 	EXP 	unnamed Circle: fillColor = <class 'numpy.ndarray'>
184.7968 	EXP 	unnamed Circle: fillColor = <class 'numpy.ndarray'>
184.7968 	EXP 	unnamed Circle: radius = np.float64(0.03)
184.7968 	EXP 	unnamed Circle: fillColor = 'white'
184.7968 	EXP 	unnamed Circle: fillColor = <class 'numpy.ndarray'>
184.7968 	EXP 	unnamed Circle: radius = np.float64(0.03)
184.7968 	EXP 	unnamed Circle: fillColor = 'white'
184.7968 	EXP 	unnamed Circle: fillColor = <class 'numpy.ndarray'>
184.7968 	EXP 	unnamed Circle: fillColor = <class 'numpy.ndarray'>
184.7968 	EXP 	unnamed Circle: fillColor = <class 'numpy.ndarray'>
184.7968 	EXP 	unnamed Circle: radius = np.float64(0.03)
184.7968 	EXP 	unnamed Circle: fillColor = 'white'
184.7968 	EXP 	unnamed Circle: fillColor = <class 'numpy.ndarray'>
184.7968 	EXP 	unnamed Circle: radius = np.float64(0.03)
184.7968 	EXP 	unnamed Circle: fillColor = 'white'
184.7968 	EXP 	unnamed Circle: fillColor = <class 'numpy.ndarray'>
184.7968 	EXP 	unnamed Circle: fillColor = <class 'numpy.ndarray'>
184.7968 	EXP 	unnamed Circle: radius = np.float64(0.03)
184.7968 	EXP 	unnamed Circle: fillColor = 'white'
184.7968 	EXP 	unnamed Circle: fillColor = <class 'numpy.ndarray'>
184.7968 	EXP 	unnamed Circle: fillColor = <class 'numpy.ndarray'>
184.7968 	EXP 	unnamed Circle: radius = np.float64(0.03)
184.7968 	EXP 	unnamed Circle: fillColor = 'white'
184.7968 	EXP 	unnamed Circle: fillColor = <class 'numpy.ndarray'>
184.7968 	EXP 	unnamed Circle: fillColor = <class 'numpy.ndarray'>
184.7968 	EXP 	unnamed Circle: fillColor = <class 'numpy.ndarray'>
184.7968 	EXP 	unnamed Circle: fillColor = <class 'numpy.ndarray'>
184.7968 	EXP 	unnamed Circle: fillColor = <class 'numpy.ndarray'>
184.7968 	EXP 	unnamed Circle: radius = np.float64(0.03)
184.7968 	EXP 	unnamed Circle: fillColor = 'white'
184.7968 	EXP 	unnamed Circle: fillColor = <class 'numpy.ndarray'>
184.7968 	EXP 	unnamed Circle: fillColor = <class 'numpy.ndarray'>
184.7968 	EXP 	unnamed Circle: fillColor = <class 'numpy.ndarray'>
184.7968 	EXP 	unnamed Circle: radius = np.float64(0.03)
184.7968 	EXP 	unnamed Circle: fillColor = 'white'
184.7968 	EXP 	unnamed Circle: fillColor = <class 'numpy.ndarray'>
184.7968 	EXP 	unnamed Circle: fillColor = <class 'numpy.ndarray'>
184.7968 	EXP 	unnamed Circle: radius = np.float64(0.03)
184.7968 	EXP 	unnamed Circle: fillColor = 'white'
184.7968 	EXP 	unnamed Circle: fillColor = <class 'numpy.ndarray'>
184.7968 	EXP 	unnamed Circle: fillColor = <class 'numpy.ndarray'>
184.7968 	EXP 	unnamed Circle: fillColor = <class 'numpy.ndarray'>
184.7968 	EXP 	unnamed Circle: radius = np.float64(0.03)
184.7968 	EXP 	unnamed Circle: fillColor = 'white'
184.7968 	EXP 	unnamed Circle: fillColor = <class 'numpy.ndarray'>
184.7968 	EXP 	unnamed Circle: fillColor = <class 'numpy.ndarray'>
184.7968 	EXP 	unnamed Circle: radius = np.float64(0.03)
184.7968 	EXP 	unnamed Circle: fillColor = 'white'
184.7968 	EXP 	unnamed Circle: fillColor = <class 'numpy.ndarray'>
184.7968 	EXP 	unnamed Circle: fillColor = <class 'numpy.ndarray'>
184.7968 	EXP 	unnamed Circle: radius = np.float64(0.03)
184.7968 	EXP 	unnamed Circle: fillColor = 'white'
184.7968 	EXP 	unnamed Circle: fillColor = <class 'numpy.ndarray'>
184.7968 	EXP 	unnamed Circle: fillColor = <class 'numpy.ndarray'>
184.7968 	EXP 	unnamed Circle: radius = np.float64(0.03)
184.7968 	EXP 	unnamed Circle: fillColor = 'white'
184.7968 	EXP 	unnamed Circle: fillColor = <class 'numpy.ndarray'>
184.7968 	EXP 	unnamed Circle: radius = np.float64(0.03)
184.7968 	EXP 	unnamed Circle: fillColor = 'white'
184.7968 	EXP 	unnamed Circle: fillColor = <class 'numpy.ndarray'>
184.7968 	EXP 	unnamed Circle: fillColor = <class 'numpy.ndarray'>
184.7968 	EXP 	unnamed Circle: radius = np.float64(0.03)
184.7968 	EXP 	unnamed Circle: fillColor = 'white'
184.7968 	EXP 	unnamed Circle: fillColor = <class 'numpy.ndarray'>
184.7968 	EXP 	unnamed Circle: fillColor = <class 'numpy.ndarray'>
184.7968 	EXP 	unnamed Circle: fillColor = <class 'numpy.ndarray'>
184.7968 	EXP 	unnamed Circle: radius = np.float64(0.03)
184.7968 	EXP 	unnamed Circle: fillColor = 'white'
184.7968 	EXP 	unnamed Circle: fillColor = <class 'numpy.ndarray'>
184.7968 	EXP 	unnamed Circle: fillColor = <class 'numpy.ndarray'>
184.7968 	EXP 	unnamed Circle: fillColor = <class 'numpy.ndarray'>
184.7968 	EXP 	unnamed Circle: radius = np.float64(0.03)
184.7968 	EXP 	unnamed Circle: fillColor = 'white'
184.7968 	EXP 	unnamed Circle: fillColor = <class 'numpy.ndarray'>
184.7968 	EXP 	unnamed Circle: fillColor = <class 'numpy.ndarray'>
184.7968 	EXP 	unnamed Circle: radius = np.float64(0.03)
184.7968 	EXP 	unnamed Circle: fillColor = 'white'
184.7968 	EXP 	unnamed Circle: fillColor = <class 'numpy.ndarray'>
184.7968 	EXP 	unnamed Circle: fillColor = <class 'numpy.ndarray'>
184.7968 	EXP 	unnamed Circle: radius = np.float64(0.03)
184.7968 	EXP 	unnamed Circle: fillColor = 'white'
184.7968 	EXP 	unnamed Circle: fillColor = <class 'numpy.ndarray'>
184.7968 	EXP 	unnamed Circle: fillColor = <class 'numpy.ndarray'>
184.7968 	EXP 	unnamed Circle: radius = np.float64(0.03)
184.7968 	EXP 	unnamed Circle: fillColor = 'white'
184.7968 	EXP 	unnamed Circle: fillColor = <class 'numpy.ndarray'>
184.7968 	EXP 	unnamed Circle: fillColor = <class 'numpy.ndarray'>
184.7968 	EXP 	unnamed Circle: radius = np.float64(0.03)
184.7968 	EXP 	unnamed Circle: fillColor = 'white'
184.7968 	EXP 	unnamed Circle: fillColor = <class 'numpy.ndarray'>
184.7968 	EXP 	unnamed Circle: fillColor = <class 'numpy.ndarray'>
184.7968 	EXP 	unnamed Circle: fillColor = <class 'numpy.ndarray'>
184.7968 	EXP 	unnamed Circle: radius = np.float64(0.03)
184.7968 	EXP 	unnamed Circle: fillColor = 'white'
184.7968 	EXP 	unnamed Circle: fillColor = <class 'numpy.ndarray'>
184.7968 	EXP 	unnamed Circle: fillColor = <class 'numpy.ndarray'>
184.7968 	EXP 	unnamed Circle: radius = np.float64(0.03)
184.7968 	EXP 	unnamed Circle: fillColor = 'white'
184.7968 	EXP 	unnamed Circle: fillColor = <class 'numpy.ndarray'>
184.7968 	EXP 	unnamed Circle: radius = np.float64(0.03)
184.7968 	EXP 	unnamed Circle: fillColor = 'white'
184.7968 	EXP 	unnamed Circle: fillColor = <class 'numpy.ndarray'>
184.7968 	EXP 	unnamed Circle: fillColor = <class 'numpy.ndarray'>
184.7968 	EXP 	unnamed Circle: fillColor = <class 'numpy.ndarray'>
184.7968 	EXP 	unnamed Circle: radius = np.float64(0.03)
184.7968 	EXP 	unnamed Circle: fillColor = 'white'
184.7968 	EXP 	unnamed Circle: fillColor = <class 'numpy.ndarray'>
184.7968 	EXP 	unnamed Circle: fillColor = <class 'numpy.ndarray'>
184.7968 	EXP 	unnamed Circle: radius = np.float64(0.03)
184.7968 	EXP 	unnamed Circle: fillColor = 'white'
184.7968 	EXP 	unnamed Circle: fillColor = <class 'numpy.ndarray'>
184.7968 	EXP 	unnamed Circle: fillColor = <class 'numpy.ndarray'>
184.7968 	EXP 	unnamed Circle: radius = np.float64(0.03)
184.7968 	EXP 	unnamed Circle: fillColor = 'white'
184.7968 	EXP 	unnamed Circle: fillColor = <class 'numpy.ndarray'>
184.7968 	EXP 	unnamed Circle: fillColor = <class 'numpy.ndarray'>
184.7968 	EXP 	unnamed Circle: radius = np.float64(0.03)
184.7968 	EXP 	unnamed Circle: fillColor = 'white'
184.7968 	EXP 	unnamed Circle: fillColor = <class 'numpy.ndarray'>
184.7968 	EXP 	unnamed Circle: fillColor = <class 'numpy.ndarray'>
184.7968 	EXP 	unnamed Circle: fillColor = <class 'numpy.ndarray'>
184.7968 	EXP 	unnamed Circle: radius = np.float64(0.03)
184.7968 	EXP 	unnamed Circle: fillColor = 'white'
184.7968 	EXP 	unnamed Circle: fillColor = <class 'numpy.ndarray'>
184.7968 	EXP 	unnamed Circle: fillColor = <class 'numpy.ndarray'>
184.7968 	EXP 	unnamed Circle: radius = np.float64(0.03)
184.7968 	EXP 	unnamed Circle: fillColor = 'white'
184.7968 	EXP 	unnamed Circle: fillColor = <class 'numpy.ndarray'>
184.7968 	EXP 	unnamed Circle: fillColor = <class 'numpy.ndarray'>
184.7968 	EXP 	unnamed Circle: fillColor = <class 'numpy.ndarray'>
184.7968 	EXP 	unnamed Circle: radius = np.float64(0.03)
184.7968 	EXP 	unnamed Circle: fillColor = 'white'
184.7968 	EXP 	unnamed Circle: fillColor = <class 'numpy.ndarray'>
184.7968 	EXP 	unnamed Circle: fillColor = <class 'numpy.ndarray'>
184.7968 	EXP 	unnamed Circle: radius = np.float64(0.03)
184.7968 	EXP 	unnamed Circle: fillColor = 'white'
184.7968 	EXP 	unnamed Circle: fillColor = <class 'numpy.ndarray'>
184.7968 	EXP 	unnamed Circle: radius = np.float64(0.03)
184.7968 	EXP 	unnamed Circle: fillColor = 'white'
184.7968 	EXP 	unnamed Circle: fillColor = <class 'numpy.ndarray'>
184.7968 	EXP 	unnamed Circle: fillColor = <class 'numpy.ndarray'>
184.7968 	EXP 	unnamed Circle: fillColor = <class 'numpy.ndarray'>
184.7968 	EXP 	unnamed Circle: radius = np.float64(0.03)
184.7968 	EXP 	unnamed Circle: fillColor = 'white'
184.7968 	EXP 	unnamed Circle: fillColor = <class 'numpy.ndarray'>
184.7968 	EXP 	unnamed Circle: radius = np.float64(0.03)
184.7968 	EXP 	unnamed Circle: fillColor = 'white'
184.7968 	EXP 	unnamed Circle: fillColor = <class 'numpy.ndarray'>
184.7968 	EXP 	unnamed Circle: fillColor = <class 'numpy.ndarray'>
184.7968 	EXP 	unnamed Circle: fillColor = <class 'numpy.ndarray'>
184.7968 	EXP 	unnamed Circle: radius = np.float64(0.03)
184.7968 	EXP 	unnamed Circle: fillColor = 'white'
184.7968 	EXP 	unnamed Circle: fillColor = <class 'numpy.ndarray'>
184.7968 	EXP 	unnamed Circle: radius = np.float64(0.03)
184.7968 	EXP 	unnamed Circle: fillColor = 'white'
184.7968 	EXP 	unnamed Circle: fillColor = <class 'numpy.ndarray'>
184.7968 	EXP 	unnamed Circle: fillColor = <class 'numpy.ndarray'>
184.7968 	EXP 	unnamed Circle: radius = np.float64(0.03)
184.7968 	EXP 	unnamed Circle: fillColor = 'white'
184.7968 	EXP 	unnamed Circle: fillColor = <class 'numpy.ndarray'>
184.7968 	EXP 	unnamed Circle: fillColor = <class 'numpy.ndarray'>
184.7968 	EXP 	unnamed Circle: radius = np.float64(0.03)
184.7968 	EXP 	unnamed Circle: fillColor = 'white'
184.7968 	EXP 	unnamed Circle: fillColor = <class 'numpy.ndarray'>
184.7968 	EXP 	unnamed Circle: fillColor = <class 'numpy.ndarray'>
184.7968 	EXP 	unnamed Circle: fillColor = <class 'numpy.ndarray'>
184.7968 	EXP 	unnamed Circle: radius = np.float64(0.03)
184.7968 	EXP 	unnamed Circle: fillColor = 'white'
184.7968 	EXP 	unnamed Circle: fillColor = <class 'numpy.ndarray'>
184.7968 	EXP 	unnamed Circle: fillColor = <class 'numpy.ndarray'>
184.7968 	EXP 	unnamed Circle: radius = np.float64(0.03)
184.7968 	EXP 	unnamed Circle: fillColor = 'white'
184.7968 	EXP 	unnamed Circle: fillColor = <class 'numpy.ndarray'>
184.7968 	EXP 	unnamed Circle: fillColor = <class 'numpy.ndarray'>
184.7968 	EXP 	unnamed Circle: radius = np.float64(0.03)
184.7968 	EXP 	unnamed Circle: fillColor = 'white'
184.7968 	EXP 	unnamed Circle: fillColor = <class 'numpy.ndarray'>
184.7968 	EXP 	unnamed Circle: fillColor = <class 'numpy.ndarray'>
184.7968 	EXP 	unnamed Circle: radius = np.float64(0.03)
184.7968 	EXP 	unnamed Circle: fillColor = 'white'
184.7968 	EXP 	unnamed Circle: fillColor = <class 'numpy.ndarray'>
184.7968 	EXP 	unnamed Circle: fillColor = <class 'numpy.ndarray'>
184.7968 	EXP 	unnamed Circle: radius = np.float64(0.03)
184.7968 	EXP 	unnamed Circle: fillColor = 'white'
184.7968 	EXP 	unnamed Circle: fillColor = <class 'numpy.ndarray'>
184.7968 	EXP 	unnamed Circle: fillColor = <class 'numpy.ndarray'>
184.7968 	EXP 	unnamed Circle: fillColor = <class 'numpy.ndarray'>
184.7968 	EXP 	unnamed Circle: fillColor = <class 'numpy.ndarray'>
184.7968 	EXP 	unnamed Circle: fillColor = <class 'numpy.ndarray'>
184.7968 	EXP 	unnamed Circle: fillColor = <class 'numpy.ndarray'>
184.7968 	EXP 	unnamed Circle: fillColor = <class 'numpy.ndarray'>
184.7968 	EXP 	unnamed Circle: radius = np.float64(0.03)
184.7968 	EXP 	unnamed Circle: fillColor = 'white'
184.7968 	EXP 	unnamed Circle: fillColor = <class 'numpy.ndarray'>
184.7968 	EXP 	unnamed Circle: fillColor = <class 'numpy.ndarray'>
184.7968 	EXP 	unnamed Circle: radius = np.float64(0.03)
184.7968 	EXP 	unnamed Circle: fillColor = 'white'
184.7968 	EXP 	unnamed Circle: fillColor = <class 'numpy.ndarray'>
184.7968 	EXP 	unnamed Circle: fillColor = <class 'numpy.ndarray'>
184.7968 	EXP 	unnamed Circle: radius = np.float64(0.03)
184.7968 	EXP 	unnamed Circle: fillColor = 'white'
184.7968 	EXP 	unnamed Circle: fillColor = <class 'numpy.ndarray'>
184.7968 	EXP 	unnamed Circle: fillColor = <class 'numpy.ndarray'>
184.7968 	EXP 	unnamed Circle: fillColor = <class 'numpy.ndarray'>
184.7968 	EXP 	unnamed Circle: fillColor = <class 'numpy.ndarray'>
184.7968 	EXP 	unnamed Circle: fillColor = <class 'numpy.ndarray'>
184.7968 	EXP 	unnamed Circle: radius = np.float64(0.03)
184.7968 	EXP 	unnamed Circle: fillColor = 'white'
184.7968 	EXP 	unnamed Circle: fillColor = <class 'numpy.ndarray'>
184.7968 	EXP 	unnamed Circle: fillColor = <class 'numpy.ndarray'>
184.7968 	EXP 	unnamed Circle: radius = np.float64(0.03)
184.7968 	EXP 	unnamed Circle: fillColor = 'white'
184.7968 	EXP 	unnamed Circle: fillColor = <class 'numpy.ndarray'>
184.7968 	EXP 	unnamed Circle: radius = np.float64(0.03)
184.7968 	EXP 	unnamed Circle: fillColor = 'white'
184.7968 	EXP 	unnamed Circle: fillColor = <class 'numpy.ndarray'>
184.7968 	EXP 	unnamed Circle: fillColor = <class 'numpy.ndarray'>
184.7968 	EXP 	unnamed Circle: radius = np.float64(0.03)
184.7968 	EXP 	unnamed Circle: fillColor = 'white'
184.7968 	EXP 	unnamed Circle: fillColor = <class 'numpy.ndarray'>
184.7968 	EXP 	unnamed Circle: fillColor = <class 'numpy.ndarray'>
184.7968 	EXP 	unnamed Circle: radius = np.float64(0.03)
184.7968 	EXP 	unnamed Circle: fillColor = 'white'
184.7968 	EXP 	unnamed Circle: fillColor = <class 'numpy.ndarray'>
184.7968 	EXP 	unnamed Circle: fillColor = <class 'numpy.ndarray'>
184.7968 	EXP 	unnamed Circle: radius = np.float64(0.03)
184.7968 	EXP 	unnamed Circle: fillColor = 'white'
184.7968 	EXP 	unnamed Circle: fillColor = <class 'numpy.ndarray'>
184.7968 	EXP 	unnamed Circle: fillColor = <class 'numpy.ndarray'>
184.7968 	EXP 	unnamed Circle: fillColor = <class 'numpy.ndarray'>
184.7968 	EXP 	unnamed Circle: radius = np.float64(0.03)
184.7968 	EXP 	unnamed Circle: fillColor = 'white'
184.7968 	EXP 	unnamed Circle: fillColor = <class 'numpy.ndarray'>
184.7968 	EXP 	unnamed Circle: fillColor = <class 'numpy.ndarray'>
184.7968 	EXP 	unnamed Circle: radius = np.float64(0.03)
184.7968 	EXP 	unnamed Circle: fillColor = 'white'
184.7968 	EXP 	unnamed Circle: fillColor = <class 'numpy.ndarray'>
184.7968 	EXP 	unnamed Circle: radius = np.float64(0.03)
184.7968 	EXP 	unnamed Circle: fillColor = 'white'
184.7968 	EXP 	unnamed Circle: fillColor = <class 'numpy.ndarray'>
184.7968 	EXP 	unnamed Circle: fillColor = <class 'numpy.ndarray'>
184.7968 	EXP 	unnamed Circle: radius = np.float64(0.03)
184.7968 	EXP 	unnamed Circle: fillColor = 'white'
184.7968 	EXP 	unnamed Circle: fillColor = <class 'numpy.ndarray'>
184.7968 	EXP 	unnamed Circle: fillColor = <class 'numpy.ndarray'>
184.7968 	EXP 	unnamed Circle: radius = np.float64(0.03)
184.7968 	EXP 	unnamed Circle: fillColor = 'white'
184.7968 	EXP 	unnamed Circle: fillColor = <class 'numpy.ndarray'>
184.7968 	EXP 	unnamed Circle: fillColor = <class 'numpy.ndarray'>
184.7968 	EXP 	unnamed Circle: fillColor = <class 'numpy.ndarray'>
184.7968 	EXP 	unnamed Circle: radius = np.float64(0.03)
184.7968 	EXP 	unnamed Circle: fillColor = 'white'
184.7968 	EXP 	unnamed Circle: fillColor = <class 'numpy.ndarray'>
184.7968 	EXP 	unnamed Circle: radius = np.float64(0.03)
184.7968 	EXP 	unnamed Circle: fillColor = 'white'
184.7968 	EXP 	unnamed Circle: fillColor = <class 'numpy.ndarray'>
184.7968 	EXP 	unnamed Circle: fillColor = <class 'numpy.ndarray'>
184.7968 	EXP 	unnamed Circle: radius = np.float64(0.03)
184.7968 	EXP 	unnamed Circle: fillColor = 'white'
184.7968 	EXP 	unnamed Circle: fillColor = <class 'numpy.ndarray'>
184.7968 	EXP 	unnamed Circle: fillColor = <class 'numpy.ndarray'>
184.7968 	EXP 	unnamed Circle: radius = np.float64(0.03)
184.7968 	EXP 	unnamed Circle: fillColor = 'white'
184.7968 	EXP 	unnamed Circle: fillColor = <class 'numpy.ndarray'>
184.7968 	EXP 	text_2: autoDraw = True
185.7986 	EXP 	text_2: autoDraw = False
185.7986 	EXP 	text_2: autoDraw = False
186.9506 	DATA 	Keypress: 2
186.9538 	EXP 	Created text = TextStim(__class__=<class 'psychopy.visual.text.TextStim'>, alignHoriz=method-wrapper(...), alignText='center', alignVert=method-wrapper(...), anchorHoriz='center', anchorVert='center', antialias=True, autoDraw=False, autoLog=True, bold=False, color=array([1., 1., 1.]), colorSpace='rgb', contrast=1.0, depth=0.0, draggable=False, flipHoriz=False, flipVert=False, font='Arial', fontFiles=[], height=np.float64(0.06), italic=False, languageStyle='LTR', name='text', opacity=1, ori=0, pos=array([0. , 0.2]), rgb=UNKNOWN, text=str(...), units='norm', win=Window(...), wrapWidth=1.2)
186.9585 	WARNING 	Font b'Arial' was requested. No similar font found.
186.9928 	WARNING 	Font b'Arial' was requested. No similar font found.
186.9992 	WARNING 	Font b'Arial' was requested. No similar font found.
187.0049 	WARNING 	Font b'Arial' was requested. No similar font found.
187.0117 	EXP 	Created None = Slider(__class__=<class 'psychopy.visual.slider.Slider'>, autoDraw=False, autoLog=True, borderColor=None, color=None, colorSpace='rgb', depth=0, fillColor=None, flip=False, font='Arial', granularity=1, labelColor=None, labelHeight=np.float64(0.06), labelWrapWidth=None, labels=('Never', 'Always'), lineColor=None, markerColor=None, name=None, opacity=None, ori=0, pos=array([0., 0.]), readOnly=False, self=UNKNOWN, size=array([0.85, 0.1 ]), startValue=None, style='rating', styleTweaks=[], ticks=array([1, 9]), units='norm', win=Window(...))
187.0191 	EXP 	None: autoLog = True
187.0191 	EXP 	None: styleTweaks = []
187.0191 	EXP 	None: styleTweaks = []
187.0191 	EXP 	None: styleTweaks = []
187.0191 	EXP 	None: styleTweaks = []
187.0191 	EXP 	None: contrast = 1.0
187.0191 	EXP 	None: markerPos = None
187.0191 	EXP 	None: autoLog = True
187.0191 	EXP 	None: markerPos = 5
187.1072 	DATA 	Keypress: 0
187.1100 	EXP 	None: markerPos = 5
187.1121 	EXP 	Created text = TextStim(__class__=<class 'psychopy.visual.text.TextStim'>, alignHoriz=method-wrapper(...), alignText='center', alignVert=method-wrapper(...), anchorHoriz='center', anchorVert='center', antialias=True, autoDraw=False, autoLog=True, bold=False, color=array([1., 1., 1.]), colorSpace='rgb', contrast=1.0, depth=0.0, draggable=False, flipHoriz=False, flipVert=False, font='Arial', fontFiles=[], height=np.float64(0.06), italic=False, languageStyle='LTR', name='text', opacity=1, ori=0, pos=array([0. , 0.2]), rgb=UNKNOWN, text=str(...), units='norm', win=Window(...), wrapWidth=1.2)
187.1158 	WARNING 	Font b'Arial' was requested. No similar font found.
187.1190 	WARNING 	Font b'Arial' was requested. No similar font found.
187.1220 	WARNING 	Font b'Arial' was requested. No similar font found.
187.1267 	WARNING 	Font b'Arial' was requested. No similar font found.
187.1335 	EXP 	Created None = Slider(__class__=<class 'psychopy.visual.slider.Slider'>, autoDraw=False, autoLog=True, borderColor=None, color=None, colorSpace='rgb', depth=0, fillColor=None, flip=False, font='Arial', granularity=1, labelColor=None, labelHeight=np.float64(0.06), labelWrapWidth=None, labels=('Never', 'All the time'), lineColor=None, markerColor=None, name=None, opacity=None, ori=0, pos=array([0., 0.]), readOnly=False, self=UNKNOWN, size=array([0.85, 0.1 ]), startValue=None, style='rating', styleTweaks=[], ticks=array([1, 9]), units='norm', win=Window(...))
187.1384 	EXP 	None: autoLog = True
187.1384 	EXP 	None: styleTweaks = []
187.1384 	EXP 	None: styleTweaks = []
187.1384 	EXP 	None: styleTweaks = []
187.1384 	EXP 	None: styleTweaks = []
187.1384 	EXP 	None: contrast = 1.0
187.1384 	EXP 	None: markerPos = None
187.1384 	EXP 	None: autoLog = True
187.1384 	EXP 	None: markerPos = 5
187.2386 	DATA 	Keypress: 2
187.2413 	EXP 	None: markerPos = 6
187.3649 	DATA 	Keypress: 0
187.3674 	EXP 	None: markerPos = 6
187.3693 	EXP 	Created text = TextStim(__class__=<class 'psychopy.visual.text.TextStim'>, alignHoriz=method-wrapper(...), alignText='center', alignVert=method-wrapper(...), anchorHoriz='center', anchorVert='center', antialias=True, autoDraw=False, autoLog=True, bold=False, color=array([1., 1., 1.]), colorSpace='rgb', contrast=1.0, depth=0.0, draggable=False, flipHoriz=False, flipVert=False, font='Arial', fontFiles=[], height=np.float64(0.06), italic=False, languageStyle='LTR', name='text', opacity=1, ori=0, pos=array([0. , 0.2]), rgb=UNKNOWN, text=str(...), units='norm', win=Window(...), wrapWidth=1.2)
187.3729 	WARNING 	Font b'Arial' was requested. No similar font found.
187.3770 	WARNING 	Font b'Arial' was requested. No similar font found.
187.3799 	WARNING 	Font b'Arial' was requested. No similar font found.
187.3856 	WARNING 	Font b'Arial' was requested. No similar font found.
187.3926 	EXP 	Created None = Slider(__class__=<class 'psychopy.visual.slider.Slider'>, autoDraw=False, autoLog=True, borderColor=None, color=None, colorSpace='rgb', depth=0, fillColor=None, flip=False, font='Arial', granularity=1, labelColor=None, labelHeight=np.float64(0.06), labelWrapWidth=None, labels=('Not at all', 'Very Difficult'), lineColor=None, markerColor=None, name=None, opacity=None, ori=0, pos=array([0., 0.]), readOnly=False, self=UNKNOWN, size=array([0.85, 0.1 ]), startValue=None, style='rating', styleTweaks=[], ticks=array([1, 9]), units='norm', win=Window(...))
187.3985 	EXP 	None: autoLog = True
187.3985 	EXP 	None: styleTweaks = []
187.3985 	EXP 	None: styleTweaks = []
187.3985 	EXP 	None: styleTweaks = []
187.3985 	EXP 	None: styleTweaks = []
187.3985 	EXP 	None: contrast = 1.0
187.3985 	EXP 	None: markerPos = None
187.3985 	EXP 	None: autoLog = True
187.3985 	EXP 	None: markerPos = 5
187.4964 	DATA 	Keypress: 2
187.4993 	EXP 	None: markerPos = 6
187.6935 	DATA 	Keypress: 0
187.6963 	EXP 	None: markerPos = 6
187.6981 	EXP 	Created text = TextStim(__class__=<class 'psychopy.visual.text.TextStim'>, alignHoriz=method-wrapper(...), alignText='center', alignVert=method-wrapper(...), anchorHoriz='center', anchorVert='center', antialias=True, autoDraw=False, autoLog=True, bold=False, color=array([1., 1., 1.]), colorSpace='rgb', contrast=1.0, depth=0.0, draggable=False, flipHoriz=False, flipVert=False, font='Arial', fontFiles=[], height=np.float64(0.06), italic=False, languageStyle='LTR', name='text', opacity=1, ori=0, pos=array([0. , 0.2]), rgb=UNKNOWN, text='How calm do you feel right now?', units='norm', win=Window(...), wrapWidth=1.2)
187.7016 	WARNING 	Font b'Arial' was requested. No similar font found.
187.7048 	WARNING 	Font b'Arial' was requested. No similar font found.
187.7078 	WARNING 	Font b'Arial' was requested. No similar font found.
187.7107 	WARNING 	Font b'Arial' was requested. No similar font found.
187.7176 	EXP 	Created None = Slider(__class__=<class 'psychopy.visual.slider.Slider'>, autoDraw=False, autoLog=True, borderColor=None, color=None, colorSpace='rgb', depth=0, fillColor=None, flip=False, font='Arial', granularity=1, labelColor=None, labelHeight=np.float64(0.06), labelWrapWidth=None, labels=('Not at all', 'Very calm'), lineColor=None, markerColor=None, name=None, opacity=None, ori=0, pos=array([0., 0.]), readOnly=False, self=UNKNOWN, size=array([0.85, 0.1 ]), startValue=None, style='rating', styleTweaks=[], ticks=array([1, 9]), units='norm', win=Window(...))
187.7213 	EXP 	None: autoLog = True
187.7213 	EXP 	None: styleTweaks = []
187.7213 	EXP 	None: styleTweaks = []
187.7213 	EXP 	None: styleTweaks = []
187.7213 	EXP 	None: styleTweaks = []
187.7213 	EXP 	None: contrast = 1.0
187.7213 	EXP 	None: markerPos = None
187.7213 	EXP 	None: autoLog = True
187.7213 	EXP 	None: markerPos = 5
187.8754 	DATA 	Keypress: 2
187.8784 	EXP 	None: markerPos = 6
188.1382 	DATA 	Keypress: 0
188.1410 	EXP 	None: markerPos = 6
