8.0267 	EXP 	DMN_BallTask: status = NOT_STARTED
8.0706 	WARNING 	User requested fullscreen with size [1080 1080], but screen is actually [1920, 1080]. Using actual size
8.5067 	EXP 	Created window1 = Window(allowGUI=False, allowStencil=False, autoLog=True, backendConf=UNKNOWN, backgroundFit=<method-wrapper '__getattribute__' of attributeSetter object at 0x739f114a17e0>, backgroundImage=<method-wrapper '__getattribute__' of attributeSetter object at 0x739f114a1780>, bitsMode=UNKNOWN, blendMode='avg', bpc=(8, 8, 8), color=array([-1, -1, -1]), colorSpace='rgb', depthBits=8, fullscr=True, gamma=None, gammaErrorPolicy='raise', infoMsg=UNKNOWN, lms=UNKNOWN, monitor=<psychopy.monitors.calibTools.Monitor object at 0x739f0843fe80>, multiSample=False, name='window1', numSamples=2, pos=[np.float64(0.0), np.float64(0.0)], screen=1, size=array([1920, 1080]), stencilBits=0, stereo=False, title='PsychoPy', units='norm', useFBO=True, useRetina=False, viewOri=0.0, viewPos=None, viewScale=None, waitBlanking=True, winType='pyglet')
8.5068 	EXP 	window1: backgroundImage = None
8.5068 	EXP 	window1: backgroundFit = 'cover'
8.5104 	EXP 	window1: Attempting to measure frame rate of screen (1) ...
8.5104 	EXP 	window1: recordFrameIntervals = False
8.6723 	EXP 	window1: recordFrameIntervals = True
8.8558 	EXP 	Screen (1) actual frame rate measured at 60.02Hz
8.8558 	EXP 	window1: recordFrameIntervals = False
8.9000 	EXP 	Created text = TextStim(__class__=<class 'psychopy.visual.text.TextStim'>, alignHoriz=method-wrapper(...), alignText='center', alignVert=method-wrapper(...), anchorHoriz='center', anchorVert='center', antialias=True, autoDraw=False, autoLog=True, bold=False, color=array([1., 1., 1.]), colorSpace='rgb', contrast=1.0, depth=0.0, draggable=False, flipHoriz=False, flipVert=False, font='Arial', fontFiles=[], height=np.float64(0.06), italic=False, languageStyle='LTR', name='text', opacity=1, ori=0, pos=array([0. , 0.2]), rgb=UNKNOWN, text=str(...), units='norm', win=Window(...), wrapWidth=1.2)
8.9005 	EXP 	Created text = TextStim(__class__=<class 'psychopy.visual.text.TextStim'>, alignHoriz=method-wrapper(...), alignText='center', alignVert=method-wrapper(...), anchorHoriz='center', anchorVert='center', antialias=True, autoDraw=False, autoLog=True, bold=False, color=array([1., 1., 1.]), colorSpace='rgb', contrast=1.0, depth=0.0, draggable=False, flipHoriz=False, flipVert=False, font='Arial', fontFiles=[], height=0.06, italic=False, languageStyle='LTR', name='text', opacity=1, ori=0, pos=array([0., 0.]), rgb=UNKNOWN, text='', units='norm', win=Window(...), wrapWidth=1.2)
8.9036 	EXP 	Created waiting_for_trigger_text = TextStim(__class__=<class 'psychopy.visual.text.TextStim'>, alignHoriz=method-wrapper(...), alignText='center', alignVert=method-wrapper(...), anchorHoriz='center', anchorVert='center', antialias=True, autoDraw=False, autoLog=True, bold=False, color=array([1., 1., 1.]), colorSpace='rgb', contrast=1.0, depth=0.0, draggable=False, flipHoriz=False, flipVert=False, font='Arial', fontFiles=[], height=np.float64(0.1), italic=False, languageStyle='LTR', name='waiting_for_trigger_text', opacity=1, ori=0, pos=array([0., 0.]), rgb=UNKNOWN, text='waiting for scanner', units='norm', win=Window(...), wrapWidth=2)
8.9059 	EXP 	Created text_2 = TextStim(__class__=<class 'psychopy.visual.text.TextStim'>, alignHoriz=method-wrapper(...), alignText='center', alignVert=method-wrapper(...), anchorHoriz='center', anchorVert='center', antialias=True, autoDraw=False, autoLog=True, bold=False, color=array([1., 1., 1.]), colorSpace='rgb', contrast=1.0, depth=0.0, draggable=False, flipHoriz=False, flipVert=False, font='Arial', fontFiles=[], height=np.float64(0.3), italic=False, languageStyle='LTR', name='text_2', opacity=1, ori=0, pos=array([0., 0.]), rgb=UNKNOWN, text='+', units='norm', win=Window(...), wrapWidth=1)
8.9086 	EXP 	Created text_relax = TextStim(__class__=<class 'psychopy.visual.text.TextStim'>, alignHoriz=method-wrapper(...), alignText='center', alignVert=method-wrapper(...), anchorHoriz='center', anchorVert='center', antialias=True, autoDraw=False, autoLog=True, bold=False, color=array([1., 1., 1.]), colorSpace='rgb', contrast=1.0, depth=0.0, draggable=False, flipHoriz=False, flipVert=False, font='Arial', fontFiles=[], height=np.float64(0.07), italic=False, languageStyle='LTR', name='text_relax', opacity=1, ori=0, pos=array([ 0. , -0.2]), rgb=UNKNOWN, text='Relax', units='norm', win=Window(...), wrapWidth=1)
8.9109 	EXP 	Created text_4 = TextStim(__class__=<class 'psychopy.visual.text.TextStim'>, alignHoriz=method-wrapper(...), alignText='center', alignVert=method-wrapper(...), anchorHoriz='center', anchorVert='center', antialias=True, autoDraw=False, autoLog=True, bold=False, color=array([1., 1., 1.]), colorSpace='rgb', contrast=1.0, depth=-3.0, draggable=False, flipHoriz=False, flipVert=False, font='Arial', fontFiles=[], height=np.float64(0.1), italic=False, languageStyle='LTR', name='text_4', opacity=1, ori=0, pos=array([0., 0.]), rgb=UNKNOWN, text='default text', units='norm', win=Window(...), wrapWidth=1)
8.9166 	WARNING 	fillRGB parameter is deprecated. Please use lineColor and colorSpace instead
8.9167 	WARNING 	lineRGB parameter is deprecated. Please use lineColor and colorSpace instead
8.9201 	EXP 	Created unnamed Circle = Circle(__class__=<class 'psychopy.visual.circle.Circle'>, anchor=('center', 'center'), autoDraw=False, autoLog=True, closeShape=True, color=method-wrapper(...), colorSpace='rgb', contrast=None, depth=0, draggable=False, fillColor=array([0, 0, 0]), fillColorSpace='rgb', fillRGB=array([0, 0, 0]), interpolate=True, lineColor=array([ 1.,  1., -1.]), lineColorSpace='rgb', lineRGB=array([ 1,  1, -1]), lineWidth=3, name='unnamed Circle', opacity=1, ori=0.0, pos=array([0.        , 0.33333333]), size=array([1., 1.]), units='norm', vertices=ndarray(...), win=Window(...), windingRule=None)
8.9243 	WARNING 	fillRGB parameter is deprecated. Please use lineColor and colorSpace instead
8.9244 	WARNING 	lineRGB parameter is deprecated. Please use lineColor and colorSpace instead
8.9276 	EXP 	Created unnamed Circle = Circle(__class__=<class 'psychopy.visual.circle.Circle'>, anchor=('center', 'center'), autoDraw=False, autoLog=True, closeShape=True, color=method-wrapper(...), colorSpace='rgb', contrast=None, depth=0, draggable=False, fillColor=array([0, 0, 0]), fillColorSpace='rgb', fillRGB=array([0, 0, 0]), interpolate=True, lineColor=array([0.35686275, 0.69411765, 0.80392157]), lineColorSpace='rgb', lineRGB=array([0.35686275, 0.69411765, 0.80392157]), lineWidth=3, name='unnamed Circle', opacity=1, ori=0.0, pos=array([ 0.        , -0.33333333]), size=array([1., 1.]), units='norm', vertices=ndarray(...), win=Window(...), windingRule=None)
8.9318 	WARNING 	fillRGB parameter is deprecated. Please use lineColor and colorSpace instead
8.9319 	WARNING 	lineRGB parameter is deprecated. Please use lineColor and colorSpace instead
8.9353 	EXP 	Created unnamed Circle = Circle(__class__=<class 'psychopy.visual.circle.Circle'>, anchor=('center', 'center'), autoDraw=False, autoLog=True, closeShape=True, color=method-wrapper(...), colorSpace='rgb', contrast=None, depth=0, draggable=False, fillColor=array([1, 1, 1]), fillColorSpace='rgb', fillRGB=array([1, 1, 1]), interpolate=True, lineColor=array([1., 1., 1.]), lineColorSpace='rgb', lineRGB=array([1, 1, 1]), lineWidth=1.5, name='unnamed Circle', opacity=1, ori=0.0, pos=array([0., 0.]), size=array([1., 1.]), units='norm', vertices=ndarray(...), win=Window(...), windingRule=None)
8.9395 	WARNING 	fillRGB parameter is deprecated. Please use lineColor and colorSpace instead
8.9396 	WARNING 	lineRGB parameter is deprecated. Please use lineColor and colorSpace instead
8.9429 	EXP 	Created unnamed Circle = Circle(__class__=<class 'psychopy.visual.circle.Circle'>, anchor=('center', 'center'), autoDraw=False, autoLog=True, closeShape=True, color=method-wrapper(...), colorSpace='rgb', contrast=None, depth=0, draggable=False, fillColor=array([1, 1, 1]), fillColorSpace='rgb', fillRGB=array([1, 1, 1]), interpolate=True, lineColor=array([1., 1., 1.]), lineColorSpace='rgb', lineRGB=array([1, 1, 1]), lineWidth=3, name='unnamed Circle', opacity=1, ori=0.0, pos=array([0., 0.]), size=array([1., 1.]), units='norm', vertices=ndarray(...), win=Window(...), windingRule=None)
8.9456 	EXP 	Created instruct_text = TextStim(__class__=<class 'psychopy.visual.text.TextStim'>, alignHoriz=method-wrapper(...), alignText='center', alignVert=method-wrapper(...), anchorHoriz='center', anchorVert='center', antialias=True, autoDraw=False, autoLog=True, bold=False, color=array([1., 1., 1.]), colorSpace='rgb', contrast=1.0, depth=0.0, draggable=False, flipHoriz=False, flipVert=False, font='Arial', fontFiles=[], height=np.float64(0.06), italic=False, languageStyle='LTR', name='instruct_text', opacity=1, ori=0, pos=array([0., 0.]), rgb=UNKNOWN, text='replace me', units='norm', win=Window(...), wrapWidth=1.2)
8.9477 	EXP 	Created thank_you_end_run_text = TextStim(__class__=<class 'psychopy.visual.text.TextStim'>, alignHoriz=method-wrapper(...), alignText='center', alignVert=method-wrapper(...), anchorHoriz='center', anchorVert='center', antialias=True, autoDraw=False, autoLog=True, bold=False, color=array([1., 1., 1.]), colorSpace='rgb', contrast=1.0, depth=0.0, draggable=False, flipHoriz=False, flipVert=False, font='Arial', fontFiles=[], height=np.float64(0.1), italic=False, languageStyle='LTR', name='thank_you_end_run_text', opacity=1, ori=0, pos=array([0., 0.]), rgb=UNKNOWN, text='thank you!', units='norm', win=Window(...), wrapWidth=1)
8.9558 	EXP 	instruct_text: height = np.float64(0.06)
8.9558 	EXP 	instruct_text: height = np.float64(0.06)
8.9558 	EXP 	instruct_text: height = np.float64(0.06)
8.9558 	EXP 	instruct_text: text = 'Great job! Now, you’ll get to try moving the ball with your mindful describing practice! \n\nYou will see the 2 circles and white ball again. When the white ball moves up towards the top yellow circle, this means you are in a mindful brain state with your describing practice. \nIf the ball reaches either of the circles, it will move back to the center.'
10.4769 	DATA 	Keypress: lalt
20.5114 	DATA 	Keypress: space
20.5169 	EXP 	instruct_text: height = np.float64(0.06)
20.5169 	EXP 	instruct_text: height = np.float64(0.06)
20.5169 	EXP 	instruct_text: height = np.float64(0.06)
20.5169 	EXP 	instruct_text: text = 'When you see the plus sign (+), just relax.\n\nOnce the circles appear, please start the Describing practice. This scan will last 2.5 min.'
20.6729 	DATA 	Keypress: space
20.6751 	EXP 	waiting_for_trigger_text: autoDraw = True
20.8056 	DATA 	Keypress: space
20.9539 	DATA 	Keypress: space
21.1040 	DATA 	Keypress: 5
21.1221 	EXP 	waiting_for_trigger_text: autoDraw = False
21.1221 	EXP 	text_2: autoDraw = True
21.1221 	EXP 	text_relax: autoDraw = True
51.1388 	EXP 	text_2: autoDraw = False
51.1388 	EXP 	text_relax: autoDraw = False
51.1388 	EXP 	text_2: autoDraw = False
52.2220 	EXP 	unnamed Circle: fillColor = <class 'numpy.ndarray'>
52.2220 	EXP 	unnamed Circle: fillColor = <class 'numpy.ndarray'>
53.4054 	EXP 	unnamed Circle: fillColor = <class 'numpy.ndarray'>
53.4054 	EXP 	unnamed Circle: fillColor = <class 'numpy.ndarray'>
54.6385 	EXP 	unnamed Circle: fillColor = <class 'numpy.ndarray'>
54.6385 	EXP 	unnamed Circle: fillColor = <class 'numpy.ndarray'>
55.8217 	EXP 	unnamed Circle: fillColor = <class 'numpy.ndarray'>
55.8217 	EXP 	unnamed Circle: fillColor = <class 'numpy.ndarray'>
57.0556 	EXP 	unnamed Circle: fillColor = <class 'numpy.ndarray'>
57.0556 	EXP 	unnamed Circle: fillColor = <class 'numpy.ndarray'>
58.2385 	EXP 	unnamed Circle: fillColor = <class 'numpy.ndarray'>
58.2385 	EXP 	unnamed Circle: radius = np.float64(0.135)
58.2385 	EXP 	unnamed Circle: fillColor = 'white'
58.2385 	EXP 	unnamed Circle: fillColor = <class 'numpy.ndarray'>
59.4720 	EXP 	unnamed Circle: fillColor = <class 'numpy.ndarray'>
59.4720 	EXP 	unnamed Circle: fillColor = <class 'numpy.ndarray'>
60.6719 	EXP 	unnamed Circle: fillColor = <class 'numpy.ndarray'>
60.6719 	EXP 	unnamed Circle: fillColor = <class 'numpy.ndarray'>
61.8717 	EXP 	unnamed Circle: fillColor = <class 'numpy.ndarray'>
61.8717 	EXP 	unnamed Circle: fillColor = <class 'numpy.ndarray'>
63.0549 	EXP 	unnamed Circle: fillColor = <class 'numpy.ndarray'>
63.0549 	EXP 	unnamed Circle: radius = np.float64(0.12150000000000001)
63.0549 	EXP 	unnamed Circle: fillColor = 'white'
63.0549 	EXP 	unnamed Circle: fillColor = <class 'numpy.ndarray'>
64.2887 	EXP 	unnamed Circle: fillColor = <class 'numpy.ndarray'>
64.2887 	EXP 	unnamed Circle: fillColor = <class 'numpy.ndarray'>
65.4718 	EXP 	unnamed Circle: fillColor = <class 'numpy.ndarray'>
65.4718 	EXP 	unnamed Circle: fillColor = <class 'numpy.ndarray'>
66.6885 	EXP 	unnamed Circle: fillColor = <class 'numpy.ndarray'>
66.6885 	EXP 	unnamed Circle: fillColor = <class 'numpy.ndarray'>
67.8886 	EXP 	unnamed Circle: fillColor = <class 'numpy.ndarray'>
67.8886 	EXP 	unnamed Circle: radius = np.float64(0.10935000000000002)
67.8886 	EXP 	unnamed Circle: fillColor = 'white'
67.8886 	EXP 	unnamed Circle: fillColor = <class 'numpy.ndarray'>
69.1050 	EXP 	unnamed Circle: fillColor = <class 'numpy.ndarray'>
69.1050 	EXP 	unnamed Circle: fillColor = <class 'numpy.ndarray'>
70.2886 	EXP 	unnamed Circle: fillColor = <class 'numpy.ndarray'>
70.2886 	EXP 	unnamed Circle: fillColor = <class 'numpy.ndarray'>
71.5051 	EXP 	unnamed Circle: fillColor = <class 'numpy.ndarray'>
71.5051 	EXP 	unnamed Circle: fillColor = <class 'numpy.ndarray'>
72.7219 	EXP 	unnamed Circle: fillColor = <class 'numpy.ndarray'>
72.7219 	EXP 	unnamed Circle: radius = np.float64(0.09841500000000002)
72.7219 	EXP 	unnamed Circle: fillColor = 'white'
72.7219 	EXP 	unnamed Circle: fillColor = <class 'numpy.ndarray'>
73.9218 	EXP 	unnamed Circle: fillColor = <class 'numpy.ndarray'>
73.9218 	EXP 	unnamed Circle: fillColor = <class 'numpy.ndarray'>
75.1382 	EXP 	unnamed Circle: fillColor = <class 'numpy.ndarray'>
75.1382 	EXP 	unnamed Circle: fillColor = <class 'numpy.ndarray'>
76.3216 	EXP 	unnamed Circle: fillColor = <class 'numpy.ndarray'>
76.3216 	EXP 	unnamed Circle: fillColor = <class 'numpy.ndarray'>
77.5385 	EXP 	unnamed Circle: fillColor = <class 'numpy.ndarray'>
77.5385 	EXP 	unnamed Circle: radius = np.float64(0.08857350000000001)
77.5385 	EXP 	unnamed Circle: fillColor = 'white'
77.5385 	EXP 	unnamed Circle: fillColor = <class 'numpy.ndarray'>
78.7552 	EXP 	unnamed Circle: fillColor = <class 'numpy.ndarray'>
78.7552 	EXP 	unnamed Circle: fillColor = <class 'numpy.ndarray'>
79.9383 	EXP 	unnamed Circle: fillColor = <class 'numpy.ndarray'>
79.9383 	EXP 	unnamed Circle: fillColor = <class 'numpy.ndarray'>
81.1549 	EXP 	unnamed Circle: fillColor = <class 'numpy.ndarray'>
81.1549 	EXP 	unnamed Circle: fillColor = <class 'numpy.ndarray'>
82.3717 	EXP 	unnamed Circle: fillColor = <class 'numpy.ndarray'>
82.3717 	EXP 	unnamed Circle: fillColor = <class 'numpy.ndarray'>
83.5719 	EXP 	unnamed Circle: fillColor = <class 'numpy.ndarray'>
83.5719 	EXP 	unnamed Circle: radius = np.float64(0.07971615000000001)
83.5719 	EXP 	unnamed Circle: fillColor = 'white'
83.5719 	EXP 	unnamed Circle: fillColor = <class 'numpy.ndarray'>
84.7715 	EXP 	unnamed Circle: fillColor = <class 'numpy.ndarray'>
84.7715 	EXP 	unnamed Circle: fillColor = <class 'numpy.ndarray'>
85.9718 	EXP 	unnamed Circle: fillColor = <class 'numpy.ndarray'>
85.9718 	EXP 	unnamed Circle: fillColor = <class 'numpy.ndarray'>
87.1884 	EXP 	unnamed Circle: fillColor = <class 'numpy.ndarray'>
87.1884 	EXP 	unnamed Circle: fillColor = <class 'numpy.ndarray'>
88.3884 	EXP 	unnamed Circle: fillColor = <class 'numpy.ndarray'>
88.3884 	EXP 	unnamed Circle: radius = np.float64(0.07174453500000001)
88.3884 	EXP 	unnamed Circle: fillColor = 'white'
88.3884 	EXP 	unnamed Circle: fillColor = <class 'numpy.ndarray'>
89.6049 	EXP 	unnamed Circle: fillColor = <class 'numpy.ndarray'>
89.6049 	EXP 	unnamed Circle: fillColor = <class 'numpy.ndarray'>
90.8049 	EXP 	unnamed Circle: fillColor = <class 'numpy.ndarray'>
90.8049 	EXP 	unnamed Circle: fillColor = <class 'numpy.ndarray'>
92.0216 	EXP 	unnamed Circle: fillColor = <class 'numpy.ndarray'>
92.0216 	EXP 	unnamed Circle: fillColor = <class 'numpy.ndarray'>
93.2216 	EXP 	unnamed Circle: fillColor = <class 'numpy.ndarray'>
93.2216 	EXP 	unnamed Circle: radius = np.float64(0.06457008150000002)
93.2216 	EXP 	unnamed Circle: fillColor = 'white'
93.2216 	EXP 	unnamed Circle: fillColor = <class 'numpy.ndarray'>
94.4049 	EXP 	unnamed Circle: fillColor = <class 'numpy.ndarray'>
94.4049 	EXP 	unnamed Circle: fillColor = <class 'numpy.ndarray'>
95.6215 	EXP 	unnamed Circle: fillColor = <class 'numpy.ndarray'>
95.6215 	EXP 	unnamed Circle: fillColor = <class 'numpy.ndarray'>
96.8385 	EXP 	unnamed Circle: fillColor = <class 'numpy.ndarray'>
96.8385 	EXP 	unnamed Circle: fillColor = <class 'numpy.ndarray'>
98.0383 	EXP 	unnamed Circle: fillColor = <class 'numpy.ndarray'>
98.0383 	EXP 	unnamed Circle: fillColor = <class 'numpy.ndarray'>
99.2548 	EXP 	unnamed Circle: fillColor = <class 'numpy.ndarray'>
99.2548 	EXP 	unnamed Circle: radius = np.float64(0.058113073350000016)
99.2548 	EXP 	unnamed Circle: fillColor = 'white'
99.2548 	EXP 	unnamed Circle: fillColor = <class 'numpy.ndarray'>
100.4384 	EXP 	unnamed Circle: fillColor = <class 'numpy.ndarray'>
100.4384 	EXP 	unnamed Circle: fillColor = <class 'numpy.ndarray'>
101.6717 	EXP 	unnamed Circle: fillColor = <class 'numpy.ndarray'>
101.6717 	EXP 	unnamed Circle: fillColor = <class 'numpy.ndarray'>
102.8547 	EXP 	unnamed Circle: fillColor = <class 'numpy.ndarray'>
102.8547 	EXP 	unnamed Circle: fillColor = <class 'numpy.ndarray'>
104.0549 	EXP 	unnamed Circle: fillColor = <class 'numpy.ndarray'>
104.0549 	EXP 	unnamed Circle: fillColor = <class 'numpy.ndarray'>
105.2547 	EXP 	unnamed Circle: fillColor = <class 'numpy.ndarray'>
105.2547 	EXP 	unnamed Circle: fillColor = <class 'numpy.ndarray'>
106.4880 	EXP 	unnamed Circle: fillColor = <class 'numpy.ndarray'>
106.4880 	EXP 	unnamed Circle: radius = np.float64(0.052301766015000015)
106.4880 	EXP 	unnamed Circle: fillColor = 'white'
106.4880 	EXP 	unnamed Circle: fillColor = <class 'numpy.ndarray'>
107.6715 	EXP 	unnamed Circle: fillColor = <class 'numpy.ndarray'>
107.6715 	EXP 	unnamed Circle: fillColor = <class 'numpy.ndarray'>
108.8714 	EXP 	unnamed Circle: fillColor = <class 'numpy.ndarray'>
108.8714 	EXP 	unnamed Circle: fillColor = <class 'numpy.ndarray'>
110.1048 	EXP 	unnamed Circle: fillColor = <class 'numpy.ndarray'>
110.1048 	EXP 	unnamed Circle: fillColor = <class 'numpy.ndarray'>
111.3214 	EXP 	unnamed Circle: fillColor = <class 'numpy.ndarray'>
111.3214 	EXP 	unnamed Circle: radius = np.float64(0.047071589413500016)
111.3214 	EXP 	unnamed Circle: fillColor = 'white'
111.3214 	EXP 	unnamed Circle: fillColor = <class 'numpy.ndarray'>
112.5049 	EXP 	unnamed Circle: fillColor = <class 'numpy.ndarray'>
112.5049 	EXP 	unnamed Circle: fillColor = <class 'numpy.ndarray'>
113.7215 	EXP 	unnamed Circle: fillColor = <class 'numpy.ndarray'>
113.7215 	EXP 	unnamed Circle: fillColor = <class 'numpy.ndarray'>
114.9216 	EXP 	unnamed Circle: fillColor = <class 'numpy.ndarray'>
114.9216 	EXP 	unnamed Circle: fillColor = <class 'numpy.ndarray'>
116.1382 	EXP 	unnamed Circle: fillColor = <class 'numpy.ndarray'>
116.1382 	EXP 	unnamed Circle: radius = np.float64(0.042364430472150015)
116.1382 	EXP 	unnamed Circle: fillColor = 'white'
116.1382 	EXP 	unnamed Circle: fillColor = <class 'numpy.ndarray'>
117.3215 	EXP 	unnamed Circle: fillColor = <class 'numpy.ndarray'>
117.3215 	EXP 	unnamed Circle: fillColor = <class 'numpy.ndarray'>
118.5383 	EXP 	unnamed Circle: fillColor = <class 'numpy.ndarray'>
118.5383 	EXP 	unnamed Circle: fillColor = <class 'numpy.ndarray'>
119.7383 	EXP 	unnamed Circle: fillColor = <class 'numpy.ndarray'>
119.7383 	EXP 	unnamed Circle: fillColor = <class 'numpy.ndarray'>
120.9381 	EXP 	unnamed Circle: fillColor = <class 'numpy.ndarray'>
120.9381 	EXP 	unnamed Circle: radius = np.float64(0.03812798742493501)
120.9381 	EXP 	unnamed Circle: fillColor = 'white'
120.9381 	EXP 	unnamed Circle: fillColor = <class 'numpy.ndarray'>
122.1548 	EXP 	unnamed Circle: fillColor = <class 'numpy.ndarray'>
122.1548 	EXP 	unnamed Circle: fillColor = <class 'numpy.ndarray'>
123.3548 	EXP 	unnamed Circle: fillColor = <class 'numpy.ndarray'>
123.3548 	EXP 	unnamed Circle: fillColor = <class 'numpy.ndarray'>
124.5548 	EXP 	unnamed Circle: fillColor = <class 'numpy.ndarray'>
124.5548 	EXP 	unnamed Circle: radius = np.float64(0.03431518868244151)
124.5548 	EXP 	unnamed Circle: fillColor = 'white'
124.5548 	EXP 	unnamed Circle: fillColor = <class 'numpy.ndarray'>
125.7713 	EXP 	unnamed Circle: fillColor = <class 'numpy.ndarray'>
125.7713 	EXP 	unnamed Circle: fillColor = <class 'numpy.ndarray'>
126.9714 	EXP 	unnamed Circle: fillColor = <class 'numpy.ndarray'>
126.9714 	EXP 	unnamed Circle: fillColor = <class 'numpy.ndarray'>
128.1883 	EXP 	unnamed Circle: fillColor = <class 'numpy.ndarray'>
128.1883 	EXP 	unnamed Circle: fillColor = <class 'numpy.ndarray'>
129.3881 	EXP 	unnamed Circle: fillColor = <class 'numpy.ndarray'>
129.3881 	EXP 	unnamed Circle: radius = np.float64(0.030883669814197358)
129.3881 	EXP 	unnamed Circle: fillColor = 'white'
129.3881 	EXP 	unnamed Circle: fillColor = <class 'numpy.ndarray'>
130.6049 	EXP 	unnamed Circle: fillColor = <class 'numpy.ndarray'>
130.6049 	EXP 	unnamed Circle: fillColor = <class 'numpy.ndarray'>
131.7713 	EXP 	unnamed Circle: fillColor = <class 'numpy.ndarray'>
131.7713 	EXP 	unnamed Circle: fillColor = <class 'numpy.ndarray'>
132.9879 	EXP 	unnamed Circle: fillColor = <class 'numpy.ndarray'>
132.9879 	EXP 	unnamed Circle: fillColor = <class 'numpy.ndarray'>
134.2048 	EXP 	unnamed Circle: fillColor = <class 'numpy.ndarray'>
134.2048 	EXP 	unnamed Circle: radius = np.float64(0.03)
134.2048 	EXP 	unnamed Circle: fillColor = 'white'
134.2048 	EXP 	unnamed Circle: fillColor = <class 'numpy.ndarray'>
135.4382 	EXP 	unnamed Circle: fillColor = <class 'numpy.ndarray'>
135.4382 	EXP 	unnamed Circle: fillColor = <class 'numpy.ndarray'>
136.6378 	EXP 	unnamed Circle: fillColor = <class 'numpy.ndarray'>
136.6378 	EXP 	unnamed Circle: fillColor = <class 'numpy.ndarray'>
137.8214 	EXP 	unnamed Circle: fillColor = <class 'numpy.ndarray'>
137.8214 	EXP 	unnamed Circle: fillColor = <class 'numpy.ndarray'>
139.0215 	EXP 	unnamed Circle: fillColor = <class 'numpy.ndarray'>
139.0215 	EXP 	unnamed Circle: radius = np.float64(0.03)
139.0215 	EXP 	unnamed Circle: fillColor = 'white'
139.0215 	EXP 	unnamed Circle: fillColor = <class 'numpy.ndarray'>
140.2378 	EXP 	unnamed Circle: fillColor = <class 'numpy.ndarray'>
140.2378 	EXP 	unnamed Circle: fillColor = <class 'numpy.ndarray'>
141.4549 	EXP 	unnamed Circle: fillColor = <class 'numpy.ndarray'>
141.4549 	EXP 	unnamed Circle: fillColor = <class 'numpy.ndarray'>
142.6546 	EXP 	unnamed Circle: fillColor = <class 'numpy.ndarray'>
142.6546 	EXP 	unnamed Circle: fillColor = <class 'numpy.ndarray'>
143.8546 	EXP 	unnamed Circle: fillColor = <class 'numpy.ndarray'>
143.8546 	EXP 	unnamed Circle: fillColor = <class 'numpy.ndarray'>
145.0547 	EXP 	unnamed Circle: fillColor = <class 'numpy.ndarray'>
145.0547 	EXP 	unnamed Circle: radius = np.float64(0.03)
145.0547 	EXP 	unnamed Circle: fillColor = 'white'
145.0547 	EXP 	unnamed Circle: fillColor = <class 'numpy.ndarray'>
146.2549 	EXP 	unnamed Circle: fillColor = <class 'numpy.ndarray'>
146.2549 	EXP 	unnamed Circle: fillColor = <class 'numpy.ndarray'>
147.4713 	EXP 	unnamed Circle: fillColor = <class 'numpy.ndarray'>
147.4713 	EXP 	unnamed Circle: fillColor = <class 'numpy.ndarray'>
148.6712 	EXP 	unnamed Circle: fillColor = <class 'numpy.ndarray'>
148.6712 	EXP 	unnamed Circle: fillColor = <class 'numpy.ndarray'>
149.8879 	EXP 	unnamed Circle: fillColor = <class 'numpy.ndarray'>
149.8879 	EXP 	unnamed Circle: fillColor = <class 'numpy.ndarray'>
151.0713 	EXP 	unnamed Circle: fillColor = <class 'numpy.ndarray'>
151.0713 	EXP 	unnamed Circle: fillColor = <class 'numpy.ndarray'>
152.2881 	EXP 	unnamed Circle: fillColor = <class 'numpy.ndarray'>
152.2881 	EXP 	unnamed Circle: radius = np.float64(0.03)
152.2881 	EXP 	unnamed Circle: fillColor = 'white'
152.2881 	EXP 	unnamed Circle: fillColor = <class 'numpy.ndarray'>
153.4879 	EXP 	unnamed Circle: fillColor = <class 'numpy.ndarray'>
153.4879 	EXP 	unnamed Circle: fillColor = <class 'numpy.ndarray'>
154.7047 	EXP 	unnamed Circle: fillColor = <class 'numpy.ndarray'>
154.7047 	EXP 	unnamed Circle: fillColor = <class 'numpy.ndarray'>
155.9048 	EXP 	unnamed Circle: fillColor = <class 'numpy.ndarray'>
155.9048 	EXP 	unnamed Circle: fillColor = <class 'numpy.ndarray'>
157.1213 	EXP 	unnamed Circle: fillColor = <class 'numpy.ndarray'>
157.1213 	EXP 	unnamed Circle: fillColor = <class 'numpy.ndarray'>
158.3213 	EXP 	unnamed Circle: fillColor = <class 'numpy.ndarray'>
158.3213 	EXP 	unnamed Circle: radius = np.float64(0.03)
158.3213 	EXP 	unnamed Circle: fillColor = 'white'
158.3213 	EXP 	unnamed Circle: fillColor = <class 'numpy.ndarray'>
159.5546 	EXP 	unnamed Circle: fillColor = <class 'numpy.ndarray'>
159.5546 	EXP 	unnamed Circle: fillColor = <class 'numpy.ndarray'>
160.7215 	EXP 	unnamed Circle: fillColor = <class 'numpy.ndarray'>
160.7215 	EXP 	unnamed Circle: fillColor = <class 'numpy.ndarray'>
161.9544 	EXP 	unnamed Circle: fillColor = <class 'numpy.ndarray'>
161.9544 	EXP 	unnamed Circle: fillColor = <class 'numpy.ndarray'>
163.1376 	EXP 	unnamed Circle: fillColor = <class 'numpy.ndarray'>
163.1376 	EXP 	unnamed Circle: fillColor = <class 'numpy.ndarray'>
164.3550 	EXP 	unnamed Circle: fillColor = <class 'numpy.ndarray'>
164.3550 	EXP 	unnamed Circle: fillColor = <class 'numpy.ndarray'>
165.5379 	EXP 	unnamed Circle: fillColor = <class 'numpy.ndarray'>
165.5379 	EXP 	unnamed Circle: radius = np.float64(0.03)
165.5379 	EXP 	unnamed Circle: fillColor = 'white'
165.5379 	EXP 	unnamed Circle: fillColor = <class 'numpy.ndarray'>
166.7546 	EXP 	unnamed Circle: fillColor = <class 'numpy.ndarray'>
166.7546 	EXP 	unnamed Circle: fillColor = <class 'numpy.ndarray'>
167.9878 	EXP 	unnamed Circle: fillColor = <class 'numpy.ndarray'>
167.9878 	EXP 	unnamed Circle: fillColor = <class 'numpy.ndarray'>
169.1713 	EXP 	unnamed Circle: fillColor = <class 'numpy.ndarray'>
169.1713 	EXP 	unnamed Circle: fillColor = <class 'numpy.ndarray'>
170.3711 	EXP 	unnamed Circle: fillColor = <class 'numpy.ndarray'>
170.3711 	EXP 	unnamed Circle: fillColor = <class 'numpy.ndarray'>
171.6047 	EXP 	unnamed Circle: fillColor = <class 'numpy.ndarray'>
171.6047 	EXP 	unnamed Circle: fillColor = <class 'numpy.ndarray'>
172.7878 	EXP 	unnamed Circle: fillColor = <class 'numpy.ndarray'>
172.7878 	EXP 	unnamed Circle: fillColor = <class 'numpy.ndarray'>
174.0041 	EXP 	unnamed Circle: fillColor = <class 'numpy.ndarray'>
174.0041 	EXP 	unnamed Circle: radius = np.float64(0.03)
174.0041 	EXP 	unnamed Circle: fillColor = 'white'
174.0041 	EXP 	unnamed Circle: fillColor = <class 'numpy.ndarray'>
175.1880 	EXP 	unnamed Circle: fillColor = <class 'numpy.ndarray'>
175.1880 	EXP 	unnamed Circle: fillColor = <class 'numpy.ndarray'>
176.4209 	EXP 	unnamed Circle: fillColor = <class 'numpy.ndarray'>
176.4209 	EXP 	unnamed Circle: fillColor = <class 'numpy.ndarray'>
177.6212 	EXP 	unnamed Circle: fillColor = <class 'numpy.ndarray'>
177.6212 	EXP 	unnamed Circle: fillColor = <class 'numpy.ndarray'>
178.8214 	EXP 	unnamed Circle: fillColor = <class 'numpy.ndarray'>
178.8214 	EXP 	unnamed Circle: radius = np.float64(0.03)
178.8214 	EXP 	unnamed Circle: fillColor = 'white'
178.8214 	EXP 	unnamed Circle: fillColor = <class 'numpy.ndarray'>
180.0211 	EXP 	unnamed Circle: fillColor = <class 'numpy.ndarray'>
180.0211 	EXP 	unnamed Circle: fillColor = <class 'numpy.ndarray'>
181.2381 	EXP 	unnamed Circle: fillColor = <class 'numpy.ndarray'>
181.2381 	EXP 	unnamed Circle: fillColor = <class 'numpy.ndarray'>
182.4378 	EXP 	unnamed Circle: fillColor = <class 'numpy.ndarray'>
182.4378 	EXP 	unnamed Circle: fillColor = <class 'numpy.ndarray'>
183.6377 	EXP 	unnamed Circle: fillColor = <class 'numpy.ndarray'>
183.6377 	EXP 	unnamed Circle: fillColor = <class 'numpy.ndarray'>
184.8379 	EXP 	unnamed Circle: fillColor = <class 'numpy.ndarray'>
184.8379 	EXP 	unnamed Circle: fillColor = <class 'numpy.ndarray'>
186.0547 	EXP 	unnamed Circle: fillColor = <class 'numpy.ndarray'>
186.0547 	EXP 	unnamed Circle: radius = np.float64(0.03)
186.0547 	EXP 	unnamed Circle: fillColor = 'white'
186.0547 	EXP 	unnamed Circle: fillColor = <class 'numpy.ndarray'>
187.2545 	EXP 	unnamed Circle: fillColor = <class 'numpy.ndarray'>
187.2545 	EXP 	unnamed Circle: fillColor = <class 'numpy.ndarray'>
188.4710 	EXP 	unnamed Circle: fillColor = <class 'numpy.ndarray'>
188.4710 	EXP 	unnamed Circle: fillColor = <class 'numpy.ndarray'>
189.6543 	EXP 	unnamed Circle: fillColor = <class 'numpy.ndarray'>
189.6543 	EXP 	unnamed Circle: fillColor = <class 'numpy.ndarray'>
190.8878 	EXP 	unnamed Circle: fillColor = <class 'numpy.ndarray'>
190.8878 	EXP 	unnamed Circle: fillColor = <class 'numpy.ndarray'>
192.0711 	EXP 	unnamed Circle: fillColor = <class 'numpy.ndarray'>
192.0711 	EXP 	unnamed Circle: fillColor = <class 'numpy.ndarray'>
193.2880 	EXP 	unnamed Circle: fillColor = <class 'numpy.ndarray'>
193.2880 	EXP 	unnamed Circle: fillColor = <class 'numpy.ndarray'>
194.4711 	EXP 	unnamed Circle: fillColor = <class 'numpy.ndarray'>
194.4711 	EXP 	unnamed Circle: fillColor = <class 'numpy.ndarray'>
195.7045 	EXP 	unnamed Circle: fillColor = <class 'numpy.ndarray'>
195.7045 	EXP 	unnamed Circle: radius = np.float64(0.03)
195.7045 	EXP 	unnamed Circle: fillColor = 'white'
195.7045 	EXP 	unnamed Circle: fillColor = <class 'numpy.ndarray'>
196.9210 	EXP 	unnamed Circle: fillColor = <class 'numpy.ndarray'>
196.9210 	EXP 	unnamed Circle: fillColor = <class 'numpy.ndarray'>
198.1042 	EXP 	unnamed Circle: fillColor = <class 'numpy.ndarray'>
198.1042 	EXP 	unnamed Circle: fillColor = <class 'numpy.ndarray'>
199.3378 	EXP 	unnamed Circle: fillColor = <class 'numpy.ndarray'>
199.3378 	EXP 	unnamed Circle: fillColor = <class 'numpy.ndarray'>
201.2528 	EXP 	text_2: autoDraw = True
202.1379 	EXP 	text_2: autoDraw = False
205.8547 	DATA 	Keypress: space
206.6882 	DATA 	Keypress: 2
206.6914 	EXP 	Created text = TextStim(__class__=<class 'psychopy.visual.text.TextStim'>, alignHoriz=method-wrapper(...), alignText='center', alignVert=method-wrapper(...), anchorHoriz='center', anchorVert='center', antialias=True, autoDraw=False, autoLog=True, bold=False, color=array([1., 1., 1.]), colorSpace='rgb', contrast=1.0, depth=0.0, draggable=False, flipHoriz=False, flipVert=False, font='Arial', fontFiles=[], height=np.float64(0.06), italic=False, languageStyle='LTR', name='text', opacity=1, ori=0, pos=array([0. , 0.2]), rgb=UNKNOWN, text=str(...), units='norm', win=Window(...), wrapWidth=1.2)
206.6962 	WARNING 	Font b'Arial' was requested. No similar font found.
206.7042 	WARNING 	Font b'Arial' was requested. No similar font found.
206.7105 	WARNING 	Font b'Arial' was requested. No similar font found.
206.7165 	WARNING 	Font b'Arial' was requested. No similar font found.
206.7234 	EXP 	Created None = Slider(__class__=<class 'psychopy.visual.slider.Slider'>, autoDraw=False, autoLog=True, borderColor=None, color=None, colorSpace='rgb', depth=0, fillColor=None, flip=False, font='Arial', granularity=1, labelColor=None, labelHeight=np.float64(0.06), labelWrapWidth=None, labels=('Never', 'Always'), lineColor=None, markerColor=None, name=None, opacity=None, ori=0, pos=array([0., 0.]), readOnly=False, self=UNKNOWN, size=array([0.85, 0.1 ]), startValue=None, style='rating', styleTweaks=[], ticks=array([1, 9]), units='norm', win=Window(...))
206.7311 	EXP 	None: autoLog = True
206.7311 	EXP 	None: styleTweaks = []
206.7311 	EXP 	None: styleTweaks = []
206.7311 	EXP 	None: styleTweaks = []
206.7311 	EXP 	None: styleTweaks = []
206.7311 	EXP 	None: contrast = 1.0
206.7311 	EXP 	None: markerPos = None
206.7311 	EXP 	None: autoLog = True
206.7311 	EXP 	None: markerPos = 5
206.9139 	DATA 	Keypress: 0
206.9172 	EXP 	None: markerPos = 5
206.9191 	EXP 	Created text = TextStim(__class__=<class 'psychopy.visual.text.TextStim'>, alignHoriz=method-wrapper(...), alignText='center', alignVert=method-wrapper(...), anchorHoriz='center', anchorVert='center', antialias=True, autoDraw=False, autoLog=True, bold=False, color=array([1., 1., 1.]), colorSpace='rgb', contrast=1.0, depth=0.0, draggable=False, flipHoriz=False, flipVert=False, font='Arial', fontFiles=[], height=np.float64(0.06), italic=False, languageStyle='LTR', name='text', opacity=1, ori=0, pos=array([0. , 0.2]), rgb=UNKNOWN, text=str(...), units='norm', win=Window(...), wrapWidth=1.2)
206.9229 	WARNING 	Font b'Arial' was requested. No similar font found.
206.9260 	WARNING 	Font b'Arial' was requested. No similar font found.
206.9289 	WARNING 	Font b'Arial' was requested. No similar font found.
206.9339 	WARNING 	Font b'Arial' was requested. No similar font found.
206.9408 	EXP 	Created None = Slider(__class__=<class 'psychopy.visual.slider.Slider'>, autoDraw=False, autoLog=True, borderColor=None, color=None, colorSpace='rgb', depth=0, fillColor=None, flip=False, font='Arial', granularity=1, labelColor=None, labelHeight=np.float64(0.06), labelWrapWidth=None, labels=('Never', 'All the time'), lineColor=None, markerColor=None, name=None, opacity=None, ori=0, pos=array([0., 0.]), readOnly=False, self=UNKNOWN, size=array([0.85, 0.1 ]), startValue=None, style='rating', styleTweaks=[], ticks=array([1, 9]), units='norm', win=Window(...))
206.9461 	EXP 	None: autoLog = True
206.9461 	EXP 	None: styleTweaks = []
206.9461 	EXP 	None: styleTweaks = []
206.9461 	EXP 	None: styleTweaks = []
206.9461 	EXP 	None: styleTweaks = []
206.9461 	EXP 	None: contrast = 1.0
206.9461 	EXP 	None: markerPos = None
206.9461 	EXP 	None: autoLog = True
206.9461 	EXP 	None: markerPos = 5
207.0381 	DATA 	Keypress: 2
207.0414 	EXP 	None: markerPos = 6
207.1184 	DATA 	Keypress: 0
207.1216 	EXP 	None: markerPos = 6
207.1235 	EXP 	Created text = TextStim(__class__=<class 'psychopy.visual.text.TextStim'>, alignHoriz=method-wrapper(...), alignText='center', alignVert=method-wrapper(...), anchorHoriz='center', anchorVert='center', antialias=True, autoDraw=False, autoLog=True, bold=False, color=array([1., 1., 1.]), colorSpace='rgb', contrast=1.0, depth=0.0, draggable=False, flipHoriz=False, flipVert=False, font='Arial', fontFiles=[], height=np.float64(0.06), italic=False, languageStyle='LTR', name='text', opacity=1, ori=0, pos=array([0. , 0.2]), rgb=UNKNOWN, text=str(...), units='norm', win=Window(...), wrapWidth=1.2)
207.1272 	WARNING 	Font b'Arial' was requested. No similar font found.
207.1313 	WARNING 	Font b'Arial' was requested. No similar font found.
207.1342 	WARNING 	Font b'Arial' was requested. No similar font found.
207.1400 	WARNING 	Font b'Arial' was requested. No similar font found.
207.1472 	EXP 	Created None = Slider(__class__=<class 'psychopy.visual.slider.Slider'>, autoDraw=False, autoLog=True, borderColor=None, color=None, colorSpace='rgb', depth=0, fillColor=None, flip=False, font='Arial', granularity=1, labelColor=None, labelHeight=np.float64(0.06), labelWrapWidth=None, labels=('Not at all', 'Very Difficult'), lineColor=None, markerColor=None, name=None, opacity=None, ori=0, pos=array([0., 0.]), readOnly=False, self=UNKNOWN, size=array([0.85, 0.1 ]), startValue=None, style='rating', styleTweaks=[], ticks=array([1, 9]), units='norm', win=Window(...))
207.1537 	EXP 	None: autoLog = True
207.1537 	EXP 	None: styleTweaks = []
207.1537 	EXP 	None: styleTweaks = []
207.1537 	EXP 	None: styleTweaks = []
207.1537 	EXP 	None: styleTweaks = []
207.1537 	EXP 	None: contrast = 1.0
207.1537 	EXP 	None: markerPos = None
207.1537 	EXP 	None: autoLog = True
207.1537 	EXP 	None: markerPos = 5
207.2812 	DATA 	Keypress: 2
207.2845 	EXP 	None: markerPos = 6
207.2977 	DATA 	Keypress: 0
207.3007 	EXP 	None: markerPos = 6
207.3025 	EXP 	Created text = TextStim(__class__=<class 'psychopy.visual.text.TextStim'>, alignHoriz=method-wrapper(...), alignText='center', alignVert=method-wrapper(...), anchorHoriz='center', anchorVert='center', antialias=True, autoDraw=False, autoLog=True, bold=False, color=array([1., 1., 1.]), colorSpace='rgb', contrast=1.0, depth=0.0, draggable=False, flipHoriz=False, flipVert=False, font='Arial', fontFiles=[], height=np.float64(0.06), italic=False, languageStyle='LTR', name='text', opacity=1, ori=0, pos=array([0. , 0.2]), rgb=UNKNOWN, text='How calm do you feel right now?', units='norm', win=Window(...), wrapWidth=1.2)
207.3061 	WARNING 	Font b'Arial' was requested. No similar font found.
207.3092 	WARNING 	Font b'Arial' was requested. No similar font found.
207.3123 	WARNING 	Font b'Arial' was requested. No similar font found.
207.3152 	WARNING 	Font b'Arial' was requested. No similar font found.
207.3220 	EXP 	Created None = Slider(__class__=<class 'psychopy.visual.slider.Slider'>, autoDraw=False, autoLog=True, borderColor=None, color=None, colorSpace='rgb', depth=0, fillColor=None, flip=False, font='Arial', granularity=1, labelColor=None, labelHeight=np.float64(0.06), labelWrapWidth=None, labels=('Not at all', 'Very calm'), lineColor=None, markerColor=None, name=None, opacity=None, ori=0, pos=array([0., 0.]), readOnly=False, self=UNKNOWN, size=array([0.85, 0.1 ]), startValue=None, style='rating', styleTweaks=[], ticks=array([1, 9]), units='norm', win=Window(...))
207.3261 	EXP 	None: autoLog = True
207.3261 	EXP 	None: styleTweaks = []
207.3261 	EXP 	None: styleTweaks = []
207.3261 	EXP 	None: styleTweaks = []
207.3261 	EXP 	None: styleTweaks = []
207.3261 	EXP 	None: contrast = 1.0
207.3261 	EXP 	None: markerPos = None
207.3261 	EXP 	None: autoLog = True
207.3261 	EXP 	None: markerPos = 5
207.5199 	DATA 	Keypress: 2
207.5230 	EXP 	None: markerPos = 6
207.8502 	DATA 	Keypress: 0
207.8533 	EXP 	None: markerPos = 6
8.0267 	EXP 	DMN_BallTask: status = NOT_STARTED
8.0706 	WARNING 	User requested fullscreen with size [1080 1080], but screen is actually [1920, 1080]. Using actual size
8.5067 	EXP 	Created window1 = Window(allowGUI=False, allowStencil=False, autoLog=True, backendConf=UNKNOWN, backgroundFit=<method-wrapper '__getattribute__' of attributeSetter object at 0x739f114a17e0>, backgroundImage=<method-wrapper '__getattribute__' of attributeSetter object at 0x739f114a1780>, bitsMode=UNKNOWN, blendMode='avg', bpc=(8, 8, 8), color=array([-1, -1, -1]), colorSpace='rgb', depthBits=8, fullscr=True, gamma=None, gammaErrorPolicy='raise', infoMsg=UNKNOWN, lms=UNKNOWN, monitor=<psychopy.monitors.calibTools.Monitor object at 0x739f0843fe80>, multiSample=False, name='window1', numSamples=2, pos=[np.float64(0.0), np.float64(0.0)], screen=1, size=array([1920, 1080]), stencilBits=0, stereo=False, title='PsychoPy', units='norm', useFBO=True, useRetina=False, viewOri=0.0, viewPos=None, viewScale=None, waitBlanking=True, winType='pyglet')
8.5068 	EXP 	window1: backgroundImage = None
8.5068 	EXP 	window1: backgroundFit = 'cover'
8.5104 	EXP 	window1: Attempting to measure frame rate of screen (1) ...
8.5104 	EXP 	window1: recordFrameIntervals = False
8.6723 	EXP 	window1: recordFrameIntervals = True
8.8558 	EXP 	Screen (1) actual frame rate measured at 60.02Hz
8.8558 	EXP 	window1: recordFrameIntervals = False
8.9000 	EXP 	Created text = TextStim(__class__=<class 'psychopy.visual.text.TextStim'>, alignHoriz=method-wrapper(...), alignText='center', alignVert=method-wrapper(...), anchorHoriz='center', anchorVert='center', antialias=True, autoDraw=False, autoLog=True, bold=False, color=array([1., 1., 1.]), colorSpace='rgb', contrast=1.0, depth=0.0, draggable=False, flipHoriz=False, flipVert=False, font='Arial', fontFiles=[], height=np.float64(0.06), italic=False, languageStyle='LTR', name='text', opacity=1, ori=0, pos=array([0. , 0.2]), rgb=UNKNOWN, text=str(...), units='norm', win=Window(...), wrapWidth=1.2)
8.9005 	EXP 	Created text = TextStim(__class__=<class 'psychopy.visual.text.TextStim'>, alignHoriz=method-wrapper(...), alignText='center', alignVert=method-wrapper(...), anchorHoriz='center', anchorVert='center', antialias=True, autoDraw=False, autoLog=True, bold=False, color=array([1., 1., 1.]), colorSpace='rgb', contrast=1.0, depth=0.0, draggable=False, flipHoriz=False, flipVert=False, font='Arial', fontFiles=[], height=0.06, italic=False, languageStyle='LTR', name='text', opacity=1, ori=0, pos=array([0., 0.]), rgb=UNKNOWN, text='', units='norm', win=Window(...), wrapWidth=1.2)
8.9036 	EXP 	Created waiting_for_trigger_text = TextStim(__class__=<class 'psychopy.visual.text.TextStim'>, alignHoriz=method-wrapper(...), alignText='center', alignVert=method-wrapper(...), anchorHoriz='center', anchorVert='center', antialias=True, autoDraw=False, autoLog=True, bold=False, color=array([1., 1., 1.]), colorSpace='rgb', contrast=1.0, depth=0.0, draggable=False, flipHoriz=False, flipVert=False, font='Arial', fontFiles=[], height=np.float64(0.1), italic=False, languageStyle='LTR', name='waiting_for_trigger_text', opacity=1, ori=0, pos=array([0., 0.]), rgb=UNKNOWN, text='waiting for scanner', units='norm', win=Window(...), wrapWidth=2)
8.9059 	EXP 	Created text_2 = TextStim(__class__=<class 'psychopy.visual.text.TextStim'>, alignHoriz=method-wrapper(...), alignText='center', alignVert=method-wrapper(...), anchorHoriz='center', anchorVert='center', antialias=True, autoDraw=False, autoLog=True, bold=False, color=array([1., 1., 1.]), colorSpace='rgb', contrast=1.0, depth=0.0, draggable=False, flipHoriz=False, flipVert=False, font='Arial', fontFiles=[], height=np.float64(0.3), italic=False, languageStyle='LTR', name='text_2', opacity=1, ori=0, pos=array([0., 0.]), rgb=UNKNOWN, text='+', units='norm', win=Window(...), wrapWidth=1)
8.9086 	EXP 	Created text_relax = TextStim(__class__=<class 'psychopy.visual.text.TextStim'>, alignHoriz=method-wrapper(...), alignText='center', alignVert=method-wrapper(...), anchorHoriz='center', anchorVert='center', antialias=True, autoDraw=False, autoLog=True, bold=False, color=array([1., 1., 1.]), colorSpace='rgb', contrast=1.0, depth=0.0, draggable=False, flipHoriz=False, flipVert=False, font='Arial', fontFiles=[], height=np.float64(0.07), italic=False, languageStyle='LTR', name='text_relax', opacity=1, ori=0, pos=array([ 0. , -0.2]), rgb=UNKNOWN, text='Relax', units='norm', win=Window(...), wrapWidth=1)
8.9109 	EXP 	Created text_4 = TextStim(__class__=<class 'psychopy.visual.text.TextStim'>, alignHoriz=method-wrapper(...), alignText='center', alignVert=method-wrapper(...), anchorHoriz='center', anchorVert='center', antialias=True, autoDraw=False, autoLog=True, bold=False, color=array([1., 1., 1.]), colorSpace='rgb', contrast=1.0, depth=-3.0, draggable=False, flipHoriz=False, flipVert=False, font='Arial', fontFiles=[], height=np.float64(0.1), italic=False, languageStyle='LTR', name='text_4', opacity=1, ori=0, pos=array([0., 0.]), rgb=UNKNOWN, text='default text', units='norm', win=Window(...), wrapWidth=1)
8.9166 	WARNING 	fillRGB parameter is deprecated. Please use lineColor and colorSpace instead
8.9167 	WARNING 	lineRGB parameter is deprecated. Please use lineColor and colorSpace instead
8.9201 	EXP 	Created unnamed Circle = Circle(__class__=<class 'psychopy.visual.circle.Circle'>, anchor=('center', 'center'), autoDraw=False, autoLog=True, closeShape=True, color=method-wrapper(...), colorSpace='rgb', contrast=None, depth=0, draggable=False, fillColor=array([0, 0, 0]), fillColorSpace='rgb', fillRGB=array([0, 0, 0]), interpolate=True, lineColor=array([ 1.,  1., -1.]), lineColorSpace='rgb', lineRGB=array([ 1,  1, -1]), lineWidth=3, name='unnamed Circle', opacity=1, ori=0.0, pos=array([0.        , 0.33333333]), size=array([1., 1.]), units='norm', vertices=ndarray(...), win=Window(...), windingRule=None)
8.9243 	WARNING 	fillRGB parameter is deprecated. Please use lineColor and colorSpace instead
8.9244 	WARNING 	lineRGB parameter is deprecated. Please use lineColor and colorSpace instead
8.9276 	EXP 	Created unnamed Circle = Circle(__class__=<class 'psychopy.visual.circle.Circle'>, anchor=('center', 'center'), autoDraw=False, autoLog=True, closeShape=True, color=method-wrapper(...), colorSpace='rgb', contrast=None, depth=0, draggable=False, fillColor=array([0, 0, 0]), fillColorSpace='rgb', fillRGB=array([0, 0, 0]), interpolate=True, lineColor=array([0.35686275, 0.69411765, 0.80392157]), lineColorSpace='rgb', lineRGB=array([0.35686275, 0.69411765, 0.80392157]), lineWidth=3, name='unnamed Circle', opacity=1, ori=0.0, pos=array([ 0.        , -0.33333333]), size=array([1., 1.]), units='norm', vertices=ndarray(...), win=Window(...), windingRule=None)
8.9318 	WARNING 	fillRGB parameter is deprecated. Please use lineColor and colorSpace instead
8.9319 	WARNING 	lineRGB parameter is deprecated. Please use lineColor and colorSpace instead
8.9353 	EXP 	Created unnamed Circle = Circle(__class__=<class 'psychopy.visual.circle.Circle'>, anchor=('center', 'center'), autoDraw=False, autoLog=True, closeShape=True, color=method-wrapper(...), colorSpace='rgb', contrast=None, depth=0, draggable=False, fillColor=array([1, 1, 1]), fillColorSpace='rgb', fillRGB=array([1, 1, 1]), interpolate=True, lineColor=array([1., 1., 1.]), lineColorSpace='rgb', lineRGB=array([1, 1, 1]), lineWidth=1.5, name='unnamed Circle', opacity=1, ori=0.0, pos=array([0., 0.]), size=array([1., 1.]), units='norm', vertices=ndarray(...), win=Window(...), windingRule=None)
8.9395 	WARNING 	fillRGB parameter is deprecated. Please use lineColor and colorSpace instead
8.9396 	WARNING 	lineRGB parameter is deprecated. Please use lineColor and colorSpace instead
8.9429 	EXP 	Created unnamed Circle = Circle(__class__=<class 'psychopy.visual.circle.Circle'>, anchor=('center', 'center'), autoDraw=False, autoLog=True, closeShape=True, color=method-wrapper(...), colorSpace='rgb', contrast=None, depth=0, draggable=False, fillColor=array([1, 1, 1]), fillColorSpace='rgb', fillRGB=array([1, 1, 1]), interpolate=True, lineColor=array([1., 1., 1.]), lineColorSpace='rgb', lineRGB=array([1, 1, 1]), lineWidth=3, name='unnamed Circle', opacity=1, ori=0.0, pos=array([0., 0.]), size=array([1., 1.]), units='norm', vertices=ndarray(...), win=Window(...), windingRule=None)
8.9456 	EXP 	Created instruct_text = TextStim(__class__=<class 'psychopy.visual.text.TextStim'>, alignHoriz=method-wrapper(...), alignText='center', alignVert=method-wrapper(...), anchorHoriz='center', anchorVert='center', antialias=True, autoDraw=False, autoLog=True, bold=False, color=array([1., 1., 1.]), colorSpace='rgb', contrast=1.0, depth=0.0, draggable=False, flipHoriz=False, flipVert=False, font='Arial', fontFiles=[], height=np.float64(0.06), italic=False, languageStyle='LTR', name='instruct_text', opacity=1, ori=0, pos=array([0., 0.]), rgb=UNKNOWN, text='replace me', units='norm', win=Window(...), wrapWidth=1.2)
8.9477 	EXP 	Created thank_you_end_run_text = TextStim(__class__=<class 'psychopy.visual.text.TextStim'>, alignHoriz=method-wrapper(...), alignText='center', alignVert=method-wrapper(...), anchorHoriz='center', anchorVert='center', antialias=True, autoDraw=False, autoLog=True, bold=False, color=array([1., 1., 1.]), colorSpace='rgb', contrast=1.0, depth=0.0, draggable=False, flipHoriz=False, flipVert=False, font='Arial', fontFiles=[], height=np.float64(0.1), italic=False, languageStyle='LTR', name='thank_you_end_run_text', opacity=1, ori=0, pos=array([0., 0.]), rgb=UNKNOWN, text='thank you!', units='norm', win=Window(...), wrapWidth=1)
8.9558 	EXP 	instruct_text: height = np.float64(0.06)
8.9558 	EXP 	instruct_text: height = np.float64(0.06)
8.9558 	EXP 	instruct_text: height = np.float64(0.06)
8.9558 	EXP 	instruct_text: text = 'Great job! Now, you’ll get to try moving the ball with your mindful describing practice! \n\nYou will see the 2 circles and white ball again. When the white ball moves up towards the top yellow circle, this means you are in a mindful brain state with your describing practice. \nIf the ball reaches either of the circles, it will move back to the center.'
10.4769 	DATA 	Keypress: lalt
20.5114 	DATA 	Keypress: space
20.5169 	EXP 	instruct_text: height = np.float64(0.06)
20.5169 	EXP 	instruct_text: height = np.float64(0.06)
20.5169 	EXP 	instruct_text: height = np.float64(0.06)
20.5169 	EXP 	instruct_text: text = 'When you see the plus sign (+), just relax.\n\nOnce the circles appear, please start the Describing practice. This scan will last 2.5 min.'
20.6729 	DATA 	Keypress: space
20.6751 	EXP 	waiting_for_trigger_text: autoDraw = True
20.8056 	DATA 	Keypress: space
20.9539 	DATA 	Keypress: space
21.1040 	DATA 	Keypress: 5
21.1221 	EXP 	waiting_for_trigger_text: autoDraw = False
21.1221 	EXP 	text_2: autoDraw = True
21.1221 	EXP 	text_relax: autoDraw = True
51.1388 	EXP 	text_2: autoDraw = False
51.1388 	EXP 	text_relax: autoDraw = False
51.1388 	EXP 	text_2: autoDraw = False
52.2220 	EXP 	unnamed Circle: fillColor = <class 'numpy.ndarray'>
52.2220 	EXP 	unnamed Circle: fillColor = <class 'numpy.ndarray'>
53.4054 	EXP 	unnamed Circle: fillColor = <class 'numpy.ndarray'>
53.4054 	EXP 	unnamed Circle: fillColor = <class 'numpy.ndarray'>
54.6385 	EXP 	unnamed Circle: fillColor = <class 'numpy.ndarray'>
54.6385 	EXP 	unnamed Circle: fillColor = <class 'numpy.ndarray'>
55.8217 	EXP 	unnamed Circle: fillColor = <class 'numpy.ndarray'>
55.8217 	EXP 	unnamed Circle: fillColor = <class 'numpy.ndarray'>
57.0556 	EXP 	unnamed Circle: fillColor = <class 'numpy.ndarray'>
57.0556 	EXP 	unnamed Circle: fillColor = <class 'numpy.ndarray'>
58.2385 	EXP 	unnamed Circle: fillColor = <class 'numpy.ndarray'>
58.2385 	EXP 	unnamed Circle: radius = np.float64(0.135)
58.2385 	EXP 	unnamed Circle: fillColor = 'white'
58.2385 	EXP 	unnamed Circle: fillColor = <class 'numpy.ndarray'>
59.4720 	EXP 	unnamed Circle: fillColor = <class 'numpy.ndarray'>
59.4720 	EXP 	unnamed Circle: fillColor = <class 'numpy.ndarray'>
60.6719 	EXP 	unnamed Circle: fillColor = <class 'numpy.ndarray'>
60.6719 	EXP 	unnamed Circle: fillColor = <class 'numpy.ndarray'>
61.8717 	EXP 	unnamed Circle: fillColor = <class 'numpy.ndarray'>
61.8717 	EXP 	unnamed Circle: fillColor = <class 'numpy.ndarray'>
63.0549 	EXP 	unnamed Circle: fillColor = <class 'numpy.ndarray'>
63.0549 	EXP 	unnamed Circle: radius = np.float64(0.12150000000000001)
63.0549 	EXP 	unnamed Circle: fillColor = 'white'
63.0549 	EXP 	unnamed Circle: fillColor = <class 'numpy.ndarray'>
64.2887 	EXP 	unnamed Circle: fillColor = <class 'numpy.ndarray'>
64.2887 	EXP 	unnamed Circle: fillColor = <class 'numpy.ndarray'>
65.4718 	EXP 	unnamed Circle: fillColor = <class 'numpy.ndarray'>
65.4718 	EXP 	unnamed Circle: fillColor = <class 'numpy.ndarray'>
66.6885 	EXP 	unnamed Circle: fillColor = <class 'numpy.ndarray'>
66.6885 	EXP 	unnamed Circle: fillColor = <class 'numpy.ndarray'>
67.8886 	EXP 	unnamed Circle: fillColor = <class 'numpy.ndarray'>
67.8886 	EXP 	unnamed Circle: radius = np.float64(0.10935000000000002)
67.8886 	EXP 	unnamed Circle: fillColor = 'white'
67.8886 	EXP 	unnamed Circle: fillColor = <class 'numpy.ndarray'>
69.1050 	EXP 	unnamed Circle: fillColor = <class 'numpy.ndarray'>
69.1050 	EXP 	unnamed Circle: fillColor = <class 'numpy.ndarray'>
70.2886 	EXP 	unnamed Circle: fillColor = <class 'numpy.ndarray'>
70.2886 	EXP 	unnamed Circle: fillColor = <class 'numpy.ndarray'>
71.5051 	EXP 	unnamed Circle: fillColor = <class 'numpy.ndarray'>
71.5051 	EXP 	unnamed Circle: fillColor = <class 'numpy.ndarray'>
72.7219 	EXP 	unnamed Circle: fillColor = <class 'numpy.ndarray'>
72.7219 	EXP 	unnamed Circle: radius = np.float64(0.09841500000000002)
72.7219 	EXP 	unnamed Circle: fillColor = 'white'
72.7219 	EXP 	unnamed Circle: fillColor = <class 'numpy.ndarray'>
73.9218 	EXP 	unnamed Circle: fillColor = <class 'numpy.ndarray'>
73.9218 	EXP 	unnamed Circle: fillColor = <class 'numpy.ndarray'>
75.1382 	EXP 	unnamed Circle: fillColor = <class 'numpy.ndarray'>
75.1382 	EXP 	unnamed Circle: fillColor = <class 'numpy.ndarray'>
76.3216 	EXP 	unnamed Circle: fillColor = <class 'numpy.ndarray'>
76.3216 	EXP 	unnamed Circle: fillColor = <class 'numpy.ndarray'>
77.5385 	EXP 	unnamed Circle: fillColor = <class 'numpy.ndarray'>
77.5385 	EXP 	unnamed Circle: radius = np.float64(0.08857350000000001)
77.5385 	EXP 	unnamed Circle: fillColor = 'white'
77.5385 	EXP 	unnamed Circle: fillColor = <class 'numpy.ndarray'>
78.7552 	EXP 	unnamed Circle: fillColor = <class 'numpy.ndarray'>
78.7552 	EXP 	unnamed Circle: fillColor = <class 'numpy.ndarray'>
79.9383 	EXP 	unnamed Circle: fillColor = <class 'numpy.ndarray'>
79.9383 	EXP 	unnamed Circle: fillColor = <class 'numpy.ndarray'>
81.1549 	EXP 	unnamed Circle: fillColor = <class 'numpy.ndarray'>
81.1549 	EXP 	unnamed Circle: fillColor = <class 'numpy.ndarray'>
82.3717 	EXP 	unnamed Circle: fillColor = <class 'numpy.ndarray'>
82.3717 	EXP 	unnamed Circle: fillColor = <class 'numpy.ndarray'>
83.5719 	EXP 	unnamed Circle: fillColor = <class 'numpy.ndarray'>
83.5719 	EXP 	unnamed Circle: radius = np.float64(0.07971615000000001)
83.5719 	EXP 	unnamed Circle: fillColor = 'white'
83.5719 	EXP 	unnamed Circle: fillColor = <class 'numpy.ndarray'>
84.7715 	EXP 	unnamed Circle: fillColor = <class 'numpy.ndarray'>
84.7715 	EXP 	unnamed Circle: fillColor = <class 'numpy.ndarray'>
85.9718 	EXP 	unnamed Circle: fillColor = <class 'numpy.ndarray'>
85.9718 	EXP 	unnamed Circle: fillColor = <class 'numpy.ndarray'>
87.1884 	EXP 	unnamed Circle: fillColor = <class 'numpy.ndarray'>
87.1884 	EXP 	unnamed Circle: fillColor = <class 'numpy.ndarray'>
88.3884 	EXP 	unnamed Circle: fillColor = <class 'numpy.ndarray'>
88.3884 	EXP 	unnamed Circle: radius = np.float64(0.07174453500000001)
88.3884 	EXP 	unnamed Circle: fillColor = 'white'
88.3884 	EXP 	unnamed Circle: fillColor = <class 'numpy.ndarray'>
89.6049 	EXP 	unnamed Circle: fillColor = <class 'numpy.ndarray'>
89.6049 	EXP 	unnamed Circle: fillColor = <class 'numpy.ndarray'>
90.8049 	EXP 	unnamed Circle: fillColor = <class 'numpy.ndarray'>
90.8049 	EXP 	unnamed Circle: fillColor = <class 'numpy.ndarray'>
92.0216 	EXP 	unnamed Circle: fillColor = <class 'numpy.ndarray'>
92.0216 	EXP 	unnamed Circle: fillColor = <class 'numpy.ndarray'>
93.2216 	EXP 	unnamed Circle: fillColor = <class 'numpy.ndarray'>
93.2216 	EXP 	unnamed Circle: radius = np.float64(0.06457008150000002)
93.2216 	EXP 	unnamed Circle: fillColor = 'white'
93.2216 	EXP 	unnamed Circle: fillColor = <class 'numpy.ndarray'>
94.4049 	EXP 	unnamed Circle: fillColor = <class 'numpy.ndarray'>
94.4049 	EXP 	unnamed Circle: fillColor = <class 'numpy.ndarray'>
95.6215 	EXP 	unnamed Circle: fillColor = <class 'numpy.ndarray'>
95.6215 	EXP 	unnamed Circle: fillColor = <class 'numpy.ndarray'>
96.8385 	EXP 	unnamed Circle: fillColor = <class 'numpy.ndarray'>
96.8385 	EXP 	unnamed Circle: fillColor = <class 'numpy.ndarray'>
98.0383 	EXP 	unnamed Circle: fillColor = <class 'numpy.ndarray'>
98.0383 	EXP 	unnamed Circle: fillColor = <class 'numpy.ndarray'>
99.2548 	EXP 	unnamed Circle: fillColor = <class 'numpy.ndarray'>
99.2548 	EXP 	unnamed Circle: radius = np.float64(0.058113073350000016)
99.2548 	EXP 	unnamed Circle: fillColor = 'white'
99.2548 	EXP 	unnamed Circle: fillColor = <class 'numpy.ndarray'>
100.4384 	EXP 	unnamed Circle: fillColor = <class 'numpy.ndarray'>
100.4384 	EXP 	unnamed Circle: fillColor = <class 'numpy.ndarray'>
101.6717 	EXP 	unnamed Circle: fillColor = <class 'numpy.ndarray'>
101.6717 	EXP 	unnamed Circle: fillColor = <class 'numpy.ndarray'>
102.8547 	EXP 	unnamed Circle: fillColor = <class 'numpy.ndarray'>
102.8547 	EXP 	unnamed Circle: fillColor = <class 'numpy.ndarray'>
104.0549 	EXP 	unnamed Circle: fillColor = <class 'numpy.ndarray'>
104.0549 	EXP 	unnamed Circle: fillColor = <class 'numpy.ndarray'>
105.2547 	EXP 	unnamed Circle: fillColor = <class 'numpy.ndarray'>
105.2547 	EXP 	unnamed Circle: fillColor = <class 'numpy.ndarray'>
106.4880 	EXP 	unnamed Circle: fillColor = <class 'numpy.ndarray'>
106.4880 	EXP 	unnamed Circle: radius = np.float64(0.052301766015000015)
106.4880 	EXP 	unnamed Circle: fillColor = 'white'
106.4880 	EXP 	unnamed Circle: fillColor = <class 'numpy.ndarray'>
107.6715 	EXP 	unnamed Circle: fillColor = <class 'numpy.ndarray'>
107.6715 	EXP 	unnamed Circle: fillColor = <class 'numpy.ndarray'>
108.8714 	EXP 	unnamed Circle: fillColor = <class 'numpy.ndarray'>
108.8714 	EXP 	unnamed Circle: fillColor = <class 'numpy.ndarray'>
110.1048 	EXP 	unnamed Circle: fillColor = <class 'numpy.ndarray'>
110.1048 	EXP 	unnamed Circle: fillColor = <class 'numpy.ndarray'>
111.3214 	EXP 	unnamed Circle: fillColor = <class 'numpy.ndarray'>
111.3214 	EXP 	unnamed Circle: radius = np.float64(0.047071589413500016)
111.3214 	EXP 	unnamed Circle: fillColor = 'white'
111.3214 	EXP 	unnamed Circle: fillColor = <class 'numpy.ndarray'>
112.5049 	EXP 	unnamed Circle: fillColor = <class 'numpy.ndarray'>
112.5049 	EXP 	unnamed Circle: fillColor = <class 'numpy.ndarray'>
113.7215 	EXP 	unnamed Circle: fillColor = <class 'numpy.ndarray'>
113.7215 	EXP 	unnamed Circle: fillColor = <class 'numpy.ndarray'>
114.9216 	EXP 	unnamed Circle: fillColor = <class 'numpy.ndarray'>
114.9216 	EXP 	unnamed Circle: fillColor = <class 'numpy.ndarray'>
116.1382 	EXP 	unnamed Circle: fillColor = <class 'numpy.ndarray'>
116.1382 	EXP 	unnamed Circle: radius = np.float64(0.042364430472150015)
116.1382 	EXP 	unnamed Circle: fillColor = 'white'
116.1382 	EXP 	unnamed Circle: fillColor = <class 'numpy.ndarray'>
117.3215 	EXP 	unnamed Circle: fillColor = <class 'numpy.ndarray'>
117.3215 	EXP 	unnamed Circle: fillColor = <class 'numpy.ndarray'>
118.5383 	EXP 	unnamed Circle: fillColor = <class 'numpy.ndarray'>
118.5383 	EXP 	unnamed Circle: fillColor = <class 'numpy.ndarray'>
119.7383 	EXP 	unnamed Circle: fillColor = <class 'numpy.ndarray'>
119.7383 	EXP 	unnamed Circle: fillColor = <class 'numpy.ndarray'>
120.9381 	EXP 	unnamed Circle: fillColor = <class 'numpy.ndarray'>
120.9381 	EXP 	unnamed Circle: radius = np.float64(0.03812798742493501)
120.9381 	EXP 	unnamed Circle: fillColor = 'white'
120.9381 	EXP 	unnamed Circle: fillColor = <class 'numpy.ndarray'>
122.1548 	EXP 	unnamed Circle: fillColor = <class 'numpy.ndarray'>
122.1548 	EXP 	unnamed Circle: fillColor = <class 'numpy.ndarray'>
123.3548 	EXP 	unnamed Circle: fillColor = <class 'numpy.ndarray'>
123.3548 	EXP 	unnamed Circle: fillColor = <class 'numpy.ndarray'>
124.5548 	EXP 	unnamed Circle: fillColor = <class 'numpy.ndarray'>
124.5548 	EXP 	unnamed Circle: radius = np.float64(0.03431518868244151)
124.5548 	EXP 	unnamed Circle: fillColor = 'white'
124.5548 	EXP 	unnamed Circle: fillColor = <class 'numpy.ndarray'>
125.7713 	EXP 	unnamed Circle: fillColor = <class 'numpy.ndarray'>
125.7713 	EXP 	unnamed Circle: fillColor = <class 'numpy.ndarray'>
126.9714 	EXP 	unnamed Circle: fillColor = <class 'numpy.ndarray'>
126.9714 	EXP 	unnamed Circle: fillColor = <class 'numpy.ndarray'>
128.1883 	EXP 	unnamed Circle: fillColor = <class 'numpy.ndarray'>
128.1883 	EXP 	unnamed Circle: fillColor = <class 'numpy.ndarray'>
129.3881 	EXP 	unnamed Circle: fillColor = <class 'numpy.ndarray'>
129.3881 	EXP 	unnamed Circle: radius = np.float64(0.030883669814197358)
129.3881 	EXP 	unnamed Circle: fillColor = 'white'
129.3881 	EXP 	unnamed Circle: fillColor = <class 'numpy.ndarray'>
130.6049 	EXP 	unnamed Circle: fillColor = <class 'numpy.ndarray'>
130.6049 	EXP 	unnamed Circle: fillColor = <class 'numpy.ndarray'>
131.7713 	EXP 	unnamed Circle: fillColor = <class 'numpy.ndarray'>
131.7713 	EXP 	unnamed Circle: fillColor = <class 'numpy.ndarray'>
132.9879 	EXP 	unnamed Circle: fillColor = <class 'numpy.ndarray'>
132.9879 	EXP 	unnamed Circle: fillColor = <class 'numpy.ndarray'>
134.2048 	EXP 	unnamed Circle: fillColor = <class 'numpy.ndarray'>
134.2048 	EXP 	unnamed Circle: radius = np.float64(0.03)
134.2048 	EXP 	unnamed Circle: fillColor = 'white'
134.2048 	EXP 	unnamed Circle: fillColor = <class 'numpy.ndarray'>
135.4382 	EXP 	unnamed Circle: fillColor = <class 'numpy.ndarray'>
135.4382 	EXP 	unnamed Circle: fillColor = <class 'numpy.ndarray'>
136.6378 	EXP 	unnamed Circle: fillColor = <class 'numpy.ndarray'>
136.6378 	EXP 	unnamed Circle: fillColor = <class 'numpy.ndarray'>
137.8214 	EXP 	unnamed Circle: fillColor = <class 'numpy.ndarray'>
137.8214 	EXP 	unnamed Circle: fillColor = <class 'numpy.ndarray'>
139.0215 	EXP 	unnamed Circle: fillColor = <class 'numpy.ndarray'>
139.0215 	EXP 	unnamed Circle: radius = np.float64(0.03)
139.0215 	EXP 	unnamed Circle: fillColor = 'white'
139.0215 	EXP 	unnamed Circle: fillColor = <class 'numpy.ndarray'>
140.2378 	EXP 	unnamed Circle: fillColor = <class 'numpy.ndarray'>
140.2378 	EXP 	unnamed Circle: fillColor = <class 'numpy.ndarray'>
141.4549 	EXP 	unnamed Circle: fillColor = <class 'numpy.ndarray'>
141.4549 	EXP 	unnamed Circle: fillColor = <class 'numpy.ndarray'>
142.6546 	EXP 	unnamed Circle: fillColor = <class 'numpy.ndarray'>
142.6546 	EXP 	unnamed Circle: fillColor = <class 'numpy.ndarray'>
143.8546 	EXP 	unnamed Circle: fillColor = <class 'numpy.ndarray'>
143.8546 	EXP 	unnamed Circle: fillColor = <class 'numpy.ndarray'>
145.0547 	EXP 	unnamed Circle: fillColor = <class 'numpy.ndarray'>
145.0547 	EXP 	unnamed Circle: radius = np.float64(0.03)
145.0547 	EXP 	unnamed Circle: fillColor = 'white'
145.0547 	EXP 	unnamed Circle: fillColor = <class 'numpy.ndarray'>
146.2549 	EXP 	unnamed Circle: fillColor = <class 'numpy.ndarray'>
146.2549 	EXP 	unnamed Circle: fillColor = <class 'numpy.ndarray'>
147.4713 	EXP 	unnamed Circle: fillColor = <class 'numpy.ndarray'>
147.4713 	EXP 	unnamed Circle: fillColor = <class 'numpy.ndarray'>
148.6712 	EXP 	unnamed Circle: fillColor = <class 'numpy.ndarray'>
148.6712 	EXP 	unnamed Circle: fillColor = <class 'numpy.ndarray'>
149.8879 	EXP 	unnamed Circle: fillColor = <class 'numpy.ndarray'>
149.8879 	EXP 	unnamed Circle: fillColor = <class 'numpy.ndarray'>
151.0713 	EXP 	unnamed Circle: fillColor = <class 'numpy.ndarray'>
151.0713 	EXP 	unnamed Circle: fillColor = <class 'numpy.ndarray'>
152.2881 	EXP 	unnamed Circle: fillColor = <class 'numpy.ndarray'>
152.2881 	EXP 	unnamed Circle: radius = np.float64(0.03)
152.2881 	EXP 	unnamed Circle: fillColor = 'white'
152.2881 	EXP 	unnamed Circle: fillColor = <class 'numpy.ndarray'>
153.4879 	EXP 	unnamed Circle: fillColor = <class 'numpy.ndarray'>
153.4879 	EXP 	unnamed Circle: fillColor = <class 'numpy.ndarray'>
154.7047 	EXP 	unnamed Circle: fillColor = <class 'numpy.ndarray'>
154.7047 	EXP 	unnamed Circle: fillColor = <class 'numpy.ndarray'>
155.9048 	EXP 	unnamed Circle: fillColor = <class 'numpy.ndarray'>
155.9048 	EXP 	unnamed Circle: fillColor = <class 'numpy.ndarray'>
157.1213 	EXP 	unnamed Circle: fillColor = <class 'numpy.ndarray'>
157.1213 	EXP 	unnamed Circle: fillColor = <class 'numpy.ndarray'>
158.3213 	EXP 	unnamed Circle: fillColor = <class 'numpy.ndarray'>
158.3213 	EXP 	unnamed Circle: radius = np.float64(0.03)
158.3213 	EXP 	unnamed Circle: fillColor = 'white'
158.3213 	EXP 	unnamed Circle: fillColor = <class 'numpy.ndarray'>
159.5546 	EXP 	unnamed Circle: fillColor = <class 'numpy.ndarray'>
159.5546 	EXP 	unnamed Circle: fillColor = <class 'numpy.ndarray'>
160.7215 	EXP 	unnamed Circle: fillColor = <class 'numpy.ndarray'>
160.7215 	EXP 	unnamed Circle: fillColor = <class 'numpy.ndarray'>
161.9544 	EXP 	unnamed Circle: fillColor = <class 'numpy.ndarray'>
161.9544 	EXP 	unnamed Circle: fillColor = <class 'numpy.ndarray'>
163.1376 	EXP 	unnamed Circle: fillColor = <class 'numpy.ndarray'>
163.1376 	EXP 	unnamed Circle: fillColor = <class 'numpy.ndarray'>
164.3550 	EXP 	unnamed Circle: fillColor = <class 'numpy.ndarray'>
164.3550 	EXP 	unnamed Circle: fillColor = <class 'numpy.ndarray'>
165.5379 	EXP 	unnamed Circle: fillColor = <class 'numpy.ndarray'>
165.5379 	EXP 	unnamed Circle: radius = np.float64(0.03)
165.5379 	EXP 	unnamed Circle: fillColor = 'white'
165.5379 	EXP 	unnamed Circle: fillColor = <class 'numpy.ndarray'>
166.7546 	EXP 	unnamed Circle: fillColor = <class 'numpy.ndarray'>
166.7546 	EXP 	unnamed Circle: fillColor = <class 'numpy.ndarray'>
167.9878 	EXP 	unnamed Circle: fillColor = <class 'numpy.ndarray'>
167.9878 	EXP 	unnamed Circle: fillColor = <class 'numpy.ndarray'>
169.1713 	EXP 	unnamed Circle: fillColor = <class 'numpy.ndarray'>
169.1713 	EXP 	unnamed Circle: fillColor = <class 'numpy.ndarray'>
170.3711 	EXP 	unnamed Circle: fillColor = <class 'numpy.ndarray'>
170.3711 	EXP 	unnamed Circle: fillColor = <class 'numpy.ndarray'>
171.6047 	EXP 	unnamed Circle: fillColor = <class 'numpy.ndarray'>
171.6047 	EXP 	unnamed Circle: fillColor = <class 'numpy.ndarray'>
172.7878 	EXP 	unnamed Circle: fillColor = <class 'numpy.ndarray'>
172.7878 	EXP 	unnamed Circle: fillColor = <class 'numpy.ndarray'>
174.0041 	EXP 	unnamed Circle: fillColor = <class 'numpy.ndarray'>
174.0041 	EXP 	unnamed Circle: radius = np.float64(0.03)
174.0041 	EXP 	unnamed Circle: fillColor = 'white'
174.0041 	EXP 	unnamed Circle: fillColor = <class 'numpy.ndarray'>
175.1880 	EXP 	unnamed Circle: fillColor = <class 'numpy.ndarray'>
175.1880 	EXP 	unnamed Circle: fillColor = <class 'numpy.ndarray'>
176.4209 	EXP 	unnamed Circle: fillColor = <class 'numpy.ndarray'>
176.4209 	EXP 	unnamed Circle: fillColor = <class 'numpy.ndarray'>
177.6212 	EXP 	unnamed Circle: fillColor = <class 'numpy.ndarray'>
177.6212 	EXP 	unnamed Circle: fillColor = <class 'numpy.ndarray'>
178.8214 	EXP 	unnamed Circle: fillColor = <class 'numpy.ndarray'>
178.8214 	EXP 	unnamed Circle: radius = np.float64(0.03)
178.8214 	EXP 	unnamed Circle: fillColor = 'white'
178.8214 	EXP 	unnamed Circle: fillColor = <class 'numpy.ndarray'>
180.0211 	EXP 	unnamed Circle: fillColor = <class 'numpy.ndarray'>
180.0211 	EXP 	unnamed Circle: fillColor = <class 'numpy.ndarray'>
181.2381 	EXP 	unnamed Circle: fillColor = <class 'numpy.ndarray'>
181.2381 	EXP 	unnamed Circle: fillColor = <class 'numpy.ndarray'>
182.4378 	EXP 	unnamed Circle: fillColor = <class 'numpy.ndarray'>
182.4378 	EXP 	unnamed Circle: fillColor = <class 'numpy.ndarray'>
183.6377 	EXP 	unnamed Circle: fillColor = <class 'numpy.ndarray'>
183.6377 	EXP 	unnamed Circle: fillColor = <class 'numpy.ndarray'>
184.8379 	EXP 	unnamed Circle: fillColor = <class 'numpy.ndarray'>
184.8379 	EXP 	unnamed Circle: fillColor = <class 'numpy.ndarray'>
186.0547 	EXP 	unnamed Circle: fillColor = <class 'numpy.ndarray'>
186.0547 	EXP 	unnamed Circle: radius = np.float64(0.03)
186.0547 	EXP 	unnamed Circle: fillColor = 'white'
186.0547 	EXP 	unnamed Circle: fillColor = <class 'numpy.ndarray'>
187.2545 	EXP 	unnamed Circle: fillColor = <class 'numpy.ndarray'>
187.2545 	EXP 	unnamed Circle: fillColor = <class 'numpy.ndarray'>
188.4710 	EXP 	unnamed Circle: fillColor = <class 'numpy.ndarray'>
188.4710 	EXP 	unnamed Circle: fillColor = <class 'numpy.ndarray'>
189.6543 	EXP 	unnamed Circle: fillColor = <class 'numpy.ndarray'>
189.6543 	EXP 	unnamed Circle: fillColor = <class 'numpy.ndarray'>
190.8878 	EXP 	unnamed Circle: fillColor = <class 'numpy.ndarray'>
190.8878 	EXP 	unnamed Circle: fillColor = <class 'numpy.ndarray'>
192.0711 	EXP 	unnamed Circle: fillColor = <class 'numpy.ndarray'>
192.0711 	EXP 	unnamed Circle: fillColor = <class 'numpy.ndarray'>
193.2880 	EXP 	unnamed Circle: fillColor = <class 'numpy.ndarray'>
193.2880 	EXP 	unnamed Circle: fillColor = <class 'numpy.ndarray'>
194.4711 	EXP 	unnamed Circle: fillColor = <class 'numpy.ndarray'>
194.4711 	EXP 	unnamed Circle: fillColor = <class 'numpy.ndarray'>
195.7045 	EXP 	unnamed Circle: fillColor = <class 'numpy.ndarray'>
195.7045 	EXP 	unnamed Circle: radius = np.float64(0.03)
195.7045 	EXP 	unnamed Circle: fillColor = 'white'
195.7045 	EXP 	unnamed Circle: fillColor = <class 'numpy.ndarray'>
196.9210 	EXP 	unnamed Circle: fillColor = <class 'numpy.ndarray'>
196.9210 	EXP 	unnamed Circle: fillColor = <class 'numpy.ndarray'>
198.1042 	EXP 	unnamed Circle: fillColor = <class 'numpy.ndarray'>
198.1042 	EXP 	unnamed Circle: fillColor = <class 'numpy.ndarray'>
199.3378 	EXP 	unnamed Circle: fillColor = <class 'numpy.ndarray'>
199.3378 	EXP 	unnamed Circle: fillColor = <class 'numpy.ndarray'>
201.2528 	EXP 	text_2: autoDraw = True
202.1379 	EXP 	text_2: autoDraw = False
205.8547 	DATA 	Keypress: space
206.6882 	DATA 	Keypress: 2
206.6914 	EXP 	Created text = TextStim(__class__=<class 'psychopy.visual.text.TextStim'>, alignHoriz=method-wrapper(...), alignText='center', alignVert=method-wrapper(...), anchorHoriz='center', anchorVert='center', antialias=True, autoDraw=False, autoLog=True, bold=False, color=array([1., 1., 1.]), colorSpace='rgb', contrast=1.0, depth=0.0, draggable=False, flipHoriz=False, flipVert=False, font='Arial', fontFiles=[], height=np.float64(0.06), italic=False, languageStyle='LTR', name='text', opacity=1, ori=0, pos=array([0. , 0.2]), rgb=UNKNOWN, text=str(...), units='norm', win=Window(...), wrapWidth=1.2)
206.6962 	WARNING 	Font b'Arial' was requested. No similar font found.
206.7042 	WARNING 	Font b'Arial' was requested. No similar font found.
206.7105 	WARNING 	Font b'Arial' was requested. No similar font found.
206.7165 	WARNING 	Font b'Arial' was requested. No similar font found.
206.7234 	EXP 	Created None = Slider(__class__=<class 'psychopy.visual.slider.Slider'>, autoDraw=False, autoLog=True, borderColor=None, color=None, colorSpace='rgb', depth=0, fillColor=None, flip=False, font='Arial', granularity=1, labelColor=None, labelHeight=np.float64(0.06), labelWrapWidth=None, labels=('Never', 'Always'), lineColor=None, markerColor=None, name=None, opacity=None, ori=0, pos=array([0., 0.]), readOnly=False, self=UNKNOWN, size=array([0.85, 0.1 ]), startValue=None, style='rating', styleTweaks=[], ticks=array([1, 9]), units='norm', win=Window(...))
206.7311 	EXP 	None: autoLog = True
206.7311 	EXP 	None: styleTweaks = []
206.7311 	EXP 	None: styleTweaks = []
206.7311 	EXP 	None: styleTweaks = []
206.7311 	EXP 	None: styleTweaks = []
206.7311 	EXP 	None: contrast = 1.0
206.7311 	EXP 	None: markerPos = None
206.7311 	EXP 	None: autoLog = True
206.7311 	EXP 	None: markerPos = 5
206.9139 	DATA 	Keypress: 0
206.9172 	EXP 	None: markerPos = 5
206.9191 	EXP 	Created text = TextStim(__class__=<class 'psychopy.visual.text.TextStim'>, alignHoriz=method-wrapper(...), alignText='center', alignVert=method-wrapper(...), anchorHoriz='center', anchorVert='center', antialias=True, autoDraw=False, autoLog=True, bold=False, color=array([1., 1., 1.]), colorSpace='rgb', contrast=1.0, depth=0.0, draggable=False, flipHoriz=False, flipVert=False, font='Arial', fontFiles=[], height=np.float64(0.06), italic=False, languageStyle='LTR', name='text', opacity=1, ori=0, pos=array([0. , 0.2]), rgb=UNKNOWN, text=str(...), units='norm', win=Window(...), wrapWidth=1.2)
206.9229 	WARNING 	Font b'Arial' was requested. No similar font found.
206.9260 	WARNING 	Font b'Arial' was requested. No similar font found.
206.9289 	WARNING 	Font b'Arial' was requested. No similar font found.
206.9339 	WARNING 	Font b'Arial' was requested. No similar font found.
206.9408 	EXP 	Created None = Slider(__class__=<class 'psychopy.visual.slider.Slider'>, autoDraw=False, autoLog=True, borderColor=None, color=None, colorSpace='rgb', depth=0, fillColor=None, flip=False, font='Arial', granularity=1, labelColor=None, labelHeight=np.float64(0.06), labelWrapWidth=None, labels=('Never', 'All the time'), lineColor=None, markerColor=None, name=None, opacity=None, ori=0, pos=array([0., 0.]), readOnly=False, self=UNKNOWN, size=array([0.85, 0.1 ]), startValue=None, style='rating', styleTweaks=[], ticks=array([1, 9]), units='norm', win=Window(...))
206.9461 	EXP 	None: autoLog = True
206.9461 	EXP 	None: styleTweaks = []
206.9461 	EXP 	None: styleTweaks = []
206.9461 	EXP 	None: styleTweaks = []
206.9461 	EXP 	None: styleTweaks = []
206.9461 	EXP 	None: contrast = 1.0
206.9461 	EXP 	None: markerPos = None
206.9461 	EXP 	None: autoLog = True
206.9461 	EXP 	None: markerPos = 5
207.0381 	DATA 	Keypress: 2
207.0414 	EXP 	None: markerPos = 6
207.1184 	DATA 	Keypress: 0
207.1216 	EXP 	None: markerPos = 6
207.1235 	EXP 	Created text = TextStim(__class__=<class 'psychopy.visual.text.TextStim'>, alignHoriz=method-wrapper(...), alignText='center', alignVert=method-wrapper(...), anchorHoriz='center', anchorVert='center', antialias=True, autoDraw=False, autoLog=True, bold=False, color=array([1., 1., 1.]), colorSpace='rgb', contrast=1.0, depth=0.0, draggable=False, flipHoriz=False, flipVert=False, font='Arial', fontFiles=[], height=np.float64(0.06), italic=False, languageStyle='LTR', name='text', opacity=1, ori=0, pos=array([0. , 0.2]), rgb=UNKNOWN, text=str(...), units='norm', win=Window(...), wrapWidth=1.2)
207.1272 	WARNING 	Font b'Arial' was requested. No similar font found.
207.1313 	WARNING 	Font b'Arial' was requested. No similar font found.
207.1342 	WARNING 	Font b'Arial' was requested. No similar font found.
207.1400 	WARNING 	Font b'Arial' was requested. No similar font found.
207.1472 	EXP 	Created None = Slider(__class__=<class 'psychopy.visual.slider.Slider'>, autoDraw=False, autoLog=True, borderColor=None, color=None, colorSpace='rgb', depth=0, fillColor=None, flip=False, font='Arial', granularity=1, labelColor=None, labelHeight=np.float64(0.06), labelWrapWidth=None, labels=('Not at all', 'Very Difficult'), lineColor=None, markerColor=None, name=None, opacity=None, ori=0, pos=array([0., 0.]), readOnly=False, self=UNKNOWN, size=array([0.85, 0.1 ]), startValue=None, style='rating', styleTweaks=[], ticks=array([1, 9]), units='norm', win=Window(...))
207.1537 	EXP 	None: autoLog = True
207.1537 	EXP 	None: styleTweaks = []
207.1537 	EXP 	None: styleTweaks = []
207.1537 	EXP 	None: styleTweaks = []
207.1537 	EXP 	None: styleTweaks = []
207.1537 	EXP 	None: contrast = 1.0
207.1537 	EXP 	None: markerPos = None
207.1537 	EXP 	None: autoLog = True
207.1537 	EXP 	None: markerPos = 5
207.2812 	DATA 	Keypress: 2
207.2845 	EXP 	None: markerPos = 6
207.2977 	DATA 	Keypress: 0
207.3007 	EXP 	None: markerPos = 6
207.3025 	EXP 	Created text = TextStim(__class__=<class 'psychopy.visual.text.TextStim'>, alignHoriz=method-wrapper(...), alignText='center', alignVert=method-wrapper(...), anchorHoriz='center', anchorVert='center', antialias=True, autoDraw=False, autoLog=True, bold=False, color=array([1., 1., 1.]), colorSpace='rgb', contrast=1.0, depth=0.0, draggable=False, flipHoriz=False, flipVert=False, font='Arial', fontFiles=[], height=np.float64(0.06), italic=False, languageStyle='LTR', name='text', opacity=1, ori=0, pos=array([0. , 0.2]), rgb=UNKNOWN, text='How calm do you feel right now?', units='norm', win=Window(...), wrapWidth=1.2)
207.3061 	WARNING 	Font b'Arial' was requested. No similar font found.
207.3092 	WARNING 	Font b'Arial' was requested. No similar font found.
207.3123 	WARNING 	Font b'Arial' was requested. No similar font found.
207.3152 	WARNING 	Font b'Arial' was requested. No similar font found.
207.3220 	EXP 	Created None = Slider(__class__=<class 'psychopy.visual.slider.Slider'>, autoDraw=False, autoLog=True, borderColor=None, color=None, colorSpace='rgb', depth=0, fillColor=None, flip=False, font='Arial', granularity=1, labelColor=None, labelHeight=np.float64(0.06), labelWrapWidth=None, labels=('Not at all', 'Very calm'), lineColor=None, markerColor=None, name=None, opacity=None, ori=0, pos=array([0., 0.]), readOnly=False, self=UNKNOWN, size=array([0.85, 0.1 ]), startValue=None, style='rating', styleTweaks=[], ticks=array([1, 9]), units='norm', win=Window(...))
207.3261 	EXP 	None: autoLog = True
207.3261 	EXP 	None: styleTweaks = []
207.3261 	EXP 	None: styleTweaks = []
207.3261 	EXP 	None: styleTweaks = []
207.3261 	EXP 	None: styleTweaks = []
207.3261 	EXP 	None: contrast = 1.0
207.3261 	EXP 	None: markerPos = None
207.3261 	EXP 	None: autoLog = True
207.3261 	EXP 	None: markerPos = 5
207.5199 	DATA 	Keypress: 2
207.5230 	EXP 	None: markerPos = 6
207.8502 	DATA 	Keypress: 0
207.8533 	EXP 	None: markerPos = 6
