26.1273 	EXP 	DMN_BallTask: status = NOT_STARTED
26.1492 	WARNING 	Requested an unavailable screen number - using first available.
26.1512 	WARNING 	User requested fullscreen with size [1080 1080], but screen is actually [1920, 1200]. Using actual size
27.5624 	EXP 	Created window1 = Window(allowGUI=False, allowStencil=False, autoLog=True, backendConf=UNKNOWN, backgroundFit=<method-wrapper '__getattribute__' of attributeSetter object at 0x000002443D0788B0>, backgroundImage=<method-wrapper '__getattribute__' of attributeSetter object at 0x000002443D078850>, bitsMode=UNKNOWN, blendMode='avg', bpc=(8, 8, 8), color=array([-1, -1, -1]), colorSpace='rgb', depthBits=8, fullscr=True, gamma=None, gammaErrorPolicy='raise', infoMsg=UNKNOWN, lms=UNKNOWN, monitor=<psychopy.monitors.calibTools.Monitor object at 0x00000244425F0CA0>, multiSample=False, name='window1', numSamples=2, pos=(0, 0), screen=1, size=array([1920, 1200]), stencilBits=0, stereo=False, title='PsychoPy', units='norm', useFBO=True, useRetina=False, viewOri=0.0, viewPos=None, viewScale=None, waitBlanking=True, winType='pyglet')
27.5625 	EXP 	window1: backgroundImage = None
27.5625 	EXP 	window1: backgroundFit = 'cover'
27.5654 	EXP 	window1: Attempting to measure frame rate of screen (1) ...
27.5655 	EXP 	window1: recordFrameIntervals = False
27.7293 	EXP 	window1: recordFrameIntervals = True
27.9132 	EXP 	Screen (1) actual frame rate measured at 60.07Hz
27.9133 	EXP 	window1: recordFrameIntervals = False
28.0597 	EXP 	Created text = TextStim(__class__=<class 'psychopy.visual.text.TextStim'>, alignHoriz=method-wrapper(...), alignText='center', alignVert=method-wrapper(...), anchorHoriz='center', anchorVert='center', antialias=True, autoDraw=False, autoLog=True, bold=False, color=array([1., 1., 1.]), colorSpace='rgb', contrast=1.0, depth=0.0, draggable=False, flipHoriz=False, flipVert=False, font='Arial', fontFiles=[], height=0.06, italic=False, languageStyle='LTR', name='text', opacity=1, ori=0, pos=array([0. , 0.2]), rgb=UNKNOWN, text=str(...), units='norm', win=Window(...), wrapWidth=1.2)
28.0610 	EXP 	Created text = TextStim(__class__=<class 'psychopy.visual.text.TextStim'>, alignHoriz=method-wrapper(...), alignText='center', alignVert=method-wrapper(...), anchorHoriz='center', anchorVert='center', antialias=True, autoDraw=False, autoLog=True, bold=False, color=array([1., 1., 1.]), colorSpace='rgb', contrast=1.0, depth=0.0, draggable=False, flipHoriz=False, flipVert=False, font='Arial', fontFiles=[], height=0.06, italic=False, languageStyle='LTR', name='text', opacity=1, ori=0, pos=array([0., 0.]), rgb=UNKNOWN, text='', units='norm', win=Window(...), wrapWidth=1.2)
28.0699 	EXP 	Created waiting_for_trigger_text = TextStim(__class__=<class 'psychopy.visual.text.TextStim'>, alignHoriz=method-wrapper(...), alignText='center', alignVert=method-wrapper(...), anchorHoriz='center', anchorVert='center', antialias=True, autoDraw=False, autoLog=True, bold=False, color=array([1., 1., 1.]), colorSpace='rgb', contrast=1.0, depth=0.0, draggable=False, flipHoriz=False, flipVert=False, font='Arial', fontFiles=[], height=0.1, italic=False, languageStyle='LTR', name='waiting_for_trigger_text', opacity=1, ori=0, pos=array([0., 0.]), rgb=UNKNOWN, text='waiting for scanner', units='norm', win=Window(...), wrapWidth=2)
28.0768 	EXP 	Created text_2 = TextStim(__class__=<class 'psychopy.visual.text.TextStim'>, alignHoriz=method-wrapper(...), alignText='center', alignVert=method-wrapper(...), anchorHoriz='center', anchorVert='center', antialias=True, autoDraw=False, autoLog=True, bold=False, color=array([1., 1., 1.]), colorSpace='rgb', contrast=1.0, depth=0.0, draggable=False, flipHoriz=False, flipVert=False, font='Arial', fontFiles=[], height=0.3, italic=False, languageStyle='LTR', name='text_2', opacity=1, ori=0, pos=array([0., 0.]), rgb=UNKNOWN, text='+', units='norm', win=Window(...), wrapWidth=1)
28.0839 	EXP 	Created text_relax = TextStim(__class__=<class 'psychopy.visual.text.TextStim'>, alignHoriz=method-wrapper(...), alignText='center', alignVert=method-wrapper(...), anchorHoriz='center', anchorVert='center', antialias=True, autoDraw=False, autoLog=True, bold=False, color=array([1., 1., 1.]), colorSpace='rgb', contrast=1.0, depth=0.0, draggable=False, flipHoriz=False, flipVert=False, font='Arial', fontFiles=[], height=0.07, italic=False, languageStyle='LTR', name='text_relax', opacity=1, ori=0, pos=array([ 0. , -0.2]), rgb=UNKNOWN, text='Relax', units='norm', win=Window(...), wrapWidth=1)
28.0919 	EXP 	Created text_4 = TextStim(__class__=<class 'psychopy.visual.text.TextStim'>, alignHoriz=method-wrapper(...), alignText='center', alignVert=method-wrapper(...), anchorHoriz='center', anchorVert='center', antialias=True, autoDraw=False, autoLog=True, bold=False, color=array([1., 1., 1.]), colorSpace='rgb', contrast=1.0, depth=-3.0, draggable=False, flipHoriz=False, flipVert=False, font='Arial', fontFiles=[], height=0.1, italic=False, languageStyle='LTR', name='text_4', opacity=1, ori=0, pos=array([0., 0.]), rgb=UNKNOWN, text='default text', units='norm', win=Window(...), wrapWidth=1)
28.1258 	EXP 	Created unnamed Circle = Circle(__class__=<class 'psychopy.visual.circle.Circle'>, anchor=('center', 'center'), autoDraw=False, autoLog=True, closeShape=True, color=method-wrapper(...), colorSpace='rgb', contrast=None, depth=0, draggable=False, fillColor=array([0, 0, 0]), fillColorSpace='rgb', fillRGB=array([0, 0, 0]), interpolate=True, lineColor=array([ 1.,  1., -1.]), lineColorSpace='rgb', lineRGB=array([ 1,  1, -1]), lineWidth=3, name='unnamed Circle', opacity=1, ori=0.0, pos=array([0.        , 0.33333333]), size=array([1., 1.]), units='norm', vertices=ndarray(...), win=Window(...), windingRule=None)
28.1506 	EXP 	Created unnamed Circle = Circle(__class__=<class 'psychopy.visual.circle.Circle'>, anchor=('center', 'center'), autoDraw=False, autoLog=True, closeShape=True, color=method-wrapper(...), colorSpace='rgb', contrast=None, depth=0, draggable=False, fillColor=array([0, 0, 0]), fillColorSpace='rgb', fillRGB=array([0, 0, 0]), interpolate=True, lineColor=array([0.35686275, 0.69411765, 0.80392157]), lineColorSpace='rgb', lineRGB=array([0.35686275, 0.69411765, 0.80392157]), lineWidth=3, name='unnamed Circle', opacity=1, ori=0.0, pos=array([ 0.        , -0.33333333]), size=array([1., 1.]), units='norm', vertices=ndarray(...), win=Window(...), windingRule=None)
28.1746 	EXP 	Created unnamed Circle = Circle(__class__=<class 'psychopy.visual.circle.Circle'>, anchor=('center', 'center'), autoDraw=False, autoLog=True, closeShape=True, color=method-wrapper(...), colorSpace='rgb', contrast=None, depth=0, draggable=False, fillColor=array([1, 1, 1]), fillColorSpace='rgb', fillRGB=array([1, 1, 1]), interpolate=True, lineColor=array([1., 1., 1.]), lineColorSpace='rgb', lineRGB=array([1, 1, 1]), lineWidth=1.5, name='unnamed Circle', opacity=1, ori=0.0, pos=array([0., 0.]), size=array([1., 1.]), units='norm', vertices=ndarray(...), win=Window(...), windingRule=None)
28.2015 	EXP 	Created unnamed Circle = Circle(__class__=<class 'psychopy.visual.circle.Circle'>, anchor=('center', 'center'), autoDraw=False, autoLog=True, closeShape=True, color=method-wrapper(...), colorSpace='rgb', contrast=None, depth=0, draggable=False, fillColor=array([1, 1, 1]), fillColorSpace='rgb', fillRGB=array([1, 1, 1]), interpolate=True, lineColor=array([1., 1., 1.]), lineColorSpace='rgb', lineRGB=array([1, 1, 1]), lineWidth=3, name='unnamed Circle', opacity=1, ori=0.0, pos=array([0., 0.]), size=array([1., 1.]), units='norm', vertices=ndarray(...), win=Window(...), windingRule=None)
28.2129 	EXP 	Created instruct_text = TextStim(__class__=<class 'psychopy.visual.text.TextStim'>, alignHoriz=method-wrapper(...), alignText='center', alignVert=method-wrapper(...), anchorHoriz='center', anchorVert='center', antialias=True, autoDraw=False, autoLog=True, bold=False, color=array([1., 1., 1.]), colorSpace='rgb', contrast=1.0, depth=0.0, draggable=False, flipHoriz=False, flipVert=False, font='Arial', fontFiles=[], height=0.06, italic=False, languageStyle='LTR', name='instruct_text', opacity=1, ori=0, pos=array([0., 0.]), rgb=UNKNOWN, text='replace me', units='norm', win=Window(...), wrapWidth=1.2)
28.2205 	EXP 	Created thank_you_end_run_text = TextStim(__class__=<class 'psychopy.visual.text.TextStim'>, alignHoriz=method-wrapper(...), alignText='center', alignVert=method-wrapper(...), anchorHoriz='center', anchorVert='center', antialias=True, autoDraw=False, autoLog=True, bold=False, color=array([1., 1., 1.]), colorSpace='rgb', contrast=1.0, depth=0.0, draggable=False, flipHoriz=False, flipVert=False, font='Arial', fontFiles=[], height=0.1, italic=False, languageStyle='LTR', name='thank_you_end_run_text', opacity=1, ori=0, pos=array([0., 0.]), rgb=UNKNOWN, text='thank you!', units='norm', win=Window(...), wrapWidth=1)
28.2505 	EXP 	instruct_text: height = 0.06
28.2505 	EXP 	instruct_text: height = 0.06
28.2505 	EXP 	instruct_text: height = 0.06
28.2505 	EXP 	instruct_text: text = "Next, you will get to continue the Mindful Describing practice you just learned.    \n\nBefore, you mentioned using your dd as an anchor for your Describing Practice. Try to continue using this as your anchor, but it is also okay to switch anytime.\n\nYou will see 2 circles with a white ball in the middle, but they won't move for now."
32.4835 	DATA 	Keypress: space
32.4982 	EXP 	instruct_text: height = 0.06
32.4982 	EXP 	instruct_text: height = 0.06
32.4982 	EXP 	instruct_text: height = 0.06
32.4982 	EXP 	instruct_text: text = "You will see the plus sign (+) for 30 seconds at the start. Whenever you see the plus +,  please don't practice Describing just relax.\n\nOnce the circles appear, please start the Describing practice. This practice will last 2.5 min."
32.8075 	DATA 	Keypress: space
32.8146 	EXP 	waiting_for_trigger_text: autoDraw = True
34.0367 	DATA 	Keypress: 5
34.0517 	EXP 	waiting_for_trigger_text: autoDraw = False
34.0517 	EXP 	text_2: autoDraw = True
34.0517 	EXP 	text_relax: autoDraw = True
34.0881 	DATA 	Keypress: space
64.0626 	EXP 	text_2: autoDraw = False
64.0626 	EXP 	text_relax: autoDraw = False
64.0626 	EXP 	text_2: autoDraw = False
214.0428 	EXP 	unnamed Circle: fillColor = <class 'numpy.ndarray'>
214.0428 	EXP 	unnamed Circle: fillColor = <class 'numpy.ndarray'>
214.0428 	EXP 	unnamed Circle: fillColor = <class 'numpy.ndarray'>
214.0428 	EXP 	unnamed Circle: radius = 0.135
214.0428 	EXP 	unnamed Circle: fillColor = 'white'
214.0428 	EXP 	unnamed Circle: fillColor = <class 'numpy.ndarray'>
214.0428 	EXP 	unnamed Circle: fillColor = <class 'numpy.ndarray'>
214.0428 	EXP 	unnamed Circle: radius = 0.12150000000000001
214.0428 	EXP 	unnamed Circle: fillColor = 'white'
214.0428 	EXP 	unnamed Circle: fillColor = <class 'numpy.ndarray'>
214.0428 	EXP 	unnamed Circle: fillColor = <class 'numpy.ndarray'>
214.0428 	EXP 	unnamed Circle: radius = 0.10935000000000002
214.0428 	EXP 	unnamed Circle: fillColor = 'white'
214.0428 	EXP 	unnamed Circle: fillColor = <class 'numpy.ndarray'>
214.0428 	EXP 	unnamed Circle: fillColor = <class 'numpy.ndarray'>
214.0428 	EXP 	unnamed Circle: radius = 0.09841500000000002
214.0428 	EXP 	unnamed Circle: fillColor = 'white'
214.0428 	EXP 	unnamed Circle: fillColor = <class 'numpy.ndarray'>
214.0428 	EXP 	unnamed Circle: fillColor = <class 'numpy.ndarray'>
214.0428 	EXP 	unnamed Circle: radius = 0.08857350000000001
214.0428 	EXP 	unnamed Circle: fillColor = 'white'
214.0428 	EXP 	unnamed Circle: fillColor = <class 'numpy.ndarray'>
214.0428 	EXP 	unnamed Circle: fillColor = <class 'numpy.ndarray'>
214.0428 	EXP 	unnamed Circle: radius = 0.07971615000000001
214.0428 	EXP 	unnamed Circle: fillColor = 'white'
214.0428 	EXP 	unnamed Circle: fillColor = <class 'numpy.ndarray'>
214.0428 	EXP 	unnamed Circle: fillColor = <class 'numpy.ndarray'>
214.0428 	EXP 	unnamed Circle: radius = 0.07174453500000001
214.0428 	EXP 	unnamed Circle: fillColor = 'white'
214.0428 	EXP 	unnamed Circle: fillColor = <class 'numpy.ndarray'>
214.0428 	EXP 	unnamed Circle: fillColor = <class 'numpy.ndarray'>
214.0428 	EXP 	unnamed Circle: fillColor = <class 'numpy.ndarray'>
214.0428 	EXP 	unnamed Circle: radius = 0.135
214.0428 	EXP 	unnamed Circle: fillColor = 'white'
214.0428 	EXP 	unnamed Circle: fillColor = <class 'numpy.ndarray'>
214.0428 	EXP 	unnamed Circle: radius = 0.06457008150000002
214.0428 	EXP 	unnamed Circle: fillColor = 'white'
214.0428 	EXP 	unnamed Circle: fillColor = <class 'numpy.ndarray'>
214.0428 	EXP 	unnamed Circle: fillColor = <class 'numpy.ndarray'>
214.0428 	EXP 	unnamed Circle: fillColor = <class 'numpy.ndarray'>
214.0428 	EXP 	unnamed Circle: radius = 0.12150000000000001
214.0428 	EXP 	unnamed Circle: fillColor = 'white'
214.0428 	EXP 	unnamed Circle: fillColor = <class 'numpy.ndarray'>
214.0428 	EXP 	unnamed Circle: fillColor = <class 'numpy.ndarray'>
214.0428 	EXP 	unnamed Circle: radius = 0.10935000000000002
214.0428 	EXP 	unnamed Circle: fillColor = 'white'
214.0428 	EXP 	unnamed Circle: fillColor = <class 'numpy.ndarray'>
214.0428 	EXP 	unnamed Circle: radius = 0.058113073350000016
214.0428 	EXP 	unnamed Circle: fillColor = 'white'
214.0428 	EXP 	unnamed Circle: fillColor = <class 'numpy.ndarray'>
214.0428 	EXP 	unnamed Circle: fillColor = <class 'numpy.ndarray'>
214.0428 	EXP 	unnamed Circle: radius = 0.052301766015000015
214.0428 	EXP 	unnamed Circle: fillColor = 'white'
214.0428 	EXP 	unnamed Circle: fillColor = <class 'numpy.ndarray'>
214.0428 	EXP 	unnamed Circle: fillColor = <class 'numpy.ndarray'>
214.0428 	EXP 	unnamed Circle: fillColor = <class 'numpy.ndarray'>
214.0428 	EXP 	unnamed Circle: radius = 0.09841500000000002
214.0428 	EXP 	unnamed Circle: fillColor = 'white'
214.0428 	EXP 	unnamed Circle: fillColor = <class 'numpy.ndarray'>
214.0428 	EXP 	unnamed Circle: fillColor = <class 'numpy.ndarray'>
214.0428 	EXP 	unnamed Circle: fillColor = <class 'numpy.ndarray'>
214.0428 	EXP 	unnamed Circle: radius = 0.047071589413500016
214.0428 	EXP 	unnamed Circle: fillColor = 'white'
214.0428 	EXP 	unnamed Circle: fillColor = <class 'numpy.ndarray'>
214.0428 	EXP 	unnamed Circle: fillColor = <class 'numpy.ndarray'>
214.0428 	EXP 	unnamed Circle: fillColor = <class 'numpy.ndarray'>
214.0428 	EXP 	unnamed Circle: radius = 0.08857350000000001
214.0428 	EXP 	unnamed Circle: fillColor = 'white'
214.0428 	EXP 	unnamed Circle: fillColor = <class 'numpy.ndarray'>
214.0428 	EXP 	unnamed Circle: radius = 0.042364430472150015
214.0428 	EXP 	unnamed Circle: fillColor = 'white'
214.0428 	EXP 	unnamed Circle: fillColor = <class 'numpy.ndarray'>
214.0428 	EXP 	unnamed Circle: fillColor = <class 'numpy.ndarray'>
214.0428 	EXP 	unnamed Circle: fillColor = <class 'numpy.ndarray'>
214.0428 	EXP 	unnamed Circle: radius = 0.07971615000000001
214.0428 	EXP 	unnamed Circle: fillColor = 'white'
214.0428 	EXP 	unnamed Circle: fillColor = <class 'numpy.ndarray'>
214.0428 	EXP 	unnamed Circle: radius = 0.03812798742493501
214.0428 	EXP 	unnamed Circle: fillColor = 'white'
214.0428 	EXP 	unnamed Circle: fillColor = <class 'numpy.ndarray'>
214.0428 	EXP 	unnamed Circle: fillColor = <class 'numpy.ndarray'>
214.0428 	EXP 	unnamed Circle: fillColor = <class 'numpy.ndarray'>
214.0428 	EXP 	unnamed Circle: radius = 0.07174453500000001
214.0428 	EXP 	unnamed Circle: fillColor = 'white'
214.0428 	EXP 	unnamed Circle: fillColor = <class 'numpy.ndarray'>
214.0428 	EXP 	unnamed Circle: fillColor = <class 'numpy.ndarray'>
214.0428 	EXP 	unnamed Circle: radius = 0.06457008150000002
214.0428 	EXP 	unnamed Circle: fillColor = 'white'
214.0428 	EXP 	unnamed Circle: fillColor = <class 'numpy.ndarray'>
214.0428 	EXP 	unnamed Circle: fillColor = <class 'numpy.ndarray'>
214.0428 	EXP 	unnamed Circle: radius = 0.058113073350000016
214.0428 	EXP 	unnamed Circle: fillColor = 'white'
214.0428 	EXP 	unnamed Circle: fillColor = <class 'numpy.ndarray'>
214.0428 	EXP 	unnamed Circle: fillColor = <class 'numpy.ndarray'>
214.0428 	EXP 	unnamed Circle: fillColor = <class 'numpy.ndarray'>
214.0428 	EXP 	unnamed Circle: fillColor = <class 'numpy.ndarray'>
214.0428 	EXP 	unnamed Circle: radius = 0.052301766015000015
214.0428 	EXP 	unnamed Circle: fillColor = 'white'
214.0428 	EXP 	unnamed Circle: fillColor = <class 'numpy.ndarray'>
214.0428 	EXP 	unnamed Circle: radius = 0.03431518868244151
214.0428 	EXP 	unnamed Circle: fillColor = 'white'
214.0428 	EXP 	unnamed Circle: fillColor = <class 'numpy.ndarray'>
214.0428 	EXP 	unnamed Circle: fillColor = <class 'numpy.ndarray'>
214.0428 	EXP 	unnamed Circle: fillColor = <class 'numpy.ndarray'>
214.0428 	EXP 	unnamed Circle: radius = 0.047071589413500016
214.0428 	EXP 	unnamed Circle: fillColor = 'white'
214.0428 	EXP 	unnamed Circle: fillColor = <class 'numpy.ndarray'>
214.0428 	EXP 	unnamed Circle: radius = 0.030883669814197358
214.0428 	EXP 	unnamed Circle: fillColor = 'white'
214.0428 	EXP 	unnamed Circle: fillColor = <class 'numpy.ndarray'>
214.0428 	EXP 	unnamed Circle: fillColor = <class 'numpy.ndarray'>
214.0428 	EXP 	unnamed Circle: radius = 0.03
214.0428 	EXP 	unnamed Circle: fillColor = 'white'
214.0428 	EXP 	unnamed Circle: fillColor = <class 'numpy.ndarray'>
214.0428 	EXP 	unnamed Circle: fillColor = <class 'numpy.ndarray'>
214.0428 	EXP 	unnamed Circle: radius = 0.03
214.0428 	EXP 	unnamed Circle: fillColor = 'white'
214.0428 	EXP 	unnamed Circle: fillColor = <class 'numpy.ndarray'>
214.0428 	EXP 	unnamed Circle: fillColor = <class 'numpy.ndarray'>
214.0428 	EXP 	unnamed Circle: fillColor = <class 'numpy.ndarray'>
214.0428 	EXP 	unnamed Circle: radius = 0.042364430472150015
214.0428 	EXP 	unnamed Circle: fillColor = 'white'
214.0428 	EXP 	unnamed Circle: fillColor = <class 'numpy.ndarray'>
214.0428 	EXP 	unnamed Circle: radius = 0.03
214.0428 	EXP 	unnamed Circle: fillColor = 'white'
214.0428 	EXP 	unnamed Circle: fillColor = <class 'numpy.ndarray'>
214.0428 	EXP 	unnamed Circle: fillColor = <class 'numpy.ndarray'>
214.0428 	EXP 	unnamed Circle: radius = 0.03
214.0428 	EXP 	unnamed Circle: fillColor = 'white'
214.0428 	EXP 	unnamed Circle: fillColor = <class 'numpy.ndarray'>
214.0428 	EXP 	unnamed Circle: fillColor = <class 'numpy.ndarray'>
214.0428 	EXP 	unnamed Circle: radius = 0.03
214.0428 	EXP 	unnamed Circle: fillColor = 'white'
214.0428 	EXP 	unnamed Circle: fillColor = <class 'numpy.ndarray'>
214.0428 	EXP 	unnamed Circle: fillColor = <class 'numpy.ndarray'>
214.0428 	EXP 	unnamed Circle: radius = 0.03
214.0428 	EXP 	unnamed Circle: fillColor = 'white'
214.0428 	EXP 	unnamed Circle: fillColor = <class 'numpy.ndarray'>
214.0428 	EXP 	unnamed Circle: fillColor = <class 'numpy.ndarray'>
214.0428 	EXP 	unnamed Circle: radius = 0.03
214.0428 	EXP 	unnamed Circle: fillColor = 'white'
214.0428 	EXP 	unnamed Circle: fillColor = <class 'numpy.ndarray'>
214.0428 	EXP 	unnamed Circle: fillColor = <class 'numpy.ndarray'>
214.0428 	EXP 	unnamed Circle: radius = 0.03
214.0428 	EXP 	unnamed Circle: fillColor = 'white'
214.0428 	EXP 	unnamed Circle: fillColor = <class 'numpy.ndarray'>
214.0428 	EXP 	unnamed Circle: fillColor = <class 'numpy.ndarray'>
214.0428 	EXP 	unnamed Circle: fillColor = <class 'numpy.ndarray'>
214.0428 	EXP 	unnamed Circle: radius = 0.03812798742493501
214.0428 	EXP 	unnamed Circle: fillColor = 'white'
214.0428 	EXP 	unnamed Circle: fillColor = <class 'numpy.ndarray'>
214.0428 	EXP 	unnamed Circle: radius = 0.03
214.0428 	EXP 	unnamed Circle: fillColor = 'white'
214.0428 	EXP 	unnamed Circle: fillColor = <class 'numpy.ndarray'>
214.0428 	EXP 	unnamed Circle: fillColor = <class 'numpy.ndarray'>
214.0428 	EXP 	unnamed Circle: fillColor = <class 'numpy.ndarray'>
214.0428 	EXP 	unnamed Circle: radius = 0.03431518868244151
214.0428 	EXP 	unnamed Circle: fillColor = 'white'
214.0428 	EXP 	unnamed Circle: fillColor = <class 'numpy.ndarray'>
214.0428 	EXP 	unnamed Circle: radius = 0.03
214.0428 	EXP 	unnamed Circle: fillColor = 'white'
214.0428 	EXP 	unnamed Circle: fillColor = <class 'numpy.ndarray'>
214.0428 	EXP 	unnamed Circle: fillColor = <class 'numpy.ndarray'>
214.0428 	EXP 	unnamed Circle: fillColor = <class 'numpy.ndarray'>
214.0428 	EXP 	unnamed Circle: radius = 0.030883669814197358
214.0428 	EXP 	unnamed Circle: fillColor = 'white'
214.0428 	EXP 	unnamed Circle: fillColor = <class 'numpy.ndarray'>
214.0428 	EXP 	unnamed Circle: radius = 0.03
214.0428 	EXP 	unnamed Circle: fillColor = 'white'
214.0428 	EXP 	unnamed Circle: fillColor = <class 'numpy.ndarray'>
214.0428 	EXP 	unnamed Circle: fillColor = <class 'numpy.ndarray'>
214.0428 	EXP 	unnamed Circle: radius = 0.03
214.0428 	EXP 	unnamed Circle: fillColor = 'white'
214.0428 	EXP 	unnamed Circle: fillColor = <class 'numpy.ndarray'>
214.0428 	EXP 	unnamed Circle: fillColor = <class 'numpy.ndarray'>
214.0428 	EXP 	unnamed Circle: radius = 0.03
214.0428 	EXP 	unnamed Circle: fillColor = 'white'
214.0428 	EXP 	unnamed Circle: fillColor = <class 'numpy.ndarray'>
214.0428 	EXP 	unnamed Circle: fillColor = <class 'numpy.ndarray'>
214.0428 	EXP 	unnamed Circle: radius = 0.03
214.0428 	EXP 	unnamed Circle: fillColor = 'white'
214.0428 	EXP 	unnamed Circle: fillColor = <class 'numpy.ndarray'>
214.0428 	EXP 	unnamed Circle: fillColor = <class 'numpy.ndarray'>
214.0428 	EXP 	unnamed Circle: fillColor = <class 'numpy.ndarray'>
214.0428 	EXP 	unnamed Circle: radius = 0.03
214.0428 	EXP 	unnamed Circle: fillColor = 'white'
214.0428 	EXP 	unnamed Circle: fillColor = <class 'numpy.ndarray'>
214.0428 	EXP 	unnamed Circle: fillColor = <class 'numpy.ndarray'>
214.0428 	EXP 	unnamed Circle: radius = 0.03
214.0428 	EXP 	unnamed Circle: fillColor = 'white'
214.0428 	EXP 	unnamed Circle: fillColor = <class 'numpy.ndarray'>
214.0428 	EXP 	unnamed Circle: fillColor = <class 'numpy.ndarray'>
214.0428 	EXP 	unnamed Circle: radius = 0.03
214.0428 	EXP 	unnamed Circle: fillColor = 'white'
214.0428 	EXP 	unnamed Circle: fillColor = <class 'numpy.ndarray'>
214.0428 	EXP 	unnamed Circle: radius = 0.03
214.0428 	EXP 	unnamed Circle: fillColor = 'white'
214.0428 	EXP 	unnamed Circle: fillColor = <class 'numpy.ndarray'>
214.0428 	EXP 	unnamed Circle: fillColor = <class 'numpy.ndarray'>
214.0428 	EXP 	unnamed Circle: fillColor = <class 'numpy.ndarray'>
214.0428 	EXP 	unnamed Circle: radius = 0.03
214.0428 	EXP 	unnamed Circle: fillColor = 'white'
214.0428 	EXP 	unnamed Circle: fillColor = <class 'numpy.ndarray'>
214.0428 	EXP 	unnamed Circle: fillColor = <class 'numpy.ndarray'>
214.0428 	EXP 	unnamed Circle: radius = 0.03
214.0428 	EXP 	unnamed Circle: fillColor = 'white'
214.0428 	EXP 	unnamed Circle: fillColor = <class 'numpy.ndarray'>
214.0428 	EXP 	unnamed Circle: fillColor = <class 'numpy.ndarray'>
214.0428 	EXP 	unnamed Circle: radius = 0.03
214.0428 	EXP 	unnamed Circle: fillColor = 'white'
214.0428 	EXP 	unnamed Circle: fillColor = <class 'numpy.ndarray'>
214.0428 	EXP 	unnamed Circle: radius = 0.03
214.0428 	EXP 	unnamed Circle: fillColor = 'white'
214.0428 	EXP 	unnamed Circle: fillColor = <class 'numpy.ndarray'>
214.0428 	EXP 	unnamed Circle: fillColor = <class 'numpy.ndarray'>
214.0428 	EXP 	unnamed Circle: radius = 0.03
214.0428 	EXP 	unnamed Circle: fillColor = 'white'
214.0428 	EXP 	unnamed Circle: fillColor = <class 'numpy.ndarray'>
214.0428 	EXP 	unnamed Circle: fillColor = <class 'numpy.ndarray'>
214.0428 	EXP 	unnamed Circle: radius = 0.03
214.0428 	EXP 	unnamed Circle: fillColor = 'white'
214.0428 	EXP 	unnamed Circle: fillColor = <class 'numpy.ndarray'>
214.0428 	EXP 	unnamed Circle: fillColor = <class 'numpy.ndarray'>
214.0428 	EXP 	unnamed Circle: fillColor = <class 'numpy.ndarray'>
214.0428 	EXP 	unnamed Circle: radius = 0.03
214.0428 	EXP 	unnamed Circle: fillColor = 'white'
214.0428 	EXP 	unnamed Circle: fillColor = <class 'numpy.ndarray'>
214.0428 	EXP 	unnamed Circle: radius = 0.03
214.0428 	EXP 	unnamed Circle: fillColor = 'white'
214.0428 	EXP 	unnamed Circle: fillColor = <class 'numpy.ndarray'>
214.0428 	EXP 	unnamed Circle: fillColor = <class 'numpy.ndarray'>
214.0428 	EXP 	unnamed Circle: radius = 0.03
214.0428 	EXP 	unnamed Circle: fillColor = 'white'
214.0428 	EXP 	unnamed Circle: fillColor = <class 'numpy.ndarray'>
214.0428 	EXP 	unnamed Circle: fillColor = <class 'numpy.ndarray'>
214.0428 	EXP 	unnamed Circle: radius = 0.03
214.0428 	EXP 	unnamed Circle: fillColor = 'white'
214.0428 	EXP 	unnamed Circle: fillColor = <class 'numpy.ndarray'>
214.0428 	EXP 	unnamed Circle: fillColor = <class 'numpy.ndarray'>
214.0428 	EXP 	unnamed Circle: fillColor = <class 'numpy.ndarray'>
214.0428 	EXP 	unnamed Circle: radius = 0.03
214.0428 	EXP 	unnamed Circle: fillColor = 'white'
214.0428 	EXP 	unnamed Circle: fillColor = <class 'numpy.ndarray'>
214.0428 	EXP 	unnamed Circle: radius = 0.03
214.0428 	EXP 	unnamed Circle: fillColor = 'white'
214.0428 	EXP 	unnamed Circle: fillColor = <class 'numpy.ndarray'>
214.0428 	EXP 	unnamed Circle: fillColor = <class 'numpy.ndarray'>
214.0428 	EXP 	unnamed Circle: fillColor = <class 'numpy.ndarray'>
214.0428 	EXP 	unnamed Circle: radius = 0.03
214.0428 	EXP 	unnamed Circle: fillColor = 'white'
214.0428 	EXP 	unnamed Circle: fillColor = <class 'numpy.ndarray'>
214.0428 	EXP 	unnamed Circle: fillColor = <class 'numpy.ndarray'>
214.0428 	EXP 	unnamed Circle: radius = 0.03
214.0428 	EXP 	unnamed Circle: fillColor = 'white'
214.0428 	EXP 	unnamed Circle: fillColor = <class 'numpy.ndarray'>
214.0428 	EXP 	unnamed Circle: radius = 0.03
214.0428 	EXP 	unnamed Circle: fillColor = 'white'
214.0428 	EXP 	unnamed Circle: fillColor = <class 'numpy.ndarray'>
214.0428 	EXP 	unnamed Circle: fillColor = <class 'numpy.ndarray'>
214.0428 	EXP 	unnamed Circle: radius = 0.03
214.0428 	EXP 	unnamed Circle: fillColor = 'white'
214.0428 	EXP 	unnamed Circle: fillColor = <class 'numpy.ndarray'>
214.0428 	EXP 	unnamed Circle: fillColor = <class 'numpy.ndarray'>
214.0428 	EXP 	unnamed Circle: fillColor = <class 'numpy.ndarray'>
214.0428 	EXP 	unnamed Circle: radius = 0.03
214.0428 	EXP 	unnamed Circle: fillColor = 'white'
214.0428 	EXP 	unnamed Circle: fillColor = <class 'numpy.ndarray'>
214.0428 	EXP 	unnamed Circle: radius = 0.03
214.0428 	EXP 	unnamed Circle: fillColor = 'white'
214.0428 	EXP 	unnamed Circle: fillColor = <class 'numpy.ndarray'>
214.0428 	EXP 	unnamed Circle: fillColor = <class 'numpy.ndarray'>
214.0428 	EXP 	unnamed Circle: fillColor = <class 'numpy.ndarray'>
214.0428 	EXP 	unnamed Circle: radius = 0.03
214.0428 	EXP 	unnamed Circle: fillColor = 'white'
214.0428 	EXP 	unnamed Circle: fillColor = <class 'numpy.ndarray'>
214.0428 	EXP 	unnamed Circle: radius = 0.03
214.0428 	EXP 	unnamed Circle: fillColor = 'white'
214.0428 	EXP 	unnamed Circle: fillColor = <class 'numpy.ndarray'>
214.0428 	EXP 	unnamed Circle: fillColor = <class 'numpy.ndarray'>
214.0428 	EXP 	unnamed Circle: fillColor = <class 'numpy.ndarray'>
214.0428 	EXP 	unnamed Circle: radius = 0.03
214.0428 	EXP 	unnamed Circle: fillColor = 'white'
214.0428 	EXP 	unnamed Circle: fillColor = <class 'numpy.ndarray'>
214.0428 	EXP 	unnamed Circle: fillColor = <class 'numpy.ndarray'>
214.0428 	EXP 	unnamed Circle: radius = 0.03
214.0428 	EXP 	unnamed Circle: fillColor = 'white'
214.0428 	EXP 	unnamed Circle: fillColor = <class 'numpy.ndarray'>
214.0428 	EXP 	unnamed Circle: fillColor = <class 'numpy.ndarray'>
214.0428 	EXP 	unnamed Circle: fillColor = <class 'numpy.ndarray'>
214.0428 	EXP 	unnamed Circle: fillColor = <class 'numpy.ndarray'>
214.0428 	EXP 	unnamed Circle: radius = 0.03
214.0428 	EXP 	unnamed Circle: fillColor = 'white'
214.0428 	EXP 	unnamed Circle: fillColor = <class 'numpy.ndarray'>
214.0428 	EXP 	unnamed Circle: radius = 0.03
214.0428 	EXP 	unnamed Circle: fillColor = 'white'
214.0428 	EXP 	unnamed Circle: fillColor = <class 'numpy.ndarray'>
214.0428 	EXP 	unnamed Circle: fillColor = <class 'numpy.ndarray'>
214.0428 	EXP 	unnamed Circle: fillColor = <class 'numpy.ndarray'>
214.0428 	EXP 	unnamed Circle: fillColor = <class 'numpy.ndarray'>
214.0428 	EXP 	unnamed Circle: radius = 0.03
214.0428 	EXP 	unnamed Circle: fillColor = 'white'
214.0428 	EXP 	unnamed Circle: fillColor = <class 'numpy.ndarray'>
214.0428 	EXP 	unnamed Circle: fillColor = <class 'numpy.ndarray'>
214.0428 	EXP 	unnamed Circle: fillColor = <class 'numpy.ndarray'>
214.0428 	EXP 	unnamed Circle: fillColor = <class 'numpy.ndarray'>
214.0428 	EXP 	unnamed Circle: fillColor = <class 'numpy.ndarray'>
214.0428 	EXP 	unnamed Circle: radius = 0.03
214.0428 	EXP 	unnamed Circle: fillColor = 'white'
214.0428 	EXP 	unnamed Circle: fillColor = <class 'numpy.ndarray'>
214.0428 	EXP 	unnamed Circle: radius = 0.03
214.0428 	EXP 	unnamed Circle: fillColor = 'white'
214.0428 	EXP 	unnamed Circle: fillColor = <class 'numpy.ndarray'>
214.0428 	EXP 	unnamed Circle: fillColor = <class 'numpy.ndarray'>
214.0428 	EXP 	unnamed Circle: fillColor = <class 'numpy.ndarray'>
214.0428 	EXP 	unnamed Circle: radius = 0.03
214.0428 	EXP 	unnamed Circle: fillColor = 'white'
214.0428 	EXP 	unnamed Circle: fillColor = <class 'numpy.ndarray'>
214.0428 	EXP 	unnamed Circle: fillColor = <class 'numpy.ndarray'>
214.0428 	EXP 	unnamed Circle: radius = 0.03
214.0428 	EXP 	unnamed Circle: fillColor = 'white'
214.0428 	EXP 	unnamed Circle: fillColor = <class 'numpy.ndarray'>
214.0428 	EXP 	unnamed Circle: fillColor = <class 'numpy.ndarray'>
214.0428 	EXP 	unnamed Circle: radius = 0.03
214.0428 	EXP 	unnamed Circle: fillColor = 'white'
214.0428 	EXP 	unnamed Circle: fillColor = <class 'numpy.ndarray'>
214.0428 	EXP 	unnamed Circle: fillColor = <class 'numpy.ndarray'>
214.0428 	EXP 	unnamed Circle: radius = 0.03
214.0428 	EXP 	unnamed Circle: fillColor = 'white'
214.0428 	EXP 	unnamed Circle: fillColor = <class 'numpy.ndarray'>
214.0428 	EXP 	unnamed Circle: fillColor = <class 'numpy.ndarray'>
214.0428 	EXP 	unnamed Circle: radius = 0.03
214.0428 	EXP 	unnamed Circle: fillColor = 'white'
214.0428 	EXP 	unnamed Circle: fillColor = <class 'numpy.ndarray'>
214.0428 	EXP 	unnamed Circle: radius = 0.03
214.0428 	EXP 	unnamed Circle: fillColor = 'white'
214.0428 	EXP 	unnamed Circle: fillColor = <class 'numpy.ndarray'>
214.0428 	EXP 	unnamed Circle: fillColor = <class 'numpy.ndarray'>
214.0428 	EXP 	unnamed Circle: radius = 0.03
214.0428 	EXP 	unnamed Circle: fillColor = 'white'
214.0428 	EXP 	unnamed Circle: fillColor = <class 'numpy.ndarray'>
214.0428 	EXP 	unnamed Circle: fillColor = <class 'numpy.ndarray'>
214.0428 	EXP 	unnamed Circle: radius = 0.03
214.0428 	EXP 	unnamed Circle: fillColor = 'white'
214.0428 	EXP 	unnamed Circle: fillColor = <class 'numpy.ndarray'>
214.0428 	EXP 	unnamed Circle: fillColor = <class 'numpy.ndarray'>
214.0428 	EXP 	unnamed Circle: fillColor = <class 'numpy.ndarray'>
214.0428 	EXP 	unnamed Circle: fillColor = <class 'numpy.ndarray'>
214.0428 	EXP 	unnamed Circle: fillColor = <class 'numpy.ndarray'>
214.0428 	EXP 	unnamed Circle: radius = 0.03
214.0428 	EXP 	unnamed Circle: fillColor = 'white'
214.0428 	EXP 	unnamed Circle: fillColor = <class 'numpy.ndarray'>
214.0428 	EXP 	unnamed Circle: radius = 0.03
214.0428 	EXP 	unnamed Circle: fillColor = 'white'
214.0428 	EXP 	unnamed Circle: fillColor = <class 'numpy.ndarray'>
214.0428 	EXP 	unnamed Circle: fillColor = <class 'numpy.ndarray'>
214.0428 	EXP 	unnamed Circle: fillColor = <class 'numpy.ndarray'>
214.0428 	EXP 	unnamed Circle: radius = 0.03
214.0428 	EXP 	unnamed Circle: fillColor = 'white'
214.0428 	EXP 	unnamed Circle: fillColor = <class 'numpy.ndarray'>
214.0428 	EXP 	unnamed Circle: fillColor = <class 'numpy.ndarray'>
214.0428 	EXP 	unnamed Circle: radius = 0.03
214.0428 	EXP 	unnamed Circle: fillColor = 'white'
214.0428 	EXP 	unnamed Circle: fillColor = <class 'numpy.ndarray'>
214.0428 	EXP 	unnamed Circle: radius = 0.03
214.0428 	EXP 	unnamed Circle: fillColor = 'white'
214.0428 	EXP 	unnamed Circle: fillColor = <class 'numpy.ndarray'>
214.0428 	EXP 	unnamed Circle: fillColor = <class 'numpy.ndarray'>
214.0428 	EXP 	unnamed Circle: fillColor = <class 'numpy.ndarray'>
214.0428 	EXP 	unnamed Circle: radius = 0.03
214.0428 	EXP 	unnamed Circle: fillColor = 'white'
214.0428 	EXP 	unnamed Circle: fillColor = <class 'numpy.ndarray'>
214.0428 	EXP 	unnamed Circle: radius = 0.03
214.0428 	EXP 	unnamed Circle: fillColor = 'white'
214.0428 	EXP 	unnamed Circle: fillColor = <class 'numpy.ndarray'>
214.0428 	EXP 	unnamed Circle: fillColor = <class 'numpy.ndarray'>
214.0428 	EXP 	unnamed Circle: fillColor = <class 'numpy.ndarray'>
214.0428 	EXP 	unnamed Circle: radius = 0.03
214.0428 	EXP 	unnamed Circle: fillColor = 'white'
214.0428 	EXP 	unnamed Circle: fillColor = <class 'numpy.ndarray'>
214.0428 	EXP 	unnamed Circle: fillColor = <class 'numpy.ndarray'>
214.0428 	EXP 	unnamed Circle: radius = 0.03
214.0428 	EXP 	unnamed Circle: fillColor = 'white'
214.0428 	EXP 	unnamed Circle: fillColor = <class 'numpy.ndarray'>
214.0428 	EXP 	unnamed Circle: fillColor = <class 'numpy.ndarray'>
214.0428 	EXP 	unnamed Circle: fillColor = <class 'numpy.ndarray'>
214.0428 	EXP 	unnamed Circle: fillColor = <class 'numpy.ndarray'>
214.0428 	EXP 	unnamed Circle: radius = 0.03
214.0428 	EXP 	unnamed Circle: fillColor = 'white'
214.0428 	EXP 	unnamed Circle: fillColor = <class 'numpy.ndarray'>
214.0428 	EXP 	unnamed Circle: radius = 0.03
214.0428 	EXP 	unnamed Circle: fillColor = 'white'
214.0428 	EXP 	unnamed Circle: fillColor = <class 'numpy.ndarray'>
214.0428 	EXP 	unnamed Circle: fillColor = <class 'numpy.ndarray'>
214.0428 	EXP 	unnamed Circle: fillColor = <class 'numpy.ndarray'>
214.0428 	EXP 	unnamed Circle: radius = 0.03
214.0428 	EXP 	unnamed Circle: fillColor = 'white'
214.0428 	EXP 	unnamed Circle: fillColor = <class 'numpy.ndarray'>
214.0428 	EXP 	unnamed Circle: radius = 0.03
214.0428 	EXP 	unnamed Circle: fillColor = 'white'
214.0428 	EXP 	unnamed Circle: fillColor = <class 'numpy.ndarray'>
214.0428 	EXP 	unnamed Circle: fillColor = <class 'numpy.ndarray'>
214.0428 	EXP 	unnamed Circle: fillColor = <class 'numpy.ndarray'>
214.0428 	EXP 	unnamed Circle: fillColor = <class 'numpy.ndarray'>
214.0428 	EXP 	unnamed Circle: radius = 0.03
214.0428 	EXP 	unnamed Circle: fillColor = 'white'
214.0428 	EXP 	unnamed Circle: fillColor = <class 'numpy.ndarray'>
214.0428 	EXP 	unnamed Circle: fillColor = <class 'numpy.ndarray'>
214.0428 	EXP 	unnamed Circle: fillColor = <class 'numpy.ndarray'>
214.0428 	EXP 	unnamed Circle: radius = 0.03
214.0428 	EXP 	unnamed Circle: fillColor = 'white'
214.0428 	EXP 	unnamed Circle: fillColor = <class 'numpy.ndarray'>
214.0428 	EXP 	unnamed Circle: fillColor = <class 'numpy.ndarray'>
214.0428 	EXP 	unnamed Circle: radius = 0.03
214.0428 	EXP 	unnamed Circle: fillColor = 'white'
214.0428 	EXP 	unnamed Circle: fillColor = <class 'numpy.ndarray'>
214.0428 	EXP 	unnamed Circle: fillColor = <class 'numpy.ndarray'>
214.0428 	EXP 	unnamed Circle: radius = 0.03
214.0428 	EXP 	unnamed Circle: fillColor = 'white'
214.0428 	EXP 	unnamed Circle: fillColor = <class 'numpy.ndarray'>
214.0428 	EXP 	unnamed Circle: radius = 0.03
214.0428 	EXP 	unnamed Circle: fillColor = 'white'
214.0428 	EXP 	unnamed Circle: fillColor = <class 'numpy.ndarray'>
214.0428 	EXP 	unnamed Circle: fillColor = <class 'numpy.ndarray'>
214.0428 	EXP 	unnamed Circle: radius = 0.03
214.0428 	EXP 	unnamed Circle: fillColor = 'white'
214.0428 	EXP 	unnamed Circle: fillColor = <class 'numpy.ndarray'>
214.0428 	EXP 	unnamed Circle: fillColor = <class 'numpy.ndarray'>
214.0428 	EXP 	unnamed Circle: radius = 0.03
214.0428 	EXP 	unnamed Circle: fillColor = 'white'
214.0428 	EXP 	unnamed Circle: fillColor = <class 'numpy.ndarray'>
214.0428 	EXP 	unnamed Circle: fillColor = <class 'numpy.ndarray'>
214.0428 	EXP 	unnamed Circle: radius = 0.03
214.0428 	EXP 	unnamed Circle: fillColor = 'white'
214.0428 	EXP 	unnamed Circle: fillColor = <class 'numpy.ndarray'>
214.0428 	EXP 	unnamed Circle: fillColor = <class 'numpy.ndarray'>
214.0428 	EXP 	unnamed Circle: fillColor = <class 'numpy.ndarray'>
214.0428 	EXP 	unnamed Circle: radius = 0.03
214.0428 	EXP 	unnamed Circle: fillColor = 'white'
214.0428 	EXP 	unnamed Circle: fillColor = <class 'numpy.ndarray'>
214.0428 	EXP 	unnamed Circle: fillColor = <class 'numpy.ndarray'>
214.0428 	EXP 	unnamed Circle: radius = 0.03
214.0428 	EXP 	unnamed Circle: fillColor = 'white'
214.0428 	EXP 	unnamed Circle: fillColor = <class 'numpy.ndarray'>
214.0428 	EXP 	unnamed Circle: radius = 0.03
214.0428 	EXP 	unnamed Circle: fillColor = 'white'
214.0428 	EXP 	unnamed Circle: fillColor = <class 'numpy.ndarray'>
214.0428 	EXP 	unnamed Circle: fillColor = <class 'numpy.ndarray'>
214.0428 	EXP 	unnamed Circle: radius = 0.03
214.0428 	EXP 	unnamed Circle: fillColor = 'white'
214.0428 	EXP 	unnamed Circle: fillColor = <class 'numpy.ndarray'>
214.0428 	EXP 	unnamed Circle: fillColor = <class 'numpy.ndarray'>
214.0428 	EXP 	unnamed Circle: fillColor = <class 'numpy.ndarray'>
214.0428 	EXP 	unnamed Circle: radius = 0.03
214.0428 	EXP 	unnamed Circle: fillColor = 'white'
214.0428 	EXP 	unnamed Circle: fillColor = <class 'numpy.ndarray'>
214.0428 	EXP 	unnamed Circle: radius = 0.03
214.0428 	EXP 	unnamed Circle: fillColor = 'white'
214.0428 	EXP 	unnamed Circle: fillColor = <class 'numpy.ndarray'>
214.0428 	EXP 	unnamed Circle: fillColor = <class 'numpy.ndarray'>
214.0428 	EXP 	unnamed Circle: radius = 0.03
214.0428 	EXP 	unnamed Circle: fillColor = 'white'
214.0428 	EXP 	unnamed Circle: fillColor = <class 'numpy.ndarray'>
214.0428 	EXP 	unnamed Circle: fillColor = <class 'numpy.ndarray'>
214.0428 	EXP 	unnamed Circle: fillColor = <class 'numpy.ndarray'>
214.0428 	EXP 	unnamed Circle: radius = 0.03
214.0428 	EXP 	unnamed Circle: fillColor = 'white'
214.0428 	EXP 	unnamed Circle: fillColor = <class 'numpy.ndarray'>
214.0428 	EXP 	unnamed Circle: fillColor = <class 'numpy.ndarray'>
214.0428 	EXP 	unnamed Circle: radius = 0.03
214.0428 	EXP 	unnamed Circle: fillColor = 'white'
214.0428 	EXP 	unnamed Circle: fillColor = <class 'numpy.ndarray'>
214.0428 	EXP 	unnamed Circle: fillColor = <class 'numpy.ndarray'>
214.0428 	EXP 	unnamed Circle: radius = 0.03
214.0428 	EXP 	unnamed Circle: fillColor = 'white'
214.0428 	EXP 	unnamed Circle: fillColor = <class 'numpy.ndarray'>
214.0428 	EXP 	unnamed Circle: fillColor = <class 'numpy.ndarray'>
214.0428 	EXP 	unnamed Circle: fillColor = <class 'numpy.ndarray'>
214.0428 	EXP 	unnamed Circle: fillColor = <class 'numpy.ndarray'>
214.0428 	EXP 	text_2: autoDraw = True
215.0459 	EXP 	text_2: autoDraw = False
215.0459 	EXP 	text_2: autoDraw = False
221.0687 	DATA 	Keypress: 2
221.0748 	EXP 	Created text = TextStim(__class__=<class 'psychopy.visual.text.TextStim'>, alignHoriz=method-wrapper(...), alignText='center', alignVert=method-wrapper(...), anchorHoriz='center', anchorVert='center', antialias=True, autoDraw=False, autoLog=True, bold=False, color=array([1., 1., 1.]), colorSpace='rgb', contrast=1.0, depth=0.0, draggable=False, flipHoriz=False, flipVert=False, font='Arial', fontFiles=[], height=0.06, italic=False, languageStyle='LTR', name='text', opacity=1, ori=0, pos=array([0. , 0.2]), rgb=UNKNOWN, text=str(...), units='norm', win=Window(...), wrapWidth=1.2)
221.1409 	EXP 	Created None = Slider(__class__=<class 'psychopy.visual.slider.Slider'>, autoDraw=False, autoLog=True, borderColor=None, color=None, colorSpace='rgb', depth=0, fillColor=None, flip=False, font='Arial', granularity=1, labelColor=None, labelHeight=0.06, labelWrapWidth=None, labels=('Never', 'Always'), lineColor=None, markerColor=None, name=None, opacity=None, ori=0, pos=array([0., 0.]), readOnly=False, self=UNKNOWN, size=array([0.85, 0.1 ]), startValue=None, style='rating', styleTweaks=[], ticks=array([1, 9]), units='norm', win=Window(...))
221.1537 	EXP 	None: autoLog = True
221.1537 	EXP 	None: styleTweaks = []
221.1537 	EXP 	None: styleTweaks = []
221.1537 	EXP 	None: styleTweaks = []
221.1537 	EXP 	None: styleTweaks = []
221.1537 	EXP 	None: contrast = 1.0
221.1537 	EXP 	None: markerPos = None
221.1537 	EXP 	None: autoLog = True
221.1537 	EXP 	None: markerPos = 5
221.1853 	DATA 	Keypress: 0
221.1937 	EXP 	None: markerPos = 5
221.2355 	EXP 	Created text = TextStim(__class__=<class 'psychopy.visual.text.TextStim'>, alignHoriz=method-wrapper(...), alignText='center', alignVert=method-wrapper(...), anchorHoriz='center', anchorVert='center', antialias=True, autoDraw=False, autoLog=True, bold=False, color=array([1., 1., 1.]), colorSpace='rgb', contrast=1.0, depth=0.0, draggable=False, flipHoriz=False, flipVert=False, font='Arial', fontFiles=[], height=0.06, italic=False, languageStyle='LTR', name='text', opacity=1, ori=0, pos=array([0. , 0.2]), rgb=UNKNOWN, text=str(...), units='norm', win=Window(...), wrapWidth=1.2)
221.2977 	EXP 	Created None = Slider(__class__=<class 'psychopy.visual.slider.Slider'>, autoDraw=False, autoLog=True, borderColor=None, color=None, colorSpace='rgb', depth=0, fillColor=None, flip=False, font='Arial', granularity=1, labelColor=None, labelHeight=0.06, labelWrapWidth=None, labels=('Never', 'All the time'), lineColor=None, markerColor=None, name=None, opacity=None, ori=0, pos=array([0., 0.]), readOnly=False, self=UNKNOWN, size=array([0.85, 0.1 ]), startValue=None, style='rating', styleTweaks=[], ticks=array([1, 9]), units='norm', win=Window(...))
221.2984 	DATA 	Keypress: 2
221.3104 	EXP 	None: autoLog = True
221.3104 	EXP 	None: styleTweaks = []
221.3104 	EXP 	None: styleTweaks = []
221.3104 	EXP 	None: styleTweaks = []
221.3104 	EXP 	None: styleTweaks = []
221.3104 	EXP 	None: contrast = 1.0
221.3104 	EXP 	None: markerPos = None
221.3104 	EXP 	None: autoLog = True
221.3104 	EXP 	None: markerPos = 5
221.4045 	DATA 	Keypress: 0
221.4124 	EXP 	None: markerPos = 5
221.4184 	EXP 	Created text = TextStim(__class__=<class 'psychopy.visual.text.TextStim'>, alignHoriz=method-wrapper(...), alignText='center', alignVert=method-wrapper(...), anchorHoriz='center', anchorVert='center', antialias=True, autoDraw=False, autoLog=True, bold=False, color=array([1., 1., 1.]), colorSpace='rgb', contrast=1.0, depth=0.0, draggable=False, flipHoriz=False, flipVert=False, font='Arial', fontFiles=[], height=0.06, italic=False, languageStyle='LTR', name='text', opacity=1, ori=0, pos=array([0. , 0.2]), rgb=UNKNOWN, text=str(...), units='norm', win=Window(...), wrapWidth=1.2)
221.4673 	EXP 	Created None = Slider(__class__=<class 'psychopy.visual.slider.Slider'>, autoDraw=False, autoLog=True, borderColor=None, color=None, colorSpace='rgb', depth=0, fillColor=None, flip=False, font='Arial', granularity=1, labelColor=None, labelHeight=0.06, labelWrapWidth=None, labels=('Not at all', 'Very Difficult'), lineColor=None, markerColor=None, name=None, opacity=None, ori=0, pos=array([0., 0.]), readOnly=False, self=UNKNOWN, size=array([0.85, 0.1 ]), startValue=None, style='rating', styleTweaks=[], ticks=array([1, 9]), units='norm', win=Window(...))
221.4786 	EXP 	None: autoLog = True
221.4786 	EXP 	None: styleTweaks = []
221.4786 	EXP 	None: styleTweaks = []
221.4786 	EXP 	None: styleTweaks = []
221.4786 	EXP 	None: styleTweaks = []
221.4786 	EXP 	None: contrast = 1.0
221.4786 	EXP 	None: markerPos = None
221.4786 	EXP 	None: autoLog = True
221.4786 	EXP 	None: markerPos = 5
221.4877 	DATA 	Keypress: 2
221.4947 	EXP 	None: markerPos = 6
221.6078 	DATA 	Keypress: 0
221.6156 	EXP 	None: markerPos = 6
221.6211 	EXP 	Created text = TextStim(__class__=<class 'psychopy.visual.text.TextStim'>, alignHoriz=method-wrapper(...), alignText='center', alignVert=method-wrapper(...), anchorHoriz='center', anchorVert='center', antialias=True, autoDraw=False, autoLog=True, bold=False, color=array([1., 1., 1.]), colorSpace='rgb', contrast=1.0, depth=0.0, draggable=False, flipHoriz=False, flipVert=False, font='Arial', fontFiles=[], height=0.06, italic=False, languageStyle='LTR', name='text', opacity=1, ori=0, pos=array([0. , 0.2]), rgb=UNKNOWN, text='How calm do you feel right now?', units='norm', win=Window(...), wrapWidth=1.2)
221.6619 	EXP 	Created None = Slider(__class__=<class 'psychopy.visual.slider.Slider'>, autoDraw=False, autoLog=True, borderColor=None, color=None, colorSpace='rgb', depth=0, fillColor=None, flip=False, font='Arial', granularity=1, labelColor=None, labelHeight=0.06, labelWrapWidth=None, labels=('Not at all', 'Very calm'), lineColor=None, markerColor=None, name=None, opacity=None, ori=0, pos=array([0., 0.]), readOnly=False, self=UNKNOWN, size=array([0.85, 0.1 ]), startValue=None, style='rating', styleTweaks=[], ticks=array([1, 9]), units='norm', win=Window(...))
221.6712 	EXP 	None: autoLog = True
221.6712 	EXP 	None: styleTweaks = []
221.6712 	EXP 	None: styleTweaks = []
221.6712 	EXP 	None: styleTweaks = []
221.6712 	EXP 	None: styleTweaks = []
221.6712 	EXP 	None: contrast = 1.0
221.6712 	EXP 	None: markerPos = None
221.6712 	EXP 	None: autoLog = True
221.6712 	EXP 	None: markerPos = 5
221.6789 	DATA 	Keypress: 2
221.6860 	EXP 	None: markerPos = 6
221.8317 	DATA 	Keypress: 0
221.8398 	EXP 	None: markerPos = 6
221.8959 	DATA 	Keypress: 2
222.0066 	DATA 	Keypress: 2
222.1238 	DATA 	Keypress: 0
26.1273 	EXP 	DMN_BallTask: status = NOT_STARTED
26.1492 	WARNING 	Requested an unavailable screen number - using first available.
26.1512 	WARNING 	User requested fullscreen with size [1080 1080], but screen is actually [1920, 1200]. Using actual size
27.5624 	EXP 	Created window1 = Window(allowGUI=False, allowStencil=False, autoLog=True, backendConf=UNKNOWN, backgroundFit=<method-wrapper '__getattribute__' of attributeSetter object at 0x000002443D0788B0>, backgroundImage=<method-wrapper '__getattribute__' of attributeSetter object at 0x000002443D078850>, bitsMode=UNKNOWN, blendMode='avg', bpc=(8, 8, 8), color=array([-1, -1, -1]), colorSpace='rgb', depthBits=8, fullscr=True, gamma=None, gammaErrorPolicy='raise', infoMsg=UNKNOWN, lms=UNKNOWN, monitor=<psychopy.monitors.calibTools.Monitor object at 0x00000244425F0CA0>, multiSample=False, name='window1', numSamples=2, pos=(0, 0), screen=1, size=array([1920, 1200]), stencilBits=0, stereo=False, title='PsychoPy', units='norm', useFBO=True, useRetina=False, viewOri=0.0, viewPos=None, viewScale=None, waitBlanking=True, winType='pyglet')
27.5625 	EXP 	window1: backgroundImage = None
27.5625 	EXP 	window1: backgroundFit = 'cover'
27.5654 	EXP 	window1: Attempting to measure frame rate of screen (1) ...
27.5655 	EXP 	window1: recordFrameIntervals = False
27.7293 	EXP 	window1: recordFrameIntervals = True
27.9132 	EXP 	Screen (1) actual frame rate measured at 60.07Hz
27.9133 	EXP 	window1: recordFrameIntervals = False
28.0597 	EXP 	Created text = TextStim(__class__=<class 'psychopy.visual.text.TextStim'>, alignHoriz=method-wrapper(...), alignText='center', alignVert=method-wrapper(...), anchorHoriz='center', anchorVert='center', antialias=True, autoDraw=False, autoLog=True, bold=False, color=array([1., 1., 1.]), colorSpace='rgb', contrast=1.0, depth=0.0, draggable=False, flipHoriz=False, flipVert=False, font='Arial', fontFiles=[], height=0.06, italic=False, languageStyle='LTR', name='text', opacity=1, ori=0, pos=array([0. , 0.2]), rgb=UNKNOWN, text=str(...), units='norm', win=Window(...), wrapWidth=1.2)
28.0610 	EXP 	Created text = TextStim(__class__=<class 'psychopy.visual.text.TextStim'>, alignHoriz=method-wrapper(...), alignText='center', alignVert=method-wrapper(...), anchorHoriz='center', anchorVert='center', antialias=True, autoDraw=False, autoLog=True, bold=False, color=array([1., 1., 1.]), colorSpace='rgb', contrast=1.0, depth=0.0, draggable=False, flipHoriz=False, flipVert=False, font='Arial', fontFiles=[], height=0.06, italic=False, languageStyle='LTR', name='text', opacity=1, ori=0, pos=array([0., 0.]), rgb=UNKNOWN, text='', units='norm', win=Window(...), wrapWidth=1.2)
28.0699 	EXP 	Created waiting_for_trigger_text = TextStim(__class__=<class 'psychopy.visual.text.TextStim'>, alignHoriz=method-wrapper(...), alignText='center', alignVert=method-wrapper(...), anchorHoriz='center', anchorVert='center', antialias=True, autoDraw=False, autoLog=True, bold=False, color=array([1., 1., 1.]), colorSpace='rgb', contrast=1.0, depth=0.0, draggable=False, flipHoriz=False, flipVert=False, font='Arial', fontFiles=[], height=0.1, italic=False, languageStyle='LTR', name='waiting_for_trigger_text', opacity=1, ori=0, pos=array([0., 0.]), rgb=UNKNOWN, text='waiting for scanner', units='norm', win=Window(...), wrapWidth=2)
28.0768 	EXP 	Created text_2 = TextStim(__class__=<class 'psychopy.visual.text.TextStim'>, alignHoriz=method-wrapper(...), alignText='center', alignVert=method-wrapper(...), anchorHoriz='center', anchorVert='center', antialias=True, autoDraw=False, autoLog=True, bold=False, color=array([1., 1., 1.]), colorSpace='rgb', contrast=1.0, depth=0.0, draggable=False, flipHoriz=False, flipVert=False, font='Arial', fontFiles=[], height=0.3, italic=False, languageStyle='LTR', name='text_2', opacity=1, ori=0, pos=array([0., 0.]), rgb=UNKNOWN, text='+', units='norm', win=Window(...), wrapWidth=1)
28.0839 	EXP 	Created text_relax = TextStim(__class__=<class 'psychopy.visual.text.TextStim'>, alignHoriz=method-wrapper(...), alignText='center', alignVert=method-wrapper(...), anchorHoriz='center', anchorVert='center', antialias=True, autoDraw=False, autoLog=True, bold=False, color=array([1., 1., 1.]), colorSpace='rgb', contrast=1.0, depth=0.0, draggable=False, flipHoriz=False, flipVert=False, font='Arial', fontFiles=[], height=0.07, italic=False, languageStyle='LTR', name='text_relax', opacity=1, ori=0, pos=array([ 0. , -0.2]), rgb=UNKNOWN, text='Relax', units='norm', win=Window(...), wrapWidth=1)
28.0919 	EXP 	Created text_4 = TextStim(__class__=<class 'psychopy.visual.text.TextStim'>, alignHoriz=method-wrapper(...), alignText='center', alignVert=method-wrapper(...), anchorHoriz='center', anchorVert='center', antialias=True, autoDraw=False, autoLog=True, bold=False, color=array([1., 1., 1.]), colorSpace='rgb', contrast=1.0, depth=-3.0, draggable=False, flipHoriz=False, flipVert=False, font='Arial', fontFiles=[], height=0.1, italic=False, languageStyle='LTR', name='text_4', opacity=1, ori=0, pos=array([0., 0.]), rgb=UNKNOWN, text='default text', units='norm', win=Window(...), wrapWidth=1)
28.1258 	EXP 	Created unnamed Circle = Circle(__class__=<class 'psychopy.visual.circle.Circle'>, anchor=('center', 'center'), autoDraw=False, autoLog=True, closeShape=True, color=method-wrapper(...), colorSpace='rgb', contrast=None, depth=0, draggable=False, fillColor=array([0, 0, 0]), fillColorSpace='rgb', fillRGB=array([0, 0, 0]), interpolate=True, lineColor=array([ 1.,  1., -1.]), lineColorSpace='rgb', lineRGB=array([ 1,  1, -1]), lineWidth=3, name='unnamed Circle', opacity=1, ori=0.0, pos=array([0.        , 0.33333333]), size=array([1., 1.]), units='norm', vertices=ndarray(...), win=Window(...), windingRule=None)
28.1506 	EXP 	Created unnamed Circle = Circle(__class__=<class 'psychopy.visual.circle.Circle'>, anchor=('center', 'center'), autoDraw=False, autoLog=True, closeShape=True, color=method-wrapper(...), colorSpace='rgb', contrast=None, depth=0, draggable=False, fillColor=array([0, 0, 0]), fillColorSpace='rgb', fillRGB=array([0, 0, 0]), interpolate=True, lineColor=array([0.35686275, 0.69411765, 0.80392157]), lineColorSpace='rgb', lineRGB=array([0.35686275, 0.69411765, 0.80392157]), lineWidth=3, name='unnamed Circle', opacity=1, ori=0.0, pos=array([ 0.        , -0.33333333]), size=array([1., 1.]), units='norm', vertices=ndarray(...), win=Window(...), windingRule=None)
28.1746 	EXP 	Created unnamed Circle = Circle(__class__=<class 'psychopy.visual.circle.Circle'>, anchor=('center', 'center'), autoDraw=False, autoLog=True, closeShape=True, color=method-wrapper(...), colorSpace='rgb', contrast=None, depth=0, draggable=False, fillColor=array([1, 1, 1]), fillColorSpace='rgb', fillRGB=array([1, 1, 1]), interpolate=True, lineColor=array([1., 1., 1.]), lineColorSpace='rgb', lineRGB=array([1, 1, 1]), lineWidth=1.5, name='unnamed Circle', opacity=1, ori=0.0, pos=array([0., 0.]), size=array([1., 1.]), units='norm', vertices=ndarray(...), win=Window(...), windingRule=None)
28.2015 	EXP 	Created unnamed Circle = Circle(__class__=<class 'psychopy.visual.circle.Circle'>, anchor=('center', 'center'), autoDraw=False, autoLog=True, closeShape=True, color=method-wrapper(...), colorSpace='rgb', contrast=None, depth=0, draggable=False, fillColor=array([1, 1, 1]), fillColorSpace='rgb', fillRGB=array([1, 1, 1]), interpolate=True, lineColor=array([1., 1., 1.]), lineColorSpace='rgb', lineRGB=array([1, 1, 1]), lineWidth=3, name='unnamed Circle', opacity=1, ori=0.0, pos=array([0., 0.]), size=array([1., 1.]), units='norm', vertices=ndarray(...), win=Window(...), windingRule=None)
28.2129 	EXP 	Created instruct_text = TextStim(__class__=<class 'psychopy.visual.text.TextStim'>, alignHoriz=method-wrapper(...), alignText='center', alignVert=method-wrapper(...), anchorHoriz='center', anchorVert='center', antialias=True, autoDraw=False, autoLog=True, bold=False, color=array([1., 1., 1.]), colorSpace='rgb', contrast=1.0, depth=0.0, draggable=False, flipHoriz=False, flipVert=False, font='Arial', fontFiles=[], height=0.06, italic=False, languageStyle='LTR', name='instruct_text', opacity=1, ori=0, pos=array([0., 0.]), rgb=UNKNOWN, text='replace me', units='norm', win=Window(...), wrapWidth=1.2)
28.2205 	EXP 	Created thank_you_end_run_text = TextStim(__class__=<class 'psychopy.visual.text.TextStim'>, alignHoriz=method-wrapper(...), alignText='center', alignVert=method-wrapper(...), anchorHoriz='center', anchorVert='center', antialias=True, autoDraw=False, autoLog=True, bold=False, color=array([1., 1., 1.]), colorSpace='rgb', contrast=1.0, depth=0.0, draggable=False, flipHoriz=False, flipVert=False, font='Arial', fontFiles=[], height=0.1, italic=False, languageStyle='LTR', name='thank_you_end_run_text', opacity=1, ori=0, pos=array([0., 0.]), rgb=UNKNOWN, text='thank you!', units='norm', win=Window(...), wrapWidth=1)
28.2505 	EXP 	instruct_text: height = 0.06
28.2505 	EXP 	instruct_text: height = 0.06
28.2505 	EXP 	instruct_text: height = 0.06
28.2505 	EXP 	instruct_text: text = "Next, you will get to continue the Mindful Describing practice you just learned.    \n\nBefore, you mentioned using your dd as an anchor for your Describing Practice. Try to continue using this as your anchor, but it is also okay to switch anytime.\n\nYou will see 2 circles with a white ball in the middle, but they won't move for now."
32.4835 	DATA 	Keypress: space
32.4982 	EXP 	instruct_text: height = 0.06
32.4982 	EXP 	instruct_text: height = 0.06
32.4982 	EXP 	instruct_text: height = 0.06
32.4982 	EXP 	instruct_text: text = "You will see the plus sign (+) for 30 seconds at the start. Whenever you see the plus +,  please don't practice Describing just relax.\n\nOnce the circles appear, please start the Describing practice. This practice will last 2.5 min."
32.8075 	DATA 	Keypress: space
32.8146 	EXP 	waiting_for_trigger_text: autoDraw = True
34.0367 	DATA 	Keypress: 5
34.0517 	EXP 	waiting_for_trigger_text: autoDraw = False
34.0517 	EXP 	text_2: autoDraw = True
34.0517 	EXP 	text_relax: autoDraw = True
34.0881 	DATA 	Keypress: space
64.0626 	EXP 	text_2: autoDraw = False
64.0626 	EXP 	text_relax: autoDraw = False
64.0626 	EXP 	text_2: autoDraw = False
214.0428 	EXP 	unnamed Circle: fillColor = <class 'numpy.ndarray'>
214.0428 	EXP 	unnamed Circle: fillColor = <class 'numpy.ndarray'>
214.0428 	EXP 	unnamed Circle: fillColor = <class 'numpy.ndarray'>
214.0428 	EXP 	unnamed Circle: radius = 0.135
214.0428 	EXP 	unnamed Circle: fillColor = 'white'
214.0428 	EXP 	unnamed Circle: fillColor = <class 'numpy.ndarray'>
214.0428 	EXP 	unnamed Circle: fillColor = <class 'numpy.ndarray'>
214.0428 	EXP 	unnamed Circle: radius = 0.12150000000000001
214.0428 	EXP 	unnamed Circle: fillColor = 'white'
214.0428 	EXP 	unnamed Circle: fillColor = <class 'numpy.ndarray'>
214.0428 	EXP 	unnamed Circle: fillColor = <class 'numpy.ndarray'>
214.0428 	EXP 	unnamed Circle: radius = 0.10935000000000002
214.0428 	EXP 	unnamed Circle: fillColor = 'white'
214.0428 	EXP 	unnamed Circle: fillColor = <class 'numpy.ndarray'>
214.0428 	EXP 	unnamed Circle: fillColor = <class 'numpy.ndarray'>
214.0428 	EXP 	unnamed Circle: radius = 0.09841500000000002
214.0428 	EXP 	unnamed Circle: fillColor = 'white'
214.0428 	EXP 	unnamed Circle: fillColor = <class 'numpy.ndarray'>
214.0428 	EXP 	unnamed Circle: fillColor = <class 'numpy.ndarray'>
214.0428 	EXP 	unnamed Circle: radius = 0.08857350000000001
214.0428 	EXP 	unnamed Circle: fillColor = 'white'
214.0428 	EXP 	unnamed Circle: fillColor = <class 'numpy.ndarray'>
214.0428 	EXP 	unnamed Circle: fillColor = <class 'numpy.ndarray'>
214.0428 	EXP 	unnamed Circle: radius = 0.07971615000000001
214.0428 	EXP 	unnamed Circle: fillColor = 'white'
214.0428 	EXP 	unnamed Circle: fillColor = <class 'numpy.ndarray'>
214.0428 	EXP 	unnamed Circle: fillColor = <class 'numpy.ndarray'>
214.0428 	EXP 	unnamed Circle: radius = 0.07174453500000001
214.0428 	EXP 	unnamed Circle: fillColor = 'white'
214.0428 	EXP 	unnamed Circle: fillColor = <class 'numpy.ndarray'>
214.0428 	EXP 	unnamed Circle: fillColor = <class 'numpy.ndarray'>
214.0428 	EXP 	unnamed Circle: fillColor = <class 'numpy.ndarray'>
214.0428 	EXP 	unnamed Circle: radius = 0.135
214.0428 	EXP 	unnamed Circle: fillColor = 'white'
214.0428 	EXP 	unnamed Circle: fillColor = <class 'numpy.ndarray'>
214.0428 	EXP 	unnamed Circle: radius = 0.06457008150000002
214.0428 	EXP 	unnamed Circle: fillColor = 'white'
214.0428 	EXP 	unnamed Circle: fillColor = <class 'numpy.ndarray'>
214.0428 	EXP 	unnamed Circle: fillColor = <class 'numpy.ndarray'>
214.0428 	EXP 	unnamed Circle: fillColor = <class 'numpy.ndarray'>
214.0428 	EXP 	unnamed Circle: radius = 0.12150000000000001
214.0428 	EXP 	unnamed Circle: fillColor = 'white'
214.0428 	EXP 	unnamed Circle: fillColor = <class 'numpy.ndarray'>
214.0428 	EXP 	unnamed Circle: fillColor = <class 'numpy.ndarray'>
214.0428 	EXP 	unnamed Circle: radius = 0.10935000000000002
214.0428 	EXP 	unnamed Circle: fillColor = 'white'
214.0428 	EXP 	unnamed Circle: fillColor = <class 'numpy.ndarray'>
214.0428 	EXP 	unnamed Circle: radius = 0.058113073350000016
214.0428 	EXP 	unnamed Circle: fillColor = 'white'
214.0428 	EXP 	unnamed Circle: fillColor = <class 'numpy.ndarray'>
214.0428 	EXP 	unnamed Circle: fillColor = <class 'numpy.ndarray'>
214.0428 	EXP 	unnamed Circle: radius = 0.052301766015000015
214.0428 	EXP 	unnamed Circle: fillColor = 'white'
214.0428 	EXP 	unnamed Circle: fillColor = <class 'numpy.ndarray'>
214.0428 	EXP 	unnamed Circle: fillColor = <class 'numpy.ndarray'>
214.0428 	EXP 	unnamed Circle: fillColor = <class 'numpy.ndarray'>
214.0428 	EXP 	unnamed Circle: radius = 0.09841500000000002
214.0428 	EXP 	unnamed Circle: fillColor = 'white'
214.0428 	EXP 	unnamed Circle: fillColor = <class 'numpy.ndarray'>
214.0428 	EXP 	unnamed Circle: fillColor = <class 'numpy.ndarray'>
214.0428 	EXP 	unnamed Circle: fillColor = <class 'numpy.ndarray'>
214.0428 	EXP 	unnamed Circle: radius = 0.047071589413500016
214.0428 	EXP 	unnamed Circle: fillColor = 'white'
214.0428 	EXP 	unnamed Circle: fillColor = <class 'numpy.ndarray'>
214.0428 	EXP 	unnamed Circle: fillColor = <class 'numpy.ndarray'>
214.0428 	EXP 	unnamed Circle: fillColor = <class 'numpy.ndarray'>
214.0428 	EXP 	unnamed Circle: radius = 0.08857350000000001
214.0428 	EXP 	unnamed Circle: fillColor = 'white'
214.0428 	EXP 	unnamed Circle: fillColor = <class 'numpy.ndarray'>
214.0428 	EXP 	unnamed Circle: radius = 0.042364430472150015
214.0428 	EXP 	unnamed Circle: fillColor = 'white'
214.0428 	EXP 	unnamed Circle: fillColor = <class 'numpy.ndarray'>
214.0428 	EXP 	unnamed Circle: fillColor = <class 'numpy.ndarray'>
214.0428 	EXP 	unnamed Circle: fillColor = <class 'numpy.ndarray'>
214.0428 	EXP 	unnamed Circle: radius = 0.07971615000000001
214.0428 	EXP 	unnamed Circle: fillColor = 'white'
214.0428 	EXP 	unnamed Circle: fillColor = <class 'numpy.ndarray'>
214.0428 	EXP 	unnamed Circle: radius = 0.03812798742493501
214.0428 	EXP 	unnamed Circle: fillColor = 'white'
214.0428 	EXP 	unnamed Circle: fillColor = <class 'numpy.ndarray'>
214.0428 	EXP 	unnamed Circle: fillColor = <class 'numpy.ndarray'>
214.0428 	EXP 	unnamed Circle: fillColor = <class 'numpy.ndarray'>
214.0428 	EXP 	unnamed Circle: radius = 0.07174453500000001
214.0428 	EXP 	unnamed Circle: fillColor = 'white'
214.0428 	EXP 	unnamed Circle: fillColor = <class 'numpy.ndarray'>
214.0428 	EXP 	unnamed Circle: fillColor = <class 'numpy.ndarray'>
214.0428 	EXP 	unnamed Circle: radius = 0.06457008150000002
214.0428 	EXP 	unnamed Circle: fillColor = 'white'
214.0428 	EXP 	unnamed Circle: fillColor = <class 'numpy.ndarray'>
214.0428 	EXP 	unnamed Circle: fillColor = <class 'numpy.ndarray'>
214.0428 	EXP 	unnamed Circle: radius = 0.058113073350000016
214.0428 	EXP 	unnamed Circle: fillColor = 'white'
214.0428 	EXP 	unnamed Circle: fillColor = <class 'numpy.ndarray'>
214.0428 	EXP 	unnamed Circle: fillColor = <class 'numpy.ndarray'>
214.0428 	EXP 	unnamed Circle: fillColor = <class 'numpy.ndarray'>
214.0428 	EXP 	unnamed Circle: fillColor = <class 'numpy.ndarray'>
214.0428 	EXP 	unnamed Circle: radius = 0.052301766015000015
214.0428 	EXP 	unnamed Circle: fillColor = 'white'
214.0428 	EXP 	unnamed Circle: fillColor = <class 'numpy.ndarray'>
214.0428 	EXP 	unnamed Circle: radius = 0.03431518868244151
214.0428 	EXP 	unnamed Circle: fillColor = 'white'
214.0428 	EXP 	unnamed Circle: fillColor = <class 'numpy.ndarray'>
214.0428 	EXP 	unnamed Circle: fillColor = <class 'numpy.ndarray'>
214.0428 	EXP 	unnamed Circle: fillColor = <class 'numpy.ndarray'>
214.0428 	EXP 	unnamed Circle: radius = 0.047071589413500016
214.0428 	EXP 	unnamed Circle: fillColor = 'white'
214.0428 	EXP 	unnamed Circle: fillColor = <class 'numpy.ndarray'>
214.0428 	EXP 	unnamed Circle: radius = 0.030883669814197358
214.0428 	EXP 	unnamed Circle: fillColor = 'white'
214.0428 	EXP 	unnamed Circle: fillColor = <class 'numpy.ndarray'>
214.0428 	EXP 	unnamed Circle: fillColor = <class 'numpy.ndarray'>
214.0428 	EXP 	unnamed Circle: radius = 0.03
214.0428 	EXP 	unnamed Circle: fillColor = 'white'
214.0428 	EXP 	unnamed Circle: fillColor = <class 'numpy.ndarray'>
214.0428 	EXP 	unnamed Circle: fillColor = <class 'numpy.ndarray'>
214.0428 	EXP 	unnamed Circle: radius = 0.03
214.0428 	EXP 	unnamed Circle: fillColor = 'white'
214.0428 	EXP 	unnamed Circle: fillColor = <class 'numpy.ndarray'>
214.0428 	EXP 	unnamed Circle: fillColor = <class 'numpy.ndarray'>
214.0428 	EXP 	unnamed Circle: fillColor = <class 'numpy.ndarray'>
214.0428 	EXP 	unnamed Circle: radius = 0.042364430472150015
214.0428 	EXP 	unnamed Circle: fillColor = 'white'
214.0428 	EXP 	unnamed Circle: fillColor = <class 'numpy.ndarray'>
214.0428 	EXP 	unnamed Circle: radius = 0.03
214.0428 	EXP 	unnamed Circle: fillColor = 'white'
214.0428 	EXP 	unnamed Circle: fillColor = <class 'numpy.ndarray'>
214.0428 	EXP 	unnamed Circle: fillColor = <class 'numpy.ndarray'>
214.0428 	EXP 	unnamed Circle: radius = 0.03
214.0428 	EXP 	unnamed Circle: fillColor = 'white'
214.0428 	EXP 	unnamed Circle: fillColor = <class 'numpy.ndarray'>
214.0428 	EXP 	unnamed Circle: fillColor = <class 'numpy.ndarray'>
214.0428 	EXP 	unnamed Circle: radius = 0.03
214.0428 	EXP 	unnamed Circle: fillColor = 'white'
214.0428 	EXP 	unnamed Circle: fillColor = <class 'numpy.ndarray'>
214.0428 	EXP 	unnamed Circle: fillColor = <class 'numpy.ndarray'>
214.0428 	EXP 	unnamed Circle: radius = 0.03
214.0428 	EXP 	unnamed Circle: fillColor = 'white'
214.0428 	EXP 	unnamed Circle: fillColor = <class 'numpy.ndarray'>
214.0428 	EXP 	unnamed Circle: fillColor = <class 'numpy.ndarray'>
214.0428 	EXP 	unnamed Circle: radius = 0.03
214.0428 	EXP 	unnamed Circle: fillColor = 'white'
214.0428 	EXP 	unnamed Circle: fillColor = <class 'numpy.ndarray'>
214.0428 	EXP 	unnamed Circle: fillColor = <class 'numpy.ndarray'>
214.0428 	EXP 	unnamed Circle: radius = 0.03
214.0428 	EXP 	unnamed Circle: fillColor = 'white'
214.0428 	EXP 	unnamed Circle: fillColor = <class 'numpy.ndarray'>
214.0428 	EXP 	unnamed Circle: fillColor = <class 'numpy.ndarray'>
214.0428 	EXP 	unnamed Circle: fillColor = <class 'numpy.ndarray'>
214.0428 	EXP 	unnamed Circle: radius = 0.03812798742493501
214.0428 	EXP 	unnamed Circle: fillColor = 'white'
214.0428 	EXP 	unnamed Circle: fillColor = <class 'numpy.ndarray'>
214.0428 	EXP 	unnamed Circle: radius = 0.03
214.0428 	EXP 	unnamed Circle: fillColor = 'white'
214.0428 	EXP 	unnamed Circle: fillColor = <class 'numpy.ndarray'>
214.0428 	EXP 	unnamed Circle: fillColor = <class 'numpy.ndarray'>
214.0428 	EXP 	unnamed Circle: fillColor = <class 'numpy.ndarray'>
214.0428 	EXP 	unnamed Circle: radius = 0.03431518868244151
214.0428 	EXP 	unnamed Circle: fillColor = 'white'
214.0428 	EXP 	unnamed Circle: fillColor = <class 'numpy.ndarray'>
214.0428 	EXP 	unnamed Circle: radius = 0.03
214.0428 	EXP 	unnamed Circle: fillColor = 'white'
214.0428 	EXP 	unnamed Circle: fillColor = <class 'numpy.ndarray'>
214.0428 	EXP 	unnamed Circle: fillColor = <class 'numpy.ndarray'>
214.0428 	EXP 	unnamed Circle: fillColor = <class 'numpy.ndarray'>
214.0428 	EXP 	unnamed Circle: radius = 0.030883669814197358
214.0428 	EXP 	unnamed Circle: fillColor = 'white'
214.0428 	EXP 	unnamed Circle: fillColor = <class 'numpy.ndarray'>
214.0428 	EXP 	unnamed Circle: radius = 0.03
214.0428 	EXP 	unnamed Circle: fillColor = 'white'
214.0428 	EXP 	unnamed Circle: fillColor = <class 'numpy.ndarray'>
214.0428 	EXP 	unnamed Circle: fillColor = <class 'numpy.ndarray'>
214.0428 	EXP 	unnamed Circle: radius = 0.03
214.0428 	EXP 	unnamed Circle: fillColor = 'white'
214.0428 	EXP 	unnamed Circle: fillColor = <class 'numpy.ndarray'>
214.0428 	EXP 	unnamed Circle: fillColor = <class 'numpy.ndarray'>
214.0428 	EXP 	unnamed Circle: radius = 0.03
214.0428 	EXP 	unnamed Circle: fillColor = 'white'
214.0428 	EXP 	unnamed Circle: fillColor = <class 'numpy.ndarray'>
214.0428 	EXP 	unnamed Circle: fillColor = <class 'numpy.ndarray'>
214.0428 	EXP 	unnamed Circle: radius = 0.03
214.0428 	EXP 	unnamed Circle: fillColor = 'white'
214.0428 	EXP 	unnamed Circle: fillColor = <class 'numpy.ndarray'>
214.0428 	EXP 	unnamed Circle: fillColor = <class 'numpy.ndarray'>
214.0428 	EXP 	unnamed Circle: fillColor = <class 'numpy.ndarray'>
214.0428 	EXP 	unnamed Circle: radius = 0.03
214.0428 	EXP 	unnamed Circle: fillColor = 'white'
214.0428 	EXP 	unnamed Circle: fillColor = <class 'numpy.ndarray'>
214.0428 	EXP 	unnamed Circle: fillColor = <class 'numpy.ndarray'>
214.0428 	EXP 	unnamed Circle: radius = 0.03
214.0428 	EXP 	unnamed Circle: fillColor = 'white'
214.0428 	EXP 	unnamed Circle: fillColor = <class 'numpy.ndarray'>
214.0428 	EXP 	unnamed Circle: fillColor = <class 'numpy.ndarray'>
214.0428 	EXP 	unnamed Circle: radius = 0.03
214.0428 	EXP 	unnamed Circle: fillColor = 'white'
214.0428 	EXP 	unnamed Circle: fillColor = <class 'numpy.ndarray'>
214.0428 	EXP 	unnamed Circle: radius = 0.03
214.0428 	EXP 	unnamed Circle: fillColor = 'white'
214.0428 	EXP 	unnamed Circle: fillColor = <class 'numpy.ndarray'>
214.0428 	EXP 	unnamed Circle: fillColor = <class 'numpy.ndarray'>
214.0428 	EXP 	unnamed Circle: fillColor = <class 'numpy.ndarray'>
214.0428 	EXP 	unnamed Circle: radius = 0.03
214.0428 	EXP 	unnamed Circle: fillColor = 'white'
214.0428 	EXP 	unnamed Circle: fillColor = <class 'numpy.ndarray'>
214.0428 	EXP 	unnamed Circle: fillColor = <class 'numpy.ndarray'>
214.0428 	EXP 	unnamed Circle: radius = 0.03
214.0428 	EXP 	unnamed Circle: fillColor = 'white'
214.0428 	EXP 	unnamed Circle: fillColor = <class 'numpy.ndarray'>
214.0428 	EXP 	unnamed Circle: fillColor = <class 'numpy.ndarray'>
214.0428 	EXP 	unnamed Circle: radius = 0.03
214.0428 	EXP 	unnamed Circle: fillColor = 'white'
214.0428 	EXP 	unnamed Circle: fillColor = <class 'numpy.ndarray'>
214.0428 	EXP 	unnamed Circle: radius = 0.03
214.0428 	EXP 	unnamed Circle: fillColor = 'white'
214.0428 	EXP 	unnamed Circle: fillColor = <class 'numpy.ndarray'>
214.0428 	EXP 	unnamed Circle: fillColor = <class 'numpy.ndarray'>
214.0428 	EXP 	unnamed Circle: radius = 0.03
214.0428 	EXP 	unnamed Circle: fillColor = 'white'
214.0428 	EXP 	unnamed Circle: fillColor = <class 'numpy.ndarray'>
214.0428 	EXP 	unnamed Circle: fillColor = <class 'numpy.ndarray'>
214.0428 	EXP 	unnamed Circle: radius = 0.03
214.0428 	EXP 	unnamed Circle: fillColor = 'white'
214.0428 	EXP 	unnamed Circle: fillColor = <class 'numpy.ndarray'>
214.0428 	EXP 	unnamed Circle: fillColor = <class 'numpy.ndarray'>
214.0428 	EXP 	unnamed Circle: fillColor = <class 'numpy.ndarray'>
214.0428 	EXP 	unnamed Circle: radius = 0.03
214.0428 	EXP 	unnamed Circle: fillColor = 'white'
214.0428 	EXP 	unnamed Circle: fillColor = <class 'numpy.ndarray'>
214.0428 	EXP 	unnamed Circle: radius = 0.03
214.0428 	EXP 	unnamed Circle: fillColor = 'white'
214.0428 	EXP 	unnamed Circle: fillColor = <class 'numpy.ndarray'>
214.0428 	EXP 	unnamed Circle: fillColor = <class 'numpy.ndarray'>
214.0428 	EXP 	unnamed Circle: radius = 0.03
214.0428 	EXP 	unnamed Circle: fillColor = 'white'
214.0428 	EXP 	unnamed Circle: fillColor = <class 'numpy.ndarray'>
214.0428 	EXP 	unnamed Circle: fillColor = <class 'numpy.ndarray'>
214.0428 	EXP 	unnamed Circle: radius = 0.03
214.0428 	EXP 	unnamed Circle: fillColor = 'white'
214.0428 	EXP 	unnamed Circle: fillColor = <class 'numpy.ndarray'>
214.0428 	EXP 	unnamed Circle: fillColor = <class 'numpy.ndarray'>
214.0428 	EXP 	unnamed Circle: fillColor = <class 'numpy.ndarray'>
214.0428 	EXP 	unnamed Circle: radius = 0.03
214.0428 	EXP 	unnamed Circle: fillColor = 'white'
214.0428 	EXP 	unnamed Circle: fillColor = <class 'numpy.ndarray'>
214.0428 	EXP 	unnamed Circle: radius = 0.03
214.0428 	EXP 	unnamed Circle: fillColor = 'white'
214.0428 	EXP 	unnamed Circle: fillColor = <class 'numpy.ndarray'>
214.0428 	EXP 	unnamed Circle: fillColor = <class 'numpy.ndarray'>
214.0428 	EXP 	unnamed Circle: fillColor = <class 'numpy.ndarray'>
214.0428 	EXP 	unnamed Circle: radius = 0.03
214.0428 	EXP 	unnamed Circle: fillColor = 'white'
214.0428 	EXP 	unnamed Circle: fillColor = <class 'numpy.ndarray'>
214.0428 	EXP 	unnamed Circle: fillColor = <class 'numpy.ndarray'>
214.0428 	EXP 	unnamed Circle: radius = 0.03
214.0428 	EXP 	unnamed Circle: fillColor = 'white'
214.0428 	EXP 	unnamed Circle: fillColor = <class 'numpy.ndarray'>
214.0428 	EXP 	unnamed Circle: radius = 0.03
214.0428 	EXP 	unnamed Circle: fillColor = 'white'
214.0428 	EXP 	unnamed Circle: fillColor = <class 'numpy.ndarray'>
214.0428 	EXP 	unnamed Circle: fillColor = <class 'numpy.ndarray'>
214.0428 	EXP 	unnamed Circle: radius = 0.03
214.0428 	EXP 	unnamed Circle: fillColor = 'white'
214.0428 	EXP 	unnamed Circle: fillColor = <class 'numpy.ndarray'>
214.0428 	EXP 	unnamed Circle: fillColor = <class 'numpy.ndarray'>
214.0428 	EXP 	unnamed Circle: fillColor = <class 'numpy.ndarray'>
214.0428 	EXP 	unnamed Circle: radius = 0.03
214.0428 	EXP 	unnamed Circle: fillColor = 'white'
214.0428 	EXP 	unnamed Circle: fillColor = <class 'numpy.ndarray'>
214.0428 	EXP 	unnamed Circle: radius = 0.03
214.0428 	EXP 	unnamed Circle: fillColor = 'white'
214.0428 	EXP 	unnamed Circle: fillColor = <class 'numpy.ndarray'>
214.0428 	EXP 	unnamed Circle: fillColor = <class 'numpy.ndarray'>
214.0428 	EXP 	unnamed Circle: fillColor = <class 'numpy.ndarray'>
214.0428 	EXP 	unnamed Circle: radius = 0.03
214.0428 	EXP 	unnamed Circle: fillColor = 'white'
214.0428 	EXP 	unnamed Circle: fillColor = <class 'numpy.ndarray'>
214.0428 	EXP 	unnamed Circle: radius = 0.03
214.0428 	EXP 	unnamed Circle: fillColor = 'white'
214.0428 	EXP 	unnamed Circle: fillColor = <class 'numpy.ndarray'>
214.0428 	EXP 	unnamed Circle: fillColor = <class 'numpy.ndarray'>
214.0428 	EXP 	unnamed Circle: fillColor = <class 'numpy.ndarray'>
214.0428 	EXP 	unnamed Circle: radius = 0.03
214.0428 	EXP 	unnamed Circle: fillColor = 'white'
214.0428 	EXP 	unnamed Circle: fillColor = <class 'numpy.ndarray'>
214.0428 	EXP 	unnamed Circle: fillColor = <class 'numpy.ndarray'>
214.0428 	EXP 	unnamed Circle: radius = 0.03
214.0428 	EXP 	unnamed Circle: fillColor = 'white'
214.0428 	EXP 	unnamed Circle: fillColor = <class 'numpy.ndarray'>
214.0428 	EXP 	unnamed Circle: fillColor = <class 'numpy.ndarray'>
214.0428 	EXP 	unnamed Circle: fillColor = <class 'numpy.ndarray'>
214.0428 	EXP 	unnamed Circle: fillColor = <class 'numpy.ndarray'>
214.0428 	EXP 	unnamed Circle: radius = 0.03
214.0428 	EXP 	unnamed Circle: fillColor = 'white'
214.0428 	EXP 	unnamed Circle: fillColor = <class 'numpy.ndarray'>
214.0428 	EXP 	unnamed Circle: radius = 0.03
214.0428 	EXP 	unnamed Circle: fillColor = 'white'
214.0428 	EXP 	unnamed Circle: fillColor = <class 'numpy.ndarray'>
214.0428 	EXP 	unnamed Circle: fillColor = <class 'numpy.ndarray'>
214.0428 	EXP 	unnamed Circle: fillColor = <class 'numpy.ndarray'>
214.0428 	EXP 	unnamed Circle: fillColor = <class 'numpy.ndarray'>
214.0428 	EXP 	unnamed Circle: radius = 0.03
214.0428 	EXP 	unnamed Circle: fillColor = 'white'
214.0428 	EXP 	unnamed Circle: fillColor = <class 'numpy.ndarray'>
214.0428 	EXP 	unnamed Circle: fillColor = <class 'numpy.ndarray'>
214.0428 	EXP 	unnamed Circle: fillColor = <class 'numpy.ndarray'>
214.0428 	EXP 	unnamed Circle: fillColor = <class 'numpy.ndarray'>
214.0428 	EXP 	unnamed Circle: fillColor = <class 'numpy.ndarray'>
214.0428 	EXP 	unnamed Circle: radius = 0.03
214.0428 	EXP 	unnamed Circle: fillColor = 'white'
214.0428 	EXP 	unnamed Circle: fillColor = <class 'numpy.ndarray'>
214.0428 	EXP 	unnamed Circle: radius = 0.03
214.0428 	EXP 	unnamed Circle: fillColor = 'white'
214.0428 	EXP 	unnamed Circle: fillColor = <class 'numpy.ndarray'>
214.0428 	EXP 	unnamed Circle: fillColor = <class 'numpy.ndarray'>
214.0428 	EXP 	unnamed Circle: fillColor = <class 'numpy.ndarray'>
214.0428 	EXP 	unnamed Circle: radius = 0.03
214.0428 	EXP 	unnamed Circle: fillColor = 'white'
214.0428 	EXP 	unnamed Circle: fillColor = <class 'numpy.ndarray'>
214.0428 	EXP 	unnamed Circle: fillColor = <class 'numpy.ndarray'>
214.0428 	EXP 	unnamed Circle: radius = 0.03
214.0428 	EXP 	unnamed Circle: fillColor = 'white'
214.0428 	EXP 	unnamed Circle: fillColor = <class 'numpy.ndarray'>
214.0428 	EXP 	unnamed Circle: fillColor = <class 'numpy.ndarray'>
214.0428 	EXP 	unnamed Circle: radius = 0.03
214.0428 	EXP 	unnamed Circle: fillColor = 'white'
214.0428 	EXP 	unnamed Circle: fillColor = <class 'numpy.ndarray'>
214.0428 	EXP 	unnamed Circle: fillColor = <class 'numpy.ndarray'>
214.0428 	EXP 	unnamed Circle: radius = 0.03
214.0428 	EXP 	unnamed Circle: fillColor = 'white'
214.0428 	EXP 	unnamed Circle: fillColor = <class 'numpy.ndarray'>
214.0428 	EXP 	unnamed Circle: fillColor = <class 'numpy.ndarray'>
214.0428 	EXP 	unnamed Circle: radius = 0.03
214.0428 	EXP 	unnamed Circle: fillColor = 'white'
214.0428 	EXP 	unnamed Circle: fillColor = <class 'numpy.ndarray'>
214.0428 	EXP 	unnamed Circle: radius = 0.03
214.0428 	EXP 	unnamed Circle: fillColor = 'white'
214.0428 	EXP 	unnamed Circle: fillColor = <class 'numpy.ndarray'>
214.0428 	EXP 	unnamed Circle: fillColor = <class 'numpy.ndarray'>
214.0428 	EXP 	unnamed Circle: radius = 0.03
214.0428 	EXP 	unnamed Circle: fillColor = 'white'
214.0428 	EXP 	unnamed Circle: fillColor = <class 'numpy.ndarray'>
214.0428 	EXP 	unnamed Circle: fillColor = <class 'numpy.ndarray'>
214.0428 	EXP 	unnamed Circle: radius = 0.03
214.0428 	EXP 	unnamed Circle: fillColor = 'white'
214.0428 	EXP 	unnamed Circle: fillColor = <class 'numpy.ndarray'>
214.0428 	EXP 	unnamed Circle: fillColor = <class 'numpy.ndarray'>
214.0428 	EXP 	unnamed Circle: fillColor = <class 'numpy.ndarray'>
214.0428 	EXP 	unnamed Circle: fillColor = <class 'numpy.ndarray'>
214.0428 	EXP 	unnamed Circle: fillColor = <class 'numpy.ndarray'>
214.0428 	EXP 	unnamed Circle: radius = 0.03
214.0428 	EXP 	unnamed Circle: fillColor = 'white'
214.0428 	EXP 	unnamed Circle: fillColor = <class 'numpy.ndarray'>
214.0428 	EXP 	unnamed Circle: radius = 0.03
214.0428 	EXP 	unnamed Circle: fillColor = 'white'
214.0428 	EXP 	unnamed Circle: fillColor = <class 'numpy.ndarray'>
214.0428 	EXP 	unnamed Circle: fillColor = <class 'numpy.ndarray'>
214.0428 	EXP 	unnamed Circle: fillColor = <class 'numpy.ndarray'>
214.0428 	EXP 	unnamed Circle: radius = 0.03
214.0428 	EXP 	unnamed Circle: fillColor = 'white'
214.0428 	EXP 	unnamed Circle: fillColor = <class 'numpy.ndarray'>
214.0428 	EXP 	unnamed Circle: fillColor = <class 'numpy.ndarray'>
214.0428 	EXP 	unnamed Circle: radius = 0.03
214.0428 	EXP 	unnamed Circle: fillColor = 'white'
214.0428 	EXP 	unnamed Circle: fillColor = <class 'numpy.ndarray'>
214.0428 	EXP 	unnamed Circle: radius = 0.03
214.0428 	EXP 	unnamed Circle: fillColor = 'white'
214.0428 	EXP 	unnamed Circle: fillColor = <class 'numpy.ndarray'>
214.0428 	EXP 	unnamed Circle: fillColor = <class 'numpy.ndarray'>
214.0428 	EXP 	unnamed Circle: fillColor = <class 'numpy.ndarray'>
214.0428 	EXP 	unnamed Circle: radius = 0.03
214.0428 	EXP 	unnamed Circle: fillColor = 'white'
214.0428 	EXP 	unnamed Circle: fillColor = <class 'numpy.ndarray'>
214.0428 	EXP 	unnamed Circle: radius = 0.03
214.0428 	EXP 	unnamed Circle: fillColor = 'white'
214.0428 	EXP 	unnamed Circle: fillColor = <class 'numpy.ndarray'>
214.0428 	EXP 	unnamed Circle: fillColor = <class 'numpy.ndarray'>
214.0428 	EXP 	unnamed Circle: fillColor = <class 'numpy.ndarray'>
214.0428 	EXP 	unnamed Circle: radius = 0.03
214.0428 	EXP 	unnamed Circle: fillColor = 'white'
214.0428 	EXP 	unnamed Circle: fillColor = <class 'numpy.ndarray'>
214.0428 	EXP 	unnamed Circle: fillColor = <class 'numpy.ndarray'>
214.0428 	EXP 	unnamed Circle: radius = 0.03
214.0428 	EXP 	unnamed Circle: fillColor = 'white'
214.0428 	EXP 	unnamed Circle: fillColor = <class 'numpy.ndarray'>
214.0428 	EXP 	unnamed Circle: fillColor = <class 'numpy.ndarray'>
214.0428 	EXP 	unnamed Circle: fillColor = <class 'numpy.ndarray'>
214.0428 	EXP 	unnamed Circle: fillColor = <class 'numpy.ndarray'>
214.0428 	EXP 	unnamed Circle: radius = 0.03
214.0428 	EXP 	unnamed Circle: fillColor = 'white'
214.0428 	EXP 	unnamed Circle: fillColor = <class 'numpy.ndarray'>
214.0428 	EXP 	unnamed Circle: radius = 0.03
214.0428 	EXP 	unnamed Circle: fillColor = 'white'
214.0428 	EXP 	unnamed Circle: fillColor = <class 'numpy.ndarray'>
214.0428 	EXP 	unnamed Circle: fillColor = <class 'numpy.ndarray'>
214.0428 	EXP 	unnamed Circle: fillColor = <class 'numpy.ndarray'>
214.0428 	EXP 	unnamed Circle: radius = 0.03
214.0428 	EXP 	unnamed Circle: fillColor = 'white'
214.0428 	EXP 	unnamed Circle: fillColor = <class 'numpy.ndarray'>
214.0428 	EXP 	unnamed Circle: radius = 0.03
214.0428 	EXP 	unnamed Circle: fillColor = 'white'
214.0428 	EXP 	unnamed Circle: fillColor = <class 'numpy.ndarray'>
214.0428 	EXP 	unnamed Circle: fillColor = <class 'numpy.ndarray'>
214.0428 	EXP 	unnamed Circle: fillColor = <class 'numpy.ndarray'>
214.0428 	EXP 	unnamed Circle: fillColor = <class 'numpy.ndarray'>
214.0428 	EXP 	unnamed Circle: radius = 0.03
214.0428 	EXP 	unnamed Circle: fillColor = 'white'
214.0428 	EXP 	unnamed Circle: fillColor = <class 'numpy.ndarray'>
214.0428 	EXP 	unnamed Circle: fillColor = <class 'numpy.ndarray'>
214.0428 	EXP 	unnamed Circle: fillColor = <class 'numpy.ndarray'>
214.0428 	EXP 	unnamed Circle: radius = 0.03
214.0428 	EXP 	unnamed Circle: fillColor = 'white'
214.0428 	EXP 	unnamed Circle: fillColor = <class 'numpy.ndarray'>
214.0428 	EXP 	unnamed Circle: fillColor = <class 'numpy.ndarray'>
214.0428 	EXP 	unnamed Circle: radius = 0.03
214.0428 	EXP 	unnamed Circle: fillColor = 'white'
214.0428 	EXP 	unnamed Circle: fillColor = <class 'numpy.ndarray'>
214.0428 	EXP 	unnamed Circle: fillColor = <class 'numpy.ndarray'>
214.0428 	EXP 	unnamed Circle: radius = 0.03
214.0428 	EXP 	unnamed Circle: fillColor = 'white'
214.0428 	EXP 	unnamed Circle: fillColor = <class 'numpy.ndarray'>
214.0428 	EXP 	unnamed Circle: radius = 0.03
214.0428 	EXP 	unnamed Circle: fillColor = 'white'
214.0428 	EXP 	unnamed Circle: fillColor = <class 'numpy.ndarray'>
214.0428 	EXP 	unnamed Circle: fillColor = <class 'numpy.ndarray'>
214.0428 	EXP 	unnamed Circle: radius = 0.03
214.0428 	EXP 	unnamed Circle: fillColor = 'white'
214.0428 	EXP 	unnamed Circle: fillColor = <class 'numpy.ndarray'>
214.0428 	EXP 	unnamed Circle: fillColor = <class 'numpy.ndarray'>
214.0428 	EXP 	unnamed Circle: radius = 0.03
214.0428 	EXP 	unnamed Circle: fillColor = 'white'
214.0428 	EXP 	unnamed Circle: fillColor = <class 'numpy.ndarray'>
214.0428 	EXP 	unnamed Circle: fillColor = <class 'numpy.ndarray'>
214.0428 	EXP 	unnamed Circle: radius = 0.03
214.0428 	EXP 	unnamed Circle: fillColor = 'white'
214.0428 	EXP 	unnamed Circle: fillColor = <class 'numpy.ndarray'>
214.0428 	EXP 	unnamed Circle: fillColor = <class 'numpy.ndarray'>
214.0428 	EXP 	unnamed Circle: fillColor = <class 'numpy.ndarray'>
214.0428 	EXP 	unnamed Circle: radius = 0.03
214.0428 	EXP 	unnamed Circle: fillColor = 'white'
214.0428 	EXP 	unnamed Circle: fillColor = <class 'numpy.ndarray'>
214.0428 	EXP 	unnamed Circle: fillColor = <class 'numpy.ndarray'>
214.0428 	EXP 	unnamed Circle: radius = 0.03
214.0428 	EXP 	unnamed Circle: fillColor = 'white'
214.0428 	EXP 	unnamed Circle: fillColor = <class 'numpy.ndarray'>
214.0428 	EXP 	unnamed Circle: radius = 0.03
214.0428 	EXP 	unnamed Circle: fillColor = 'white'
214.0428 	EXP 	unnamed Circle: fillColor = <class 'numpy.ndarray'>
214.0428 	EXP 	unnamed Circle: fillColor = <class 'numpy.ndarray'>
214.0428 	EXP 	unnamed Circle: radius = 0.03
214.0428 	EXP 	unnamed Circle: fillColor = 'white'
214.0428 	EXP 	unnamed Circle: fillColor = <class 'numpy.ndarray'>
214.0428 	EXP 	unnamed Circle: fillColor = <class 'numpy.ndarray'>
214.0428 	EXP 	unnamed Circle: fillColor = <class 'numpy.ndarray'>
214.0428 	EXP 	unnamed Circle: radius = 0.03
214.0428 	EXP 	unnamed Circle: fillColor = 'white'
214.0428 	EXP 	unnamed Circle: fillColor = <class 'numpy.ndarray'>
214.0428 	EXP 	unnamed Circle: radius = 0.03
214.0428 	EXP 	unnamed Circle: fillColor = 'white'
214.0428 	EXP 	unnamed Circle: fillColor = <class 'numpy.ndarray'>
214.0428 	EXP 	unnamed Circle: fillColor = <class 'numpy.ndarray'>
214.0428 	EXP 	unnamed Circle: radius = 0.03
214.0428 	EXP 	unnamed Circle: fillColor = 'white'
214.0428 	EXP 	unnamed Circle: fillColor = <class 'numpy.ndarray'>
214.0428 	EXP 	unnamed Circle: fillColor = <class 'numpy.ndarray'>
214.0428 	EXP 	unnamed Circle: fillColor = <class 'numpy.ndarray'>
214.0428 	EXP 	unnamed Circle: radius = 0.03
214.0428 	EXP 	unnamed Circle: fillColor = 'white'
214.0428 	EXP 	unnamed Circle: fillColor = <class 'numpy.ndarray'>
214.0428 	EXP 	unnamed Circle: fillColor = <class 'numpy.ndarray'>
214.0428 	EXP 	unnamed Circle: radius = 0.03
214.0428 	EXP 	unnamed Circle: fillColor = 'white'
214.0428 	EXP 	unnamed Circle: fillColor = <class 'numpy.ndarray'>
214.0428 	EXP 	unnamed Circle: fillColor = <class 'numpy.ndarray'>
214.0428 	EXP 	unnamed Circle: radius = 0.03
214.0428 	EXP 	unnamed Circle: fillColor = 'white'
214.0428 	EXP 	unnamed Circle: fillColor = <class 'numpy.ndarray'>
214.0428 	EXP 	unnamed Circle: fillColor = <class 'numpy.ndarray'>
214.0428 	EXP 	unnamed Circle: fillColor = <class 'numpy.ndarray'>
214.0428 	EXP 	unnamed Circle: fillColor = <class 'numpy.ndarray'>
214.0428 	EXP 	text_2: autoDraw = True
215.0459 	EXP 	text_2: autoDraw = False
215.0459 	EXP 	text_2: autoDraw = False
221.0687 	DATA 	Keypress: 2
221.0748 	EXP 	Created text = TextStim(__class__=<class 'psychopy.visual.text.TextStim'>, alignHoriz=method-wrapper(...), alignText='center', alignVert=method-wrapper(...), anchorHoriz='center', anchorVert='center', antialias=True, autoDraw=False, autoLog=True, bold=False, color=array([1., 1., 1.]), colorSpace='rgb', contrast=1.0, depth=0.0, draggable=False, flipHoriz=False, flipVert=False, font='Arial', fontFiles=[], height=0.06, italic=False, languageStyle='LTR', name='text', opacity=1, ori=0, pos=array([0. , 0.2]), rgb=UNKNOWN, text=str(...), units='norm', win=Window(...), wrapWidth=1.2)
221.1409 	EXP 	Created None = Slider(__class__=<class 'psychopy.visual.slider.Slider'>, autoDraw=False, autoLog=True, borderColor=None, color=None, colorSpace='rgb', depth=0, fillColor=None, flip=False, font='Arial', granularity=1, labelColor=None, labelHeight=0.06, labelWrapWidth=None, labels=('Never', 'Always'), lineColor=None, markerColor=None, name=None, opacity=None, ori=0, pos=array([0., 0.]), readOnly=False, self=UNKNOWN, size=array([0.85, 0.1 ]), startValue=None, style='rating', styleTweaks=[], ticks=array([1, 9]), units='norm', win=Window(...))
221.1537 	EXP 	None: autoLog = True
221.1537 	EXP 	None: styleTweaks = []
221.1537 	EXP 	None: styleTweaks = []
221.1537 	EXP 	None: styleTweaks = []
221.1537 	EXP 	None: styleTweaks = []
221.1537 	EXP 	None: contrast = 1.0
221.1537 	EXP 	None: markerPos = None
221.1537 	EXP 	None: autoLog = True
221.1537 	EXP 	None: markerPos = 5
221.1853 	DATA 	Keypress: 0
221.1937 	EXP 	None: markerPos = 5
221.2355 	EXP 	Created text = TextStim(__class__=<class 'psychopy.visual.text.TextStim'>, alignHoriz=method-wrapper(...), alignText='center', alignVert=method-wrapper(...), anchorHoriz='center', anchorVert='center', antialias=True, autoDraw=False, autoLog=True, bold=False, color=array([1., 1., 1.]), colorSpace='rgb', contrast=1.0, depth=0.0, draggable=False, flipHoriz=False, flipVert=False, font='Arial', fontFiles=[], height=0.06, italic=False, languageStyle='LTR', name='text', opacity=1, ori=0, pos=array([0. , 0.2]), rgb=UNKNOWN, text=str(...), units='norm', win=Window(...), wrapWidth=1.2)
221.2977 	EXP 	Created None = Slider(__class__=<class 'psychopy.visual.slider.Slider'>, autoDraw=False, autoLog=True, borderColor=None, color=None, colorSpace='rgb', depth=0, fillColor=None, flip=False, font='Arial', granularity=1, labelColor=None, labelHeight=0.06, labelWrapWidth=None, labels=('Never', 'All the time'), lineColor=None, markerColor=None, name=None, opacity=None, ori=0, pos=array([0., 0.]), readOnly=False, self=UNKNOWN, size=array([0.85, 0.1 ]), startValue=None, style='rating', styleTweaks=[], ticks=array([1, 9]), units='norm', win=Window(...))
221.2984 	DATA 	Keypress: 2
221.3104 	EXP 	None: autoLog = True
221.3104 	EXP 	None: styleTweaks = []
221.3104 	EXP 	None: styleTweaks = []
221.3104 	EXP 	None: styleTweaks = []
221.3104 	EXP 	None: styleTweaks = []
221.3104 	EXP 	None: contrast = 1.0
221.3104 	EXP 	None: markerPos = None
221.3104 	EXP 	None: autoLog = True
221.3104 	EXP 	None: markerPos = 5
221.4045 	DATA 	Keypress: 0
221.4124 	EXP 	None: markerPos = 5
221.4184 	EXP 	Created text = TextStim(__class__=<class 'psychopy.visual.text.TextStim'>, alignHoriz=method-wrapper(...), alignText='center', alignVert=method-wrapper(...), anchorHoriz='center', anchorVert='center', antialias=True, autoDraw=False, autoLog=True, bold=False, color=array([1., 1., 1.]), colorSpace='rgb', contrast=1.0, depth=0.0, draggable=False, flipHoriz=False, flipVert=False, font='Arial', fontFiles=[], height=0.06, italic=False, languageStyle='LTR', name='text', opacity=1, ori=0, pos=array([0. , 0.2]), rgb=UNKNOWN, text=str(...), units='norm', win=Window(...), wrapWidth=1.2)
221.4673 	EXP 	Created None = Slider(__class__=<class 'psychopy.visual.slider.Slider'>, autoDraw=False, autoLog=True, borderColor=None, color=None, colorSpace='rgb', depth=0, fillColor=None, flip=False, font='Arial', granularity=1, labelColor=None, labelHeight=0.06, labelWrapWidth=None, labels=('Not at all', 'Very Difficult'), lineColor=None, markerColor=None, name=None, opacity=None, ori=0, pos=array([0., 0.]), readOnly=False, self=UNKNOWN, size=array([0.85, 0.1 ]), startValue=None, style='rating', styleTweaks=[], ticks=array([1, 9]), units='norm', win=Window(...))
221.4786 	EXP 	None: autoLog = True
221.4786 	EXP 	None: styleTweaks = []
221.4786 	EXP 	None: styleTweaks = []
221.4786 	EXP 	None: styleTweaks = []
221.4786 	EXP 	None: styleTweaks = []
221.4786 	EXP 	None: contrast = 1.0
221.4786 	EXP 	None: markerPos = None
221.4786 	EXP 	None: autoLog = True
221.4786 	EXP 	None: markerPos = 5
221.4877 	DATA 	Keypress: 2
221.4947 	EXP 	None: markerPos = 6
221.6078 	DATA 	Keypress: 0
221.6156 	EXP 	None: markerPos = 6
221.6211 	EXP 	Created text = TextStim(__class__=<class 'psychopy.visual.text.TextStim'>, alignHoriz=method-wrapper(...), alignText='center', alignVert=method-wrapper(...), anchorHoriz='center', anchorVert='center', antialias=True, autoDraw=False, autoLog=True, bold=False, color=array([1., 1., 1.]), colorSpace='rgb', contrast=1.0, depth=0.0, draggable=False, flipHoriz=False, flipVert=False, font='Arial', fontFiles=[], height=0.06, italic=False, languageStyle='LTR', name='text', opacity=1, ori=0, pos=array([0. , 0.2]), rgb=UNKNOWN, text='How calm do you feel right now?', units='norm', win=Window(...), wrapWidth=1.2)
221.6619 	EXP 	Created None = Slider(__class__=<class 'psychopy.visual.slider.Slider'>, autoDraw=False, autoLog=True, borderColor=None, color=None, colorSpace='rgb', depth=0, fillColor=None, flip=False, font='Arial', granularity=1, labelColor=None, labelHeight=0.06, labelWrapWidth=None, labels=('Not at all', 'Very calm'), lineColor=None, markerColor=None, name=None, opacity=None, ori=0, pos=array([0., 0.]), readOnly=False, self=UNKNOWN, size=array([0.85, 0.1 ]), startValue=None, style='rating', styleTweaks=[], ticks=array([1, 9]), units='norm', win=Window(...))
221.6712 	EXP 	None: autoLog = True
221.6712 	EXP 	None: styleTweaks = []
221.6712 	EXP 	None: styleTweaks = []
221.6712 	EXP 	None: styleTweaks = []
221.6712 	EXP 	None: styleTweaks = []
221.6712 	EXP 	None: contrast = 1.0
221.6712 	EXP 	None: markerPos = None
221.6712 	EXP 	None: autoLog = True
221.6712 	EXP 	None: markerPos = 5
221.6789 	DATA 	Keypress: 2
221.6860 	EXP 	None: markerPos = 6
221.8317 	DATA 	Keypress: 0
221.8398 	EXP 	None: markerPos = 6
221.8959 	DATA 	Keypress: 2
222.0066 	DATA 	Keypress: 2
222.1238 	DATA 	Keypress: 0
